[INFO] Scanning for projects...
Downloading from central: https://repo.maven.apache.org/maven2/org/springframework/boot/spring-boot-starter-parent/3.3.4/spring-boot-starter-parent-3.3.4.pom
Progress (1): 1.1 kBProgress (1): 2.7 kBProgress (1): 6.6 kBProgress (1): 11 kB Progress (1): 13 kB                   Downloaded from central: https://repo.maven.apache.org/maven2/org/springframework/boot/spring-boot-starter-parent/3.3.4/spring-boot-starter-parent-3.3.4.pom (13 kB at 19 kB/s)
Downloading from central: https://repo.maven.apache.org/maven2/org/springframework/boot/spring-boot-dependencies/3.3.4/spring-boot-dependencies-3.3.4.pom
Progress (1): 1.0 kBProgress (1): 2.4 kBProgress (1): 4.5 kBProgress (1): 6.7 kBProgress (1): 8.3 kBProgress (1): 11 kB Progress (1): 15 kBProgress (1): 20 kBProgress (1): 30 kBProgress (1): 38 kBProgress (1): 42 kBProgress (1): 50 kBProgress (1): 60 kBProgress (1): 68 kBProgress (1): 79 kBProgress (1): 86 kBProgress (1): 91 kBProgress (1): 98 kBProgress (1): 100 kB                    Downloaded from central: https://repo.maven.apache.org/maven2/org/springframework/boot/spring-boot-dependencies/3.3.4/spring-boot-dependencies-3.3.4.pom (100 kB at 1.5 MB/s)
Downloading from central: https://repo.maven.apache.org/maven2/org/springframework/ai/spring-ai-bom/1.1.2/spring-ai-bom-1.1.2.pom
Progress (1): 768 BProgress (1): 1.8 kBProgress (1): 11 kB Progress (1): 29 kBProgress (1): 38 kB                   Downloaded from central: https://repo.maven.apache.org/maven2/org/springframework/ai/spring-ai-bom/1.1.2/spring-ai-bom-1.1.2.pom (38 kB at 1.2 MB/s)
Downloading from central: https://repo.maven.apache.org/maven2/org/apache/activemq/activemq-bom/6.1.3/activemq-bom-6.1.3.pom
Progress (1): 799 BProgress (1): 2.0 kBProgress (1): 7.9 kB                    Downloaded from central: https://repo.maven.apache.org/maven2/org/apache/activemq/activemq-bom/6.1.3/activemq-bom-6.1.3.pom (7.9 kB at 303 kB/s)
Downloading from central: https://repo.maven.apache.org/maven2/org/apache/activemq/artemis-bom/2.33.0/artemis-bom-2.33.0.pom
Progress (1): 799 BProgress (1): 3.9 kBProgress (1): 9.6 kB                    Downloaded from central: https://repo.maven.apache.org/maven2/org/apache/activemq/artemis-bom/2.33.0/artemis-bom-2.33.0.pom (9.6 kB at 385 kB/s)
Downloading from central: https://repo.maven.apache.org/maven2/org/apache/activemq/artemis-project/2.33.0/artemis-project-2.33.0.pom
Progress (1): 713 BProgress (1): 2.2 kBProgress (1): 4.4 kBProgress (1): 6.1 kBProgress (1): 7.6 kBProgress (1): 9.8 kBProgress (1): 12 kB Progress (1): 12 kBProgress (1): 14 kBProgress (1): 16 kBProgress (1): 17 kBProgress (1): 24 kBProgress (1): 27 kBProgress (1): 29 kBProgress (1): 33 kBProgress (1): 39 kBProgress (1): 42 kBProgress (1): 46 kBProgress (1): 49 kBProgress (1): 52 kBProgress (1): 55 kBProgress (1): 61 kBProgress (1): 63 kBProgress (1): 64 kB                   Downloaded from central: https://repo.maven.apache.org/maven2/org/apache/activemq/artemis-project/2.33.0/artemis-project-2.33.0.pom (64 kB at 1.8 MB/s)
Downloading from central: https://repo.maven.apache.org/maven2/org/apache/apache/31/apache-31.pom
Progress (1): 739 BProgress (1): 1.7 kBProgress (1): 3.5 kBProgress (1): 5.5 kBProgress (1): 7.5 kBProgress (1): 13 kB Progress (1): 18 kBProgress (1): 20 kBProgress (1): 23 kBProgress (1): 24 kB                   Downloaded from central: https://repo.maven.apache.org/maven2/org/apache/apache/31/apache-31.pom (24 kB at 759 kB/s)
Downloading from central: https://repo.maven.apache.org/maven2/org/assertj/assertj-bom/3.25.3/assertj-bom-3.25.3.pom
Progress (1): 1.0 kBProgress (1): 3.1 kBProgress (1): 3.7 kB                    Downloaded from central: https://repo.maven.apache.org/maven2/org/assertj/assertj-bom/3.25.3/assertj-bom-3.25.3.pom (3.7 kB at 132 kB/s)
Downloading from central: https://repo.maven.apache.org/maven2/io/zipkin/reporter2/zipkin-reporter-bom/3.4.2/zipkin-reporter-bom-3.4.2.pom
Progress (1): 755 BProgress (1): 1.8 kBProgress (1): 5.3 kBProgress (1): 6.4 kB                    Downloaded from central: https://repo.maven.apache.org/maven2/io/zipkin/reporter2/zipkin-reporter-bom/3.4.2/zipkin-reporter-bom-3.4.2.pom (6.4 kB at 207 kB/s)
Downloading from central: https://repo.maven.apache.org/maven2/io/zipkin/brave/brave-bom/6.0.3/brave-bom-6.0.3.pom
Progress (1): 1.1 kBProgress (1): 2.5 kBProgress (1): 11 kB Progress (1): 11 kB                   Downloaded from central: https://repo.maven.apache.org/maven2/io/zipkin/brave/brave-bom/6.0.3/brave-bom-6.0.3.pom (11 kB at 333 kB/s)
Downloading from central: https://repo.maven.apache.org/maven2/org/apache/cassandra/java-driver-bom/4.18.1/java-driver-bom-4.18.1.pom
Progress (1): 817 BProgress (1): 1.7 kBProgress (1): 3.7 kBProgress (1): 5.5 kB                    Downloaded from central: https://repo.maven.apache.org/maven2/org/apache/cassandra/java-driver-bom/4.18.1/java-driver-bom-4.18.1.pom (5.5 kB at 161 kB/s)
Downloading from central: https://repo.maven.apache.org/maven2/org/glassfish/jaxb/jaxb-bom/4.0.5/jaxb-bom-4.0.5.pom
Progress (1): 849 BProgress (1): 3.8 kBProgress (1): 12 kB                    Downloaded from central: https://repo.maven.apache.org/maven2/org/glassfish/jaxb/jaxb-bom/4.0.5/jaxb-bom-4.0.5.pom (12 kB at 448 kB/s)
Downloading from central: https://repo.maven.apache.org/maven2/org/eclipse/ee4j/project/1.0.9/project-1.0.9.pom
Progress (1): 876 BProgress (1): 2.5 kBProgress (1): 5.0 kBProgress (1): 8.5 kBProgress (1): 12 kB Progress (1): 16 kB                   Downloaded from central: https://repo.maven.apache.org/maven2/org/eclipse/ee4j/project/1.0.9/project-1.0.9.pom (16 kB at 576 kB/s)
Downloading from central: https://repo.maven.apache.org/maven2/org/apache/groovy/groovy-bom/4.0.23/groovy-bom-4.0.23.pom
Progress (1): 863 BProgress (1): 3.6 kBProgress (1): 7.0 kBProgress (1): 11 kB Progress (1): 14 kBProgress (1): 18 kBProgress (1): 22 kBProgress (1): 24 kBProgress (1): 27 kB                   Downloaded from central: https://repo.maven.apache.org/maven2/org/apache/groovy/groovy-bom/4.0.23/groovy-bom-4.0.23.pom (27 kB at 1.0 MB/s)
Downloading from central: https://repo.maven.apache.org/maven2/org/infinispan/infinispan-bom/15.0.8.Final/infinispan-bom-15.0.8.Final.pom
Progress (1): 1.1 kBProgress (1): 6.8 kBProgress (1): 18 kB                    Downloaded from central: https://repo.maven.apache.org/maven2/org/infinispan/infinispan-bom/15.0.8.Final/infinispan-bom-15.0.8.Final.pom (18 kB at 674 kB/s)
Downloading from central: https://repo.maven.apache.org/maven2/org/infinispan/infinispan-build-configuration-parent/15.0.8.Final/infinispan-build-configuration-parent-15.0.8.Final.pom
Progress (1): 1.0 kBProgress (1): 3.2 kBProgress (1): 5.5 kBProgress (1): 7.5 kBProgress (1): 9.7 kBProgress (1): 12 kB Progress (1): 14 kBProgress (1): 15 kBProgress (1): 19 kBProgress (1): 19 kB                   Downloaded from central: https://repo.maven.apache.org/maven2/org/infinispan/infinispan-build-configuration-parent/15.0.8.Final/infinispan-build-configuration-parent-15.0.8.Final.pom (19 kB at 586 kB/s)
Downloading from central: https://repo.maven.apache.org/maven2/org/jboss/jboss-parent/43/jboss-parent-43.pom
Progress (1): 701 BProgress (1): 2.0 kBProgress (1): 4.5 kBProgress (1): 7.0 kBProgress (1): 9.2 kBProgress (1): 12 kB Progress (1): 19 kBProgress (1): 22 kBProgress (1): 29 kBProgress (1): 32 kBProgress (1): 35 kBProgress (1): 38 kBProgress (1): 49 kBProgress (1): 68 kBProgress (1): 75 kB                   Downloaded from central: https://repo.maven.apache.org/maven2/org/jboss/jboss-parent/43/jboss-parent-43.pom (75 kB at 2.4 MB/s)
Downloading from central: https://repo.maven.apache.org/maven2/com/fasterxml/jackson/jackson-bom/2.17.2/jackson-bom-2.17.2.pom
Progress (1): 924 BProgress (1): 2.7 kBProgress (1): 8.1 kBProgress (1): 17 kB Progress (1): 19 kB                   Downloaded from central: https://repo.maven.apache.org/maven2/com/fasterxml/jackson/jackson-bom/2.17.2/jackson-bom-2.17.2.pom (19 kB at 719 kB/s)
Downloading from central: https://repo.maven.apache.org/maven2/com/fasterxml/jackson/jackson-parent/2.17/jackson-parent-2.17.pom
Progress (1): 1.1 kBProgress (1): 2.5 kBProgress (1): 4.0 kBProgress (1): 6.5 kB                    Downloaded from central: https://repo.maven.apache.org/maven2/com/fasterxml/jackson/jackson-parent/2.17/jackson-parent-2.17.pom (6.5 kB at 296 kB/s)
Downloading from central: https://repo.maven.apache.org/maven2/com/fasterxml/oss-parent/58/oss-parent-58.pom
Progress (1): 950 BProgress (1): 2.6 kBProgress (1): 4.0 kBProgress (1): 6.0 kBProgress (1): 9.7 kBProgress (1): 12 kB Progress (1): 15 kBProgress (1): 16 kBProgress (1): 19 kBProgress (1): 24 kBProgress (1): 24 kB                   Downloaded from central: https://repo.maven.apache.org/maven2/com/fasterxml/oss-parent/58/oss-parent-58.pom (24 kB at 789 kB/s)
Downloading from central: https://repo.maven.apache.org/maven2/org/glassfish/jersey/jersey-bom/3.1.8/jersey-bom-3.1.8.pom
Progress (1): 841 BProgress (1): 8.7 kBProgress (1): 20 kB Progress (1): 21 kB                   Downloaded from central: https://repo.maven.apache.org/maven2/org/glassfish/jersey/jersey-bom/3.1.8/jersey-bom-3.1.8.pom (21 kB at 742 kB/s)
Downloading from central: https://repo.maven.apache.org/maven2/org/eclipse/jetty/ee10/jetty-ee10-bom/12.0.13/jetty-ee10-bom-12.0.13.pom
Progress (1): 1.1 kBProgress (1): 4.6 kBProgress (1): 9.6 kB                    Downloaded from central: https://repo.maven.apache.org/maven2/org/eclipse/jetty/ee10/jetty-ee10-bom/12.0.13/jetty-ee10-bom-12.0.13.pom (9.6 kB at 367 kB/s)
Downloading from central: https://repo.maven.apache.org/maven2/org/eclipse/jetty/jetty-bom/12.0.13/jetty-bom-12.0.13.pom
Progress (1): 1.1 kBProgress (1): 4.6 kBProgress (1): 14 kB                    Downloaded from central: https://repo.maven.apache.org/maven2/org/eclipse/jetty/jetty-bom/12.0.13/jetty-bom-12.0.13.pom (14 kB at 628 kB/s)
Downloading from central: https://repo.maven.apache.org/maven2/org/junit/junit-bom/5.10.3/junit-bom-5.10.3.pom
Progress (1): 908 BProgress (1): 4.1 kBProgress (1): 5.6 kB                    Downloaded from central: https://repo.maven.apache.org/maven2/org/junit/junit-bom/5.10.3/junit-bom-5.10.3.pom (5.6 kB at 235 kB/s)
Downloading from central: https://repo.maven.apache.org/maven2/org/jetbrains/kotlin/kotlin-bom/1.9.25/kotlin-bom-1.9.25.pom
Progress (1): 908 BProgress (1): 5.3 kBProgress (1): 9.1 kB                    Downloaded from central: https://repo.maven.apache.org/maven2/org/jetbrains/kotlin/kotlin-bom/1.9.25/kotlin-bom-1.9.25.pom (9.1 kB at 314 kB/s)
Downloading from central: https://repo.maven.apache.org/maven2/org/jetbrains/kotlinx/kotlinx-coroutines-bom/1.8.1/kotlinx-coroutines-bom-1.8.1.pom
Progress (1): 1.2 kBProgress (1): 4.3 kB                    Downloaded from central: https://repo.maven.apache.org/maven2/org/jetbrains/kotlinx/kotlinx-coroutines-bom/1.8.1/kotlinx-coroutines-bom-1.8.1.pom (4.3 kB at 179 kB/s)
Downloading from central: https://repo.maven.apache.org/maven2/org/jetbrains/kotlinx/kotlinx-serialization-bom/1.6.3/kotlinx-serialization-bom-1.6.3.pom
Progress (1): 1.2 kBProgress (1): 3.7 kB                    Downloaded from central: https://repo.maven.apache.org/maven2/org/jetbrains/kotlinx/kotlinx-serialization-bom/1.6.3/kotlinx-serialization-bom-1.6.3.pom (3.7 kB at 96 kB/s)
Downloading from central: https://repo.maven.apache.org/maven2/org/apache/logging/log4j/log4j-bom/2.23.1/log4j-bom-2.23.1.pom
Progress (1): 792 BProgress (1): 2.2 kBProgress (1): 5.7 kBProgress (1): 12 kB Progress (1): 12 kB                   Downloaded from central: https://repo.maven.apache.org/maven2/org/apache/logging/log4j/log4j-bom/2.23.1/log4j-bom-2.23.1.pom (12 kB at 388 kB/s)
Downloading from central: https://repo.maven.apache.org/maven2/org/apache/logging/logging-parent/10.6.0/logging-parent-10.6.0.pom
Progress (1): 739 BProgress (1): 2.2 kBProgress (1): 4.7 kBProgress (1): 6.5 kBProgress (1): 8.4 kBProgress (1): 11 kB Progress (1): 15 kBProgress (1): 16 kBProgress (1): 19 kBProgress (1): 21 kBProgress (1): 26 kBProgress (1): 31 kBProgress (1): 32 kBProgress (1): 34 kBProgress (1): 36 kBProgress (1): 41 kBProgress (1): 41 kBProgress (1): 43 kBProgress (1): 46 kBProgress (1): 49 kBProgress (1): 54 kBProgress (1): 54 kB                   Downloaded from central: https://repo.maven.apache.org/maven2/org/apache/logging/logging-parent/10.6.0/logging-parent-10.6.0.pom (54 kB at 1.4 MB/s)
Downloading from central: https://repo.maven.apache.org/maven2/io/micrometer/micrometer-bom/1.13.4/micrometer-bom-1.13.4.pom
Progress (1): 1.0 kBProgress (1): 7.6 kBProgress (1): 8.4 kB                    Downloaded from central: https://repo.maven.apache.org/maven2/io/micrometer/micrometer-bom/1.13.4/micrometer-bom-1.13.4.pom (8.4 kB at 247 kB/s)
Downloading from central: https://repo.maven.apache.org/maven2/io/micrometer/micrometer-tracing-bom/1.3.4/micrometer-tracing-bom-1.3.4.pom
Progress (1): 1.0 kBProgress (1): 3.9 kBProgress (1): 4.5 kB                    Downloaded from central: https://repo.maven.apache.org/maven2/io/micrometer/micrometer-tracing-bom/1.3.4/micrometer-tracing-bom-1.3.4.pom (4.5 kB at 146 kB/s)
Downloading from central: https://repo.maven.apache.org/maven2/org/mockito/mockito-bom/5.11.0/mockito-bom-5.11.0.pom
Progress (1): 1.5 kBProgress (1): 3.0 kB                    Downloaded from central: https://repo.maven.apache.org/maven2/org/mockito/mockito-bom/5.11.0/mockito-bom-5.11.0.pom (3.0 kB at 106 kB/s)
Downloading from central: https://repo.maven.apache.org/maven2/io/netty/netty-bom/4.1.113.Final/netty-bom-4.1.113.Final.pom
Progress (1): 786 BProgress (1): 2.4 kBProgress (1): 12 kB Progress (1): 14 kB                   Downloaded from central: https://repo.maven.apache.org/maven2/io/netty/netty-bom/4.1.113.Final/netty-bom-4.1.113.Final.pom (14 kB at 393 kB/s)
Downloading from central: https://repo.maven.apache.org/maven2/org/sonatype/oss/oss-parent/7/oss-parent-7.pom
Progress (1): 848 BProgress (1): 2.5 kBProgress (1): 4.8 kB                    Downloaded from central: https://repo.maven.apache.org/maven2/org/sonatype/oss/oss-parent/7/oss-parent-7.pom (4.8 kB at 201 kB/s)
Downloading from central: https://repo.maven.apache.org/maven2/com/squareup/okhttp3/okhttp-bom/4.12.0/okhttp-bom-4.12.0.pom
Progress (1): 931 BProgress (1): 3.1 kB                    Downloaded from central: https://repo.maven.apache.org/maven2/com/squareup/okhttp3/okhttp-bom/4.12.0/okhttp-bom-4.12.0.pom (3.1 kB at 127 kB/s)
Downloading from central: https://repo.maven.apache.org/maven2/io/opentelemetry/opentelemetry-bom/1.37.0/opentelemetry-bom-1.37.0.pom
Progress (1): 956 BProgress (1): 5.7 kB                    Downloaded from central: https://repo.maven.apache.org/maven2/io/opentelemetry/opentelemetry-bom/1.37.0/opentelemetry-bom-1.37.0.pom (5.7 kB at 228 kB/s)
Downloading from central: https://repo.maven.apache.org/maven2/io/prometheus/prometheus-metrics-bom/1.2.1/prometheus-metrics-bom-1.2.1.pom
Progress (1): 1.3 kBProgress (1): 6.1 kB                    Downloaded from central: https://repo.maven.apache.org/maven2/io/prometheus/prometheus-metrics-bom/1.2.1/prometheus-metrics-bom-1.2.1.pom (6.1 kB at 233 kB/s)
Downloading from central: https://repo.maven.apache.org/maven2/io/prometheus/client_java/1.2.1/client_java-1.2.1.pom
Progress (1): 1.0 kBProgress (1): 3.4 kBProgress (1): 7.5 kBProgress (1): 10 kB Progress (1): 13 kB                   Downloaded from central: https://repo.maven.apache.org/maven2/io/prometheus/client_java/1.2.1/client_java-1.2.1.pom (13 kB at 553 kB/s)
Downloading from central: https://repo.maven.apache.org/maven2/io/prometheus/simpleclient_bom/0.16.0/simpleclient_bom-0.16.0.pom
Progress (1): 1.9 kBProgress (1): 6.0 kB                    Downloaded from central: https://repo.maven.apache.org/maven2/io/prometheus/simpleclient_bom/0.16.0/simpleclient_bom-0.16.0.pom (6.0 kB at 273 kB/s)
Downloading from central: https://repo.maven.apache.org/maven2/io/prometheus/parent/0.16.0/parent-0.16.0.pom
Progress (1): 1.1 kBProgress (1): 3.4 kBProgress (1): 7.9 kBProgress (1): 13 kB                    Downloaded from central: https://repo.maven.apache.org/maven2/io/prometheus/parent/0.16.0/parent-0.16.0.pom (13 kB at 481 kB/s)
Downloading from central: https://repo.maven.apache.org/maven2/org/apache/pulsar/pulsar-bom/3.2.4/pulsar-bom-3.2.4.pom
Progress (1): 794 BProgress (1): 2.4 kBProgress (1): 4.5 kBProgress (1): 14 kB Progress (1): 26 kB                   Downloaded from central: https://repo.maven.apache.org/maven2/org/apache/pulsar/pulsar-bom/3.2.4/pulsar-bom-3.2.4.pom (26 kB at 741 kB/s)
Downloading from central: https://repo.maven.apache.org/maven2/org/apache/apache/29/apache-29.pom
Progress (1): 741 BProgress (1): 2.1 kBProgress (1): 3.9 kBProgress (1): 6.9 kBProgress (1): 12 kB Progress (1): 16 kBProgress (1): 19 kBProgress (1): 21 kB                   Downloaded from central: https://repo.maven.apache.org/maven2/org/apache/apache/29/apache-29.pom (21 kB at 797 kB/s)
Downloading from central: https://repo.maven.apache.org/maven2/com/querydsl/querydsl-bom/5.1.0/querydsl-bom-5.1.0.pom
Progress (1): 1.2 kBProgress (1): 6.7 kBProgress (1): 7.2 kB                    Downloaded from central: https://repo.maven.apache.org/maven2/com/querydsl/querydsl-bom/5.1.0/querydsl-bom-5.1.0.pom (7.2 kB at 325 kB/s)
Downloading from central: https://repo.maven.apache.org/maven2/io/projectreactor/reactor-bom/2023.0.10/reactor-bom-2023.0.10.pom
Progress (1): 908 BProgress (1): 4.3 kBProgress (1): 4.8 kB                    Downloaded from central: https://repo.maven.apache.org/maven2/io/projectreactor/reactor-bom/2023.0.10/reactor-bom-2023.0.10.pom (4.8 kB at 208 kB/s)
Downloading from central: https://repo.maven.apache.org/maven2/io/rest-assured/rest-assured-bom/5.4.0/rest-assured-bom-5.4.0.pom
Progress (1): 1.2 kBProgress (1): 4.5 kB                    Downloaded from central: https://repo.maven.apache.org/maven2/io/rest-assured/rest-assured-bom/5.4.0/rest-assured-bom-5.4.0.pom (4.5 kB at 180 kB/s)
Downloading from central: https://repo.maven.apache.org/maven2/io/rsocket/rsocket-bom/1.1.3/rsocket-bom-1.1.3.pom
Progress (1): 1.2 kBProgress (1): 2.6 kB                    Downloaded from central: https://repo.maven.apache.org/maven2/io/rsocket/rsocket-bom/1.1.3/rsocket-bom-1.1.3.pom (2.6 kB at 120 kB/s)
Downloading from central: https://repo.maven.apache.org/maven2/org/seleniumhq/selenium/selenium-bom/4.19.1/selenium-bom-4.19.1.pom
Progress (1): 1.1 kBProgress (1): 6.0 kB                    Downloaded from central: https://repo.maven.apache.org/maven2/org/seleniumhq/selenium/selenium-bom/4.19.1/selenium-bom-4.19.1.pom (6.0 kB at 223 kB/s)
Downloading from central: https://repo.maven.apache.org/maven2/org/springframework/amqp/spring-amqp-bom/3.1.7/spring-amqp-bom-3.1.7.pom
Progress (1): 963 BProgress (1): 3.9 kB                    Downloaded from central: https://repo.maven.apache.org/maven2/org/springframework/amqp/spring-amqp-bom/3.1.7/spring-amqp-bom-3.1.7.pom (3.9 kB at 129 kB/s)
Downloading from central: https://repo.maven.apache.org/maven2/org/springframework/batch/spring-batch-bom/5.1.2/spring-batch-bom-5.1.2.pom
Progress (1): 1.2 kBProgress (1): 3.2 kB                    Downloaded from central: https://repo.maven.apache.org/maven2/org/springframework/batch/spring-batch-bom/5.1.2/spring-batch-bom-5.1.2.pom (3.2 kB at 125 kB/s)
Downloading from central: https://repo.maven.apache.org/maven2/org/springframework/data/spring-data-bom/2024.0.4/spring-data-bom-2024.0.4.pom
Progress (1): 964 BProgress (1): 2.5 kBProgress (1): 5.5 kB                    Downloaded from central: https://repo.maven.apache.org/maven2/org/springframework/data/spring-data-bom/2024.0.4/spring-data-bom-2024.0.4.pom (5.5 kB at 229 kB/s)
Downloading from central: https://repo.maven.apache.org/maven2/org/springframework/spring-framework-bom/6.1.13/spring-framework-bom-6.1.13.pom
Progress (1): 975 BProgress (1): 5.8 kB                    Downloaded from central: https://repo.maven.apache.org/maven2/org/springframework/spring-framework-bom/6.1.13/spring-framework-bom-6.1.13.pom (5.8 kB at 216 kB/s)
Downloading from central: https://repo.maven.apache.org/maven2/org/springframework/integration/spring-integration-bom/6.3.4/spring-integration-bom-6.3.4.pom
Progress (1): 961 BProgress (1): 6.7 kBProgress (1): 10 kB                    Downloaded from central: https://repo.maven.apache.org/maven2/org/springframework/integration/spring-integration-bom/6.3.4/spring-integration-bom-6.3.4.pom (10 kB at 381 kB/s)
Downloading from central: https://repo.maven.apache.org/maven2/org/springframework/pulsar/spring-pulsar-bom/1.1.4/spring-pulsar-bom-1.1.4.pom
Progress (1): 959 BProgress (1): 2.9 kB                    Downloaded from central: https://repo.maven.apache.org/maven2/org/springframework/pulsar/spring-pulsar-bom/1.1.4/spring-pulsar-bom-1.1.4.pom (2.9 kB at 108 kB/s)
Downloading from central: https://repo.maven.apache.org/maven2/org/springframework/restdocs/spring-restdocs-bom/3.0.1/spring-restdocs-bom-3.0.1.pom
Progress (1): 1.1 kBProgress (1): 2.6 kB                    Downloaded from central: https://repo.maven.apache.org/maven2/org/springframework/restdocs/spring-restdocs-bom/3.0.1/spring-restdocs-bom-3.0.1.pom (2.6 kB at 99 kB/s)
Downloading from central: https://repo.maven.apache.org/maven2/org/springframework/security/spring-security-bom/6.3.3/spring-security-bom-6.3.3.pom
Progress (1): 973 BProgress (1): 5.3 kB                    Downloaded from central: https://repo.maven.apache.org/maven2/org/springframework/security/spring-security-bom/6.3.3/spring-security-bom-6.3.3.pom (5.3 kB at 205 kB/s)
Downloading from central: https://repo.maven.apache.org/maven2/org/springframework/session/spring-session-bom/3.3.2/spring-session-bom-3.3.2.pom
Progress (1): 1.0 kBProgress (1): 2.9 kB                    Downloaded from central: https://repo.maven.apache.org/maven2/org/springframework/session/spring-session-bom/3.3.2/spring-session-bom-3.3.2.pom (2.9 kB at 107 kB/s)
Downloading from central: https://repo.maven.apache.org/maven2/org/springframework/ws/spring-ws-bom/4.0.11/spring-ws-bom-4.0.11.pom
Progress (1): 1.0 kBProgress (1): 2.7 kBProgress (1): 3.5 kB                    Downloaded from central: https://repo.maven.apache.org/maven2/org/springframework/ws/spring-ws-bom/4.0.11/spring-ws-bom-4.0.11.pom (3.5 kB at 140 kB/s)
Downloading from central: https://repo.maven.apache.org/maven2/org/testcontainers/testcontainers-bom/1.19.8/testcontainers-bom-1.19.8.pom
Progress (1): 1.2 kBProgress (1): 10 kB                    Downloaded from central: https://repo.maven.apache.org/maven2/org/testcontainers/testcontainers-bom/1.19.8/testcontainers-bom-1.19.8.pom (10 kB at 434 kB/s)
[INFO] 
[INFO] ------------------------< org.taniwha:taniwha >-------------------------
[INFO] Building taniwha 1.0-SNAPSHOT
[INFO]   from pom.xml
[INFO] --------------------------------[ war ]---------------------------------
Downloading from central: https://repo.maven.apache.org/maven2/org/springframework/boot/spring-boot-maven-plugin/3.3.4/spring-boot-maven-plugin-3.3.4.pom
Progress (1): 1.3 kBProgress (1): 4.0 kB                    Downloaded from central: https://repo.maven.apache.org/maven2/org/springframework/boot/spring-boot-maven-plugin/3.3.4/spring-boot-maven-plugin-3.3.4.pom (4.0 kB at 154 kB/s)
Downloading from central: https://repo.maven.apache.org/maven2/org/springframework/boot/spring-boot-maven-plugin/3.3.4/spring-boot-maven-plugin-3.3.4.jar
Progress (1): 7.7/137 kBProgress (1): 16/137 kB Progress (1): 25/137 kBProgress (1): 41/137 kBProgress (1): 57/137 kBProgress (1): 74/137 kBProgress (1): 90/137 kBProgress (1): 106/137 kBProgress (1): 123/137 kBProgress (1): 137 kB                        Downloaded from central: https://repo.maven.apache.org/maven2/org/springframework/boot/spring-boot-maven-plugin/3.3.4/spring-boot-maven-plugin-3.3.4.jar (137 kB at 4.3 MB/s)
Downloading from central: https://repo.maven.apache.org/maven2/org/apache/maven/plugins/maven-failsafe-plugin/3.1.2/maven-failsafe-plugin-3.1.2.pom
Progress (1): 813 BProgress (1): 2.9 kBProgress (1): 5.7 kBProgress (1): 9.2 kBProgress (1): 10 kB                    Downloaded from central: https://repo.maven.apache.org/maven2/org/apache/maven/plugins/maven-failsafe-plugin/3.1.2/maven-failsafe-plugin-3.1.2.pom (10 kB at 395 kB/s)
Downloading from central: https://repo.maven.apache.org/maven2/org/apache/maven/surefire/surefire/3.1.2/surefire-3.1.2.pom
Progress (1): 779 BProgress (1): 2.4 kBProgress (1): 4.1 kBProgress (1): 8.0 kBProgress (1): 12 kB Progress (1): 14 kBProgress (1): 17 kBProgress (1): 20 kBProgress (1): 22 kB                   Downloaded from central: https://repo.maven.apache.org/maven2/org/apache/maven/surefire/surefire/3.1.2/surefire-3.1.2.pom (22 kB at 920 kB/s)
Downloading from central: https://repo.maven.apache.org/maven2/org/apache/maven/maven-parent/39/maven-parent-39.pom
Progress (1): 724 BProgress (1): 1.9 kBProgress (1): 5.5 kBProgress (1): 9.8 kBProgress (1): 14 kB Progress (1): 19 kBProgress (1): 23 kBProgress (1): 26 kBProgress (1): 28 kBProgress (1): 31 kBProgress (1): 34 kBProgress (1): 37 kBProgress (1): 40 kBProgress (1): 43 kBProgress (1): 48 kB                   Downloaded from central: https://repo.maven.apache.org/maven2/org/apache/maven/maven-parent/39/maven-parent-39.pom (48 kB at 2.0 MB/s)
Downloading from central: https://repo.maven.apache.org/maven2/org/apache/maven/plugins/maven-failsafe-plugin/3.1.2/maven-failsafe-plugin-3.1.2.jar
Progress (1): 7.7/54 kBProgress (1): 16/54 kB Progress (1): 32/54 kBProgress (1): 48/54 kBProgress (1): 54 kB                      Downloaded from central: https://repo.maven.apache.org/maven2/org/apache/maven/plugins/maven-failsafe-plugin/3.1.2/maven-failsafe-plugin-3.1.2.jar (54 kB at 1.7 MB/s)
Downloading from central: https://repo.maven.apache.org/maven2/org/jacoco/jacoco-maven-plugin/0.8.8/jacoco-maven-plugin-0.8.8.pom
Progress (1): 876 BProgress (1): 3.3 kBProgress (1): 3.8 kB                    Downloaded from central: https://repo.maven.apache.org/maven2/org/jacoco/jacoco-maven-plugin/0.8.8/jacoco-maven-plugin-0.8.8.pom (3.8 kB at 146 kB/s)
Downloading from central: https://repo.maven.apache.org/maven2/org/jacoco/org.jacoco.build/0.8.8/org.jacoco.build-0.8.8.pom
Progress (1): 742 BProgress (1): 2.6 kBProgress (1): 4.6 kBProgress (1): 9.2 kBProgress (1): 13 kB Progress (1): 17 kBProgress (1): 20 kBProgress (1): 23 kBProgress (1): 26 kBProgress (1): 28 kBProgress (1): 33 kBProgress (1): 38 kBProgress (1): 44 kB                   Downloaded from central: https://repo.maven.apache.org/maven2/org/jacoco/org.jacoco.build/0.8.8/org.jacoco.build-0.8.8.pom (44 kB at 1.7 MB/s)
Downloading from central: https://repo.maven.apache.org/maven2/org/jacoco/jacoco-maven-plugin/0.8.8/jacoco-maven-plugin-0.8.8.jar
Progress (1): 7.7/56 kBProgress (1): 16/56 kB Progress (1): 24/56 kBProgress (1): 41/56 kBProgress (1): 56 kB                      Downloaded from central: https://repo.maven.apache.org/maven2/org/jacoco/jacoco-maven-plugin/0.8.8/jacoco-maven-plugin-0.8.8.jar (56 kB at 2.2 MB/s)
Downloading from central: https://repo.maven.apache.org/maven2/org/apache/maven/plugins/maven-resources-plugin/3.3.1/maven-resources-plugin-3.3.1.pom
Progress (1): 767 BProgress (1): 2.2 kBProgress (1): 4.9 kBProgress (1): 7.5 kBProgress (1): 8.2 kB                    Downloaded from central: https://repo.maven.apache.org/maven2/org/apache/maven/plugins/maven-resources-plugin/3.3.1/maven-resources-plugin-3.3.1.pom (8.2 kB at 240 kB/s)
Downloading from central: https://repo.maven.apache.org/maven2/org/apache/maven/plugins/maven-plugins/39/maven-plugins-39.pom
Progress (1): 773 BProgress (1): 2.3 kBProgress (1): 4.9 kBProgress (1): 7.4 kBProgress (1): 8.1 kB                    Downloaded from central: https://repo.maven.apache.org/maven2/org/apache/maven/plugins/maven-plugins/39/maven-plugins-39.pom (8.1 kB at 231 kB/s)
Downloading from central: https://repo.maven.apache.org/maven2/org/apache/maven/plugins/maven-resources-plugin/3.3.1/maven-resources-plugin-3.3.1.jar
Progress (1): 7.7/31 kBProgress (1): 16/31 kB Progress (1): 31 kB                      Downloaded from central: https://repo.maven.apache.org/maven2/org/apache/maven/plugins/maven-resources-plugin/3.3.1/maven-resources-plugin-3.3.1.jar (31 kB at 1.1 MB/s)
Downloading from central: https://repo.maven.apache.org/maven2/org/apache/maven/plugins/maven-compiler-plugin/3.13.0/maven-compiler-plugin-3.13.0.pom
Progress (1): 762 BProgress (1): 2.2 kBProgress (1): 5.0 kBProgress (1): 8.5 kBProgress (1): 10 kB                    Downloaded from central: https://repo.maven.apache.org/maven2/org/apache/maven/plugins/maven-compiler-plugin/3.13.0/maven-compiler-plugin-3.13.0.pom (10 kB at 387 kB/s)
Downloading from central: https://repo.maven.apache.org/maven2/org/apache/maven/plugins/maven-plugins/41/maven-plugins-41.pom
Progress (1): 773 BProgress (1): 2.4 kBProgress (1): 4.9 kBProgress (1): 7.4 kB                    Downloaded from central: https://repo.maven.apache.org/maven2/org/apache/maven/plugins/maven-plugins/41/maven-plugins-41.pom (7.4 kB at 263 kB/s)
Downloading from central: https://repo.maven.apache.org/maven2/org/apache/maven/maven-parent/41/maven-parent-41.pom
Progress (1): 724 BProgress (1): 1.9 kBProgress (1): 5.5 kBProgress (1): 9.9 kBProgress (1): 14 kB Progress (1): 19 kBProgress (1): 23 kBProgress (1): 27 kBProgress (1): 28 kBProgress (1): 31 kBProgress (1): 34 kBProgress (1): 37 kBProgress (1): 40 kBProgress (1): 43 kBProgress (1): 48 kBProgress (1): 48 kBProgress (1): 50 kB                   Downloaded from central: https://repo.maven.apache.org/maven2/org/apache/maven/maven-parent/41/maven-parent-41.pom (50 kB at 1.7 MB/s)
Downloading from central: https://repo.maven.apache.org/maven2/org/apache/maven/plugins/maven-compiler-plugin/3.13.0/maven-compiler-plugin-3.13.0.jar
Progress (1): 7.7/83 kBProgress (1): 16/83 kB Progress (1): 32/83 kBProgress (1): 48/83 kBProgress (1): 65/83 kBProgress (1): 81/83 kBProgress (1): 83 kB                      Downloaded from central: https://repo.maven.apache.org/maven2/org/apache/maven/plugins/maven-compiler-plugin/3.13.0/maven-compiler-plugin-3.13.0.jar (83 kB at 2.9 MB/s)
Downloading from central: https://repo.maven.apache.org/maven2/org/apache/maven/plugins/maven-surefire-plugin/3.5.2/maven-surefire-plugin-3.5.2.pom
Progress (1): 833 BProgress (1): 3.0 kBProgress (1): 5.7 kB                    Downloaded from central: https://repo.maven.apache.org/maven2/org/apache/maven/plugins/maven-surefire-plugin/3.5.2/maven-surefire-plugin-3.5.2.pom (5.7 kB at 219 kB/s)
Downloading from central: https://repo.maven.apache.org/maven2/org/apache/maven/surefire/surefire/3.5.2/surefire-3.5.2.pom
Progress (1): 787 BProgress (1): 2.4 kBProgress (1): 4.1 kBProgress (1): 7.5 kBProgress (1): 11 kB Progress (1): 13 kBProgress (1): 16 kBProgress (1): 18 kBProgress (1): 20 kB                   Downloaded from central: https://repo.maven.apache.org/maven2/org/apache/maven/surefire/surefire/3.5.2/surefire-3.5.2.pom (20 kB at 807 kB/s)
Downloading from central: https://repo.maven.apache.org/maven2/org/apache/maven/maven-parent/43/maven-parent-43.pom
Progress (1): 720 BProgress (1): 1.9 kBProgress (1): 5.5 kBProgress (1): 9.9 kBProgress (1): 14 kB Progress (1): 19 kBProgress (1): 23 kBProgress (1): 26 kBProgress (1): 28 kBProgress (1): 31 kBProgress (1): 34 kBProgress (1): 38 kBProgress (1): 41 kBProgress (1): 43 kBProgress (1): 48 kBProgress (1): 48 kBProgress (1): 50 kB                   Downloaded from central: https://repo.maven.apache.org/maven2/org/apache/maven/maven-parent/43/maven-parent-43.pom (50 kB at 1.6 MB/s)
Downloading from central: https://repo.maven.apache.org/maven2/org/apache/apache/33/apache-33.pom
Progress (1): 741 BProgress (1): 2.1 kBProgress (1): 4.0 kBProgress (1): 6.0 kBProgress (1): 10 kB Progress (1): 16 kBProgress (1): 19 kBProgress (1): 22 kBProgress (1): 24 kB                   Downloaded from central: https://repo.maven.apache.org/maven2/org/apache/apache/33/apache-33.pom (24 kB at 1.1 MB/s)
Downloading from central: https://repo.maven.apache.org/maven2/org/apache/maven/plugins/maven-surefire-plugin/3.5.2/maven-surefire-plugin-3.5.2.jar
Progress (1): 7.7/46 kBProgress (1): 16/46 kB Progress (1): 32/46 kBProgress (1): 46 kB                      Downloaded from central: https://repo.maven.apache.org/maven2/org/apache/maven/plugins/maven-surefire-plugin/3.5.2/maven-surefire-plugin-3.5.2.jar (46 kB at 2.1 MB/s)
Downloading from central: https://repo.maven.apache.org/maven2/javax/xml/bind/jaxb-api/2.3.1/jaxb-api-2.3.1.pom
Progress (1): 732 BProgress (1): 2.0 kBProgress (1): 4.2 kBProgress (1): 7.2 kBProgress (1): 10 kB Progress (1): 13 kBProgress (1): 17 kBProgress (1): 20 kB                   Downloaded from central: https://repo.maven.apache.org/maven2/javax/xml/bind/jaxb-api/2.3.1/jaxb-api-2.3.1.pom (20 kB at 630 kB/s)
Downloading from central: https://repo.maven.apache.org/maven2/javax/xml/bind/jaxb-api-parent/2.3.1/jaxb-api-parent-2.3.1.pom
Progress (1): 759 BProgress (1): 2.0 kBProgress (1): 4.0 kBProgress (1): 6.5 kBProgress (1): 8.1 kB                    Downloaded from central: https://repo.maven.apache.org/maven2/javax/xml/bind/jaxb-api-parent/2.3.1/jaxb-api-parent-2.3.1.pom (8.1 kB at 338 kB/s)
Downloading from central: https://repo.maven.apache.org/maven2/net/java/jvnet-parent/5/jvnet-parent-5.pom
Progress (1): 832 BProgress (1): 2.8 kBProgress (1): 5.3 kBProgress (1): 8.9 kB                    Downloaded from central: https://repo.maven.apache.org/maven2/net/java/jvnet-parent/5/jvnet-parent-5.pom (8.9 kB at 369 kB/s)
Downloading from central: https://repo.maven.apache.org/maven2/javax/activation/javax.activation-api/1.2.0/javax.activation-api-1.2.0.pom
Progress (1): 755 BProgress (1): 2.1 kBProgress (1): 3.5 kBProgress (1): 4.9 kB                    Downloaded from central: https://repo.maven.apache.org/maven2/javax/activation/javax.activation-api/1.2.0/javax.activation-api-1.2.0.pom (4.9 kB at 189 kB/s)
Downloading from central: https://repo.maven.apache.org/maven2/com/sun/activation/all/1.2.0/all-1.2.0.pom
Progress (1): 696 BProgress (1): 2.0 kBProgress (1): 3.4 kBProgress (1): 5.4 kBProgress (1): 7.8 kBProgress (1): 9.8 kBProgress (1): 12 kB Progress (1): 15 kBProgress (1): 18 kBProgress (1): 18 kB                   Downloaded from central: https://repo.maven.apache.org/maven2/com/sun/activation/all/1.2.0/all-1.2.0.pom (18 kB at 665 kB/s)
Downloading from central: https://repo.maven.apache.org/maven2/net/java/jvnet-parent/1/jvnet-parent-1.pom
Progress (1): 843 BProgress (1): 2.5 kBProgress (1): 4.7 kB                    Downloaded from central: https://repo.maven.apache.org/maven2/net/java/jvnet-parent/1/jvnet-parent-1.pom (4.7 kB at 205 kB/s)
Downloading from central: https://repo.maven.apache.org/maven2/org/glassfish/jaxb/jaxb-runtime/2.3.1/jaxb-runtime-2.3.1.pom
Progress (1): 742 BProgress (1): 2.0 kBProgress (1): 4.1 kBProgress (1): 7.8 kB                    Downloaded from central: https://repo.maven.apache.org/maven2/org/glassfish/jaxb/jaxb-runtime/2.3.1/jaxb-runtime-2.3.1.pom (7.8 kB at 288 kB/s)
Downloading from central: https://repo.maven.apache.org/maven2/com/sun/xml/bind/mvn/jaxb-runtime-parent/2.3.1/jaxb-runtime-parent-2.3.1.pom
Progress (1): 795 BProgress (1): 2.1 kBProgress (1): 2.8 kB                    Downloaded from central: https://repo.maven.apache.org/maven2/com/sun/xml/bind/mvn/jaxb-runtime-parent/2.3.1/jaxb-runtime-parent-2.3.1.pom (2.8 kB at 98 kB/s)
Downloading from central: https://repo.maven.apache.org/maven2/com/sun/xml/bind/mvn/jaxb-parent/2.3.1/jaxb-parent-2.3.1.pom
Progress (1): 691 BProgress (1): 2.0 kBProgress (1): 3.3 kBProgress (1): 6.0 kBProgress (1): 8.3 kBProgress (1): 12 kB Progress (1): 19 kBProgress (1): 23 kBProgress (1): 28 kBProgress (1): 33 kBProgress (1): 39 kBProgress (1): 41 kB                   Downloaded from central: https://repo.maven.apache.org/maven2/com/sun/xml/bind/mvn/jaxb-parent/2.3.1/jaxb-parent-2.3.1.pom (41 kB at 1.7 MB/s)
Downloading from central: https://repo.maven.apache.org/maven2/com/sun/xml/bind/jaxb-bom-ext/2.3.1/jaxb-bom-ext-2.3.1.pom
Progress (1): 758 BProgress (1): 2.1 kBProgress (1): 4.0 kBProgress (1): 5.0 kB                    Downloaded from central: https://repo.maven.apache.org/maven2/com/sun/xml/bind/jaxb-bom-ext/2.3.1/jaxb-bom-ext-2.3.1.pom (5.0 kB at 238 kB/s)
Downloading from central: https://repo.maven.apache.org/maven2/org/glassfish/jaxb/jaxb-bom/2.3.1/jaxb-bom-2.3.1.pom
Progress (1): 759 BProgress (1): 2.0 kBProgress (1): 4.8 kBProgress (1): 10 kB                    Downloaded from central: https://repo.maven.apache.org/maven2/org/glassfish/jaxb/jaxb-bom/2.3.1/jaxb-bom-2.3.1.pom (10 kB at 352 kB/s)
Downloading from central: https://repo.maven.apache.org/maven2/org/glassfish/jaxb/txw2/4.0.5/txw2-4.0.5.pom
Progress (1): 931 BProgress (1): 1.8 kB                    Downloaded from central: https://repo.maven.apache.org/maven2/org/glassfish/jaxb/txw2/4.0.5/txw2-4.0.5.pom (1.8 kB at 89 kB/s)
Downloading from central: https://repo.maven.apache.org/maven2/com/sun/xml/bind/mvn/jaxb-txw-parent/4.0.5/jaxb-txw-parent-4.0.5.pom
Progress (1): 930 BProgress (1): 1.2 kB                    Downloaded from central: https://repo.maven.apache.org/maven2/com/sun/xml/bind/mvn/jaxb-txw-parent/4.0.5/jaxb-txw-parent-4.0.5.pom (1.2 kB at 52 kB/s)
Downloading from central: https://repo.maven.apache.org/maven2/com/sun/xml/bind/mvn/jaxb-parent/4.0.5/jaxb-parent-4.0.5.pom
Progress (1): 778 BProgress (1): 2.7 kBProgress (1): 4.4 kBProgress (1): 6.6 kBProgress (1): 12 kB Progress (1): 17 kBProgress (1): 21 kBProgress (1): 28 kBProgress (1): 33 kBProgress (1): 35 kB                   Downloaded from central: https://repo.maven.apache.org/maven2/com/sun/xml/bind/mvn/jaxb-parent/4.0.5/jaxb-parent-4.0.5.pom (35 kB at 1.3 MB/s)
Downloading from central: https://repo.maven.apache.org/maven2/com/sun/xml/bind/jaxb-bom-ext/4.0.5/jaxb-bom-ext-4.0.5.pom
Progress (1): 863 BProgress (1): 3.5 kB                    Downloaded from central: https://repo.maven.apache.org/maven2/com/sun/xml/bind/jaxb-bom-ext/4.0.5/jaxb-bom-ext-4.0.5.pom (3.5 kB at 158 kB/s)
Downloading from central: https://repo.maven.apache.org/maven2/com/sun/istack/istack-commons-runtime/4.1.2/istack-commons-runtime-4.1.2.pom
Progress (1): 933 BProgress (1): 1.6 kB                    Downloaded from central: https://repo.maven.apache.org/maven2/com/sun/istack/istack-commons-runtime/4.1.2/istack-commons-runtime-4.1.2.pom (1.6 kB at 73 kB/s)
Downloading from central: https://repo.maven.apache.org/maven2/com/sun/istack/istack-commons/4.1.2/istack-commons-4.1.2.pom
Progress (1): 794 BProgress (1): 2.6 kBProgress (1): 4.8 kBProgress (1): 12 kB Progress (1): 17 kBProgress (1): 21 kBProgress (1): 26 kBProgress (1): 26 kB                   Downloaded from central: https://repo.maven.apache.org/maven2/com/sun/istack/istack-commons/4.1.2/istack-commons-4.1.2.pom (26 kB at 1.0 MB/s)
Downloading from central: https://repo.maven.apache.org/maven2/org/eclipse/ee4j/project/1.0.7/project-1.0.7.pom
Progress (1): 837 BProgress (1): 2.5 kBProgress (1): 5.0 kBProgress (1): 8.0 kBProgress (1): 13 kB Progress (1): 14 kB                   Downloaded from central: https://repo.maven.apache.org/maven2/org/eclipse/ee4j/project/1.0.7/project-1.0.7.pom (14 kB at 617 kB/s)
Downloading from central: https://repo.maven.apache.org/maven2/org/jvnet/staxex/stax-ex/2.1.0/stax-ex-2.1.0.pom
Progress (1): 879 BProgress (1): 2.7 kBProgress (1): 6.1 kBProgress (1): 9.7 kBProgress (1): 14 kB Progress (1): 16 kB                   Downloaded from central: https://repo.maven.apache.org/maven2/org/jvnet/staxex/stax-ex/2.1.0/stax-ex-2.1.0.pom (16 kB at 650 kB/s)
Downloading from central: https://repo.maven.apache.org/maven2/jakarta/activation/jakarta.activation-api/2.1.3/jakarta.activation-api-2.1.3.pom
Progress (1): 857 BProgress (1): 2.6 kBProgress (1): 5.3 kBProgress (1): 9.4 kBProgress (1): 12 kB Progress (1): 17 kBProgress (1): 19 kB                   Downloaded from central: https://repo.maven.apache.org/maven2/jakarta/activation/jakarta.activation-api/2.1.3/jakarta.activation-api-2.1.3.pom (19 kB at 686 kB/s)
Downloading from central: https://repo.maven.apache.org/maven2/com/sun/xml/fastinfoset/FastInfoset/2.1.1/FastInfoset-2.1.1.pom
Progress (1): 790 BProgress (1): 2.7 kBProgress (1): 3.4 kB                    Downloaded from central: https://repo.maven.apache.org/maven2/com/sun/xml/fastinfoset/FastInfoset/2.1.1/FastInfoset-2.1.1.pom (3.4 kB at 140 kB/s)
Downloading from central: https://repo.maven.apache.org/maven2/com/sun/xml/fastinfoset/fastinfoset-project/2.1.1/fastinfoset-project-2.1.1.pom
Progress (1): 740 BProgress (1): 2.2 kBProgress (1): 4.2 kBProgress (1): 7.6 kBProgress (1): 12 kB Progress (1): 17 kBProgress (1): 19 kB                   Downloaded from central: https://repo.maven.apache.org/maven2/com/sun/xml/fastinfoset/fastinfoset-project/2.1.1/fastinfoset-project-2.1.1.pom (19 kB at 749 kB/s)
Downloading from central: https://repo.maven.apache.org/maven2/org/apache/commons/commons-math3/3.6.1/commons-math3-3.6.1.pom
Progress (1): 771 BProgress (1): 2.1 kBProgress (1): 4.7 kBProgress (1): 7.9 kBProgress (1): 10 kB Progress (1): 12 kBProgress (1): 14 kBProgress (1): 17 kBProgress (1): 19 kBProgress (1): 22 kBProgress (1): 25 kBProgress (1): 28 kBProgress (1): 29 kB                   Downloaded from central: https://repo.maven.apache.org/maven2/org/apache/commons/commons-math3/3.6.1/commons-math3-3.6.1.pom (29 kB at 990 kB/s)
Downloading from central: https://repo.maven.apache.org/maven2/org/apache/commons/commons-parent/39/commons-parent-39.pom
Progress (1): 718 BProgress (1): 1.9 kBProgress (1): 3.1 kBProgress (1): 4.6 kBProgress (1): 8.0 kBProgress (1): 11 kB Progress (1): 14 kBProgress (1): 18 kBProgress (1): 21 kBProgress (1): 23 kBProgress (1): 26 kBProgress (1): 29 kBProgress (1): 32 kBProgress (1): 35 kBProgress (1): 37 kBProgress (1): 37 kBProgress (1): 41 kBProgress (1): 46 kBProgress (1): 51 kBProgress (1): 54 kBProgress (1): 56 kBProgress (1): 58 kBProgress (1): 60 kBProgress (1): 62 kB                   Downloaded from central: https://repo.maven.apache.org/maven2/org/apache/commons/commons-parent/39/commons-parent-39.pom (62 kB at 2.2 MB/s)
Downloading from central: https://repo.maven.apache.org/maven2/org/apache/apache/16/apache-16.pom
Progress (1): 745 BProgress (1): 2.1 kBProgress (1): 3.9 kBProgress (1): 7.8 kBProgress (1): 11 kB Progress (1): 14 kBProgress (1): 15 kB                   Downloaded from central: https://repo.maven.apache.org/maven2/org/apache/apache/16/apache-16.pom (15 kB at 616 kB/s)
Downloading from central: https://repo.maven.apache.org/maven2/com/fasterxml/jackson/core/jackson-databind/2.17.2/jackson-databind-2.17.2.pom
Progress (1): 973 BProgress (1): 2.4 kBProgress (1): 4.0 kBProgress (1): 6.2 kBProgress (1): 8.0 kBProgress (1): 10 kB Progress (1): 12 kBProgress (1): 18 kBProgress (1): 19 kBProgress (1): 21 kBProgress (1): 21 kB                   Downloaded from central: https://repo.maven.apache.org/maven2/com/fasterxml/jackson/core/jackson-databind/2.17.2/jackson-databind-2.17.2.pom (21 kB at 818 kB/s)
Downloading from central: https://repo.maven.apache.org/maven2/com/fasterxml/jackson/jackson-base/2.17.2/jackson-base-2.17.2.pom
Progress (1): 923 BProgress (1): 2.4 kBProgress (1): 4.3 kBProgress (1): 6.3 kBProgress (1): 8.5 kBProgress (1): 11 kB Progress (1): 12 kB                   Downloaded from central: https://repo.maven.apache.org/maven2/com/fasterxml/jackson/jackson-base/2.17.2/jackson-base-2.17.2.pom (12 kB at 512 kB/s)
Downloading from central: https://repo.maven.apache.org/maven2/org/junit/junit-bom/5.10.2/junit-bom-5.10.2.pom
Progress (1): 908 BProgress (1): 4.1 kBProgress (1): 5.6 kB                    Downloaded from central: https://repo.maven.apache.org/maven2/org/junit/junit-bom/5.10.2/junit-bom-5.10.2.pom (5.6 kB at 246 kB/s)
Downloading from central: https://repo.maven.apache.org/maven2/com/fasterxml/jackson/core/jackson-annotations/2.17.2/jackson-annotations-2.17.2.pom
Progress (1): 946 BProgress (1): 2.4 kBProgress (1): 3.9 kBProgress (1): 6.3 kBProgress (1): 7.1 kB                    Downloaded from central: https://repo.maven.apache.org/maven2/com/fasterxml/jackson/core/jackson-annotations/2.17.2/jackson-annotations-2.17.2.pom (7.1 kB at 307 kB/s)
Downloading from central: https://repo.maven.apache.org/maven2/com/fasterxml/jackson/core/jackson-core/2.17.2/jackson-core-2.17.2.pom
Progress (1): 981 BProgress (1): 2.9 kBProgress (1): 6.8 kBProgress (1): 9.4 kBProgress (1): 9.6 kB                    Downloaded from central: https://repo.maven.apache.org/maven2/com/fasterxml/jackson/core/jackson-core/2.17.2/jackson-core-2.17.2.pom (9.6 kB at 459 kB/s)
Downloading from central: https://repo.maven.apache.org/maven2/org/apache/poi/poi-ooxml/5.3.0/poi-ooxml-5.3.0.pom
Progress (1): 936 BProgress (1): 2.9 kBProgress (1): 6.3 kB                    Downloaded from central: https://repo.maven.apache.org/maven2/org/apache/poi/poi-ooxml/5.3.0/poi-ooxml-5.3.0.pom (6.3 kB at 274 kB/s)
Downloading from central: https://repo.maven.apache.org/maven2/org/apache/poi/poi/5.3.0/poi-5.3.0.pom
Progress (1): 944 BProgress (1): 3.0 kBProgress (1): 3.5 kB                    Downloaded from central: https://repo.maven.apache.org/maven2/org/apache/poi/poi/5.3.0/poi-5.3.0.pom (3.5 kB at 159 kB/s)
Downloading from central: https://repo.maven.apache.org/maven2/commons-codec/commons-codec/1.16.1/commons-codec-1.16.1.pom
Progress (1): 749 BProgress (1): 1.9 kBProgress (1): 3.8 kBProgress (1): 6.3 kBProgress (1): 8.7 kBProgress (1): 11 kB Progress (1): 13 kBProgress (1): 16 kB                   Downloaded from central: https://repo.maven.apache.org/maven2/commons-codec/commons-codec/1.16.1/commons-codec-1.16.1.pom (16 kB at 712 kB/s)
Downloading from central: https://repo.maven.apache.org/maven2/org/apache/commons/commons-parent/66/commons-parent-66.pom
Progress (1): 708 BProgress (1): 1.9 kBProgress (1): 3.1 kBProgress (1): 4.7 kBProgress (1): 6.5 kBProgress (1): 8.5 kBProgress (1): 10 kB Progress (1): 13 kBProgress (1): 14 kBProgress (1): 17 kBProgress (1): 19 kBProgress (1): 22 kBProgress (1): 25 kBProgress (1): 28 kBProgress (1): 31 kBProgress (1): 32 kBProgress (1): 35 kBProgress (1): 40 kBProgress (1): 43 kBProgress (1): 46 kBProgress (1): 49 kBProgress (1): 51 kBProgress (1): 55 kBProgress (1): 57 kBProgress (1): 60 kBProgress (1): 63 kBProgress (1): 67 kBProgress (1): 70 kBProgress (1): 73 kBProgress (1): 75 kBProgress (1): 77 kB                   Downloaded from central: https://repo.maven.apache.org/maven2/org/apache/commons/commons-parent/66/commons-parent-66.pom (77 kB at 2.6 MB/s)
Downloading from central: https://repo.maven.apache.org/maven2/org/junit/junit-bom/5.10.1/junit-bom-5.10.1.pom
Progress (1): 908 BProgress (1): 4.1 kBProgress (1): 5.6 kB                    Downloaded from central: https://repo.maven.apache.org/maven2/org/junit/junit-bom/5.10.1/junit-bom-5.10.1.pom (5.6 kB at 246 kB/s)
Downloading from central: https://repo.maven.apache.org/maven2/org/apache/commons/commons-collections4/4.4/commons-collections4-4.4.pom
Progress (1): 763 BProgress (1): 2.2 kBProgress (1): 5.1 kBProgress (1): 8.9 kBProgress (1): 12 kB Progress (1): 14 kBProgress (1): 16 kBProgress (1): 19 kBProgress (1): 22 kBProgress (1): 24 kB                   Downloaded from central: https://repo.maven.apache.org/maven2/org/apache/commons/commons-collections4/4.4/commons-collections4-4.4.pom (24 kB at 991 kB/s)
Downloading from central: https://repo.maven.apache.org/maven2/org/apache/commons/commons-parent/48/commons-parent-48.pom
Progress (1): 704 BProgress (1): 1.9 kBProgress (1): 3.2 kBProgress (1): 4.7 kBProgress (1): 8.4 kBProgress (1): 11 kB Progress (1): 14 kBProgress (1): 17 kBProgress (1): 21 kBProgress (1): 24 kBProgress (1): 26 kBProgress (1): 29 kBProgress (1): 32 kBProgress (1): 36 kBProgress (1): 38 kBProgress (1): 39 kBProgress (1): 41 kBProgress (1): 46 kBProgress (1): 50 kBProgress (1): 55 kBProgress (1): 59 kBProgress (1): 62 kBProgress (1): 64 kBProgress (1): 66 kBProgress (1): 68 kBProgress (1): 70 kBProgress (1): 72 kBProgress (1): 72 kB                   Downloaded from central: https://repo.maven.apache.org/maven2/org/apache/commons/commons-parent/48/commons-parent-48.pom (72 kB at 3.1 MB/s)
Downloading from central: https://repo.maven.apache.org/maven2/org/apache/apache/21/apache-21.pom
Progress (1): 753 BProgress (1): 2.1 kBProgress (1): 3.9 kBProgress (1): 8.3 kBProgress (1): 13 kB Progress (1): 16 kBProgress (1): 17 kB                   Downloaded from central: https://repo.maven.apache.org/maven2/org/apache/apache/21/apache-21.pom (17 kB at 684 kB/s)
Downloading from central: https://repo.maven.apache.org/maven2/commons-io/commons-io/2.16.1/commons-io-2.16.1.pom
Progress (1): 762 BProgress (1): 2.0 kBProgress (1): 4.9 kBProgress (1): 6.7 kBProgress (1): 8.8 kBProgress (1): 12 kB Progress (1): 15 kBProgress (1): 18 kBProgress (1): 20 kB                   Downloaded from central: https://repo.maven.apache.org/maven2/commons-io/commons-io/2.16.1/commons-io-2.16.1.pom (20 kB at 785 kB/s)
Downloading from central: https://repo.maven.apache.org/maven2/org/apache/commons/commons-parent/69/commons-parent-69.pom
Progress (1): 708 BProgress (1): 1.9 kBProgress (1): 3.1 kBProgress (1): 4.7 kBProgress (1): 6.4 kBProgress (1): 8.4 kBProgress (1): 10 kB Progress (1): 13 kBProgress (1): 14 kBProgress (1): 17 kBProgress (1): 19 kBProgress (1): 22 kBProgress (1): 25 kBProgress (1): 28 kBProgress (1): 31 kBProgress (1): 32 kBProgress (1): 35 kBProgress (1): 40 kBProgress (1): 43 kBProgress (1): 46 kBProgress (1): 49 kBProgress (1): 51 kBProgress (1): 55 kBProgress (1): 57 kBProgress (1): 60 kBProgress (1): 63 kBProgress (1): 67 kBProgress (1): 70 kBProgress (1): 73 kBProgress (1): 75 kBProgress (1): 77 kB                   Downloaded from central: https://repo.maven.apache.org/maven2/org/apache/commons/commons-parent/69/commons-parent-69.pom (77 kB at 2.8 MB/s)
Downloading from central: https://repo.maven.apache.org/maven2/com/zaxxer/SparseBitSet/1.3/SparseBitSet-1.3.pom
Progress (1): 1.3 kBProgress (1): 4.0 kBProgress (1): 4.8 kB                    Downloaded from central: https://repo.maven.apache.org/maven2/com/zaxxer/SparseBitSet/1.3/SparseBitSet-1.3.pom (4.8 kB at 191 kB/s)
Downloading from central: https://repo.maven.apache.org/maven2/org/apache/logging/log4j/log4j-api/2.23.1/log4j-api-2.23.1.pom
Progress (1): 823 BProgress (1): 2.4 kBProgress (1): 3.8 kB                    Downloaded from central: https://repo.maven.apache.org/maven2/org/apache/logging/log4j/log4j-api/2.23.1/log4j-api-2.23.1.pom (3.8 kB at 167 kB/s)
Downloading from central: https://repo.maven.apache.org/maven2/org/apache/logging/log4j/log4j/2.23.1/log4j-2.23.1.pom
Progress (1): 721 BProgress (1): 2.1 kBProgress (1): 4.0 kBProgress (1): 5.9 kBProgress (1): 10 kB Progress (1): 16 kBProgress (1): 24 kBProgress (1): 31 kBProgress (1): 35 kBProgress (1): 37 kB                   Downloaded from central: https://repo.maven.apache.org/maven2/org/apache/logging/log4j/log4j/2.23.1/log4j-2.23.1.pom (37 kB at 1.5 MB/s)
Downloading from central: https://repo.maven.apache.org/maven2/org/codehaus/groovy/groovy-bom/3.0.21/groovy-bom-3.0.21.pom
Progress (1): 959 BProgress (1): 4.4 kBProgress (1): 8.1 kBProgress (1): 12 kB Progress (1): 15 kBProgress (1): 19 kBProgress (1): 23 kBProgress (1): 26 kB                   Downloaded from central: https://repo.maven.apache.org/maven2/org/codehaus/groovy/groovy-bom/3.0.21/groovy-bom-3.0.21.pom (26 kB at 1.1 MB/s)
Downloading from central: https://repo.maven.apache.org/maven2/com/fasterxml/jackson/jackson-bom/2.16.1/jackson-bom-2.16.1.pom
Progress (1): 931 BProgress (1): 2.7 kBProgress (1): 8.1 kBProgress (1): 17 kB Progress (1): 18 kB                   Downloaded from central: https://repo.maven.apache.org/maven2/com/fasterxml/jackson/jackson-bom/2.16.1/jackson-bom-2.16.1.pom (18 kB at 911 kB/s)
Downloading from central: https://repo.maven.apache.org/maven2/com/fasterxml/jackson/jackson-parent/2.16/jackson-parent-2.16.pom
Progress (1): 1.1 kBProgress (1): 2.5 kBProgress (1): 4.0 kBProgress (1): 6.5 kB                    Downloaded from central: https://repo.maven.apache.org/maven2/com/fasterxml/jackson/jackson-parent/2.16/jackson-parent-2.16.pom (6.5 kB at 272 kB/s)
Downloading from central: https://repo.maven.apache.org/maven2/com/fasterxml/oss-parent/56/oss-parent-56.pom
Progress (1): 949 BProgress (1): 2.6 kBProgress (1): 4.0 kBProgress (1): 6.6 kBProgress (1): 9.7 kBProgress (1): 12 kB Progress (1): 15 kBProgress (1): 18 kBProgress (1): 21 kBProgress (1): 24 kB                   Downloaded from central: https://repo.maven.apache.org/maven2/com/fasterxml/oss-parent/56/oss-parent-56.pom (24 kB at 785 kB/s)
Downloading from central: https://repo.maven.apache.org/maven2/jakarta/platform/jakarta.jakartaee-bom/9.1.0/jakarta.jakartaee-bom-9.1.0.pom
Progress (1): 848 BProgress (1): 4.7 kBProgress (1): 9.6 kB                    Downloaded from central: https://repo.maven.apache.org/maven2/jakarta/platform/jakarta.jakartaee-bom/9.1.0/jakarta.jakartaee-bom-9.1.0.pom (9.6 kB at 354 kB/s)
Downloading from central: https://repo.maven.apache.org/maven2/jakarta/platform/jakartaee-api-parent/9.1.0/jakartaee-api-parent-9.1.0.pom
Progress (1): 823 BProgress (1): 3.1 kBProgress (1): 5.9 kBProgress (1): 11 kB Progress (1): 14 kBProgress (1): 15 kB                   Downloaded from central: https://repo.maven.apache.org/maven2/jakarta/platform/jakartaee-api-parent/9.1.0/jakartaee-api-parent-9.1.0.pom (15 kB at 550 kB/s)
Downloading from central: https://repo.maven.apache.org/maven2/org/eclipse/jetty/jetty-bom/9.4.54.v20240208/jetty-bom-9.4.54.v20240208.pom
Progress (1): 1.1 kBProgress (1): 4.8 kBProgress (1): 12 kB Progress (1): 18 kB                   Downloaded from central: https://repo.maven.apache.org/maven2/org/eclipse/jetty/jetty-bom/9.4.54.v20240208/jetty-bom-9.4.54.v20240208.pom (18 kB at 767 kB/s)
Downloading from central: https://repo.maven.apache.org/maven2/io/fabric8/kubernetes-client-bom/5.12.4/kubernetes-client-bom-5.12.4.pom
Progress (1): 1.2 kBProgress (1): 13 kB Progress (1): 26 kB                   Downloaded from central: https://repo.maven.apache.org/maven2/io/fabric8/kubernetes-client-bom/5.12.4/kubernetes-client-bom-5.12.4.pom (26 kB at 1.0 MB/s)
Downloading from central: https://repo.maven.apache.org/maven2/org/mockito/mockito-bom/4.11.0/mockito-bom-4.11.0.pom
Progress (1): 1.4 kBProgress (1): 3.2 kB                    Downloaded from central: https://repo.maven.apache.org/maven2/org/mockito/mockito-bom/4.11.0/mockito-bom-4.11.0.pom (3.2 kB at 95 kB/s)
Downloading from central: https://repo.maven.apache.org/maven2/io/netty/netty-bom/4.1.107.Final/netty-bom-4.1.107.Final.pom
Progress (1): 786 BProgress (1): 2.4 kBProgress (1): 12 kB Progress (1): 14 kB                   Downloaded from central: https://repo.maven.apache.org/maven2/io/netty/netty-bom/4.1.107.Final/netty-bom-4.1.107.Final.pom (14 kB at 597 kB/s)
Downloading from central: https://repo.maven.apache.org/maven2/org/springframework/spring-framework-bom/5.3.32/spring-framework-bom-5.3.32.pom
Progress (1): 974 BProgress (1): 5.7 kB                    Downloaded from central: https://repo.maven.apache.org/maven2/org/springframework/spring-framework-bom/5.3.32/spring-framework-bom-5.3.32.pom (5.7 kB at 246 kB/s)
Downloading from central: https://repo.maven.apache.org/maven2/org/apache/poi/poi-ooxml-lite/5.3.0/poi-ooxml-lite-5.3.0.pom
Progress (1): 947 BProgress (1): 2.6 kB                    Downloaded from central: https://repo.maven.apache.org/maven2/org/apache/poi/poi-ooxml-lite/5.3.0/poi-ooxml-lite-5.3.0.pom (2.6 kB at 108 kB/s)
Downloading from central: https://repo.maven.apache.org/maven2/org/apache/xmlbeans/xmlbeans/5.2.1/xmlbeans-5.2.1.pom
Progress (1): 820 BProgress (1): 2.9 kBProgress (1): 4.9 kB                    Downloaded from central: https://repo.maven.apache.org/maven2/org/apache/xmlbeans/xmlbeans/5.2.1/xmlbeans-5.2.1.pom (4.9 kB at 174 kB/s)
Downloading from central: https://repo.maven.apache.org/maven2/org/apache/commons/commons-compress/1.26.2/commons-compress-1.26.2.pom
Progress (1): 758 BProgress (1): 1.9 kBProgress (1): 3.7 kBProgress (1): 5.4 kBProgress (1): 9.3 kBProgress (1): 12 kB Progress (1): 15 kBProgress (1): 18 kBProgress (1): 21 kBProgress (1): 23 kB                   Downloaded from central: https://repo.maven.apache.org/maven2/org/apache/commons/commons-compress/1.26.2/commons-compress-1.26.2.pom (23 kB at 1.0 MB/s)
Downloading from central: https://repo.maven.apache.org/maven2/org/apache/commons/commons-lang3/3.14.0/commons-lang3-3.14.0.pom
Progress (1): 747 BProgress (1): 2.1 kBProgress (1): 4.7 kBProgress (1): 8.4 kBProgress (1): 12 kB Progress (1): 15 kBProgress (1): 17 kBProgress (1): 18 kBProgress (1): 21 kBProgress (1): 24 kBProgress (1): 28 kBProgress (1): 30 kBProgress (1): 31 kB                   Downloaded from central: https://repo.maven.apache.org/maven2/org/apache/commons/commons-lang3/3.14.0/commons-lang3-3.14.0.pom (31 kB at 997 kB/s)
Downloading from central: https://repo.maven.apache.org/maven2/org/apache/commons/commons-parent/64/commons-parent-64.pom
Progress (1): 706 BProgress (1): 1.9 kBProgress (1): 3.1 kBProgress (1): 4.7 kBProgress (1): 6.4 kBProgress (1): 8.4 kBProgress (1): 10 kB Progress (1): 13 kBProgress (1): 15 kBProgress (1): 18 kBProgress (1): 19 kBProgress (1): 23 kBProgress (1): 25 kBProgress (1): 28 kBProgress (1): 32 kBProgress (1): 32 kBProgress (1): 36 kBProgress (1): 41 kBProgress (1): 44 kBProgress (1): 46 kBProgress (1): 49 kBProgress (1): 51 kBProgress (1): 56 kBProgress (1): 58 kBProgress (1): 60 kBProgress (1): 64 kBProgress (1): 68 kBProgress (1): 71 kBProgress (1): 74 kBProgress (1): 76 kBProgress (1): 78 kB                   Downloaded from central: https://repo.maven.apache.org/maven2/org/apache/commons/commons-parent/64/commons-parent-64.pom (78 kB at 2.5 MB/s)
Downloading from central: https://repo.maven.apache.org/maven2/org/apache/apache/30/apache-30.pom
Progress (1): 743 BProgress (1): 2.1 kBProgress (1): 4.0 kBProgress (1): 6.3 kBProgress (1): 11 kB Progress (1): 16 kBProgress (1): 20 kBProgress (1): 22 kBProgress (1): 23 kB                   Downloaded from central: https://repo.maven.apache.org/maven2/org/apache/apache/30/apache-30.pom (23 kB at 930 kB/s)
Downloading from central: https://repo.maven.apache.org/maven2/org/junit/junit-bom/5.10.0/junit-bom-5.10.0.pom
Progress (1): 913 BProgress (1): 4.1 kBProgress (1): 5.6 kB                    Downloaded from central: https://repo.maven.apache.org/maven2/org/junit/junit-bom/5.10.0/junit-bom-5.10.0.pom (5.6 kB at 226 kB/s)
Downloading from central: https://repo.maven.apache.org/maven2/com/github/virtuald/curvesapi/1.08/curvesapi-1.08.pom
Progress (1): 1.2 kBProgress (1): 3.9 kBProgress (1): 4.4 kB                    Downloaded from central: https://repo.maven.apache.org/maven2/com/github/virtuald/curvesapi/1.08/curvesapi-1.08.pom (4.4 kB at 151 kB/s)
Downloading from central: https://repo.maven.apache.org/maven2/org/apache/commons/commons-csv/1.8/commons-csv-1.8.pom
Progress (1): 753 BProgress (1): 2.7 kBProgress (1): 5.1 kBProgress (1): 6.8 kBProgress (1): 9.3 kBProgress (1): 13 kB Progress (1): 18 kBProgress (1): 20 kB                   Downloaded from central: https://repo.maven.apache.org/maven2/org/apache/commons/commons-csv/1.8/commons-csv-1.8.pom (20 kB at 812 kB/s)
Downloading from central: https://repo.maven.apache.org/maven2/org/apache/commons/commons-parent/50/commons-parent-50.pom
Progress (1): 702 BProgress (1): 1.8 kBProgress (1): 3.1 kBProgress (1): 4.6 kBProgress (1): 6.7 kBProgress (1): 8.3 kBProgress (1): 11 kB Progress (1): 13 kBProgress (1): 15 kBProgress (1): 17 kBProgress (1): 20 kBProgress (1): 23 kBProgress (1): 26 kBProgress (1): 30 kBProgress (1): 33 kBProgress (1): 34 kBProgress (1): 37 kBProgress (1): 40 kBProgress (1): 42 kBProgress (1): 45 kBProgress (1): 49 kBProgress (1): 51 kBProgress (1): 54 kBProgress (1): 59 kBProgress (1): 63 kBProgress (1): 69 kBProgress (1): 73 kBProgress (1): 76 kB                   Downloaded from central: https://repo.maven.apache.org/maven2/org/apache/commons/commons-parent/50/commons-parent-50.pom (76 kB at 2.4 MB/s)
Downloading from central: https://repo.maven.apache.org/maven2/org/apache/commons/commons-lang3/3.12.0/commons-lang3-3.12.0.pom
Progress (1): 740 BProgress (1): 2.1 kBProgress (1): 5.4 kBProgress (1): 8.8 kBProgress (1): 12 kB Progress (1): 15 kBProgress (1): 17 kBProgress (1): 19 kBProgress (1): 21 kBProgress (1): 24 kBProgress (1): 28 kBProgress (1): 30 kBProgress (1): 31 kB                   Downloaded from central: https://repo.maven.apache.org/maven2/org/apache/commons/commons-lang3/3.12.0/commons-lang3-3.12.0.pom (31 kB at 1.2 MB/s)
Downloading from central: https://repo.maven.apache.org/maven2/org/apache/commons/commons-parent/52/commons-parent-52.pom
Progress (1): 703 BProgress (1): 1.8 kBProgress (1): 3.1 kBProgress (1): 4.6 kBProgress (1): 6.7 kBProgress (1): 8.1 kBProgress (1): 10 kB Progress (1): 12 kBProgress (1): 15 kBProgress (1): 17 kBProgress (1): 20 kBProgress (1): 22 kBProgress (1): 25 kBProgress (1): 29 kBProgress (1): 32 kBProgress (1): 33 kBProgress (1): 36 kBProgress (1): 40 kBProgress (1): 42 kBProgress (1): 44 kBProgress (1): 47 kBProgress (1): 51 kBProgress (1): 54 kBProgress (1): 56 kBProgress (1): 61 kBProgress (1): 66 kBProgress (1): 73 kBProgress (1): 76 kBProgress (1): 79 kB                   Downloaded from central: https://repo.maven.apache.org/maven2/org/apache/commons/commons-parent/52/commons-parent-52.pom (79 kB at 3.0 MB/s)
Downloading from central: https://repo.maven.apache.org/maven2/org/apache/apache/23/apache-23.pom
Progress (1): 749 BProgress (1): 2.1 kBProgress (1): 3.9 kBProgress (1): 7.9 kBProgress (1): 13 kB Progress (1): 16 kBProgress (1): 18 kB                   Downloaded from central: https://repo.maven.apache.org/maven2/org/apache/apache/23/apache-23.pom (18 kB at 921 kB/s)
Downloading from central: https://repo.maven.apache.org/maven2/org/junit/junit-bom/5.7.1/junit-bom-5.7.1.pom
Progress (1): 912 BProgress (1): 4.1 kBProgress (1): 5.1 kB                    Downloaded from central: https://repo.maven.apache.org/maven2/org/junit/junit-bom/5.7.1/junit-bom-5.7.1.pom (5.1 kB at 196 kB/s)
Downloading from central: https://repo.maven.apache.org/maven2/org/apache/httpcomponents/client5/httpclient5/5.3.1/httpclient5-5.3.1.pom
Progress (1): 869 BProgress (1): 3.2 kBProgress (1): 5.5 kBProgress (1): 6.0 kB                    Downloaded from central: https://repo.maven.apache.org/maven2/org/apache/httpcomponents/client5/httpclient5/5.3.1/httpclient5-5.3.1.pom (6.0 kB at 248 kB/s)
Downloading from central: https://repo.maven.apache.org/maven2/org/apache/httpcomponents/client5/httpclient5-parent/5.3.1/httpclient5-parent-5.3.1.pom
Progress (1): 837 BProgress (1): 2.2 kBProgress (1): 4.0 kBProgress (1): 8.5 kBProgress (1): 12 kB Progress (1): 15 kBProgress (1): 17 kB                   Downloaded from central: https://repo.maven.apache.org/maven2/org/apache/httpcomponents/client5/httpclient5-parent/5.3.1/httpclient5-parent-5.3.1.pom (17 kB at 725 kB/s)
Downloading from central: https://repo.maven.apache.org/maven2/org/apache/httpcomponents/httpcomponents-parent/13/httpcomponents-parent-13.pom
Progress (1): 805 BProgress (1): 2.1 kBProgress (1): 4.1 kBProgress (1): 5.9 kBProgress (1): 7.1 kBProgress (1): 8.5 kBProgress (1): 12 kB Progress (1): 16 kBProgress (1): 18 kBProgress (1): 22 kBProgress (1): 24 kBProgress (1): 27 kBProgress (1): 30 kBProgress (1): 30 kB                   Downloaded from central: https://repo.maven.apache.org/maven2/org/apache/httpcomponents/httpcomponents-parent/13/httpcomponents-parent-13.pom (30 kB at 1.2 MB/s)
Downloading from central: https://repo.maven.apache.org/maven2/org/apache/apache/27/apache-27.pom
Progress (1): 745 BProgress (1): 2.1 kBProgress (1): 3.9 kBProgress (1): 7.3 kBProgress (1): 12 kB Progress (1): 16 kBProgress (1): 19 kBProgress (1): 20 kB                   Downloaded from central: https://repo.maven.apache.org/maven2/org/apache/apache/27/apache-27.pom (20 kB at 848 kB/s)
Downloading from central: https://repo.maven.apache.org/maven2/org/apache/httpcomponents/core5/httpcore5/5.2.5/httpcore5-5.2.5.pom
Progress (1): 883 BProgress (1): 2.9 kBProgress (1): 3.9 kB                    Downloaded from central: https://repo.maven.apache.org/maven2/org/apache/httpcomponents/core5/httpcore5/5.2.5/httpcore5-5.2.5.pom (3.9 kB at 141 kB/s)
Downloading from central: https://repo.maven.apache.org/maven2/org/apache/httpcomponents/core5/httpcore5-parent/5.2.5/httpcore5-parent-5.2.5.pom
Progress (1): 847 BProgress (1): 2.2 kBProgress (1): 3.9 kBProgress (1): 7.3 kBProgress (1): 10 kB Progress (1): 14 kB                   Downloaded from central: https://repo.maven.apache.org/maven2/org/apache/httpcomponents/core5/httpcore5-parent/5.2.5/httpcore5-parent-5.2.5.pom (14 kB at 597 kB/s)
Downloading from central: https://repo.maven.apache.org/maven2/org/junit/junit-bom/5.9.3/junit-bom-5.9.3.pom
Progress (1): 907 BProgress (1): 4.1 kBProgress (1): 5.6 kB                    Downloaded from central: https://repo.maven.apache.org/maven2/org/junit/junit-bom/5.9.3/junit-bom-5.9.3.pom (5.6 kB at 282 kB/s)
Downloading from central: https://repo.maven.apache.org/maven2/org/apache/httpcomponents/core5/httpcore5-h2/5.2.5/httpcore5-h2-5.2.5.pom
Progress (1): 889 BProgress (1): 3.1 kBProgress (1): 3.6 kB                    Downloaded from central: https://repo.maven.apache.org/maven2/org/apache/httpcomponents/core5/httpcore5-h2/5.2.5/httpcore5-h2-5.2.5.pom (3.6 kB at 134 kB/s)
Downloading from central: https://repo.maven.apache.org/maven2/org/slf4j/slf4j-api/2.0.16/slf4j-api-2.0.16.pom
Progress (1): 1.1 kBProgress (1): 2.8 kB                    Downloaded from central: https://repo.maven.apache.org/maven2/org/slf4j/slf4j-api/2.0.16/slf4j-api-2.0.16.pom (2.8 kB at 105 kB/s)
Downloading from central: https://repo.maven.apache.org/maven2/org/slf4j/slf4j-parent/2.0.16/slf4j-parent-2.0.16.pom
Progress (1): 953 BProgress (1): 3.2 kBProgress (1): 6.0 kBProgress (1): 8.2 kBProgress (1): 11 kB Progress (1): 13 kB                   Downloaded from central: https://repo.maven.apache.org/maven2/org/slf4j/slf4j-parent/2.0.16/slf4j-parent-2.0.16.pom (13 kB at 581 kB/s)
Downloading from central: https://repo.maven.apache.org/maven2/org/slf4j/slf4j-bom/2.0.16/slf4j-bom-2.0.16.pom
Progress (1): 1.0 kBProgress (1): 4.6 kBProgress (1): 7.3 kBProgress (1): 7.3 kB                    Downloaded from central: https://repo.maven.apache.org/maven2/org/slf4j/slf4j-bom/2.0.16/slf4j-bom-2.0.16.pom (7.3 kB at 319 kB/s)
Downloading from central: https://repo.maven.apache.org/maven2/me/paulschwarz/spring-dotenv/2.5.4/spring-dotenv-2.5.4.pom
Progress (1): 995 BProgress (1): 1.7 kB                    Downloaded from central: https://repo.maven.apache.org/maven2/me/paulschwarz/spring-dotenv/2.5.4/spring-dotenv-2.5.4.pom (1.7 kB at 73 kB/s)
Downloading from central: https://repo.maven.apache.org/maven2/io/github/cdimascio/dotenv-java/2.2.3/dotenv-java-2.2.3.pom
Progress (1): 1.0 kBProgress (1): 3.0 kBProgress (1): 6.4 kBProgress (1): 9.2 kBProgress (1): 10.0 kB                     Downloaded from central: https://repo.maven.apache.org/maven2/io/github/cdimascio/dotenv-java/2.2.3/dotenv-java-2.2.3.pom (10.0 kB at 384 kB/s)
Downloading from central: https://repo.maven.apache.org/maven2/org/springframework/boot/spring-boot-starter-security/3.3.4/spring-boot-starter-security-3.3.4.pom
Progress (1): 1.0 kBProgress (1): 2.7 kB                    Downloaded from central: https://repo.maven.apache.org/maven2/org/springframework/boot/spring-boot-starter-security/3.3.4/spring-boot-starter-security-3.3.4.pom (2.7 kB at 103 kB/s)
Downloading from central: https://repo.maven.apache.org/maven2/org/springframework/boot/spring-boot-starter/3.3.4/spring-boot-starter-3.3.4.pom
Progress (1): 947 BProgress (1): 3.0 kB                    Downloaded from central: https://repo.maven.apache.org/maven2/org/springframework/boot/spring-boot-starter/3.3.4/spring-boot-starter-3.3.4.pom (3.0 kB at 145 kB/s)
Downloading from central: https://repo.maven.apache.org/maven2/org/springframework/boot/spring-boot/3.3.4/spring-boot-3.3.4.pom
Progress (1): 1.0 kBProgress (1): 2.2 kB                    Downloaded from central: https://repo.maven.apache.org/maven2/org/springframework/boot/spring-boot/3.3.4/spring-boot-3.3.4.pom (2.2 kB at 96 kB/s)
Downloading from central: https://repo.maven.apache.org/maven2/org/springframework/spring-core/6.1.13/spring-core-6.1.13.pom
Progress (1): 1.1 kBProgress (1): 2.0 kB                    Downloaded from central: https://repo.maven.apache.org/maven2/org/springframework/spring-core/6.1.13/spring-core-6.1.13.pom (2.0 kB at 84 kB/s)
Downloading from central: https://repo.maven.apache.org/maven2/org/springframework/spring-jcl/6.1.13/spring-jcl-6.1.13.pom
Progress (1): 1.1 kBProgress (1): 1.8 kB                    Downloaded from central: https://repo.maven.apache.org/maven2/org/springframework/spring-jcl/6.1.13/spring-jcl-6.1.13.pom (1.8 kB at 84 kB/s)
Downloading from central: https://repo.maven.apache.org/maven2/org/springframework/spring-context/6.1.13/spring-context-6.1.13.pom
Progress (1): 1.1 kBProgress (1): 2.8 kB                    Downloaded from central: https://repo.maven.apache.org/maven2/org/springframework/spring-context/6.1.13/spring-context-6.1.13.pom (2.8 kB at 121 kB/s)
Downloading from central: https://repo.maven.apache.org/maven2/org/springframework/spring-aop/6.1.13/spring-aop-6.1.13.pom
Progress (1): 1.1 kBProgress (1): 2.2 kB                    Downloaded from central: https://repo.maven.apache.org/maven2/org/springframework/spring-aop/6.1.13/spring-aop-6.1.13.pom (2.2 kB at 100 kB/s)
Downloading from central: https://repo.maven.apache.org/maven2/org/springframework/spring-beans/6.1.13/spring-beans-6.1.13.pom
Progress (1): 1.1 kBProgress (1): 2.0 kB                    Downloaded from central: https://repo.maven.apache.org/maven2/org/springframework/spring-beans/6.1.13/spring-beans-6.1.13.pom (2.0 kB at 75 kB/s)
Downloading from central: https://repo.maven.apache.org/maven2/org/springframework/spring-expression/6.1.13/spring-expression-6.1.13.pom
Progress (1): 1.1 kBProgress (1): 2.1 kB                    Downloaded from central: https://repo.maven.apache.org/maven2/org/springframework/spring-expression/6.1.13/spring-expression-6.1.13.pom (2.1 kB at 94 kB/s)
Downloading from central: https://repo.maven.apache.org/maven2/io/micrometer/micrometer-observation/1.13.4/micrometer-observation-1.13.4.pom
Progress (1): 1.1 kBProgress (1): 3.4 kBProgress (1): 3.8 kB                    Downloaded from central: https://repo.maven.apache.org/maven2/io/micrometer/micrometer-observation/1.13.4/micrometer-observation-1.13.4.pom (3.8 kB at 175 kB/s)
Downloading from central: https://repo.maven.apache.org/maven2/io/micrometer/micrometer-commons/1.13.4/micrometer-commons-1.13.4.pom
Progress (1): 1.1 kBProgress (1): 3.0 kBProgress (1): 3.4 kB                    Downloaded from central: https://repo.maven.apache.org/maven2/io/micrometer/micrometer-commons/1.13.4/micrometer-commons-1.13.4.pom (3.4 kB at 118 kB/s)
Downloading from central: https://repo.maven.apache.org/maven2/org/springframework/boot/spring-boot-autoconfigure/3.3.4/spring-boot-autoconfigure-3.3.4.pom
Progress (1): 1.0 kBProgress (1): 2.1 kB                    Downloaded from central: https://repo.maven.apache.org/maven2/org/springframework/boot/spring-boot-autoconfigure/3.3.4/spring-boot-autoconfigure-3.3.4.pom (2.1 kB at 90 kB/s)
Downloading from central: https://repo.maven.apache.org/maven2/org/springframework/boot/spring-boot-starter-logging/3.3.4/spring-boot-starter-logging-3.3.4.pom
Progress (1): 984 BProgress (1): 2.5 kB                    Downloaded from central: https://repo.maven.apache.org/maven2/org/springframework/boot/spring-boot-starter-logging/3.3.4/spring-boot-starter-logging-3.3.4.pom (2.5 kB at 102 kB/s)
Downloading from central: https://repo.maven.apache.org/maven2/ch/qos/logback/logback-classic/1.5.8/logback-classic-1.5.8.pom
Progress (1): 1.7 kBProgress (1): 4.8 kBProgress (1): 8.2 kBProgress (1): 11 kB Progress (1): 13 kBProgress (1): 13 kB                   Downloaded from central: https://repo.maven.apache.org/maven2/ch/qos/logback/logback-classic/1.5.8/logback-classic-1.5.8.pom (13 kB at 566 kB/s)
Downloading from central: https://repo.maven.apache.org/maven2/ch/qos/logback/logback-parent/1.5.8/logback-parent-1.5.8.pom
Progress (1): 1.1 kBProgress (1): 2.7 kBProgress (1): 5.0 kBProgress (1): 10 kB Progress (1): 14 kBProgress (1): 17 kBProgress (1): 18 kB                   Downloaded from central: https://repo.maven.apache.org/maven2/ch/qos/logback/logback-parent/1.5.8/logback-parent-1.5.8.pom (18 kB at 918 kB/s)
Downloading from central: https://repo.maven.apache.org/maven2/ch/qos/logback/logback-core/1.5.8/logback-core-1.5.8.pom
Progress (1): 1.8 kBProgress (1): 5.1 kBProgress (1): 7.9 kB                    Downloaded from central: https://repo.maven.apache.org/maven2/ch/qos/logback/logback-core/1.5.8/logback-core-1.5.8.pom (7.9 kB at 330 kB/s)
Downloading from central: https://repo.maven.apache.org/maven2/org/apache/logging/log4j/log4j-to-slf4j/2.23.1/log4j-to-slf4j-2.23.1.pom
Progress (1): 824 BProgress (1): 2.7 kBProgress (1): 4.4 kB                    Downloaded from central: https://repo.maven.apache.org/maven2/org/apache/logging/log4j/log4j-to-slf4j/2.23.1/log4j-to-slf4j-2.23.1.pom (4.4 kB at 201 kB/s)
Downloading from central: https://repo.maven.apache.org/maven2/org/slf4j/jul-to-slf4j/2.0.16/jul-to-slf4j-2.0.16.pom
Progress (1): 1.1 kB                    Downloaded from central: https://repo.maven.apache.org/maven2/org/slf4j/jul-to-slf4j/2.0.16/jul-to-slf4j-2.0.16.pom (1.1 kB at 46 kB/s)
Downloading from central: https://repo.maven.apache.org/maven2/jakarta/annotation/jakarta.annotation-api/2.1.1/jakarta.annotation-api-2.1.1.pom
Progress (1): 828 BProgress (1): 2.8 kBProgress (1): 5.9 kBProgress (1): 9.9 kBProgress (1): 13 kB Progress (1): 16 kB                   Downloaded from central: https://repo.maven.apache.org/maven2/jakarta/annotation/jakarta.annotation-api/2.1.1/jakarta.annotation-api-2.1.1.pom (16 kB at 632 kB/s)
Downloading from central: https://repo.maven.apache.org/maven2/org/yaml/snakeyaml/2.2/snakeyaml-2.2.pom
Progress (1): 1.1 kBProgress (1): 2.9 kBProgress (1): 6.8 kBProgress (1): 11 kB Progress (1): 15 kBProgress (1): 20 kBProgress (1): 21 kB                   Downloaded from central: https://repo.maven.apache.org/maven2/org/yaml/snakeyaml/2.2/snakeyaml-2.2.pom (21 kB at 924 kB/s)
Downloading from central: https://repo.maven.apache.org/maven2/org/springframework/security/spring-security-config/6.3.3/spring-security-config-6.3.3.pom
Progress (1): 1.0 kBProgress (1): 2.8 kB                    Downloaded from central: https://repo.maven.apache.org/maven2/org/springframework/security/spring-security-config/6.3.3/spring-security-config-6.3.3.pom (2.8 kB at 129 kB/s)
Downloading from central: https://repo.maven.apache.org/maven2/org/springframework/security/spring-security-core/6.3.3/spring-security-core-6.3.3.pom
Progress (1): 1.0 kBProgress (1): 3.2 kB                    Downloaded from central: https://repo.maven.apache.org/maven2/org/springframework/security/spring-security-core/6.3.3/spring-security-core-6.3.3.pom (3.2 kB at 134 kB/s)
Downloading from central: https://repo.maven.apache.org/maven2/org/springframework/security/spring-security-crypto/6.3.3/spring-security-crypto-6.3.3.pom
Progress (1): 1.0 kBProgress (1): 1.9 kB                    Downloaded from central: https://repo.maven.apache.org/maven2/org/springframework/security/spring-security-crypto/6.3.3/spring-security-crypto-6.3.3.pom (1.9 kB at 72 kB/s)
Downloading from central: https://repo.maven.apache.org/maven2/org/springframework/security/spring-security-web/6.3.3/spring-security-web-6.3.3.pom
Progress (1): 1.0 kBProgress (1): 3.2 kB                    Downloaded from central: https://repo.maven.apache.org/maven2/org/springframework/security/spring-security-web/6.3.3/spring-security-web-6.3.3.pom (3.2 kB at 153 kB/s)
Downloading from central: https://repo.maven.apache.org/maven2/org/springframework/spring-web/6.1.13/spring-web-6.1.13.pom
Progress (1): 1.1 kBProgress (1): 2.4 kB                    Downloaded from central: https://repo.maven.apache.org/maven2/org/springframework/spring-web/6.1.13/spring-web-6.1.13.pom (2.4 kB at 100 kB/s)
Downloading from central: https://repo.maven.apache.org/maven2/org/springframework/ai/spring-ai-transformers/1.1.2/spring-ai-transformers-1.1.2.pom
Progress (1): 857 BProgress (1): 2.8 kBProgress (1): 3.5 kB                    Downloaded from central: https://repo.maven.apache.org/maven2/org/springframework/ai/spring-ai-transformers/1.1.2/spring-ai-transformers-1.1.2.pom (3.5 kB at 140 kB/s)
Downloading from central: https://repo.maven.apache.org/maven2/org/springframework/ai/spring-ai-model/1.1.2/spring-ai-model-1.1.2.pom
Progress (1): 842 BProgress (1): 2.9 kBProgress (1): 5.4 kB                    Downloaded from central: https://repo.maven.apache.org/maven2/org/springframework/ai/spring-ai-model/1.1.2/spring-ai-model-1.1.2.pom (5.4 kB at 215 kB/s)
Downloading from central: https://repo.maven.apache.org/maven2/org/springframework/ai/spring-ai-commons/1.1.2/spring-ai-commons-1.1.2.pom
Progress (1): 842 BProgress (1): 2.7 kBProgress (1): 4.4 kB                    Downloaded from central: https://repo.maven.apache.org/maven2/org/springframework/ai/spring-ai-commons/1.1.2/spring-ai-commons-1.1.2.pom (4.4 kB at 183 kB/s)
Downloading from central: https://repo.maven.apache.org/maven2/io/micrometer/micrometer-core/1.13.4/micrometer-core-1.13.4.pom
Progress (1): 987 BProgress (1): 5.1 kBProgress (1): 9.5 kBProgress (1): 11 kB                    Downloaded from central: https://repo.maven.apache.org/maven2/io/micrometer/micrometer-core/1.13.4/micrometer-core-1.13.4.pom (11 kB at 444 kB/s)
Downloading from central: https://repo.maven.apache.org/maven2/org/hdrhistogram/HdrHistogram/2.2.2/HdrHistogram-2.2.2.pom
Progress (1): 961 BProgress (1): 2.8 kBProgress (1): 6.1 kBProgress (1): 10.0 kBProgress (1): 13 kB                     Downloaded from central: https://repo.maven.apache.org/maven2/org/hdrhistogram/HdrHistogram/2.2.2/HdrHistogram-2.2.2.pom (13 kB at 603 kB/s)
Downloading from central: https://repo.maven.apache.org/maven2/org/latencyutils/LatencyUtils/2.0.3/LatencyUtils-2.0.3.pom
Progress (1): 1.0 kBProgress (1): 3.9 kBProgress (1): 7.2 kB                    Downloaded from central: https://repo.maven.apache.org/maven2/org/latencyutils/LatencyUtils/2.0.3/LatencyUtils-2.0.3.pom (7.2 kB at 290 kB/s)
Downloading from central: https://repo.maven.apache.org/maven2/io/micrometer/context-propagation/1.1.1/context-propagation-1.1.1.pom
Progress (1): 995 BProgress (1): 2.8 kBProgress (1): 3.5 kB                    Downloaded from central: https://repo.maven.apache.org/maven2/io/micrometer/context-propagation/1.1.1/context-propagation-1.1.1.pom (3.5 kB at 125 kB/s)
Downloading from central: https://repo.maven.apache.org/maven2/com/fasterxml/jackson/module/jackson-module-jsonSchema/2.17.2/jackson-module-jsonSchema-2.17.2.pom
Progress (1): 1.0 kBProgress (1): 2.3 kB                    Downloaded from central: https://repo.maven.apache.org/maven2/com/fasterxml/jackson/module/jackson-module-jsonSchema/2.17.2/jackson-module-jsonSchema-2.17.2.pom (2.3 kB at 92 kB/s)
Downloading from central: https://repo.maven.apache.org/maven2/com/fasterxml/jackson/module/jackson-module-jsonSchema-parent/2.17.2/jackson-module-jsonSchema-parent-2.17.2.pom
Progress (1): 1.1 kBProgress (1): 2.9 kB                    Downloaded from central: https://repo.maven.apache.org/maven2/com/fasterxml/jackson/module/jackson-module-jsonSchema-parent/2.17.2/jackson-module-jsonSchema-parent-2.17.2.pom (2.9 kB at 120 kB/s)
Downloading from central: https://repo.maven.apache.org/maven2/javax/validation/validation-api/1.1.0.Final/validation-api-1.1.0.Final.pom
Progress (1): 1.6 kBProgress (1): 3.6 kBProgress (1): 7.5 kBProgress (1): 7.9 kB                    Downloaded from central: https://repo.maven.apache.org/maven2/javax/validation/validation-api/1.1.0.Final/validation-api-1.1.0.Final.pom (7.9 kB at 357 kB/s)
Downloading from central: https://repo.maven.apache.org/maven2/com/knuddels/jtokkit/1.1.0/jtokkit-1.1.0.pom
Progress (1): 948 BProgress (1): 1.6 kB                    Downloaded from central: https://repo.maven.apache.org/maven2/com/knuddels/jtokkit/1.1.0/jtokkit-1.1.0.pom (1.6 kB at 62 kB/s)
Downloading from central: https://repo.maven.apache.org/maven2/org/springframework/ai/spring-ai-template-st/1.1.2/spring-ai-template-st-1.1.2.pom
Progress (1): 856 BProgress (1): 2.9 kBProgress (1): 3.1 kB                    Downloaded from central: https://repo.maven.apache.org/maven2/org/springframework/ai/spring-ai-template-st/1.1.2/spring-ai-template-st-1.1.2.pom (3.1 kB at 98 kB/s)
Downloading from central: https://repo.maven.apache.org/maven2/org/antlr/ST4/4.3.4/ST4-4.3.4.pom
Progress (1): 936 BProgress (1): 2.7 kBProgress (1): 4.6 kB                    Downloaded from central: https://repo.maven.apache.org/maven2/org/antlr/ST4/4.3.4/ST4-4.3.4.pom (4.6 kB at 201 kB/s)
Downloading from central: https://repo.maven.apache.org/maven2/org/sonatype/oss/oss-parent/9/oss-parent-9.pom
Progress (1): 838 BProgress (1): 2.7 kBProgress (1): 6.5 kBProgress (1): 6.6 kB                    Downloaded from central: https://repo.maven.apache.org/maven2/org/sonatype/oss/oss-parent/9/oss-parent-9.pom (6.6 kB at 328 kB/s)
Downloading from central: https://repo.maven.apache.org/maven2/org/antlr/antlr-runtime/3.5.3/antlr-runtime-3.5.3.pom
Progress (1): 917 BProgress (1): 2.9 kB                    Downloaded from central: https://repo.maven.apache.org/maven2/org/antlr/antlr-runtime/3.5.3/antlr-runtime-3.5.3.pom (2.9 kB at 136 kB/s)
Downloading from central: https://repo.maven.apache.org/maven2/org/antlr/antlr-master/3.5.3/antlr-master-3.5.3.pom
Progress (1): 1.0 kBProgress (1): 2.5 kBProgress (1): 4.9 kBProgress (1): 7.9 kBProgress (1): 11 kB                    Downloaded from central: https://repo.maven.apache.org/maven2/org/antlr/antlr-master/3.5.3/antlr-master-3.5.3.pom (11 kB at 391 kB/s)
Downloading from central: https://repo.maven.apache.org/maven2/org/antlr/antlr4-runtime/4.13.1/antlr4-runtime-4.13.1.pom
Progress (1): 900 BProgress (1): 3.0 kBProgress (1): 3.6 kB                    Downloaded from central: https://repo.maven.apache.org/maven2/org/antlr/antlr4-runtime/4.13.1/antlr4-runtime-4.13.1.pom (3.6 kB at 161 kB/s)
Downloading from central: https://repo.maven.apache.org/maven2/org/antlr/antlr4-master/4.13.1/antlr4-master-4.13.1.pom
Progress (1): 964 BProgress (1): 2.9 kBProgress (1): 4.8 kB                    Downloaded from central: https://repo.maven.apache.org/maven2/org/antlr/antlr4-master/4.13.1/antlr4-master-4.13.1.pom (4.8 kB at 229 kB/s)
Downloading from central: https://repo.maven.apache.org/maven2/org/springframework/spring-messaging/6.1.13/spring-messaging-6.1.13.pom
Progress (1): 1.1 kBProgress (1): 2.2 kB                    Downloaded from central: https://repo.maven.apache.org/maven2/org/springframework/spring-messaging/6.1.13/spring-messaging-6.1.13.pom (2.2 kB at 101 kB/s)
Downloading from central: https://repo.maven.apache.org/maven2/io/projectreactor/reactor-core/3.6.10/reactor-core-3.6.10.pom
Progress (1): 1.1 kBProgress (1): 2.1 kB                    Downloaded from central: https://repo.maven.apache.org/maven2/io/projectreactor/reactor-core/3.6.10/reactor-core-3.6.10.pom (2.1 kB at 107 kB/s)
Downloading from central: https://repo.maven.apache.org/maven2/org/reactivestreams/reactive-streams/1.0.4/reactive-streams-1.0.4.pom
Progress (1): 1.1 kB                    Downloaded from central: https://repo.maven.apache.org/maven2/org/reactivestreams/reactive-streams/1.0.4/reactive-streams-1.0.4.pom (1.1 kB at 52 kB/s)
Downloading from central: https://repo.maven.apache.org/maven2/com/github/victools/jsonschema-generator/4.38.0/jsonschema-generator-4.38.0.pom
Progress (1): 1.5 kBProgress (1): 2.1 kB                    Downloaded from central: https://repo.maven.apache.org/maven2/com/github/victools/jsonschema-generator/4.38.0/jsonschema-generator-4.38.0.pom (2.1 kB at 91 kB/s)
Downloading from central: https://repo.maven.apache.org/maven2/com/github/victools/jsonschema-generator-parent/4.38.0/jsonschema-generator-parent-4.38.0.pom
Progress (1): 1.1 kBProgress (1): 3.2 kBProgress (1): 5.9 kBProgress (1): 8.2 kBProgress (1): 12 kB Progress (1): 17 kBProgress (1): 18 kB                   Downloaded from central: https://repo.maven.apache.org/maven2/com/github/victools/jsonschema-generator-parent/4.38.0/jsonschema-generator-parent-4.38.0.pom (18 kB at 721 kB/s)
Downloading from central: https://repo.maven.apache.org/maven2/com/github/victools/jsonschema-generator-bom/4.38.0/jsonschema-generator-bom-4.38.0.pom
Progress (1): 1.1 kBProgress (1): 4.5 kBProgress (1): 4.7 kB                    Downloaded from central: https://repo.maven.apache.org/maven2/com/github/victools/jsonschema-generator-bom/4.38.0/jsonschema-generator-bom-4.38.0.pom (4.7 kB at 215 kB/s)
Downloading from central: https://repo.maven.apache.org/maven2/com/fasterxml/classmate/1.7.0/classmate-1.7.0.pom
Progress (1): 1.2 kBProgress (1): 2.9 kBProgress (1): 4.9 kBProgress (1): 7.0 kB                    Downloaded from central: https://repo.maven.apache.org/maven2/com/fasterxml/classmate/1.7.0/classmate-1.7.0.pom (7.0 kB at 320 kB/s)
Downloading from central: https://repo.maven.apache.org/maven2/com/github/victools/jsonschema-module-jackson/4.38.0/jsonschema-module-jackson-4.38.0.pom
Progress (1): 1.6 kBProgress (1): 2.2 kB                    Downloaded from central: https://repo.maven.apache.org/maven2/com/github/victools/jsonschema-module-jackson/4.38.0/jsonschema-module-jackson-4.38.0.pom (2.2 kB at 97 kB/s)
Downloading from central: https://repo.maven.apache.org/maven2/com/fasterxml/jackson/datatype/jackson-datatype-jsr310/2.17.2/jackson-datatype-jsr310-2.17.2.pom
Progress (1): 983 BProgress (1): 2.4 kBProgress (1): 4.6 kBProgress (1): 4.9 kB                    Downloaded from central: https://repo.maven.apache.org/maven2/com/fasterxml/jackson/datatype/jackson-datatype-jsr310/2.17.2/jackson-datatype-jsr310-2.17.2.pom (4.9 kB at 204 kB/s)
Downloading from central: https://repo.maven.apache.org/maven2/com/fasterxml/jackson/module/jackson-modules-java8/2.17.2/jackson-modules-java8-2.17.2.pom
Progress (1): 1.4 kBProgress (1): 3.1 kB                    Downloaded from central: https://repo.maven.apache.org/maven2/com/fasterxml/jackson/module/jackson-modules-java8/2.17.2/jackson-modules-java8-2.17.2.pom (3.1 kB at 135 kB/s)
Downloading from central: https://repo.maven.apache.org/maven2/com/github/victools/jsonschema-module-swagger-2/4.38.0/jsonschema-module-swagger-2-4.38.0.pom
Progress (1): 1.5 kBProgress (1): 1.9 kB                    Downloaded from central: https://repo.maven.apache.org/maven2/com/github/victools/jsonschema-module-swagger-2/4.38.0/jsonschema-module-swagger-2-4.38.0.pom (1.9 kB at 92 kB/s)
Downloading from central: https://repo.maven.apache.org/maven2/io/swagger/core/v3/swagger-annotations-jakarta/2.2.38/swagger-annotations-jakarta-2.2.38.pom
Progress (1): 1.9 kBProgress (1): 3.3 kB                    Downloaded from central: https://repo.maven.apache.org/maven2/io/swagger/core/v3/swagger-annotations-jakarta/2.2.38/swagger-annotations-jakarta-2.2.38.pom (3.3 kB at 94 kB/s)
Downloading from central: https://repo.maven.apache.org/maven2/io/swagger/core/v3/swagger-project-jakarta/2.2.38/swagger-project-jakarta-2.2.38.pom
Progress (1): 1.3 kBProgress (1): 3.3 kBProgress (1): 6.3 kBProgress (1): 12 kB Progress (1): 17 kBProgress (1): 21 kBProgress (1): 22 kB                   Downloaded from central: https://repo.maven.apache.org/maven2/io/swagger/core/v3/swagger-project-jakarta/2.2.38/swagger-project-jakarta-2.2.38.pom (22 kB at 629 kB/s)
Downloading from central: https://repo.maven.apache.org/maven2/com/microsoft/onnxruntime/onnxruntime/1.20.0/onnxruntime-1.20.0.pom
Progress (1): 960 BProgress (1): 1.7 kB                    Downloaded from central: https://repo.maven.apache.org/maven2/com/microsoft/onnxruntime/onnxruntime/1.20.0/onnxruntime-1.20.0.pom (1.7 kB at 62 kB/s)
Downloading from central: https://repo.maven.apache.org/maven2/ai/djl/pytorch/pytorch-engine/0.32.0/pytorch-engine-0.32.0.pom
Progress (1): 1.2 kBProgress (1): 1.4 kB                    Downloaded from central: https://repo.maven.apache.org/maven2/ai/djl/pytorch/pytorch-engine/0.32.0/pytorch-engine-0.32.0.pom (1.4 kB at 58 kB/s)
Downloading from central: https://repo.maven.apache.org/maven2/ai/djl/api/0.32.0/api-0.32.0.pom
Progress (1): 1.2 kBProgress (1): 2.1 kB                    Downloaded from central: https://repo.maven.apache.org/maven2/ai/djl/api/0.32.0/api-0.32.0.pom (2.1 kB at 80 kB/s)
Downloading from central: https://repo.maven.apache.org/maven2/com/google/code/gson/gson/2.10.1/gson-2.10.1.pom
Progress (1): 1.1 kBProgress (1): 3.4 kBProgress (1): 6.7 kBProgress (1): 8.7 kBProgress (1): 9.4 kB                    Downloaded from central: https://repo.maven.apache.org/maven2/com/google/code/gson/gson/2.10.1/gson-2.10.1.pom (9.4 kB at 426 kB/s)
Downloading from central: https://repo.maven.apache.org/maven2/com/google/code/gson/gson-parent/2.10.1/gson-parent-2.10.1.pom
Progress (1): 1.1 kBProgress (1): 2.7 kBProgress (1): 4.3 kBProgress (1): 6.5 kBProgress (1): 8.5 kBProgress (1): 11 kB Progress (1): 13 kB                   Downloaded from central: https://repo.maven.apache.org/maven2/com/google/code/gson/gson-parent/2.10.1/gson-parent-2.10.1.pom (13 kB at 569 kB/s)
Downloading from central: https://repo.maven.apache.org/maven2/net/java/dev/jna/jna/5.14.0/jna-5.14.0.pom
Progress (1): 1.4 kBProgress (1): 2.0 kB                    Downloaded from central: https://repo.maven.apache.org/maven2/net/java/dev/jna/jna/5.14.0/jna-5.14.0.pom (2.0 kB at 85 kB/s)
Downloading from central: https://repo.maven.apache.org/maven2/org/apache/commons/commons-compress/1.27.1/commons-compress-1.27.1.pom
Progress (1): 749 BProgress (1): 1.9 kBProgress (1): 3.8 kBProgress (1): 5.3 kBProgress (1): 9.2 kBProgress (1): 12 kB Progress (1): 15 kBProgress (1): 18 kBProgress (1): 21 kBProgress (1): 23 kB                   Downloaded from central: https://repo.maven.apache.org/maven2/org/apache/commons/commons-compress/1.27.1/commons-compress-1.27.1.pom (23 kB at 1.2 MB/s)
Downloading from central: https://repo.maven.apache.org/maven2/org/apache/commons/commons-parent/72/commons-parent-72.pom
Progress (1): 705 BProgress (1): 1.9 kBProgress (1): 3.2 kBProgress (1): 4.7 kBProgress (1): 6.8 kBProgress (1): 8.4 kBProgress (1): 11 kB Progress (1): 13 kBProgress (1): 15 kBProgress (1): 17 kBProgress (1): 20 kBProgress (1): 22 kBProgress (1): 25 kBProgress (1): 28 kBProgress (1): 32 kBProgress (1): 32 kBProgress (1): 36 kBProgress (1): 40 kBProgress (1): 44 kBProgress (1): 46 kBProgress (1): 49 kBProgress (1): 51 kBProgress (1): 55 kBProgress (1): 57 kBProgress (1): 60 kBProgress (1): 63 kBProgress (1): 68 kBProgress (1): 70 kBProgress (1): 73 kBProgress (1): 75 kBProgress (1): 78 kB                   Downloaded from central: https://repo.maven.apache.org/maven2/org/apache/commons/commons-parent/72/commons-parent-72.pom (78 kB at 3.1 MB/s)
Downloading from central: https://repo.maven.apache.org/maven2/org/junit/junit-bom/5.11.0-M2/junit-bom-5.11.0-M2.pom
Progress (1): 908 BProgress (1): 4.1 kBProgress (1): 5.7 kB                    Downloaded from central: https://repo.maven.apache.org/maven2/org/junit/junit-bom/5.11.0-M2/junit-bom-5.11.0-M2.pom (5.7 kB at 300 kB/s)
Downloading from central: https://repo.maven.apache.org/maven2/ai/djl/model-zoo/0.32.0/model-zoo-0.32.0.pom
Progress (1): 1.3 kBProgress (1): 1.4 kB                    Downloaded from central: https://repo.maven.apache.org/maven2/ai/djl/model-zoo/0.32.0/model-zoo-0.32.0.pom (1.4 kB at 53 kB/s)
Downloading from central: https://repo.maven.apache.org/maven2/ai/djl/huggingface/tokenizers/0.32.0/tokenizers-0.32.0.pom
Progress (1): 1.2 kBProgress (1): 1.5 kB                    Downloaded from central: https://repo.maven.apache.org/maven2/ai/djl/huggingface/tokenizers/0.32.0/tokenizers-0.32.0.pom (1.5 kB at 63 kB/s)
Downloading from central: https://repo.maven.apache.org/maven2/org/springframework/ai/spring-ai-starter-model-transformers/1.1.2/spring-ai-starter-model-transformers-1.1.2.pom
Progress (1): 857 BProgress (1): 2.7 kBProgress (1): 3.1 kB                    Downloaded from central: https://repo.maven.apache.org/maven2/org/springframework/ai/spring-ai-starter-model-transformers/1.1.2/spring-ai-starter-model-transformers-1.1.2.pom (3.1 kB at 146 kB/s)
Downloading from central: https://repo.maven.apache.org/maven2/org/springframework/ai/spring-ai-autoconfigure-model-transformers/1.1.2/spring-ai-autoconfigure-model-transformers-1.1.2.pom
Progress (1): 1.2 kBProgress (1): 3.0 kB                    Downloaded from central: https://repo.maven.apache.org/maven2/org/springframework/ai/spring-ai-autoconfigure-model-transformers/1.1.2/spring-ai-autoconfigure-model-transformers-1.1.2.pom (3.0 kB at 136 kB/s)
Downloading from central: https://repo.maven.apache.org/maven2/org/springframework/ai/spring-ai-autoconfigure-model-embedding-observation/1.1.2/spring-ai-autoconfigure-model-embedding-observation-1.1.2.pom
Progress (1): 1.2 kBProgress (1): 2.7 kB                    Downloaded from central: https://repo.maven.apache.org/maven2/org/springframework/ai/spring-ai-autoconfigure-model-embedding-observation/1.1.2/spring-ai-autoconfigure-model-embedding-observation-1.1.2.pom (2.7 kB at 130 kB/s)
Downloading from central: https://repo.maven.apache.org/maven2/org/springframework/ai/spring-ai-ollama/1.1.2/spring-ai-ollama-1.1.2.pom
Progress (1): 857 BProgress (1): 3.0 kBProgress (1): 3.5 kB                    Downloaded from central: https://repo.maven.apache.org/maven2/org/springframework/ai/spring-ai-ollama/1.1.2/spring-ai-ollama-1.1.2.pom (3.5 kB at 154 kB/s)
Downloading from central: https://repo.maven.apache.org/maven2/org/springframework/ai/spring-ai-retry/1.1.2/spring-ai-retry-1.1.2.pom
Progress (1): 856 BProgress (1): 2.9 kBProgress (1): 3.0 kB                    Downloaded from central: https://repo.maven.apache.org/maven2/org/springframework/ai/spring-ai-retry/1.1.2/spring-ai-retry-1.1.2.pom (3.0 kB at 141 kB/s)
Downloading from central: https://repo.maven.apache.org/maven2/org/springframework/retry/spring-retry/2.0.9/spring-retry-2.0.9.pom
Progress (1): 822 BProgress (1): 2.8 kBProgress (1): 6.6 kBProgress (1): 8.8 kB                    Downloaded from central: https://repo.maven.apache.org/maven2/org/springframework/retry/spring-retry/2.0.9/spring-retry-2.0.9.pom (8.8 kB at 382 kB/s)
Downloading from central: https://repo.maven.apache.org/maven2/org/springframework/spring-framework-bom/6.0.23/spring-framework-bom-6.0.23.pom
Progress (1): 978 BProgress (1): 5.8 kB                    Downloaded from central: https://repo.maven.apache.org/maven2/org/springframework/spring-framework-bom/6.0.23/spring-framework-bom-6.0.23.pom (5.8 kB at 265 kB/s)
Downloading from central: https://repo.maven.apache.org/maven2/org/apache/logging/log4j/log4j-bom/2.24.0/log4j-bom-2.24.0.pom
Progress (1): 792 BProgress (1): 2.3 kBProgress (1): 5.7 kBProgress (1): 12 kB Progress (1): 12 kB                   Downloaded from central: https://repo.maven.apache.org/maven2/org/apache/logging/log4j/log4j-bom/2.24.0/log4j-bom-2.24.0.pom (12 kB at 645 kB/s)
Downloading from central: https://repo.maven.apache.org/maven2/org/apache/logging/logging-parent/11.2.0/logging-parent-11.2.0.pom
Progress (1): 730 BProgress (1): 2.1 kBProgress (1): 4.7 kBProgress (1): 6.7 kBProgress (1): 9.5 kBProgress (1): 14 kB Progress (1): 17 kBProgress (1): 21 kBProgress (1): 27 kBProgress (1): 29 kBProgress (1): 30 kBProgress (1): 32 kBProgress (1): 36 kBProgress (1): 38 kBProgress (1): 40 kBProgress (1): 40 kBProgress (1): 43 kBProgress (1): 48 kBProgress (1): 53 kBProgress (1): 53 kB                   Downloaded from central: https://repo.maven.apache.org/maven2/org/apache/logging/logging-parent/11.2.0/logging-parent-11.2.0.pom (53 kB at 2.0 MB/s)
Downloading from central: https://repo.maven.apache.org/maven2/org/junit/junit-bom/5.11.0/junit-bom-5.11.0.pom
Progress (1): 912 BProgress (1): 4.1 kBProgress (1): 5.6 kB                    Downloaded from central: https://repo.maven.apache.org/maven2/org/junit/junit-bom/5.11.0/junit-bom-5.11.0.pom (5.6 kB at 269 kB/s)
Downloading from central: https://repo.maven.apache.org/maven2/org/springframework/spring-webflux/6.1.13/spring-webflux-6.1.13.pom
Progress (1): 1.0 kBProgress (1): 2.6 kB                    Downloaded from central: https://repo.maven.apache.org/maven2/org/springframework/spring-webflux/6.1.13/spring-webflux-6.1.13.pom (2.6 kB at 123 kB/s)
Downloading from central: https://repo.maven.apache.org/maven2/org/apache/tomcat/embed/tomcat-embed-core/10.1.30/tomcat-embed-core-10.1.30.pom
Progress (1): 843 BProgress (1): 1.7 kB                    Downloaded from central: https://repo.maven.apache.org/maven2/org/apache/tomcat/embed/tomcat-embed-core/10.1.30/tomcat-embed-core-10.1.30.pom (1.7 kB at 76 kB/s)
Downloading from central: https://repo.maven.apache.org/maven2/org/apache/tomcat/tomcat-annotations-api/10.1.30/tomcat-annotations-api-10.1.30.pom
Progress (1): 843 BProgress (1): 1.5 kB                    Downloaded from central: https://repo.maven.apache.org/maven2/org/apache/tomcat/tomcat-annotations-api/10.1.30/tomcat-annotations-api-10.1.30.pom (1.5 kB at 68 kB/s)
Downloading from central: https://repo.maven.apache.org/maven2/org/yaml/snakeyaml/2.0/snakeyaml-2.0.pom
Progress (1): 1.1 kBProgress (1): 2.9 kBProgress (1): 6.6 kBProgress (1): 11 kB Progress (1): 15 kBProgress (1): 20 kBProgress (1): 21 kB                   Downloaded from central: https://repo.maven.apache.org/maven2/org/yaml/snakeyaml/2.0/snakeyaml-2.0.pom (21 kB at 991 kB/s)
Downloading from central: https://repo.maven.apache.org/maven2/ch/qos/logback/logback-classic/1.4.12/logback-classic-1.4.12.pom
Progress (1): 1.7 kBProgress (1): 4.8 kBProgress (1): 8.2 kBProgress (1): 11 kB Progress (1): 13 kBProgress (1): 13 kB                   Downloaded from central: https://repo.maven.apache.org/maven2/ch/qos/logback/logback-classic/1.4.12/logback-classic-1.4.12.pom (13 kB at 623 kB/s)
Downloading from central: https://repo.maven.apache.org/maven2/ch/qos/logback/logback-parent/1.4.12/logback-parent-1.4.12.pom
Progress (1): 1.1 kBProgress (1): 2.7 kBProgress (1): 5.0 kBProgress (1): 9.9 kBProgress (1): 14 kB Progress (1): 17 kBProgress (1): 20 kB                   Downloaded from central: https://repo.maven.apache.org/maven2/ch/qos/logback/logback-parent/1.4.12/logback-parent-1.4.12.pom (20 kB at 896 kB/s)
Downloading from central: https://repo.maven.apache.org/maven2/org/springframework/boot/spring-boot-starter-validation/3.3.4/spring-boot-starter-validation-3.3.4.pom
Progress (1): 993 BProgress (1): 2.5 kB                    Downloaded from central: https://repo.maven.apache.org/maven2/org/springframework/boot/spring-boot-starter-validation/3.3.4/spring-boot-starter-validation-3.3.4.pom (2.5 kB at 114 kB/s)
Downloading from central: https://repo.maven.apache.org/maven2/org/apache/tomcat/embed/tomcat-embed-el/10.1.30/tomcat-embed-el-10.1.30.pom
Progress (1): 843 BProgress (1): 1.5 kB                    Downloaded from central: https://repo.maven.apache.org/maven2/org/apache/tomcat/embed/tomcat-embed-el/10.1.30/tomcat-embed-el-10.1.30.pom (1.5 kB at 68 kB/s)
Downloading from central: https://repo.maven.apache.org/maven2/org/hibernate/validator/hibernate-validator/8.0.1.Final/hibernate-validator-8.0.1.Final.pom
Progress (1): 973 BProgress (1): 3.1 kBProgress (1): 6.2 kBProgress (1): 9.0 kBProgress (1): 13 kB Progress (1): 15 kB                   Downloaded from central: https://repo.maven.apache.org/maven2/org/hibernate/validator/hibernate-validator/8.0.1.Final/hibernate-validator-8.0.1.Final.pom (15 kB at 581 kB/s)
Downloading from central: https://repo.maven.apache.org/maven2/org/hibernate/validator/hibernate-validator-parent/8.0.1.Final/hibernate-validator-parent-8.0.1.Final.pom
Progress (1): 885 BProgress (1): 3.5 kBProgress (1): 5.4 kBProgress (1): 7.5 kBProgress (1): 9.6 kBProgress (1): 12 kB Progress (1): 14 kBProgress (1): 16 kBProgress (1): 18 kBProgress (1): 24 kBProgress (1): 31 kBProgress (1): 35 kBProgress (1): 38 kBProgress (1): 41 kBProgress (1): 47 kBProgress (1): 48 kBProgress (1): 52 kBProgress (1): 56 kBProgress (1): 61 kBProgress (1): 67 kBProgress (1): 70 kBProgress (1): 73 kBProgress (1): 78 kBProgress (1): 81 kB                   Downloaded from central: https://repo.maven.apache.org/maven2/org/hibernate/validator/hibernate-validator-parent/8.0.1.Final/hibernate-validator-parent-8.0.1.Final.pom (81 kB at 3.4 MB/s)
Downloading from central: https://repo.maven.apache.org/maven2/org/jboss/arquillian/arquillian-bom/1.7.0.Alpha10/arquillian-bom-1.7.0.Alpha10.pom
Progress (1): 1.0 kBProgress (1): 6.7 kBProgress (1): 10 kB                    Downloaded from central: https://repo.maven.apache.org/maven2/org/jboss/arquillian/arquillian-bom/1.7.0.Alpha10/arquillian-bom-1.7.0.Alpha10.pom (10 kB at 473 kB/s)
Downloading from central: https://repo.maven.apache.org/maven2/org/jboss/shrinkwrap/shrinkwrap-bom/1.2.6/shrinkwrap-bom-1.2.6.pom
Progress (1): 986 BProgress (1): 4.0 kB                    Downloaded from central: https://repo.maven.apache.org/maven2/org/jboss/shrinkwrap/shrinkwrap-bom/1.2.6/shrinkwrap-bom-1.2.6.pom (4.0 kB at 181 kB/s)
Downloading from central: https://repo.maven.apache.org/maven2/org/jboss/shrinkwrap/resolver/shrinkwrap-resolver-bom/3.1.4/shrinkwrap-resolver-bom-3.1.4.pom
Progress (1): 1.0 kBProgress (1): 5.3 kBProgress (1): 7.0 kB                    Downloaded from central: https://repo.maven.apache.org/maven2/org/jboss/shrinkwrap/resolver/shrinkwrap-resolver-bom/3.1.4/shrinkwrap-resolver-bom-3.1.4.pom (7.0 kB at 291 kB/s)
Downloading from central: https://repo.maven.apache.org/maven2/org/apache/maven/maven/3.6.3/maven-3.6.3.pom
Progress (1): 710 BProgress (1): 1.9 kBProgress (1): 3.5 kBProgress (1): 5.5 kBProgress (1): 11 kB Progress (1): 16 kBProgress (1): 20 kBProgress (1): 23 kBProgress (1): 26 kBProgress (1): 26 kB                   Downloaded from central: https://repo.maven.apache.org/maven2/org/apache/maven/maven/3.6.3/maven-3.6.3.pom (26 kB at 1.1 MB/s)
Downloading from central: https://repo.maven.apache.org/maven2/org/apache/maven/maven-parent/33/maven-parent-33.pom
Progress (1): 717 BProgress (1): 1.9 kBProgress (1): 5.4 kBProgress (1): 9.9 kBProgress (1): 14 kB Progress (1): 19 kBProgress (1): 23 kBProgress (1): 26 kBProgress (1): 27 kBProgress (1): 30 kBProgress (1): 34 kBProgress (1): 36 kBProgress (1): 39 kBProgress (1): 44 kB                   Downloaded from central: https://repo.maven.apache.org/maven2/org/apache/maven/maven-parent/33/maven-parent-33.pom (44 kB at 1.9 MB/s)
Downloading from central: https://repo.maven.apache.org/maven2/org/jboss/shrinkwrap/descriptors/shrinkwrap-descriptors-bom/2.0.0/shrinkwrap-descriptors-bom-2.0.0.pom
Progress (1): 1.1 kBProgress (1): 5.2 kBProgress (1): 5.2 kB                    Downloaded from central: https://repo.maven.apache.org/maven2/org/jboss/shrinkwrap/descriptors/shrinkwrap-descriptors-bom/2.0.0/shrinkwrap-descriptors-bom-2.0.0.pom (5.2 kB at 261 kB/s)
Downloading from central: https://repo.maven.apache.org/maven2/jakarta/validation/jakarta.validation-api/3.0.2/jakarta.validation-api-3.0.2.pom
Progress (1): 1.0 kBProgress (1): 3.7 kBProgress (1): 6.2 kBProgress (1): 9.4 kBProgress (1): 11 kB                    Downloaded from central: https://repo.maven.apache.org/maven2/jakarta/validation/jakarta.validation-api/3.0.2/jakarta.validation-api-3.0.2.pom (11 kB at 314 kB/s)
Downloading from central: https://repo.maven.apache.org/maven2/org/eclipse/ee4j/project/1.0.6/project-1.0.6.pom
Progress (1): 839 BProgress (1): 2.5 kBProgress (1): 5.0 kBProgress (1): 7.7 kBProgress (1): 13 kB Progress (1): 13 kB                   Downloaded from central: https://repo.maven.apache.org/maven2/org/eclipse/ee4j/project/1.0.6/project-1.0.6.pom (13 kB at 555 kB/s)
Downloading from central: https://repo.maven.apache.org/maven2/org/jboss/logging/jboss-logging/3.5.3.Final/jboss-logging-3.5.3.Final.pom
Progress (1): 755 BProgress (1): 2.4 kBProgress (1): 5.5 kBProgress (1): 9.3 kBProgress (1): 17 kB Progress (1): 19 kB                   Downloaded from central: https://repo.maven.apache.org/maven2/org/jboss/logging/jboss-logging/3.5.3.Final/jboss-logging-3.5.3.Final.pom (19 kB at 743 kB/s)
Downloading from central: https://repo.maven.apache.org/maven2/org/jboss/logging/logging-parent/1.0.1.Final/logging-parent-1.0.1.Final.pom
Progress (1): 1.2 kBProgress (1): 3.8 kBProgress (1): 6.0 kB                    Downloaded from central: https://repo.maven.apache.org/maven2/org/jboss/logging/logging-parent/1.0.1.Final/logging-parent-1.0.1.Final.pom (6.0 kB at 271 kB/s)
Downloading from central: https://repo.maven.apache.org/maven2/org/jboss/jboss-parent/39/jboss-parent-39.pom
Progress (1): 701 BProgress (1): 2.1 kBProgress (1): 4.5 kBProgress (1): 6.8 kBProgress (1): 8.9 kBProgress (1): 13 kB Progress (1): 22 kBProgress (1): 28 kBProgress (1): 31 kBProgress (1): 34 kBProgress (1): 37 kBProgress (1): 41 kBProgress (1): 55 kBProgress (1): 68 kB                   Downloaded from central: https://repo.maven.apache.org/maven2/org/jboss/jboss-parent/39/jboss-parent-39.pom (68 kB at 2.6 MB/s)
Downloading from central: https://repo.maven.apache.org/maven2/org/springframework/security/spring-security-web/6.3.0/spring-security-web-6.3.0.pom
Progress (1): 1.0 kBProgress (1): 3.2 kB                    Downloaded from central: https://repo.maven.apache.org/maven2/org/springframework/security/spring-security-web/6.3.0/spring-security-web-6.3.0.pom (3.2 kB at 160 kB/s)
Downloading from central: https://repo.maven.apache.org/maven2/org/apache/tomcat/embed/tomcat-embed-websocket/11.0.0-M26/tomcat-embed-websocket-11.0.0-M26.pom
Progress (1): 848 BProgress (1): 1.8 kB                    Downloaded from central: https://repo.maven.apache.org/maven2/org/apache/tomcat/embed/tomcat-embed-websocket/11.0.0-M26/tomcat-embed-websocket-11.0.0-M26.pom (1.8 kB at 33 kB/s)
Downloading from central: https://repo.maven.apache.org/maven2/org/springframework/security/spring-security-core/6.3.0/spring-security-core-6.3.0.pom
Progress (1): 1.0 kBProgress (1): 3.2 kB                    Downloaded from central: https://repo.maven.apache.org/maven2/org/springframework/security/spring-security-core/6.3.0/spring-security-core-6.3.0.pom (3.2 kB at 146 kB/s)
Downloading from central: https://repo.maven.apache.org/maven2/org/springframework/security/kerberos/spring-security-kerberos-core/1.0.1.RELEASE/spring-security-kerberos-core-1.0.1.RELEASE.pom
Progress (1): 1.2 kBProgress (1): 2.1 kB                    Downloaded from central: https://repo.maven.apache.org/maven2/org/springframework/security/kerberos/spring-security-kerberos-core/1.0.1.RELEASE/spring-security-kerberos-core-1.0.1.RELEASE.pom (2.1 kB at 90 kB/s)
Downloading from central: https://repo.maven.apache.org/maven2/org/springframework/security/kerberos/spring-security-kerberos-web/1.0.1.RELEASE/spring-security-kerberos-web-1.0.1.RELEASE.pom
Progress (1): 1.2 kBProgress (1): 2.7 kB                    Downloaded from central: https://repo.maven.apache.org/maven2/org/springframework/security/kerberos/spring-security-kerberos-web/1.0.1.RELEASE/spring-security-kerberos-web-1.0.1.RELEASE.pom (2.7 kB at 123 kB/s)
Downloading from central: https://repo.maven.apache.org/maven2/org/springframework/security/kerberos/spring-security-kerberos-client/2.1.1/spring-security-kerberos-client-2.1.1.pom
Progress (1): 980 BProgress (1): 3.1 kB                    Downloaded from central: https://repo.maven.apache.org/maven2/org/springframework/security/kerberos/spring-security-kerberos-client/2.1.1/spring-security-kerberos-client-2.1.1.pom (3.1 kB at 140 kB/s)
Downloading from central: https://repo.maven.apache.org/maven2/org/springframework/security/kerberos/spring-security-kerberos-core/2.1.1/spring-security-kerberos-core-2.1.1.pom
Progress (1): 986 BProgress (1): 2.5 kB                    Downloaded from central: https://repo.maven.apache.org/maven2/org/springframework/security/kerberos/spring-security-kerberos-core/2.1.1/spring-security-kerberos-core-2.1.1.pom (2.5 kB at 130 kB/s)
Downloading from central: https://repo.maven.apache.org/maven2/org/springframework/security/kerberos/spring-security-kerberos-web/2.1.1/spring-security-kerberos-web-2.1.1.pom
Progress (1): 984 BProgress (1): 2.9 kB                    Downloaded from central: https://repo.maven.apache.org/maven2/org/springframework/security/kerberos/spring-security-kerberos-web/2.1.1/spring-security-kerberos-web-2.1.1.pom (2.9 kB at 144 kB/s)
Downloading from central: https://repo.maven.apache.org/maven2/jakarta/servlet/jakarta.servlet-api/6.0.0/jakarta.servlet-api-6.0.0.pom
Progress (1): 825 BProgress (1): 2.8 kBProgress (1): 5.3 kBProgress (1): 7.8 kBProgress (1): 11 kB Progress (1): 15 kBProgress (1): 19 kB                   Downloaded from central: https://repo.maven.apache.org/maven2/jakarta/servlet/jakarta.servlet-api/6.0.0/jakarta.servlet-api-6.0.0.pom (19 kB at 860 kB/s)
Downloading from central: https://repo.maven.apache.org/maven2/org/springframework/boot/spring-boot-starter-web/3.3.4/spring-boot-starter-web-3.3.4.pom
Progress (1): 927 BProgress (1): 2.9 kB                    Downloaded from central: https://repo.maven.apache.org/maven2/org/springframework/boot/spring-boot-starter-web/3.3.4/spring-boot-starter-web-3.3.4.pom (2.9 kB at 140 kB/s)
Downloading from central: https://repo.maven.apache.org/maven2/org/springframework/boot/spring-boot-starter-json/3.3.4/spring-boot-starter-json-3.3.4.pom
Progress (1): 975 BProgress (1): 3.1 kB                    Downloaded from central: https://repo.maven.apache.org/maven2/org/springframework/boot/spring-boot-starter-json/3.3.4/spring-boot-starter-json-3.3.4.pom (3.1 kB at 134 kB/s)
Downloading from central: https://repo.maven.apache.org/maven2/com/fasterxml/jackson/datatype/jackson-datatype-jdk8/2.17.2/jackson-datatype-jdk8-2.17.2.pom
Progress (1): 1.0 kBProgress (1): 2.6 kB                    Downloaded from central: https://repo.maven.apache.org/maven2/com/fasterxml/jackson/datatype/jackson-datatype-jdk8/2.17.2/jackson-datatype-jdk8-2.17.2.pom (2.6 kB at 118 kB/s)
Downloading from central: https://repo.maven.apache.org/maven2/com/fasterxml/jackson/module/jackson-module-parameter-names/2.17.2/jackson-module-parameter-names-2.17.2.pom
Progress (1): 973 BProgress (1): 2.8 kBProgress (1): 4.2 kB                    Downloaded from central: https://repo.maven.apache.org/maven2/com/fasterxml/jackson/module/jackson-module-parameter-names/2.17.2/jackson-module-parameter-names-2.17.2.pom (4.2 kB at 212 kB/s)
Downloading from central: https://repo.maven.apache.org/maven2/org/springframework/boot/spring-boot-starter-tomcat/3.3.4/spring-boot-starter-tomcat-3.3.4.pom
Progress (1): 974 BProgress (1): 3.1 kB                    Downloaded from central: https://repo.maven.apache.org/maven2/org/springframework/boot/spring-boot-starter-tomcat/3.3.4/spring-boot-starter-tomcat-3.3.4.pom (3.1 kB at 142 kB/s)
Downloading from central: https://repo.maven.apache.org/maven2/org/apache/tomcat/embed/tomcat-embed-websocket/10.1.30/tomcat-embed-websocket-10.1.30.pom
Progress (1): 842 BProgress (1): 1.7 kB                    Downloaded from central: https://repo.maven.apache.org/maven2/org/apache/tomcat/embed/tomcat-embed-websocket/10.1.30/tomcat-embed-websocket-10.1.30.pom (1.7 kB at 79 kB/s)
Downloading from central: https://repo.maven.apache.org/maven2/org/springframework/spring-webmvc/6.1.13/spring-webmvc-6.1.13.pom
Progress (1): 1.0 kBProgress (1): 3.0 kB                    Downloaded from central: https://repo.maven.apache.org/maven2/org/springframework/spring-webmvc/6.1.13/spring-webmvc-6.1.13.pom (3.0 kB at 129 kB/s)
Downloading from central: https://repo.maven.apache.org/maven2/org/springframework/boot/spring-boot-starter-test/3.3.4/spring-boot-starter-test-3.3.4.pom
Progress (1): 916 BProgress (1): 4.2 kBProgress (1): 5.1 kB                    Downloaded from central: https://repo.maven.apache.org/maven2/org/springframework/boot/spring-boot-starter-test/3.3.4/spring-boot-starter-test-3.3.4.pom (5.1 kB at 230 kB/s)
Downloading from central: https://repo.maven.apache.org/maven2/org/springframework/boot/spring-boot-test/3.3.4/spring-boot-test-3.3.4.pom
Progress (1): 1.0 kBProgress (1): 2.2 kB                    Downloaded from central: https://repo.maven.apache.org/maven2/org/springframework/boot/spring-boot-test/3.3.4/spring-boot-test-3.3.4.pom (2.2 kB at 105 kB/s)
Downloading from central: https://repo.maven.apache.org/maven2/org/springframework/spring-test/6.1.13/spring-test-6.1.13.pom
Progress (1): 1.1 kBProgress (1): 2.1 kB                    Downloaded from central: https://repo.maven.apache.org/maven2/org/springframework/spring-test/6.1.13/spring-test-6.1.13.pom (2.1 kB at 98 kB/s)
Downloading from central: https://repo.maven.apache.org/maven2/org/springframework/boot/spring-boot-test-autoconfigure/3.3.4/spring-boot-test-autoconfigure-3.3.4.pom
Progress (1): 1.0 kBProgress (1): 2.5 kB                    Downloaded from central: https://repo.maven.apache.org/maven2/org/springframework/boot/spring-boot-test-autoconfigure/3.3.4/spring-boot-test-autoconfigure-3.3.4.pom (2.5 kB at 124 kB/s)
Downloading from central: https://repo.maven.apache.org/maven2/com/jayway/jsonpath/json-path/2.9.0/json-path-2.9.0.pom
Progress (1): 960 BProgress (1): 1.9 kB                    Downloaded from central: https://repo.maven.apache.org/maven2/com/jayway/jsonpath/json-path/2.9.0/json-path-2.9.0.pom (1.9 kB at 83 kB/s)
Downloading from central: https://repo.maven.apache.org/maven2/net/minidev/json-smart/2.5.1/json-smart-2.5.1.pom
Progress (1): 780 BProgress (1): 1.9 kBProgress (1): 3.6 kBProgress (1): 5.5 kBProgress (1): 8.2 kBProgress (1): 9.3 kB                    Downloaded from central: https://repo.maven.apache.org/maven2/net/minidev/json-smart/2.5.1/json-smart-2.5.1.pom (9.3 kB at 422 kB/s)
Downloading from central: https://repo.maven.apache.org/maven2/net/minidev/accessors-smart/2.5.1/accessors-smart-2.5.1.pom
Progress (1): 780 BProgress (1): 2.4 kBProgress (1): 4.3 kBProgress (1): 7.1 kBProgress (1): 11 kB Progress (1): 11 kB                   Downloaded from central: https://repo.maven.apache.org/maven2/net/minidev/accessors-smart/2.5.1/accessors-smart-2.5.1.pom (11 kB at 519 kB/s)
Downloading from central: https://repo.maven.apache.org/maven2/org/ow2/asm/asm/9.6/asm-9.6.pom
Progress (1): 1.3 kBProgress (1): 2.4 kB                    Downloaded from central: https://repo.maven.apache.org/maven2/org/ow2/asm/asm/9.6/asm-9.6.pom (2.4 kB at 108 kB/s)
Downloading from central: https://repo.maven.apache.org/maven2/org/ow2/ow2/1.5.1/ow2-1.5.1.pom
Progress (1): 709 BProgress (1): 2.1 kBProgress (1): 3.6 kBProgress (1): 5.7 kBProgress (1): 8.1 kBProgress (1): 11 kB                    Downloaded from central: https://repo.maven.apache.org/maven2/org/ow2/ow2/1.5.1/ow2-1.5.1.pom (11 kB at 538 kB/s)
Downloading from central: https://repo.maven.apache.org/maven2/jakarta/xml/bind/jakarta.xml.bind-api/4.0.2/jakarta.xml.bind-api-4.0.2.pom
Progress (1): 845 BProgress (1): 3.2 kBProgress (1): 6.0 kBProgress (1): 9.8 kBProgress (1): 13 kB Progress (1): 13 kB                   Downloaded from central: https://repo.maven.apache.org/maven2/jakarta/xml/bind/jakarta.xml.bind-api/4.0.2/jakarta.xml.bind-api-4.0.2.pom (13 kB at 530 kB/s)
Downloading from central: https://repo.maven.apache.org/maven2/jakarta/xml/bind/jakarta.xml.bind-api-parent/4.0.2/jakarta.xml.bind-api-parent-4.0.2.pom
Progress (1): 897 BProgress (1): 2.8 kBProgress (1): 6.5 kBProgress (1): 9.1 kB                    Downloaded from central: https://repo.maven.apache.org/maven2/jakarta/xml/bind/jakarta.xml.bind-api-parent/4.0.2/jakarta.xml.bind-api-parent-4.0.2.pom (9.1 kB at 398 kB/s)
Downloading from central: https://repo.maven.apache.org/maven2/org/assertj/assertj-core/3.25.3/assertj-core-3.25.3.pom
Progress (1): 1.1 kBProgress (1): 3.8 kB                    Downloaded from central: https://repo.maven.apache.org/maven2/org/assertj/assertj-core/3.25.3/assertj-core-3.25.3.pom (3.8 kB at 174 kB/s)
Downloading from central: https://repo.maven.apache.org/maven2/net/bytebuddy/byte-buddy/1.14.19/byte-buddy-1.14.19.pom
Progress (1): 973 BProgress (1): 3.7 kBProgress (1): 7.0 kBProgress (1): 14 kB Progress (1): 16 kB                   Downloaded from central: https://repo.maven.apache.org/maven2/net/bytebuddy/byte-buddy/1.14.19/byte-buddy-1.14.19.pom (16 kB at 723 kB/s)
Downloading from central: https://repo.maven.apache.org/maven2/net/bytebuddy/byte-buddy-parent/1.14.19/byte-buddy-parent-1.14.19.pom
Progress (1): 829 BProgress (1): 2.1 kBProgress (1): 3.6 kBProgress (1): 6.2 kBProgress (1): 8.1 kBProgress (1): 11 kB Progress (1): 13 kBProgress (1): 17 kBProgress (1): 22 kBProgress (1): 25 kBProgress (1): 35 kBProgress (1): 47 kBProgress (1): 52 kBProgress (1): 57 kBProgress (1): 62 kB                   Downloaded from central: https://repo.maven.apache.org/maven2/net/bytebuddy/byte-buddy-parent/1.14.19/byte-buddy-parent-1.14.19.pom (62 kB at 2.6 MB/s)
Downloading from central: https://repo.maven.apache.org/maven2/org/awaitility/awaitility/4.2.2/awaitility-4.2.2.pom
Progress (1): 821 BProgress (1): 3.0 kBProgress (1): 3.5 kB                    Downloaded from central: https://repo.maven.apache.org/maven2/org/awaitility/awaitility/4.2.2/awaitility-4.2.2.pom (3.5 kB at 169 kB/s)
Downloading from central: https://repo.maven.apache.org/maven2/org/awaitility/awaitility-parent/4.2.2/awaitility-parent-4.2.2.pom
Progress (1): 826 BProgress (1): 2.5 kBProgress (1): 5.3 kBProgress (1): 9.3 kBProgress (1): 11 kB                    Downloaded from central: https://repo.maven.apache.org/maven2/org/awaitility/awaitility-parent/4.2.2/awaitility-parent-4.2.2.pom (11 kB at 493 kB/s)
Downloading from central: https://repo.maven.apache.org/maven2/org/hamcrest/hamcrest/2.2/hamcrest-2.2.pom
Progress (1): 1.1 kB                    Downloaded from central: https://repo.maven.apache.org/maven2/org/hamcrest/hamcrest/2.2/hamcrest-2.2.pom (1.1 kB at 51 kB/s)
Downloading from central: https://repo.maven.apache.org/maven2/org/junit/jupiter/junit-jupiter/5.10.3/junit-jupiter-5.10.3.pom
Progress (1): 944 BProgress (1): 3.2 kB                    Downloaded from central: https://repo.maven.apache.org/maven2/org/junit/jupiter/junit-jupiter/5.10.3/junit-jupiter-5.10.3.pom (3.2 kB at 153 kB/s)
Downloading from central: https://repo.maven.apache.org/maven2/org/junit/jupiter/junit-jupiter-api/5.10.3/junit-jupiter-api-5.10.3.pom
Progress (1): 954 BProgress (1): 3.2 kB                    Downloaded from central: https://repo.maven.apache.org/maven2/org/junit/jupiter/junit-jupiter-api/5.10.3/junit-jupiter-api-5.10.3.pom (3.2 kB at 152 kB/s)
Downloading from central: https://repo.maven.apache.org/maven2/org/opentest4j/opentest4j/1.3.0/opentest4j-1.3.0.pom
Progress (1): 996 BProgress (1): 2.0 kB                    Downloaded from central: https://repo.maven.apache.org/maven2/org/opentest4j/opentest4j/1.3.0/opentest4j-1.3.0.pom (2.0 kB at 102 kB/s)
Downloading from central: https://repo.maven.apache.org/maven2/org/junit/platform/junit-platform-commons/1.10.3/junit-platform-commons-1.10.3.pom
Progress (1): 966 BProgress (1): 2.8 kB                    Downloaded from central: https://repo.maven.apache.org/maven2/org/junit/platform/junit-platform-commons/1.10.3/junit-platform-commons-1.10.3.pom (2.8 kB at 142 kB/s)
Downloading from central: https://repo.maven.apache.org/maven2/org/apiguardian/apiguardian-api/1.1.2/apiguardian-api-1.1.2.pom
Progress (1): 1.0 kBProgress (1): 1.5 kB                    Downloaded from central: https://repo.maven.apache.org/maven2/org/apiguardian/apiguardian-api/1.1.2/apiguardian-api-1.1.2.pom (1.5 kB at 69 kB/s)
Downloading from central: https://repo.maven.apache.org/maven2/org/junit/jupiter/junit-jupiter-params/5.10.3/junit-jupiter-params-5.10.3.pom
Progress (1): 964 BProgress (1): 3.0 kB                    Downloaded from central: https://repo.maven.apache.org/maven2/org/junit/jupiter/junit-jupiter-params/5.10.3/junit-jupiter-params-5.10.3.pom (3.0 kB at 150 kB/s)
Downloading from central: https://repo.maven.apache.org/maven2/org/junit/jupiter/junit-jupiter-engine/5.10.3/junit-jupiter-engine-5.10.3.pom
Progress (1): 962 BProgress (1): 3.2 kB                    Downloaded from central: https://repo.maven.apache.org/maven2/org/junit/jupiter/junit-jupiter-engine/5.10.3/junit-jupiter-engine-5.10.3.pom (3.2 kB at 139 kB/s)
Downloading from central: https://repo.maven.apache.org/maven2/org/junit/platform/junit-platform-engine/1.10.3/junit-platform-engine-1.10.3.pom
Progress (1): 957 BProgress (1): 3.2 kB                    Downloaded from central: https://repo.maven.apache.org/maven2/org/junit/platform/junit-platform-engine/1.10.3/junit-platform-engine-1.10.3.pom (3.2 kB at 146 kB/s)
Downloading from central: https://repo.maven.apache.org/maven2/org/mockito/mockito-core/5.11.0/mockito-core-5.11.0.pom
Progress (1): 1.6 kBProgress (1): 2.5 kB                    Downloaded from central: https://repo.maven.apache.org/maven2/org/mockito/mockito-core/5.11.0/mockito-core-5.11.0.pom (2.5 kB at 95 kB/s)
Downloading from central: https://repo.maven.apache.org/maven2/net/bytebuddy/byte-buddy-agent/1.14.19/byte-buddy-agent-1.14.19.pom
Progress (1): 1.2 kBProgress (1): 3.6 kBProgress (1): 6.2 kBProgress (1): 10 kB                    Downloaded from central: https://repo.maven.apache.org/maven2/net/bytebuddy/byte-buddy-agent/1.14.19/byte-buddy-agent-1.14.19.pom (10 kB at 436 kB/s)
Downloading from central: https://repo.maven.apache.org/maven2/org/objenesis/objenesis/3.3/objenesis-3.3.pom
Progress (1): 795 BProgress (1): 2.5 kBProgress (1): 3.0 kB                    Downloaded from central: https://repo.maven.apache.org/maven2/org/objenesis/objenesis/3.3/objenesis-3.3.pom (3.0 kB at 137 kB/s)
Downloading from central: https://repo.maven.apache.org/maven2/org/objenesis/objenesis-parent/3.3/objenesis-parent-3.3.pom
Progress (1): 741 BProgress (1): 2.3 kBProgress (1): 4.5 kBProgress (1): 6.6 kBProgress (1): 10 kB Progress (1): 13 kBProgress (1): 18 kBProgress (1): 19 kB                   Downloaded from central: https://repo.maven.apache.org/maven2/org/objenesis/objenesis-parent/3.3/objenesis-parent-3.3.pom (19 kB at 798 kB/s)
Downloading from central: https://repo.maven.apache.org/maven2/org/mockito/mockito-junit-jupiter/5.11.0/mockito-junit-jupiter-5.11.0.pom
Progress (1): 1.6 kBProgress (1): 2.3 kB                    Downloaded from central: https://repo.maven.apache.org/maven2/org/mockito/mockito-junit-jupiter/5.11.0/mockito-junit-jupiter-5.11.0.pom (2.3 kB at 109 kB/s)
Downloading from central: https://repo.maven.apache.org/maven2/org/skyscreamer/jsonassert/1.5.3/jsonassert-1.5.3.pom
Progress (1): 1.0 kBProgress (1): 3.5 kBProgress (1): 7.0 kB                    Downloaded from central: https://repo.maven.apache.org/maven2/org/skyscreamer/jsonassert/1.5.3/jsonassert-1.5.3.pom (7.0 kB at 304 kB/s)
Downloading from central: https://repo.maven.apache.org/maven2/com/vaadin/external/google/android-json/0.0.20131108.vaadin1/android-json-0.0.20131108.vaadin1.pom
Progress (1): 1.1 kBProgress (1): 2.8 kB                    Downloaded from central: https://repo.maven.apache.org/maven2/com/vaadin/external/google/android-json/0.0.20131108.vaadin1/android-json-0.0.20131108.vaadin1.pom (2.8 kB at 121 kB/s)
Downloading from central: https://repo.maven.apache.org/maven2/org/testcontainers/testcontainers/1.19.3/testcontainers-1.19.3.pom
Progress (1): 1.3 kBProgress (1): 2.6 kB                    Downloaded from central: https://repo.maven.apache.org/maven2/org/testcontainers/testcontainers/1.19.3/testcontainers-1.19.3.pom (2.6 kB at 93 kB/s)
Downloading from central: https://repo.maven.apache.org/maven2/junit/junit/4.13.2/junit-4.13.2.pom
Progress (1): 1.0 kBProgress (1): 3.3 kBProgress (1): 5.1 kBProgress (1): 7.2 kBProgress (1): 9.8 kBProgress (1): 13 kB Progress (1): 16 kBProgress (1): 21 kBProgress (1): 26 kBProgress (1): 27 kB                   Downloaded from central: https://repo.maven.apache.org/maven2/junit/junit/4.13.2/junit-4.13.2.pom (27 kB at 1.1 MB/s)
Downloading from central: https://repo.maven.apache.org/maven2/org/hamcrest/hamcrest-core/2.2/hamcrest-core-2.2.pom
Progress (1): 1.3 kBProgress (1): 1.4 kB                    Downloaded from central: https://repo.maven.apache.org/maven2/org/hamcrest/hamcrest-core/2.2/hamcrest-core-2.2.pom (1.4 kB at 61 kB/s)
Downloading from central: https://repo.maven.apache.org/maven2/org/apache/commons/commons-compress/1.24.0/commons-compress-1.24.0.pom
Progress (1): 753 BProgress (1): 1.9 kBProgress (1): 3.5 kBProgress (1): 6.5 kBProgress (1): 9.4 kBProgress (1): 11 kB Progress (1): 14 kBProgress (1): 17 kBProgress (1): 22 kBProgress (1): 22 kB                   Downloaded from central: https://repo.maven.apache.org/maven2/org/apache/commons/commons-compress/1.24.0/commons-compress-1.24.0.pom (22 kB at 991 kB/s)
Downloading from central: https://repo.maven.apache.org/maven2/org/apache/commons/commons-parent/61/commons-parent-61.pom
Progress (1): 707 BProgress (1): 1.9 kBProgress (1): 3.1 kBProgress (1): 4.6 kBProgress (1): 6.6 kBProgress (1): 8.5 kBProgress (1): 10 kB Progress (1): 13 kBProgress (1): 15 kBProgress (1): 18 kBProgress (1): 20 kBProgress (1): 23 kBProgress (1): 25 kBProgress (1): 29 kBProgress (1): 32 kBProgress (1): 32 kBProgress (1): 36 kBProgress (1): 41 kBProgress (1): 44 kBProgress (1): 46 kBProgress (1): 49 kBProgress (1): 52 kBProgress (1): 56 kBProgress (1): 58 kBProgress (1): 60 kBProgress (1): 64 kBProgress (1): 67 kBProgress (1): 72 kBProgress (1): 75 kBProgress (1): 77 kBProgress (1): 81 kB                   Downloaded from central: https://repo.maven.apache.org/maven2/org/apache/commons/commons-parent/61/commons-parent-61.pom (81 kB at 3.2 MB/s)
Downloading from central: https://repo.maven.apache.org/maven2/org/rnorth/duct-tape/duct-tape/1.0.8/duct-tape-1.0.8.pom
Progress (1): 1.0 kBProgress (1): 4.6 kBProgress (1): 6.2 kB                    Downloaded from central: https://repo.maven.apache.org/maven2/org/rnorth/duct-tape/duct-tape/1.0.8/duct-tape-1.0.8.pom (6.2 kB at 259 kB/s)
Downloading from central: https://repo.maven.apache.org/maven2/org/jetbrains/annotations/17.0.0/annotations-17.0.0.pom
Progress (1): 1.3 kBProgress (1): 1.4 kB                    Downloaded from central: https://repo.maven.apache.org/maven2/org/jetbrains/annotations/17.0.0/annotations-17.0.0.pom (1.4 kB at 62 kB/s)
Downloading from central: https://repo.maven.apache.org/maven2/com/github/docker-java/docker-java-api/3.3.4/docker-java-api-3.3.4.pom
Progress (1): 1.4 kBProgress (1): 2.3 kB                    Downloaded from central: https://repo.maven.apache.org/maven2/com/github/docker-java/docker-java-api/3.3.4/docker-java-api-3.3.4.pom (2.3 kB at 91 kB/s)
Downloading from central: https://repo.maven.apache.org/maven2/com/github/docker-java/docker-java-parent/3.3.4/docker-java-parent-3.3.4.pom
Progress (1): 1.1 kBProgress (1): 2.7 kBProgress (1): 5.7 kBProgress (1): 8.9 kBProgress (1): 12 kB Progress (1): 12 kB                   Downloaded from central: https://repo.maven.apache.org/maven2/com/github/docker-java/docker-java-parent/3.3.4/docker-java-parent-3.3.4.pom (12 kB at 510 kB/s)
Downloading from central: https://repo.maven.apache.org/maven2/com/github/docker-java/docker-java-transport-zerodep/3.3.4/docker-java-transport-zerodep-3.3.4.pom
Progress (1): 1.4 kBProgress (1): 4.1 kB                    Downloaded from central: https://repo.maven.apache.org/maven2/com/github/docker-java/docker-java-transport-zerodep/3.3.4/docker-java-transport-zerodep-3.3.4.pom (4.1 kB at 157 kB/s)
Downloading from central: https://repo.maven.apache.org/maven2/com/github/docker-java/docker-java-transport/3.3.4/docker-java-transport-3.3.4.pom
Progress (1): 1.4 kBProgress (1): 1.6 kB                    Downloaded from central: https://repo.maven.apache.org/maven2/com/github/docker-java/docker-java-transport/3.3.4/docker-java-transport-3.3.4.pom (1.6 kB at 68 kB/s)
Downloading from central: https://repo.maven.apache.org/maven2/net/java/dev/jna/jna/5.13.0/jna-5.13.0.pom
Progress (1): 1.4 kBProgress (1): 2.0 kB                    Downloaded from central: https://repo.maven.apache.org/maven2/net/java/dev/jna/jna/5.13.0/jna-5.13.0.pom (2.0 kB at 107 kB/s)
Downloading from central: https://repo.maven.apache.org/maven2/org/testcontainers/mongodb/1.19.3/mongodb-1.19.3.pom
Progress (1): 1.3 kBProgress (1): 1.5 kB                    Downloaded from central: https://repo.maven.apache.org/maven2/org/testcontainers/mongodb/1.19.3/mongodb-1.19.3.pom (1.5 kB at 63 kB/s)
Downloading from central: https://repo.maven.apache.org/maven2/org/testcontainers/testcontainers/1.19.8/testcontainers-1.19.8.pom
Progress (1): 1.3 kBProgress (1): 2.6 kB                    Downloaded from central: https://repo.maven.apache.org/maven2/org/testcontainers/testcontainers/1.19.8/testcontainers-1.19.8.pom (2.6 kB at 114 kB/s)
Downloading from central: https://repo.maven.apache.org/maven2/com/github/docker-java/docker-java-api/3.3.6/docker-java-api-3.3.6.pom
Progress (1): 1.4 kBProgress (1): 2.4 kB                    Downloaded from central: https://repo.maven.apache.org/maven2/com/github/docker-java/docker-java-api/3.3.6/docker-java-api-3.3.6.pom (2.4 kB at 115 kB/s)
Downloading from central: https://repo.maven.apache.org/maven2/com/github/docker-java/docker-java-parent/3.3.6/docker-java-parent-3.3.6.pom
Progress (1): 1.1 kBProgress (1): 2.8 kBProgress (1): 5.7 kBProgress (1): 8.8 kBProgress (1): 12 kB Progress (1): 12 kB                   Downloaded from central: https://repo.maven.apache.org/maven2/com/github/docker-java/docker-java-parent/3.3.6/docker-java-parent-3.3.6.pom (12 kB at 558 kB/s)
Downloading from central: https://repo.maven.apache.org/maven2/com/github/docker-java/docker-java-transport-zerodep/3.3.6/docker-java-transport-zerodep-3.3.6.pom
Progress (1): 1.4 kBProgress (1): 4.1 kB                    Downloaded from central: https://repo.maven.apache.org/maven2/com/github/docker-java/docker-java-transport-zerodep/3.3.6/docker-java-transport-zerodep-3.3.6.pom (4.1 kB at 170 kB/s)
Downloading from central: https://repo.maven.apache.org/maven2/com/github/docker-java/docker-java-transport/3.3.6/docker-java-transport-3.3.6.pom
Progress (1): 1.4 kBProgress (1): 1.6 kB                    Downloaded from central: https://repo.maven.apache.org/maven2/com/github/docker-java/docker-java-transport/3.3.6/docker-java-transport-3.3.6.pom (1.6 kB at 75 kB/s)
Downloading from central: https://repo.maven.apache.org/maven2/org/testcontainers/junit-jupiter/1.19.3/junit-jupiter-1.19.3.pom
Progress (1): 1.3 kBProgress (1): 1.5 kB                    Downloaded from central: https://repo.maven.apache.org/maven2/org/testcontainers/junit-jupiter/1.19.3/junit-jupiter-1.19.3.pom (1.5 kB at 67 kB/s)
Downloading from central: https://repo.maven.apache.org/maven2/org/springframework/security/spring-security-test/6.3.3/spring-security-test-6.3.3.pom
Progress (1): 1.0 kBProgress (1): 2.7 kB                    Downloaded from central: https://repo.maven.apache.org/maven2/org/springframework/security/spring-security-test/6.3.3/spring-security-test-6.3.3.pom (2.7 kB at 127 kB/s)
Downloading from central: https://repo.maven.apache.org/maven2/io/jsonwebtoken/jjwt-api/0.12.6/jjwt-api-0.12.6.pom
Progress (1): 848 BProgress (1): 1.8 kB                    Downloaded from central: https://repo.maven.apache.org/maven2/io/jsonwebtoken/jjwt-api/0.12.6/jjwt-api-0.12.6.pom (1.8 kB at 66 kB/s)
Downloading from central: https://repo.maven.apache.org/maven2/io/jsonwebtoken/jjwt-root/0.12.6/jjwt-root-0.12.6.pom
Progress (1): 720 BProgress (1): 2.5 kBProgress (1): 4.4 kBProgress (1): 6.3 kBProgress (1): 11 kB Progress (1): 14 kBProgress (1): 19 kBProgress (1): 22 kBProgress (1): 25 kBProgress (1): 29 kBProgress (1): 33 kBProgress (1): 37 kB                   Downloaded from central: https://repo.maven.apache.org/maven2/io/jsonwebtoken/jjwt-root/0.12.6/jjwt-root-0.12.6.pom (37 kB at 1.6 MB/s)
Downloading from central: https://repo.maven.apache.org/maven2/io/jsonwebtoken/jjwt-impl/0.12.6/jjwt-impl-0.12.6.pom
Progress (1): 846 BProgress (1): 2.5 kB                    Downloaded from central: https://repo.maven.apache.org/maven2/io/jsonwebtoken/jjwt-impl/0.12.6/jjwt-impl-0.12.6.pom (2.5 kB at 121 kB/s)
Downloading from central: https://repo.maven.apache.org/maven2/io/jsonwebtoken/jjwt-jackson/0.12.6/jjwt-jackson-0.12.6.pom
Progress (1): 843 BProgress (1): 2.4 kBProgress (1): 2.9 kB                    Downloaded from central: https://repo.maven.apache.org/maven2/io/jsonwebtoken/jjwt-jackson/0.12.6/jjwt-jackson-0.12.6.pom (2.9 kB at 137 kB/s)
Downloading from central: https://repo.maven.apache.org/maven2/org/projectlombok/lombok/1.18.32/lombok-1.18.32.pom
Progress (1): 1.1 kBProgress (1): 1.5 kB                    Downloaded from central: https://repo.maven.apache.org/maven2/org/projectlombok/lombok/1.18.32/lombok-1.18.32.pom (1.5 kB at 59 kB/s)
Downloading from central: https://repo.maven.apache.org/maven2/org/openjfx/javafx-controls/19.0.2/javafx-controls-19.0.2.pom
Progress (1): 908 B                   Downloaded from central: https://repo.maven.apache.org/maven2/org/openjfx/javafx-controls/19.0.2/javafx-controls-19.0.2.pom (908 B at 38 kB/s)
Downloading from central: https://repo.maven.apache.org/maven2/org/openjfx/javafx/19.0.2/javafx-19.0.2.pom
Progress (1): 2.6 kBProgress (1): 8.4 kB                    Downloaded from central: https://repo.maven.apache.org/maven2/org/openjfx/javafx/19.0.2/javafx-19.0.2.pom (8.4 kB at 351 kB/s)
[WARNING] 6 problems were encountered while building the effective model for org.openjfx:javafx-controls:jar:19.0.2 during dependency collection step for project (use -X to see details)
Downloading from central: https://repo.maven.apache.org/maven2/org/openjfx/javafx-graphics/19.0.2/javafx-graphics-19.0.2.pom
Progress (1): 904 B                   Downloaded from central: https://repo.maven.apache.org/maven2/org/openjfx/javafx-graphics/19.0.2/javafx-graphics-19.0.2.pom (904 B at 39 kB/s)
Downloading from central: https://repo.maven.apache.org/maven2/org/openjfx/javafx-base/19.0.2/javafx-base-19.0.2.pom
Progress (1): 749 B                   Downloaded from central: https://repo.maven.apache.org/maven2/org/openjfx/javafx-base/19.0.2/javafx-base-19.0.2.pom (749 B at 31 kB/s)
Downloading from central: https://repo.maven.apache.org/maven2/org/openjfx/javafx-fxml/19.0.2/javafx-fxml-19.0.2.pom
Progress (1): 900 B                   Downloaded from central: https://repo.maven.apache.org/maven2/org/openjfx/javafx-fxml/19.0.2/javafx-fxml-19.0.2.pom (900 B at 9.9 kB/s)
Downloading from central: https://repo.maven.apache.org/maven2/org/springframework/boot/spring-boot-starter-data-mongodb/3.3.4/spring-boot-starter-data-mongodb-3.3.4.pom
Progress (1): 976 BProgress (1): 2.5 kB                    Downloaded from central: https://repo.maven.apache.org/maven2/org/springframework/boot/spring-boot-starter-data-mongodb/3.3.4/spring-boot-starter-data-mongodb-3.3.4.pom (2.5 kB at 105 kB/s)
Downloading from central: https://repo.maven.apache.org/maven2/org/mongodb/mongodb-driver-sync/5.0.1/mongodb-driver-sync-5.0.1.pom
Progress (1): 1.2 kBProgress (1): 1.7 kB                    Downloaded from central: https://repo.maven.apache.org/maven2/org/mongodb/mongodb-driver-sync/5.0.1/mongodb-driver-sync-5.0.1.pom (1.7 kB at 76 kB/s)
Downloading from central: https://repo.maven.apache.org/maven2/org/mongodb/bson/5.0.1/bson-5.0.1.pom
Progress (1): 1.2 kBProgress (1): 1.3 kB                    Downloaded from central: https://repo.maven.apache.org/maven2/org/mongodb/bson/5.0.1/bson-5.0.1.pom (1.3 kB at 53 kB/s)
Downloading from central: https://repo.maven.apache.org/maven2/org/mongodb/mongodb-driver-core/5.0.1/mongodb-driver-core-5.0.1.pom
Progress (1): 1.1 kBProgress (1): 4.7 kB                    Downloaded from central: https://repo.maven.apache.org/maven2/org/mongodb/mongodb-driver-core/5.0.1/mongodb-driver-core-5.0.1.pom (4.7 kB at 214 kB/s)
Downloading from central: https://repo.maven.apache.org/maven2/io/netty/netty-bom/4.1.87.Final/netty-bom-4.1.87.Final.pom
Progress (1): 787 BProgress (1): 2.4 kBProgress (1): 12 kB Progress (1): 13 kB                   Downloaded from central: https://repo.maven.apache.org/maven2/io/netty/netty-bom/4.1.87.Final/netty-bom-4.1.87.Final.pom (13 kB at 632 kB/s)
Downloading from central: https://repo.maven.apache.org/maven2/org/mongodb/bson-record-codec/5.0.1/bson-record-codec-5.0.1.pom
Progress (1): 1.2 kBProgress (1): 1.5 kB                    Downloaded from central: https://repo.maven.apache.org/maven2/org/mongodb/bson-record-codec/5.0.1/bson-record-codec-5.0.1.pom (1.5 kB at 71 kB/s)
Downloading from central: https://repo.maven.apache.org/maven2/org/springframework/data/spring-data-mongodb/4.3.4/spring-data-mongodb-4.3.4.pom
Progress (1): 1.1 kBProgress (1): 4.6 kBProgress (1): 8.8 kBProgress (1): 10 kB                    Downloaded from central: https://repo.maven.apache.org/maven2/org/springframework/data/spring-data-mongodb/4.3.4/spring-data-mongodb-4.3.4.pom (10 kB at 470 kB/s)
Downloading from central: https://repo.maven.apache.org/maven2/org/springframework/data/spring-data-mongodb-parent/4.3.4/spring-data-mongodb-parent-4.3.4.pom
Progress (1): 1.2 kBProgress (1): 4.3 kBProgress (1): 4.3 kB                    Downloaded from central: https://repo.maven.apache.org/maven2/org/springframework/data/spring-data-mongodb-parent/4.3.4/spring-data-mongodb-parent-4.3.4.pom (4.3 kB at 178 kB/s)
Downloading from central: https://repo.maven.apache.org/maven2/org/springframework/data/build/spring-data-parent/3.3.4/spring-data-parent-3.3.4.pom
Progress (1): 731 BProgress (1): 2.3 kBProgress (1): 3.4 kBProgress (1): 4.7 kBProgress (1): 6.2 kBProgress (1): 8.3 kBProgress (1): 12 kB Progress (1): 16 kBProgress (1): 18 kBProgress (1): 21 kBProgress (1): 28 kBProgress (1): 32 kBProgress (1): 36 kBProgress (1): 40 kBProgress (1): 41 kB                   Downloaded from central: https://repo.maven.apache.org/maven2/org/springframework/data/build/spring-data-parent/3.3.4/spring-data-parent-3.3.4.pom (41 kB at 1.6 MB/s)
Downloading from central: https://repo.maven.apache.org/maven2/org/springframework/data/build/spring-data-build/3.3.4/spring-data-build-3.3.4.pom
Progress (1): 954 BProgress (1): 2.5 kBProgress (1): 4.6 kBProgress (1): 7.1 kBProgress (1): 7.2 kB                    Downloaded from central: https://repo.maven.apache.org/maven2/org/springframework/data/build/spring-data-build/3.3.4/spring-data-build-3.3.4.pom (7.2 kB at 327 kB/s)
Downloading from central: https://repo.maven.apache.org/maven2/org/springframework/spring-tx/6.1.13/spring-tx-6.1.13.pom
Progress (1): 1.1 kBProgress (1): 2.2 kB                    Downloaded from central: https://repo.maven.apache.org/maven2/org/springframework/spring-tx/6.1.13/spring-tx-6.1.13.pom (2.2 kB at 89 kB/s)
Downloading from central: https://repo.maven.apache.org/maven2/org/springframework/data/spring-data-commons/3.3.4/spring-data-commons-3.3.4.pom
Progress (1): 1.2 kBProgress (1): 5.3 kBProgress (1): 9.2 kBProgress (1): 9.9 kB                    Downloaded from central: https://repo.maven.apache.org/maven2/org/springframework/data/spring-data-commons/3.3.4/spring-data-commons-3.3.4.pom (9.9 kB at 451 kB/s)
Downloading from central: https://repo.maven.apache.org/maven2/org/springframework/boot/spring-boot-starter-actuator/3.3.4/spring-boot-starter-actuator-3.3.4.pom
Progress (1): 951 BProgress (1): 2.8 kB                    Downloaded from central: https://repo.maven.apache.org/maven2/org/springframework/boot/spring-boot-starter-actuator/3.3.4/spring-boot-starter-actuator-3.3.4.pom (2.8 kB at 126 kB/s)
Downloading from central: https://repo.maven.apache.org/maven2/org/springframework/boot/spring-boot-actuator-autoconfigure/3.3.4/spring-boot-actuator-autoconfigure-3.3.4.pom
Progress (1): 993 BProgress (1): 2.9 kB                    Downloaded from central: https://repo.maven.apache.org/maven2/org/springframework/boot/spring-boot-actuator-autoconfigure/3.3.4/spring-boot-actuator-autoconfigure-3.3.4.pom (2.9 kB at 126 kB/s)
Downloading from central: https://repo.maven.apache.org/maven2/org/springframework/boot/spring-boot-actuator/3.3.4/spring-boot-actuator-3.3.4.pom
Progress (1): 1.0 kBProgress (1): 2.0 kB                    Downloaded from central: https://repo.maven.apache.org/maven2/org/springframework/boot/spring-boot-actuator/3.3.4/spring-boot-actuator-3.3.4.pom (2.0 kB at 89 kB/s)
Downloading from central: https://repo.maven.apache.org/maven2/io/micrometer/micrometer-jakarta9/1.13.4/micrometer-jakarta9-1.13.4.pom
Progress (1): 1.1 kBProgress (1): 3.4 kBProgress (1): 3.8 kB                    Downloaded from central: https://repo.maven.apache.org/maven2/io/micrometer/micrometer-jakarta9/1.13.4/micrometer-jakarta9-1.13.4.pom (3.8 kB at 171 kB/s)
Downloading from central: https://repo.maven.apache.org/maven2/org/apache/kerby/kerb-admin/1.1.1/kerb-admin-1.1.1.pom
Progress (1): 866 BProgress (1): 1.7 kB                    Downloaded from central: https://repo.maven.apache.org/maven2/org/apache/kerby/kerb-admin/1.1.1/kerb-admin-1.1.1.pom (1.7 kB at 72 kB/s)
Downloading from central: https://repo.maven.apache.org/maven2/org/apache/kerby/kerby-kerb/1.1.1/kerby-kerb-1.1.1.pom
Progress (1): 869 BProgress (1): 1.7 kB                    Downloaded from central: https://repo.maven.apache.org/maven2/org/apache/kerby/kerby-kerb/1.1.1/kerby-kerb-1.1.1.pom (1.7 kB at 74 kB/s)
Downloading from central: https://repo.maven.apache.org/maven2/org/apache/kerby/kerby-all/1.1.1/kerby-all-1.1.1.pom
Progress (1): 729 BProgress (1): 2.2 kBProgress (1): 4.5 kBProgress (1): 7.4 kBProgress (1): 11 kB Progress (1): 15 kBProgress (1): 16 kB                   Downloaded from central: https://repo.maven.apache.org/maven2/org/apache/kerby/kerby-all/1.1.1/kerby-all-1.1.1.pom (16 kB at 597 kB/s)
Downloading from central: https://repo.maven.apache.org/maven2/org/apache/apache/19/apache-19.pom
Progress (1): 756 BProgress (1): 2.1 kBProgress (1): 3.9 kBProgress (1): 8.0 kBProgress (1): 12 kB Progress (1): 15 kB                   Downloaded from central: https://repo.maven.apache.org/maven2/org/apache/apache/19/apache-19.pom (15 kB at 704 kB/s)
Downloading from central: https://repo.maven.apache.org/maven2/org/apache/kerby/kerb-server/1.1.1/kerb-server-1.1.1.pom
Progress (1): 863 BProgress (1): 1.9 kB                    Downloaded from central: https://repo.maven.apache.org/maven2/org/apache/kerby/kerb-server/1.1.1/kerb-server-1.1.1.pom (1.9 kB at 73 kB/s)
Downloading from central: https://repo.maven.apache.org/maven2/org/apache/kerby/kerb-common/1.1.1/kerb-common-1.1.1.pom
Progress (1): 862 BProgress (1): 1.9 kB                    Downloaded from central: https://repo.maven.apache.org/maven2/org/apache/kerby/kerb-common/1.1.1/kerb-common-1.1.1.pom (1.9 kB at 77 kB/s)
Downloading from central: https://repo.maven.apache.org/maven2/org/apache/kerby/kerby-config/1.1.1/kerby-config-1.1.1.pom
Progress (1): 863 BProgress (1): 1.7 kB                    Downloaded from central: https://repo.maven.apache.org/maven2/org/apache/kerby/kerby-config/1.1.1/kerby-config-1.1.1.pom (1.7 kB at 71 kB/s)
Downloading from central: https://repo.maven.apache.org/maven2/org/apache/kerby/kerby-common/1.1.1/kerby-common-1.1.1.pom
Progress (1): 874 BProgress (1): 1.3 kB                    Downloaded from central: https://repo.maven.apache.org/maven2/org/apache/kerby/kerby-common/1.1.1/kerby-common-1.1.1.pom (1.3 kB at 38 kB/s)
Downloading from central: https://repo.maven.apache.org/maven2/org/apache/kerby/kerb-crypto/1.1.1/kerb-crypto-1.1.1.pom
Progress (1): 867 BProgress (1): 1.7 kB                    Downloaded from central: https://repo.maven.apache.org/maven2/org/apache/kerby/kerb-crypto/1.1.1/kerb-crypto-1.1.1.pom (1.7 kB at 78 kB/s)
Downloading from central: https://repo.maven.apache.org/maven2/org/apache/kerby/kerby-util/1.1.1/kerby-util-1.1.1.pom
Progress (1): 875 BProgress (1): 1.4 kB                    Downloaded from central: https://repo.maven.apache.org/maven2/org/apache/kerby/kerby-util/1.1.1/kerby-util-1.1.1.pom (1.4 kB at 56 kB/s)
Downloading from central: https://repo.maven.apache.org/maven2/org/apache/kerby/kerb-core/1.1.1/kerb-core-1.1.1.pom
Progress (1): 869 BProgress (1): 1.5 kB                    Downloaded from central: https://repo.maven.apache.org/maven2/org/apache/kerby/kerb-core/1.1.1/kerb-core-1.1.1.pom (1.5 kB at 67 kB/s)
Downloading from central: https://repo.maven.apache.org/maven2/org/apache/kerby/kerby-pkix/1.1.1/kerby-pkix-1.1.1.pom
Progress (1): 861 BProgress (1): 2.2 kB                    Downloaded from central: https://repo.maven.apache.org/maven2/org/apache/kerby/kerby-pkix/1.1.1/kerby-pkix-1.1.1.pom (2.2 kB at 106 kB/s)
Downloading from central: https://repo.maven.apache.org/maven2/org/apache/kerby/kerby-asn1/1.1.1/kerby-asn1-1.1.1.pom
Progress (1): 881 BProgress (1): 1.4 kB                    Downloaded from central: https://repo.maven.apache.org/maven2/org/apache/kerby/kerby-asn1/1.1.1/kerby-asn1-1.1.1.pom (1.4 kB at 63 kB/s)
Downloading from central: https://repo.maven.apache.org/maven2/commons-io/commons-io/2.6/commons-io-2.6.pom
Progress (1): 782 BProgress (1): 2.1 kBProgress (1): 5.3 kBProgress (1): 7.5 kBProgress (1): 9.5 kBProgress (1): 12 kB Progress (1): 14 kB                   Downloaded from central: https://repo.maven.apache.org/maven2/commons-io/commons-io/2.6/commons-io-2.6.pom (14 kB at 570 kB/s)
Downloading from central: https://repo.maven.apache.org/maven2/org/apache/commons/commons-parent/42/commons-parent-42.pom
Progress (1): 707 BProgress (1): 1.9 kBProgress (1): 3.1 kBProgress (1): 4.5 kBProgress (1): 5.9 kBProgress (1): 7.5 kBProgress (1): 11 kB Progress (1): 14 kBProgress (1): 17 kBProgress (1): 21 kBProgress (1): 24 kBProgress (1): 26 kBProgress (1): 29 kBProgress (1): 31 kBProgress (1): 34 kBProgress (1): 34 kBProgress (1): 38 kBProgress (1): 40 kBProgress (1): 44 kBProgress (1): 49 kBProgress (1): 53 kBProgress (1): 56 kBProgress (1): 59 kBProgress (1): 61 kBProgress (1): 63 kBProgress (1): 65 kBProgress (1): 66 kBProgress (1): 68 kB                   Downloaded from central: https://repo.maven.apache.org/maven2/org/apache/commons/commons-parent/42/commons-parent-42.pom (68 kB at 2.3 MB/s)
Downloading from central: https://repo.maven.apache.org/maven2/org/apache/apache/18/apache-18.pom
Progress (1): 748 BProgress (1): 2.1 kBProgress (1): 3.9 kBProgress (1): 8.0 kBProgress (1): 12 kB Progress (1): 15 kBProgress (1): 16 kB                   Downloaded from central: https://repo.maven.apache.org/maven2/org/apache/apache/18/apache-18.pom (16 kB at 627 kB/s)
Downloading from central: https://repo.maven.apache.org/maven2/org/apache/kerby/kerb-identity/1.1.1/kerb-identity-1.1.1.pom
Progress (1): 866 BProgress (1): 1.7 kB                    Downloaded from central: https://repo.maven.apache.org/maven2/org/apache/kerby/kerb-identity/1.1.1/kerb-identity-1.1.1.pom (1.7 kB at 61 kB/s)
Downloading from central: https://repo.maven.apache.org/maven2/org/apache/kerby/kerb-util/1.1.1/kerb-util-1.1.1.pom
Progress (1): 861 BProgress (1): 2.1 kB                    Downloaded from central: https://repo.maven.apache.org/maven2/org/apache/kerby/kerb-util/1.1.1/kerb-util-1.1.1.pom (2.1 kB at 54 kB/s)
Downloading from central: https://repo.maven.apache.org/maven2/org/apache/kerby/kerby-xdr/1.1.1/kerby-xdr-1.1.1.pom
Progress (1): 881 BProgress (1): 1.4 kB                    Downloaded from central: https://repo.maven.apache.org/maven2/org/apache/kerby/kerby-xdr/1.1.1/kerby-xdr-1.1.1.pom (1.4 kB at 58 kB/s)
Downloading from central: https://repo.maven.apache.org/maven2/org/apache/kerby/kerby-util/2.0.3/kerby-util-2.0.3.pom
Progress (1): 877 BProgress (1): 1.4 kB                    Downloaded from central: https://repo.maven.apache.org/maven2/org/apache/kerby/kerby-util/2.0.3/kerby-util-2.0.3.pom (1.4 kB at 61 kB/s)
Downloading from central: https://repo.maven.apache.org/maven2/org/apache/kerby/kerby-common/2.0.3/kerby-common-2.0.3.pom
Progress (1): 876 BProgress (1): 1.3 kB                    Downloaded from central: https://repo.maven.apache.org/maven2/org/apache/kerby/kerby-common/2.0.3/kerby-common-2.0.3.pom (1.3 kB at 57 kB/s)
Downloading from central: https://repo.maven.apache.org/maven2/org/apache/kerby/kerby-all/2.0.3/kerby-all-2.0.3.pom
Progress (1): 735 BProgress (1): 2.2 kBProgress (1): 4.2 kBProgress (1): 6.8 kBProgress (1): 9.9 kBProgress (1): 14 kB Progress (1): 18 kBProgress (1): 19 kB                   Downloaded from central: https://repo.maven.apache.org/maven2/org/apache/kerby/kerby-all/2.0.3/kerby-all-2.0.3.pom (19 kB at 821 kB/s)
Downloading from central: https://repo.maven.apache.org/maven2/jakarta/annotation/jakarta.annotation-api/2.0.0/jakarta.annotation-api-2.0.0.pom
Progress (1): 828 BProgress (1): 2.7 kBProgress (1): 6.0 kBProgress (1): 9.9 kBProgress (1): 14 kB Progress (1): 16 kB                   Downloaded from central: https://repo.maven.apache.org/maven2/jakarta/annotation/jakarta.annotation-api/2.0.0/jakarta.annotation-api-2.0.0.pom (16 kB at 603 kB/s)
Downloading from central: https://repo.maven.apache.org/maven2/org/mongodb/mongodb-driver-sync/5.1.4/mongodb-driver-sync-5.1.4.pom
Progress (1): 1.2 kBProgress (1): 1.7 kB                    Downloaded from central: https://repo.maven.apache.org/maven2/org/mongodb/mongodb-driver-sync/5.1.4/mongodb-driver-sync-5.1.4.pom (1.7 kB at 67 kB/s)
Downloading from central: https://repo.maven.apache.org/maven2/org/apache/kerby/kerb-server-api-all/2.0.3/kerb-server-api-all-2.0.3.pom
Progress (1): 844 BProgress (1): 2.3 kB                    Downloaded from central: https://repo.maven.apache.org/maven2/org/apache/kerby/kerb-server-api-all/2.0.3/kerb-server-api-all-2.0.3.pom (2.3 kB at 48 kB/s)
Downloading from central: https://repo.maven.apache.org/maven2/org/apache/kerby/kerby-kerb/2.0.3/kerby-kerb-2.0.3.pom
Progress (1): 874 BProgress (1): 1.7 kB                    Downloaded from central: https://repo.maven.apache.org/maven2/org/apache/kerby/kerby-kerb/2.0.3/kerby-kerb-2.0.3.pom (1.7 kB at 68 kB/s)
Downloading from central: https://repo.maven.apache.org/maven2/org/apache/kerby/kerb-admin/2.0.3/kerb-admin-2.0.3.pom
Progress (1): 863 BProgress (1): 2.1 kB                    Downloaded from central: https://repo.maven.apache.org/maven2/org/apache/kerby/kerb-admin/2.0.3/kerb-admin-2.0.3.pom (2.1 kB at 92 kB/s)
Downloading from central: https://repo.maven.apache.org/maven2/org/apache/kerby/kerb-server/2.0.3/kerb-server-2.0.3.pom
Progress (1): 863 BProgress (1): 1.9 kB                    Downloaded from central: https://repo.maven.apache.org/maven2/org/apache/kerby/kerb-server/2.0.3/kerb-server-2.0.3.pom (1.9 kB at 68 kB/s)
Downloading from central: https://repo.maven.apache.org/maven2/org/apache/kerby/kerb-common/2.0.3/kerb-common-2.0.3.pom
Progress (1): 863 BProgress (1): 1.9 kB                    Downloaded from central: https://repo.maven.apache.org/maven2/org/apache/kerby/kerb-common/2.0.3/kerb-common-2.0.3.pom (1.9 kB at 62 kB/s)
Downloading from central: https://repo.maven.apache.org/maven2/org/apache/kerby/kerby-config/2.0.3/kerby-config-2.0.3.pom
Progress (1): 863 BProgress (1): 1.7 kB                    Downloaded from central: https://repo.maven.apache.org/maven2/org/apache/kerby/kerby-config/2.0.3/kerby-config-2.0.3.pom (1.7 kB at 68 kB/s)
Downloading from central: https://repo.maven.apache.org/maven2/org/apache/kerby/kerb-crypto/2.0.3/kerb-crypto-2.0.3.pom
Progress (1): 868 BProgress (1): 1.7 kB                    Downloaded from central: https://repo.maven.apache.org/maven2/org/apache/kerby/kerb-crypto/2.0.3/kerb-crypto-2.0.3.pom (1.7 kB at 74 kB/s)
Downloading from central: https://repo.maven.apache.org/maven2/org/apache/kerby/kerb-core/2.0.3/kerb-core-2.0.3.pom
Progress (1): 869 BProgress (1): 1.5 kB                    Downloaded from central: https://repo.maven.apache.org/maven2/org/apache/kerby/kerb-core/2.0.3/kerb-core-2.0.3.pom (1.5 kB at 57 kB/s)
Downloading from central: https://repo.maven.apache.org/maven2/org/apache/kerby/kerby-pkix/2.0.3/kerby-pkix-2.0.3.pom
Progress (1): 862 BProgress (1): 2.2 kB                    Downloaded from central: https://repo.maven.apache.org/maven2/org/apache/kerby/kerby-pkix/2.0.3/kerby-pkix-2.0.3.pom (2.2 kB at 83 kB/s)
Downloading from central: https://repo.maven.apache.org/maven2/org/apache/kerby/kerby-asn1/2.0.3/kerby-asn1-2.0.3.pom
Progress (1): 881 BProgress (1): 1.4 kB                    Downloaded from central: https://repo.maven.apache.org/maven2/org/apache/kerby/kerby-asn1/2.0.3/kerby-asn1-2.0.3.pom (1.4 kB at 58 kB/s)
Downloading from central: https://repo.maven.apache.org/maven2/commons-io/commons-io/2.11.0/commons-io-2.11.0.pom
Progress (1): 764 BProgress (1): 2.1 kBProgress (1): 5.2 kBProgress (1): 7.8 kBProgress (1): 10 kB Progress (1): 12 kBProgress (1): 15 kBProgress (1): 18 kBProgress (1): 20 kB                   Downloaded from central: https://repo.maven.apache.org/maven2/commons-io/commons-io/2.11.0/commons-io-2.11.0.pom (20 kB at 789 kB/s)
Downloading from central: https://repo.maven.apache.org/maven2/org/junit/junit-bom/5.7.2/junit-bom-5.7.2.pom
Progress (1): 912 BProgress (1): 4.1 kBProgress (1): 5.1 kB                    Downloaded from central: https://repo.maven.apache.org/maven2/org/junit/junit-bom/5.7.2/junit-bom-5.7.2.pom (5.1 kB at 222 kB/s)
Downloading from central: https://repo.maven.apache.org/maven2/org/apache/kerby/kerb-identity/2.0.3/kerb-identity-2.0.3.pom
Progress (1): 867 BProgress (1): 1.7 kB                    Downloaded from central: https://repo.maven.apache.org/maven2/org/apache/kerby/kerb-identity/2.0.3/kerb-identity-2.0.3.pom (1.7 kB at 72 kB/s)
Downloading from central: https://repo.maven.apache.org/maven2/org/apache/kerby/kerb-util/2.0.3/kerb-util-2.0.3.pom
Progress (1): 861 BProgress (1): 2.1 kB                    Downloaded from central: https://repo.maven.apache.org/maven2/org/apache/kerby/kerb-util/2.0.3/kerb-util-2.0.3.pom (2.1 kB at 98 kB/s)
Downloading from central: https://repo.maven.apache.org/maven2/org/apache/kerby/kerby-xdr/2.0.3/kerby-xdr-2.0.3.pom
Progress (1): 882 BProgress (1): 1.4 kB                    Downloaded from central: https://repo.maven.apache.org/maven2/org/apache/kerby/kerby-xdr/2.0.3/kerby-xdr-2.0.3.pom (1.4 kB at 73 kB/s)
Downloading from central: https://repo.maven.apache.org/maven2/org/jline/jline/3.22.0/jline-3.22.0.pom
Progress (1): 1.0 kBProgress (1): 10 kB Progress (1): 17 kBProgress (1): 18 kB                   Downloaded from central: https://repo.maven.apache.org/maven2/org/jline/jline/3.22.0/jline-3.22.0.pom (18 kB at 681 kB/s)
Downloading from central: https://repo.maven.apache.org/maven2/org/jline/jline-parent/3.22.0/jline-parent-3.22.0.pom
Progress (1): 923 BProgress (1): 2.8 kBProgress (1): 7.8 kBProgress (1): 14 kB Progress (1): 18 kBProgress (1): 22 kBProgress (1): 26 kBProgress (1): 28 kB                   Downloaded from central: https://repo.maven.apache.org/maven2/org/jline/jline-parent/3.22.0/jline-parent-3.22.0.pom (28 kB at 1.3 MB/s)
Downloading from central: https://repo.maven.apache.org/maven2/com/jcraft/jsch/0.1.55/jsch-0.1.55.pom
Progress (1): 1.3 kBProgress (1): 3.2 kB                    Downloaded from central: https://repo.maven.apache.org/maven2/com/jcraft/jsch/0.1.55/jsch-0.1.55.pom (3.2 kB at 124 kB/s)
Downloading from central: https://repo.maven.apache.org/maven2/org/sonatype/oss/oss-parent/6/oss-parent-6.pom
Progress (1): 848 BProgress (1): 2.5 kBProgress (1): 4.8 kB                    Downloaded from central: https://repo.maven.apache.org/maven2/org/sonatype/oss/oss-parent/6/oss-parent-6.pom (4.8 kB at 220 kB/s)
Downloading from central: https://repo.maven.apache.org/maven2/org/jboss/xnio/xnio-api/3.8.8.Final/xnio-api-3.8.8.Final.pom
Progress (1): 776 BProgress (1): 3.8 kBProgress (1): 6.4 kBProgress (1): 8.8 kB                    Downloaded from central: https://repo.maven.apache.org/maven2/org/jboss/xnio/xnio-api/3.8.8.Final/xnio-api-3.8.8.Final.pom (8.8 kB at 398 kB/s)
Downloading from central: https://repo.maven.apache.org/maven2/org/jboss/xnio/xnio-all/3.8.8.Final/xnio-all-3.8.8.Final.pom
Progress (1): 792 BProgress (1): 2.6 kBProgress (1): 7.1 kB                    Downloaded from central: https://repo.maven.apache.org/maven2/org/jboss/xnio/xnio-all/3.8.8.Final/xnio-all-3.8.8.Final.pom (7.1 kB at 324 kB/s)
Downloading from central: https://repo.maven.apache.org/maven2/org/wildfly/common/wildfly-common/1.5.4.Final/wildfly-common-1.5.4.Final.pom
Progress (1): 770 BProgress (1): 3.3 kBProgress (1): 5.7 kBProgress (1): 7.3 kB                    Downloaded from central: https://repo.maven.apache.org/maven2/org/wildfly/common/wildfly-common/1.5.4.Final/wildfly-common-1.5.4.Final.pom (7.3 kB at 316 kB/s)
Downloading from central: https://repo.maven.apache.org/maven2/org/jboss/jboss-parent/34/jboss-parent-34.pom
Progress (1): 718 BProgress (1): 2.1 kBProgress (1): 4.5 kBProgress (1): 6.8 kBProgress (1): 8.9 kBProgress (1): 13 kB Progress (1): 21 kBProgress (1): 28 kBProgress (1): 32 kBProgress (1): 34 kBProgress (1): 37 kBProgress (1): 44 kBProgress (1): 64 kBProgress (1): 65 kB                   Downloaded from central: https://repo.maven.apache.org/maven2/org/jboss/jboss-parent/34/jboss-parent-34.pom (65 kB at 2.8 MB/s)
Downloading from central: https://repo.maven.apache.org/maven2/org/wildfly/client/wildfly-client-config/1.0.1.Final/wildfly-client-config-1.0.1.Final.pom
Progress (1): 764 BProgress (1): 2.5 kBProgress (1): 5.8 kBProgress (1): 7.2 kB                    Downloaded from central: https://repo.maven.apache.org/maven2/org/wildfly/client/wildfly-client-config/1.0.1.Final/wildfly-client-config-1.0.1.Final.pom (7.2 kB at 312 kB/s)
Downloading from central: https://repo.maven.apache.org/maven2/org/jboss/jboss-parent/23/jboss-parent-23.pom
Progress (1): 1.1 kBProgress (1): 3.5 kBProgress (1): 5.8 kBProgress (1): 7.5 kBProgress (1): 9.6 kBProgress (1): 17 kB Progress (1): 27 kBProgress (1): 30 kBProgress (1): 33 kBProgress (1): 35 kB                   Downloaded from central: https://repo.maven.apache.org/maven2/org/jboss/jboss-parent/23/jboss-parent-23.pom (35 kB at 1.5 MB/s)
Downloading from central: https://repo.maven.apache.org/maven2/org/jboss/threads/jboss-threads/2.3.6.Final/jboss-threads-2.3.6.Final.pom
Progress (1): 776 BProgress (1): 3.1 kBProgress (1): 4.6 kB                    Downloaded from central: https://repo.maven.apache.org/maven2/org/jboss/threads/jboss-threads/2.3.6.Final/jboss-threads-2.3.6.Final.pom (4.6 kB at 185 kB/s)
Downloading from central: https://repo.maven.apache.org/maven2/org/jboss/jboss-parent/20/jboss-parent-20.pom
Progress (1): 1.0 kBProgress (1): 3.2 kBProgress (1): 5.4 kBProgress (1): 7.6 kBProgress (1): 11 kB Progress (1): 18 kBProgress (1): 25 kBProgress (1): 29 kBProgress (1): 32 kBProgress (1): 34 kB                   Downloaded from central: https://repo.maven.apache.org/maven2/org/jboss/jboss-parent/20/jboss-parent-20.pom (34 kB at 1.4 MB/s)
Downloading from central: https://repo.maven.apache.org/maven2/org/wildfly/common/wildfly-common/1.3.0.Final/wildfly-common-1.3.0.Final.pom
Progress (1): 769 BProgress (1): 3.4 kBProgress (1): 5.9 kBProgress (1): 7.4 kB                    Downloaded from central: https://repo.maven.apache.org/maven2/org/wildfly/common/wildfly-common/1.3.0.Final/wildfly-common-1.3.0.Final.pom (7.4 kB at 353 kB/s)
Downloading from central: https://repo.maven.apache.org/maven2/org/jboss/jboss-parent/24/jboss-parent-24.pom
Progress (1): 1.0 kBProgress (1): 3.3 kBProgress (1): 5.6 kBProgress (1): 7.8 kBProgress (1): 12 kB Progress (1): 20 kBProgress (1): 28 kBProgress (1): 31 kBProgress (1): 34 kBProgress (1): 36 kB                   Downloaded from central: https://repo.maven.apache.org/maven2/org/jboss/jboss-parent/24/jboss-parent-24.pom (36 kB at 1.6 MB/s)
Downloading from central: https://repo.maven.apache.org/maven2/org/apache/kerby/json-backend/2.0.3/json-backend-2.0.3.pom
Progress (1): 862 BProgress (1): 2.0 kB                    Downloaded from central: https://repo.maven.apache.org/maven2/org/apache/kerby/json-backend/2.0.3/json-backend-2.0.3.pom (2.0 kB at 85 kB/s)
Downloading from central: https://repo.maven.apache.org/maven2/org/apache/kerby/kerby-backend/2.0.3/kerby-backend-2.0.3.pom
Progress (1): 861 BProgress (1): 1.9 kB                    Downloaded from central: https://repo.maven.apache.org/maven2/org/apache/kerby/kerby-backend/2.0.3/kerby-backend-2.0.3.pom (1.9 kB at 42 kB/s)
Downloading from central: https://repo.maven.apache.org/maven2/org/apache/kerby/kerb-client-api-all/2.1.0/kerb-client-api-all-2.1.0.pom
Progress (1): 844 BProgress (1): 2.9 kBProgress (1): 2.9 kB                    Downloaded from central: https://repo.maven.apache.org/maven2/org/apache/kerby/kerb-client-api-all/2.1.0/kerb-client-api-all-2.1.0.pom (2.9 kB at 16 kB/s)
Downloading from central: https://repo.maven.apache.org/maven2/org/apache/kerby/kerby-kerb/2.1.0/kerby-kerb-2.1.0.pom
Progress (1): 869 BProgress (1): 2.0 kB                    Downloaded from central: https://repo.maven.apache.org/maven2/org/apache/kerby/kerby-kerb/2.1.0/kerby-kerb-2.1.0.pom (2.0 kB at 94 kB/s)
Downloading from central: https://repo.maven.apache.org/maven2/org/apache/kerby/kerby-parent/2.1.0/kerby-parent-2.1.0.pom
Progress (1): 794 BProgress (1): 2.5 kBProgress (1): 4.2 kB                    Downloaded from central: https://repo.maven.apache.org/maven2/org/apache/kerby/kerby-parent/2.1.0/kerby-parent-2.1.0.pom (4.2 kB at 189 kB/s)
Downloading from central: https://repo.maven.apache.org/maven2/org/apache/kerby/kerby-all/2.1.0/kerby-all-2.1.0.pom
Progress (1): 735 BProgress (1): 2.2 kBProgress (1): 4.8 kBProgress (1): 8.0 kBProgress (1): 11 kB Progress (1): 15 kBProgress (1): 16 kB                   Downloaded from central: https://repo.maven.apache.org/maven2/org/apache/kerby/kerby-all/2.1.0/kerby-all-2.1.0.pom (16 kB at 767 kB/s)
Downloading from central: https://repo.maven.apache.org/maven2/org/apache/kerby/kerby-bom/2.1.0/kerby-bom-2.1.0.pom
Progress (1): 808 BProgress (1): 7.5 kB                    Downloaded from central: https://repo.maven.apache.org/maven2/org/apache/kerby/kerby-bom/2.1.0/kerby-bom-2.1.0.pom (7.5 kB at 397 kB/s)
Downloading from central: https://repo.maven.apache.org/maven2/org/apache/kerby/kerb-client/2.1.0/kerb-client-2.1.0.pom
Progress (1): 861 BProgress (1): 2.2 kB                    Downloaded from central: https://repo.maven.apache.org/maven2/org/apache/kerby/kerb-client/2.1.0/kerb-client-2.1.0.pom (2.2 kB at 68 kB/s)
Downloading from central: https://repo.maven.apache.org/maven2/org/apache/kerby/kerby-config/2.1.0/kerby-config-2.1.0.pom
Progress (1): 863 BProgress (1): 1.7 kB                    Downloaded from central: https://repo.maven.apache.org/maven2/org/apache/kerby/kerby-config/2.1.0/kerby-config-2.1.0.pom (1.7 kB at 79 kB/s)
Downloading from central: https://repo.maven.apache.org/maven2/org/apache/kerby/kerby-common/2.1.0/kerby-common-2.1.0.pom
Progress (1): 876 BProgress (1): 1.3 kB                    Downloaded from central: https://repo.maven.apache.org/maven2/org/apache/kerby/kerby-common/2.1.0/kerby-common-2.1.0.pom (1.3 kB at 57 kB/s)
Downloading from central: https://repo.maven.apache.org/maven2/org/apache/kerby/kerb-core/2.1.0/kerb-core-2.1.0.pom
Progress (1): 869 BProgress (1): 1.5 kB                    Downloaded from central: https://repo.maven.apache.org/maven2/org/apache/kerby/kerb-core/2.1.0/kerb-core-2.1.0.pom (1.5 kB at 73 kB/s)
Downloading from central: https://repo.maven.apache.org/maven2/org/apache/kerby/kerby-pkix/2.1.0/kerby-pkix-2.1.0.pom
Progress (1): 863 BProgress (1): 2.2 kB                    Downloaded from central: https://repo.maven.apache.org/maven2/org/apache/kerby/kerby-pkix/2.1.0/kerby-pkix-2.1.0.pom (2.2 kB at 111 kB/s)
Downloading from central: https://repo.maven.apache.org/maven2/org/apache/kerby/kerby-asn1/2.1.0/kerby-asn1-2.1.0.pom
Progress (1): 875 BProgress (1): 1.4 kB                    Downloaded from central: https://repo.maven.apache.org/maven2/org/apache/kerby/kerby-asn1/2.1.0/kerby-asn1-2.1.0.pom (1.4 kB at 64 kB/s)
Downloading from central: https://repo.maven.apache.org/maven2/org/apache/kerby/kerby-util/2.1.0/kerby-util-2.1.0.pom
Progress (1): 876 BProgress (1): 1.4 kB                    Downloaded from central: https://repo.maven.apache.org/maven2/org/apache/kerby/kerby-util/2.1.0/kerby-util-2.1.0.pom (1.4 kB at 75 kB/s)
Downloading from central: https://repo.maven.apache.org/maven2/org/apache/kerby/kerb-common/2.1.0/kerb-common-2.1.0.pom
Progress (1): 863 BProgress (1): 1.9 kB                    Downloaded from central: https://repo.maven.apache.org/maven2/org/apache/kerby/kerb-common/2.1.0/kerb-common-2.1.0.pom (1.9 kB at 81 kB/s)
Downloading from central: https://repo.maven.apache.org/maven2/org/apache/kerby/kerb-crypto/2.1.0/kerb-crypto-2.1.0.pom
Progress (1): 874 BProgress (1): 1.7 kB                    Downloaded from central: https://repo.maven.apache.org/maven2/org/apache/kerby/kerb-crypto/2.1.0/kerb-crypto-2.1.0.pom (1.7 kB at 69 kB/s)
Downloading from central: https://repo.maven.apache.org/maven2/org/apache/kerby/kerb-util/2.1.0/kerb-util-2.1.0.pom
Progress (1): 863 BProgress (1): 1.9 kB                    Downloaded from central: https://repo.maven.apache.org/maven2/org/apache/kerby/kerb-util/2.1.0/kerb-util-2.1.0.pom (1.9 kB at 108 kB/s)
Downloading from central: https://repo.maven.apache.org/maven2/org/apache/kerby/token-provider/2.1.0/token-provider-2.1.0.pom
Progress (1): 857 BProgress (1): 1.7 kB                    Downloaded from central: https://repo.maven.apache.org/maven2/org/apache/kerby/token-provider/2.1.0/token-provider-2.1.0.pom (1.7 kB at 81 kB/s)
Downloading from central: https://repo.maven.apache.org/maven2/org/apache/kerby/kerby-provider/2.1.0/kerby-provider-2.1.0.pom
Progress (1): 883 BProgress (1): 1.2 kB                    Downloaded from central: https://repo.maven.apache.org/maven2/org/apache/kerby/kerby-provider/2.1.0/kerby-provider-2.1.0.pom (1.2 kB at 51 kB/s)
Downloading from central: https://repo.maven.apache.org/maven2/com/nimbusds/nimbus-jose-jwt/9.40/nimbus-jose-jwt-9.40.pom
Progress (1): 904 BProgress (1): 3.3 kBProgress (1): 6.2 kBProgress (1): 9.5 kBProgress (1): 13 kB Progress (1): 16 kB                   Downloaded from central: https://repo.maven.apache.org/maven2/com/nimbusds/nimbus-jose-jwt/9.40/nimbus-jose-jwt-9.40.pom (16 kB at 645 kB/s)
Downloading from central: https://repo.maven.apache.org/maven2/org/apache/kerby/kerb-core/1.1.0/kerb-core-1.1.0.pom
Progress (1): 869 BProgress (1): 1.5 kB                    Downloaded from central: https://repo.maven.apache.org/maven2/org/apache/kerby/kerb-core/1.1.0/kerb-core-1.1.0.pom (1.5 kB at 34 kB/s)
Downloading from central: https://repo.maven.apache.org/maven2/org/apache/kerby/kerby-kerb/1.1.0/kerby-kerb-1.1.0.pom
Progress (1): 874 BProgress (1): 1.7 kB                    Downloaded from central: https://repo.maven.apache.org/maven2/org/apache/kerby/kerby-kerb/1.1.0/kerby-kerb-1.1.0.pom (1.7 kB at 68 kB/s)
Downloading from central: https://repo.maven.apache.org/maven2/org/apache/kerby/kerby-all/1.1.0/kerby-all-1.1.0.pom
Progress (1): 812 BProgress (1): 2.3 kBProgress (1): 4.6 kBProgress (1): 7.5 kBProgress (1): 8.2 kBProgress (1): 12 kB Progress (1): 15 kBProgress (1): 16 kB                   Downloaded from central: https://repo.maven.apache.org/maven2/org/apache/kerby/kerby-all/1.1.0/kerby-all-1.1.0.pom (16 kB at 554 kB/s)
Downloading from central: https://repo.maven.apache.org/maven2/org/apache/kerby/kerby-pkix/1.1.0/kerby-pkix-1.1.0.pom
Progress (1): 862 BProgress (1): 2.2 kB                    Downloaded from central: https://repo.maven.apache.org/maven2/org/apache/kerby/kerby-pkix/1.1.0/kerby-pkix-1.1.0.pom (2.2 kB at 97 kB/s)
Downloading from central: https://repo.maven.apache.org/maven2/org/apache/kerby/kerby-asn1/1.1.0/kerby-asn1-1.1.0.pom
Progress (1): 881 BProgress (1): 1.4 kB                    Downloaded from central: https://repo.maven.apache.org/maven2/org/apache/kerby/kerby-asn1/1.1.0/kerby-asn1-1.1.0.pom (1.4 kB at 66 kB/s)
Downloading from central: https://repo.maven.apache.org/maven2/org/apache/kerby/kerby-common/1.1.0/kerby-common-1.1.0.pom
Progress (1): 876 BProgress (1): 1.3 kB                    Downloaded from central: https://repo.maven.apache.org/maven2/org/apache/kerby/kerby-common/1.1.0/kerby-common-1.1.0.pom (1.3 kB at 53 kB/s)
Downloading from central: https://repo.maven.apache.org/maven2/org/apache/kerby/kerby-util/1.1.0/kerby-util-1.1.0.pom
Progress (1): 876 BProgress (1): 1.4 kB                    Downloaded from central: https://repo.maven.apache.org/maven2/org/apache/kerby/kerby-util/1.1.0/kerby-util-1.1.0.pom (1.4 kB at 70 kB/s)
Downloading from central: https://repo.maven.apache.org/maven2/javax/xml/bind/jaxb-api/2.3.1/jaxb-api-2.3.1.jar
Downloading from central: https://repo.maven.apache.org/maven2/javax/activation/javax.activation-api/1.2.0/javax.activation-api-1.2.0.jar
Downloading from central: https://repo.maven.apache.org/maven2/org/glassfish/jaxb/jaxb-runtime/2.3.1/jaxb-runtime-2.3.1.jar
Downloading from central: https://repo.maven.apache.org/maven2/org/glassfish/jaxb/txw2/4.0.5/txw2-4.0.5.jar
Downloading from central: https://repo.maven.apache.org/maven2/com/sun/istack/istack-commons-runtime/4.1.2/istack-commons-runtime-4.1.2.jar
Progress (1): 7.7/128 kBProgress (1): 16/128 kB Progress (1): 28/128 kBProgress (1): 44/128 kBProgress (1): 61/128 kBProgress (1): 77/128 kBProgress (1): 94/128 kBProgress (1): 110/128 kBProgress (1): 126/128 kBProgress (1): 128 kB                        Downloaded from central: https://repo.maven.apache.org/maven2/javax/xml/bind/jaxb-api/2.3.1/jaxb-api-2.3.1.jar (128 kB at 2.7 MB/s)
Downloading from central: https://repo.maven.apache.org/maven2/org/jvnet/staxex/stax-ex/2.1.0/stax-ex-2.1.0.jar
Progress (1): 7.7/39 kBProgress (1): 16/39 kB Progress (1): 32/39 kBProgress (1): 39 kB   Progress (2): 39 kB | 0.9/57 kBProgress (2): 39 kB | 2.3/57 kBProgress (2): 39 kB | 3.7/57 kB                               Downloaded from central: https://repo.maven.apache.org/maven2/org/jvnet/staxex/stax-ex/2.1.0/stax-ex-2.1.0.jar (39 kB at 572 kB/s)
Downloading from central: https://repo.maven.apache.org/maven2/jakarta/activation/jakarta.activation-api/2.1.3/jakarta.activation-api-2.1.3.jar
Progress (2): 3.7/57 kB | 0.9/73 kBProgress (2): 3.7/57 kB | 2.3/73 kBProgress (2): 3.7/57 kB | 3.7/73 kBProgress (2): 3.7/57 kB | 5.0/73 kBProgress (2): 3.7/57 kB | 6.4/73 kBProgress (2): 3.7/57 kB | 7.8/73 kBProgress (2): 3.7/57 kB | 9.1/73 kBProgress (2): 3.7/57 kB | 11/73 kB Progress (2): 3.7/57 kB | 12/73 kBProgress (2): 3.7/57 kB | 13/73 kBProgress (2): 3.7/57 kB | 15/73 kBProgress (2): 3.7/57 kB | 16/73 kBProgress (2): 3.7/57 kB | 17/73 kBProgress (2): 3.7/57 kB | 18/73 kBProgress (2): 3.7/57 kB | 20/73 kBProgress (2): 3.7/57 kB | 21/73 kBProgress (2): 3.7/57 kB | 23/73 kBProgress (2): 3.7/57 kB | 24/73 kBProgress (2): 3.7/57 kB | 25/73 kBProgress (2): 3.7/57 kB | 27/73 kBProgress (3): 3.7/57 kB | 27/73 kB | 0.9/26 kBProgress (3): 3.7/57 kB | 27/73 kB | 2.3/26 kBProgress (3): 3.7/57 kB | 27/73 kB | 3.7/26 kBProgress (3): 3.7/57 kB | 27/73 kB | 5.0/26 kBProgress (3): 3.7/57 kB | 27/73 kB | 6.4/26 kBProgress (3): 3.7/57 kB | 27/73 kB | 7.8/26 kBProgress (3): 3.7/57 kB | 27/73 kB | 9.1/26 kBProgress (3): 3.7/57 kB | 27/73 kB | 11/26 kB Progress (3): 3.7/57 kB | 27/73 kB | 12/26 kBProgress (3): 3.7/57 kB | 27/73 kB | 13/26 kBProgress (3): 3.7/57 kB | 27/73 kB | 15/26 kBProgress (3): 3.7/57 kB | 27/73 kB | 16/26 kBProgress (3): 3.7/57 kB | 27/73 kB | 17/26 kBProgress (3): 3.7/57 kB | 27/73 kB | 19/26 kBProgress (3): 5.0/57 kB | 27/73 kB | 19/26 kBProgress (3): 6.4/57 kB | 27/73 kB | 19/26 kBProgress (3): 7.8/57 kB | 27/73 kB | 19/26 kBProgress (3): 9.1/57 kB | 27/73 kB | 19/26 kBProgress (3): 11/57 kB | 27/73 kB | 19/26 kB Progress (3): 12/57 kB | 27/73 kB | 19/26 kBProgress (3): 13/57 kB | 27/73 kB | 19/26 kBProgress (3): 15/57 kB | 27/73 kB | 19/26 kBProgress (3): 16/57 kB | 27/73 kB | 19/26 kBProgress (3): 17/57 kB | 27/73 kB | 19/26 kBProgress (3): 19/57 kB | 27/73 kB | 19/26 kBProgress (3): 20/57 kB | 27/73 kB | 19/26 kBProgress (3): 21/57 kB | 27/73 kB | 19/26 kBProgress (3): 23/57 kB | 27/73 kB | 19/26 kBProgress (4): 23/57 kB | 27/73 kB | 19/26 kB | 0/1.1 MBProgress (4): 23/57 kB | 27/73 kB | 20/26 kB | 0/1.1 MBProgress (4): 23/57 kB | 27/73 kB | 20/26 kB | 0/1.1 MBProgress (4): 23/57 kB | 27/73 kB | 21/26 kB | 0/1.1 MBProgress (4): 23/57 kB | 27/73 kB | 21/26 kB | 0/1.1 MBProgress (4): 23/57 kB | 27/73 kB | 23/26 kB | 0/1.1 MBProgress (4): 23/57 kB | 27/73 kB | 23/26 kB | 0/1.1 MBProgress (4): 23/57 kB | 27/73 kB | 24/26 kB | 0/1.1 MBProgress (4): 23/57 kB | 27/73 kB | 24/26 kB | 0/1.1 MBProgress (4): 23/57 kB | 27/73 kB | 26/26 kB | 0/1.1 MBProgress (4): 23/57 kB | 27/73 kB | 26/26 kB | 0/1.1 MBProgress (4): 23/57 kB | 27/73 kB | 26 kB | 0/1.1 MB   Progress (4): 23/57 kB | 27/73 kB | 26 kB | 0/1.1 MBProgress (4): 23/57 kB | 27/73 kB | 26 kB | 0/1.1 MBProgress (4): 23/57 kB | 27/73 kB | 26 kB | 0/1.1 MBProgress (4): 23/57 kB | 27/73 kB | 26 kB | 0/1.1 MBProgress (4): 23/57 kB | 27/73 kB | 26 kB | 0/1.1 MBProgress (4): 23/57 kB | 27/73 kB | 26 kB | 0/1.1 MBProgress (4): 23/57 kB | 27/73 kB | 26 kB | 0/1.1 MBProgress (4): 23/57 kB | 27/73 kB | 26 kB | 0/1.1 MBProgress (4): 23/57 kB | 27/73 kB | 26 kB | 0/1.1 MB                                                    Downloaded from central: https://repo.maven.apache.org/maven2/com/sun/istack/istack-commons-runtime/4.1.2/istack-commons-runtime-4.1.2.jar (26 kB at 311 kB/s)
Downloading from central: https://repo.maven.apache.org/maven2/com/sun/xml/fastinfoset/FastInfoset/2.1.1/FastInfoset-2.1.1.jar
Progress (3): 24/57 kB | 27/73 kB | 0/1.1 MBProgress (3): 26/57 kB | 27/73 kB | 0/1.1 MBProgress (3): 27/57 kB | 27/73 kB | 0/1.1 MBProgress (3): 28/57 kB | 27/73 kB | 0/1.1 MBProgress (3): 30/57 kB | 27/73 kB | 0/1.1 MBProgress (3): 31/57 kB | 27/73 kB | 0/1.1 MBProgress (3): 32/57 kB | 27/73 kB | 0/1.1 MBProgress (3): 34/57 kB | 27/73 kB | 0/1.1 MBProgress (3): 35/57 kB | 27/73 kB | 0/1.1 MBProgress (3): 37/57 kB | 27/73 kB | 0/1.1 MBProgress (3): 38/57 kB | 27/73 kB | 0/1.1 MBProgress (3): 39/57 kB | 27/73 kB | 0/1.1 MBProgress (3): 41/57 kB | 27/73 kB | 0/1.1 MBProgress (3): 42/57 kB | 27/73 kB | 0/1.1 MBProgress (3): 43/57 kB | 27/73 kB | 0/1.1 MBProgress (3): 45/57 kB | 27/73 kB | 0/1.1 MBProgress (3): 46/57 kB | 27/73 kB | 0/1.1 MBProgress (3): 47/57 kB | 27/73 kB | 0/1.1 MBProgress (3): 49/57 kB | 27/73 kB | 0/1.1 MBProgress (3): 50/57 kB | 27/73 kB | 0/1.1 MBProgress (3): 52/57 kB | 27/73 kB | 0/1.1 MBProgress (3): 53/57 kB | 27/73 kB | 0/1.1 MBProgress (3): 54/57 kB | 27/73 kB | 0/1.1 MBProgress (3): 56/57 kB | 27/73 kB | 0/1.1 MBProgress (3): 57 kB | 27/73 kB | 0/1.1 MB   Progress (3): 57 kB | 28/73 kB | 0/1.1 MBProgress (3): 57 kB | 28/73 kB | 0/1.1 MBProgress (3): 57 kB | 29/73 kB | 0/1.1 MBProgress (3): 57 kB | 29/73 kB | 0/1.1 MBProgress (3): 57 kB | 31/73 kB | 0/1.1 MBProgress (3): 57 kB | 31/73 kB | 0/1.1 MBProgress (3): 57 kB | 32/73 kB | 0/1.1 MBProgress (3): 57 kB | 32/73 kB | 0/1.1 MBProgress (3): 57 kB | 33/73 kB | 0/1.1 MBProgress (3): 57 kB | 33/73 kB | 0/1.1 MBProgress (3): 57 kB | 35/73 kB | 0/1.1 MBProgress (3): 57 kB | 35/73 kB | 0/1.1 MBProgress (3): 57 kB | 36/73 kB | 0/1.1 MBProgress (3): 57 kB | 36/73 kB | 0/1.1 MBProgress (3): 57 kB | 36/73 kB | 0/1.1 MBProgress (3): 57 kB | 38/73 kB | 0/1.1 MBProgress (3): 57 kB | 39/73 kB | 0/1.1 MBProgress (3): 57 kB | 39/73 kB | 0/1.1 MBProgress (3): 57 kB | 40/73 kB | 0/1.1 MBProgress (3): 57 kB | 40/73 kB | 0/1.1 MBProgress (3): 57 kB | 40/73 kB | 0/1.1 MBProgress (3): 57 kB | 42/73 kB | 0/1.1 MBProgress (3): 57 kB | 43/73 kB | 0/1.1 MBProgress (3): 57 kB | 43/73 kB | 0/1.1 MBProgress (3): 57 kB | 44/73 kB | 0/1.1 MBProgress (3): 57 kB | 44/73 kB | 0/1.1 MBProgress (3): 57 kB | 44/73 kB | 0/1.1 MBProgress (3): 57 kB | 46/73 kB | 0/1.1 MBProgress (3): 57 kB | 47/73 kB | 0/1.1 MBProgress (3): 57 kB | 47/73 kB | 0/1.1 MBProgress (3): 57 kB | 49/73 kB | 0/1.1 MBProgress (3): 57 kB | 49/73 kB | 0/1.1 MBProgress (3): 57 kB | 49/73 kB | 0/1.1 MBProgress (3): 57 kB | 50/73 kB | 0/1.1 MBProgress (3): 57 kB | 51/73 kB | 0/1.1 MBProgress (3): 57 kB | 51/73 kB | 0/1.1 MBProgress (3): 57 kB | 53/73 kB | 0/1.1 MBProgress (3): 57 kB | 53/73 kB | 0/1.1 MBProgress (3): 57 kB | 54/73 kB | 0/1.1 MBProgress (3): 57 kB | 54/73 kB | 0/1.1 MBProgress (3): 57 kB | 54/73 kB | 0/1.1 MBProgress (3): 57 kB | 55/73 kB | 0/1.1 MBProgress (3): 57 kB | 55/73 kB | 0.1/1.1 MBProgress (3): 57 kB | 55/73 kB | 0.1/1.1 MBProgress (3): 57 kB | 60/73 kB | 0.1/1.1 MBProgress (3): 57 kB | 64/73 kB | 0.1/1.1 MBProgress (3): 57 kB | 68/73 kB | 0.1/1.1 MBProgress (3): 57 kB | 72/73 kB | 0.1/1.1 MBProgress (3): 57 kB | 73 kB | 0.1/1.1 MB                                           Downloaded from central: https://repo.maven.apache.org/maven2/javax/activation/javax.activation-api/1.2.0/javax.activation-api-1.2.0.jar (57 kB at 590 kB/s)
Downloading from central: https://repo.maven.apache.org/maven2/org/apache/commons/commons-math3/3.6.1/commons-math3-3.6.1.jar
Downloaded from central: https://repo.maven.apache.org/maven2/org/glassfish/jaxb/txw2/4.0.5/txw2-4.0.5.jar (73 kB at 779 kB/s)
Downloading from central: https://repo.maven.apache.org/maven2/com/fasterxml/jackson/core/jackson-databind/2.17.2/jackson-databind-2.17.2.jar
Progress (1): 0.1/1.1 MBProgress (1): 0.1/1.1 MBProgress (1): 0.1/1.1 MBProgress (1): 0.1/1.1 MBProgress (1): 0.1/1.1 MBProgress (1): 0.1/1.1 MBProgress (1): 0.1/1.1 MBProgress (1): 0.1/1.1 MBProgress (1): 0.1/1.1 MBProgress (1): 0.1/1.1 MBProgress (2): 0.1/1.1 MB | 7.7/67 kBProgress (2): 0.1/1.1 MB | 16/67 kB Progress (2): 0.1/1.1 MB | 32/67 kBProgress (2): 0.1/1.1 MB | 32/67 kBProgress (2): 0.1/1.1 MB | 32/67 kBProgress (2): 0.1/1.1 MB | 32/67 kBProgress (2): 0.1/1.1 MB | 32/67 kBProgress (2): 0.1/1.1 MB | 32/67 kBProgress (2): 0.1/1.1 MB | 32/67 kBProgress (2): 0.1/1.1 MB | 32/67 kBProgress (2): 0.1/1.1 MB | 32/67 kBProgress (2): 0.1/1.1 MB | 32/67 kBProgress (2): 0.1/1.1 MB | 32/67 kBProgress (2): 0.1/1.1 MB | 32/67 kBProgress (2): 0.1/1.1 MB | 32/67 kBProgress (2): 0.1/1.1 MB | 32/67 kBProgress (2): 0.1/1.1 MB | 32/67 kBProgress (2): 0.1/1.1 MB | 48/67 kBProgress (2): 0.1/1.1 MB | 65/67 kBProgress (2): 0.1/1.1 MB | 67 kB                                   Downloaded from central: https://repo.maven.apache.org/maven2/jakarta/activation/jakarta.activation-api/2.1.3/jakarta.activation-api-2.1.3.jar (67 kB at 686 kB/s)
Downloading from central: https://repo.maven.apache.org/maven2/com/fasterxml/jackson/core/jackson-annotations/2.17.2/jackson-annotations-2.17.2.jar
Progress (2): 0.1/1.1 MB | 3.8/318 kBProgress (2): 0.1/1.1 MB | 8.0/318 kBProgress (2): 0.1/1.1 MB | 12/318 kB Progress (2): 0.1/1.1 MB | 16/318 kBProgress (2): 0.1/1.1 MB | 20/318 kBProgress (2): 0.1/1.1 MB | 24/318 kBProgress (2): 0.1/1.1 MB | 28/318 kBProgress (2): 0.1/1.1 MB | 33/318 kBProgress (2): 0.1/1.1 MB | 37/318 kBProgress (2): 0.1/1.1 MB | 41/318 kBProgress (2): 0.1/1.1 MB | 41/318 kBProgress (2): 0.2/1.1 MB | 41/318 kBProgress (2): 0.2/1.1 MB | 41/318 kBProgress (2): 0.2/1.1 MB | 41/318 kBProgress (2): 0.2/1.1 MB | 41/318 kBProgress (2): 0.2/1.1 MB | 41/318 kBProgress (2): 0.2/1.1 MB | 41/318 kBProgress (2): 0.2/1.1 MB | 41/318 kBProgress (2): 0.2/1.1 MB | 41/318 kBProgress (2): 0.2/1.1 MB | 41/318 kBProgress (2): 0.2/1.1 MB | 41/318 kBProgress (3): 0.2/1.1 MB | 41/318 kB | 0/2.2 MBProgress (3): 0.2/1.1 MB | 41/318 kB | 0/2.2 MBProgress (3): 0.2/1.1 MB | 41/318 kB | 0/2.2 MBProgress (3): 0.2/1.1 MB | 41/318 kB | 0/2.2 MBProgress (3): 0.2/1.1 MB | 41/318 kB | 0/2.2 MBProgress (3): 0.2/1.1 MB | 41/318 kB | 0/2.2 MBProgress (3): 0.2/1.1 MB | 41/318 kB | 0/2.2 MBProgress (3): 0.2/1.1 MB | 45/318 kB | 0/2.2 MBProgress (3): 0.2/1.1 MB | 50/318 kB | 0/2.2 MBProgress (3): 0.2/1.1 MB | 54/318 kB | 0/2.2 MBProgress (3): 0.2/1.1 MB | 58/318 kB | 0/2.2 MBProgress (3): 0.2/1.1 MB | 62/318 kB | 0/2.2 MBProgress (3): 0.2/1.1 MB | 66/318 kB | 0/2.2 MBProgress (3): 0.2/1.1 MB | 71/318 kB | 0/2.2 MBProgress (3): 0.2/1.1 MB | 75/318 kB | 0/2.2 MBProgress (3): 0.2/1.1 MB | 79/318 kB | 0/2.2 MBProgress (3): 0.2/1.1 MB | 83/318 kB | 0/2.2 MBProgress (3): 0.2/1.1 MB | 88/318 kB | 0/2.2 MBProgress (3): 0.2/1.1 MB | 88/318 kB | 0/2.2 MBProgress (3): 0.2/1.1 MB | 88/318 kB | 0/2.2 MBProgress (3): 0.2/1.1 MB | 88/318 kB | 0/2.2 MBProgress (3): 0.2/1.1 MB | 88/318 kB | 0/2.2 MBProgress (3): 0.2/1.1 MB | 88/318 kB | 0/2.2 MBProgress (3): 0.2/1.1 MB | 88/318 kB | 0/2.2 MBProgress (3): 0.2/1.1 MB | 88/318 kB | 0/2.2 MBProgress (3): 0.2/1.1 MB | 88/318 kB | 0/2.2 MBProgress (3): 0.2/1.1 MB | 88/318 kB | 0/2.2 MBProgress (3): 0.2/1.1 MB | 88/318 kB | 0/2.2 MBProgress (3): 0.2/1.1 MB | 88/318 kB | 0.1/2.2 MBProgress (3): 0.2/1.1 MB | 88/318 kB | 0.1/2.2 MBProgress (4): 0.2/1.1 MB | 88/318 kB | 0.1/2.2 MB | 0/1.6 MBProgress (4): 0.2/1.1 MB | 88/318 kB | 0.1/2.2 MB | 0/1.6 MBProgress (4): 0.2/1.1 MB | 88/318 kB | 0.1/2.2 MB | 0/1.6 MBProgress (4): 0.2/1.1 MB | 88/318 kB | 0.1/2.2 MB | 0/1.6 MBProgress (4): 0.2/1.1 MB | 88/318 kB | 0.1/2.2 MB | 0/1.6 MBProgress (4): 0.2/1.1 MB | 88/318 kB | 0.1/2.2 MB | 0/1.6 MBProgress (4): 0.2/1.1 MB | 88/318 kB | 0.1/2.2 MB | 0/1.6 MBProgress (4): 0.2/1.1 MB | 88/318 kB | 0.1/2.2 MB | 0/1.6 MBProgress (4): 0.2/1.1 MB | 88/318 kB | 0.1/2.2 MB | 0/1.6 MBProgress (4): 0.2/1.1 MB | 88/318 kB | 0.1/2.2 MB | 0/1.6 MBProgress (4): 0.2/1.1 MB | 88/318 kB | 0.1/2.2 MB | 0/1.6 MBProgress (4): 0.2/1.1 MB | 88/318 kB | 0.1/2.2 MB | 0/1.6 MBProgress (4): 0.2/1.1 MB | 88/318 kB | 0.1/2.2 MB | 0/1.6 MBProgress (4): 0.2/1.1 MB | 88/318 kB | 0.1/2.2 MB | 0/1.6 MBProgress (4): 0.2/1.1 MB | 88/318 kB | 0.1/2.2 MB | 0/1.6 MBProgress (4): 0.2/1.1 MB | 88/318 kB | 0.1/2.2 MB | 0/1.6 MBProgress (4): 0.2/1.1 MB | 88/318 kB | 0.1/2.2 MB | 0/1.6 MBProgress (4): 0.2/1.1 MB | 88/318 kB | 0.1/2.2 MB | 0/1.6 MBProgress (4): 0.2/1.1 MB | 88/318 kB | 0.1/2.2 MB | 0/1.6 MBProgress (4): 0.2/1.1 MB | 88/318 kB | 0.1/2.2 MB | 0/1.6 MBProgress (4): 0.2/1.1 MB | 88/318 kB | 0.1/2.2 MB | 0/1.6 MBProgress (4): 0.2/1.1 MB | 88/318 kB | 0.1/2.2 MB | 0/1.6 MBProgress (4): 0.2/1.1 MB | 88/318 kB | 0.1/2.2 MB | 0/1.6 MBProgress (4): 0.2/1.1 MB | 88/318 kB | 0.1/2.2 MB | 0/1.6 MBProgress (4): 0.2/1.1 MB | 92/318 kB | 0.1/2.2 MB | 0/1.6 MBProgress (4): 0.2/1.1 MB | 96/318 kB | 0.1/2.2 MB | 0/1.6 MBProgress (4): 0.2/1.1 MB | 100/318 kB | 0.1/2.2 MB | 0/1.6 MBProgress (4): 0.2/1.1 MB | 104/318 kB | 0.1/2.2 MB | 0/1.6 MBProgress (4): 0.2/1.1 MB | 109/318 kB | 0.1/2.2 MB | 0/1.6 MBProgress (4): 0.2/1.1 MB | 113/318 kB | 0.1/2.2 MB | 0/1.6 MBProgress (4): 0.2/1.1 MB | 117/318 kB | 0.1/2.2 MB | 0/1.6 MBProgress (4): 0.2/1.1 MB | 121/318 kB | 0.1/2.2 MB | 0/1.6 MBProgress (4): 0.2/1.1 MB | 126/318 kB | 0.1/2.2 MB | 0/1.6 MBProgress (4): 0.2/1.1 MB | 130/318 kB | 0.1/2.2 MB | 0/1.6 MBProgress (4): 0.2/1.1 MB | 134/318 kB | 0.1/2.2 MB | 0/1.6 MBProgress (4): 0.2/1.1 MB | 134/318 kB | 0.1/2.2 MB | 0/1.6 MBProgress (4): 0.2/1.1 MB | 134/318 kB | 0.1/2.2 MB | 0/1.6 MBProgress (4): 0.2/1.1 MB | 134/318 kB | 0.1/2.2 MB | 0/1.6 MBProgress (4): 0.2/1.1 MB | 134/318 kB | 0.1/2.2 MB | 0/1.6 MBProgress (4): 0.2/1.1 MB | 134/318 kB | 0.1/2.2 MB | 0/1.6 MBProgress (4): 0.2/1.1 MB | 134/318 kB | 0.1/2.2 MB | 0/1.6 MBProgress (4): 0.2/1.1 MB | 134/318 kB | 0.1/2.2 MB | 0/1.6 MBProgress (4): 0.2/1.1 MB | 134/318 kB | 0.1/2.2 MB | 0/1.6 MBProgress (4): 0.2/1.1 MB | 134/318 kB | 0.1/2.2 MB | 0/1.6 MBProgress (4): 0.2/1.1 MB | 134/318 kB | 0.1/2.2 MB | 0/1.6 MBProgress (4): 0.2/1.1 MB | 134/318 kB | 0.1/2.2 MB | 0/1.6 MBProgress (4): 0.2/1.1 MB | 134/318 kB | 0.1/2.2 MB | 0/1.6 MBProgress (4): 0.2/1.1 MB | 134/318 kB | 0.1/2.2 MB | 0/1.6 MBProgress (4): 0.2/1.1 MB | 134/318 kB | 0.1/2.2 MB | 0/1.6 MBProgress (4): 0.2/1.1 MB | 134/318 kB | 0.1/2.2 MB | 0/1.6 MBProgress (4): 0.2/1.1 MB | 134/318 kB | 0.1/2.2 MB | 0/1.6 MBProgress (4): 0.2/1.1 MB | 134/318 kB | 0.1/2.2 MB | 0.1/1.6 MBProgress (4): 0.2/1.1 MB | 134/318 kB | 0.1/2.2 MB | 0.1/1.6 MBProgress (4): 0.2/1.1 MB | 134/318 kB | 0.1/2.2 MB | 0.1/1.6 MBProgress (4): 0.2/1.1 MB | 134/318 kB | 0.1/2.2 MB | 0.1/1.6 MBProgress (4): 0.2/1.1 MB | 134/318 kB | 0.1/2.2 MB | 0.1/1.6 MBProgress (4): 0.2/1.1 MB | 134/318 kB | 0.1/2.2 MB | 0.1/1.6 MBProgress (4): 0.2/1.1 MB | 134/318 kB | 0.1/2.2 MB | 0.1/1.6 MBProgress (4): 0.2/1.1 MB | 134/318 kB | 0.1/2.2 MB | 0.1/1.6 MBProgress (4): 0.3/1.1 MB | 134/318 kB | 0.1/2.2 MB | 0.1/1.6 MBProgress (4): 0.3/1.1 MB | 134/318 kB | 0.1/2.2 MB | 0.1/1.6 MBProgress (4): 0.3/1.1 MB | 134/318 kB | 0.1/2.2 MB | 0.1/1.6 MBProgress (4): 0.3/1.1 MB | 134/318 kB | 0.1/2.2 MB | 0.1/1.6 MBProgress (4): 0.3/1.1 MB | 134/318 kB | 0.1/2.2 MB | 0.1/1.6 MBProgress (5): 0.3/1.1 MB | 134/318 kB | 0.1/2.2 MB | 0.1/1.6 MB | 7.7/78 kBProgress (5): 0.3/1.1 MB | 134/318 kB | 0.1/2.2 MB | 0.1/1.6 MB | 16/78 kB Progress (5): 0.3/1.1 MB | 134/318 kB | 0.1/2.2 MB | 0.1/1.6 MB | 32/78 kBProgress (5): 0.3/1.1 MB | 138/318 kB | 0.1/2.2 MB | 0.1/1.6 MB | 32/78 kBProgress (5): 0.3/1.1 MB | 143/318 kB | 0.1/2.2 MB | 0.1/1.6 MB | 32/78 kBProgress (5): 0.3/1.1 MB | 147/318 kB | 0.1/2.2 MB | 0.1/1.6 MB | 32/78 kBProgress (5): 0.3/1.1 MB | 147/318 kB | 0.1/2.2 MB | 0.1/1.6 MB | 32/78 kBProgress (5): 0.3/1.1 MB | 151/318 kB | 0.1/2.2 MB | 0.1/1.6 MB | 32/78 kBProgress (5): 0.3/1.1 MB | 151/318 kB | 0.1/2.2 MB | 0.1/1.6 MB | 32/78 kBProgress (5): 0.3/1.1 MB | 151/318 kB | 0.1/2.2 MB | 0.1/1.6 MB | 32/78 kBProgress (5): 0.3/1.1 MB | 151/318 kB | 0.1/2.2 MB | 0.1/1.6 MB | 32/78 kBProgress (5): 0.3/1.1 MB | 151/318 kB | 0.1/2.2 MB | 0.1/1.6 MB | 32/78 kBProgress (5): 0.3/1.1 MB | 151/318 kB | 0.1/2.2 MB | 0.1/1.6 MB | 32/78 kBProgress (5): 0.3/1.1 MB | 151/318 kB | 0.1/2.2 MB | 0.1/1.6 MB | 32/78 kBProgress (5): 0.3/1.1 MB | 151/318 kB | 0.1/2.2 MB | 0.1/1.6 MB | 32/78 kBProgress (5): 0.3/1.1 MB | 151/318 kB | 0.1/2.2 MB | 0.1/1.6 MB | 32/78 kBProgress (5): 0.3/1.1 MB | 151/318 kB | 0.1/2.2 MB | 0.1/1.6 MB | 32/78 kBProgress (5): 0.3/1.1 MB | 155/318 kB | 0.1/2.2 MB | 0.1/1.6 MB | 32/78 kBProgress (5): 0.3/1.1 MB | 159/318 kB | 0.1/2.2 MB | 0.1/1.6 MB | 32/78 kBProgress (5): 0.3/1.1 MB | 164/318 kB | 0.1/2.2 MB | 0.1/1.6 MB | 32/78 kBProgress (5): 0.3/1.1 MB | 164/318 kB | 0.1/2.2 MB | 0.1/1.6 MB | 32/78 kBProgress (5): 0.3/1.1 MB | 164/318 kB | 0.1/2.2 MB | 0.1/1.6 MB | 32/78 kBProgress (5): 0.3/1.1 MB | 164/318 kB | 0.1/2.2 MB | 0.1/1.6 MB | 32/78 kBProgress (5): 0.3/1.1 MB | 164/318 kB | 0.1/2.2 MB | 0.1/1.6 MB | 32/78 kBProgress (5): 0.3/1.1 MB | 164/318 kB | 0.1/2.2 MB | 0.1/1.6 MB | 32/78 kBProgress (5): 0.3/1.1 MB | 164/318 kB | 0.1/2.2 MB | 0.1/1.6 MB | 32/78 kBProgress (5): 0.3/1.1 MB | 164/318 kB | 0.1/2.2 MB | 0.1/1.6 MB | 32/78 kBProgress (5): 0.3/1.1 MB | 164/318 kB | 0.1/2.2 MB | 0.1/1.6 MB | 48/78 kBProgress (5): 0.3/1.1 MB | 164/318 kB | 0.1/2.2 MB | 0.1/1.6 MB | 48/78 kBProgress (5): 0.3/1.1 MB | 164/318 kB | 0.1/2.2 MB | 0.1/1.6 MB | 65/78 kBProgress (5): 0.3/1.1 MB | 164/318 kB | 0.1/2.2 MB | 0.1/1.6 MB | 78 kB   Progress (5): 0.3/1.1 MB | 164/318 kB | 0.1/2.2 MB | 0.1/1.6 MB | 78 kBProgress (5): 0.3/1.1 MB | 164/318 kB | 0.1/2.2 MB | 0.1/1.6 MB | 78 kB                                                                       Downloaded from central: https://repo.maven.apache.org/maven2/com/fasterxml/jackson/core/jackson-annotations/2.17.2/jackson-annotations-2.17.2.jar (78 kB at 590 kB/s)
Progress (4): 0.3/1.1 MB | 164/318 kB | 0.1/2.2 MB | 0.1/1.6 MBProgress (4): 0.3/1.1 MB | 180/318 kB | 0.1/2.2 MB | 0.1/1.6 MBProgress (4): 0.3/1.1 MB | 196/318 kB | 0.1/2.2 MB | 0.1/1.6 MBProgress (4): 0.3/1.1 MB | 196/318 kB | 0.1/2.2 MB | 0.1/1.6 MBProgress (4): 0.3/1.1 MB | 196/318 kB | 0.1/2.2 MB | 0.1/1.6 MBProgress (4): 0.3/1.1 MB | 196/318 kB | 0.1/2.2 MB | 0.1/1.6 MBProgress (4): 0.3/1.1 MB | 196/318 kB | 0.1/2.2 MB | 0.1/1.6 MBProgress (4): 0.3/1.1 MB | 196/318 kB | 0.1/2.2 MB | 0.1/1.6 MBProgress (4): 0.3/1.1 MB | 196/318 kB | 0.1/2.2 MB | 0.2/1.6 MBProgress (4): 0.3/1.1 MB | 196/318 kB | 0.1/2.2 MB | 0.2/1.6 MBProgress (4): 0.3/1.1 MB | 196/318 kB | 0.1/2.2 MB | 0.2/1.6 MBProgress (4): 0.3/1.1 MB | 196/318 kB | 0.1/2.2 MB | 0.2/1.6 MBProgress (4): 0.3/1.1 MB | 196/318 kB | 0.1/2.2 MB | 0.2/1.6 MBProgress (4): 0.3/1.1 MB | 213/318 kB | 0.1/2.2 MB | 0.2/1.6 MBProgress (4): 0.3/1.1 MB | 229/318 kB | 0.1/2.2 MB | 0.2/1.6 MBProgress (4): 0.3/1.1 MB | 229/318 kB | 0.2/2.2 MB | 0.2/1.6 MBProgress (4): 0.3/1.1 MB | 229/318 kB | 0.2/2.2 MB | 0.2/1.6 MBProgress (4): 0.3/1.1 MB | 229/318 kB | 0.2/2.2 MB | 0.2/1.6 MBProgress (4): 0.3/1.1 MB | 229/318 kB | 0.2/2.2 MB | 0.2/1.6 MB                                                               Downloading from central: https://repo.maven.apache.org/maven2/com/fasterxml/jackson/core/jackson-core/2.17.2/jackson-core-2.17.2.jar
Progress (4): 0.3/1.1 MB | 229/318 kB | 0.2/2.2 MB | 0.2/1.6 MBProgress (4): 0.3/1.1 MB | 229/318 kB | 0.2/2.2 MB | 0.2/1.6 MBProgress (4): 0.3/1.1 MB | 229/318 kB | 0.2/2.2 MB | 0.2/1.6 MBProgress (4): 0.3/1.1 MB | 246/318 kB | 0.2/2.2 MB | 0.2/1.6 MBProgress (4): 0.3/1.1 MB | 246/318 kB | 0.2/2.2 MB | 0.2/1.6 MBProgress (4): 0.3/1.1 MB | 262/318 kB | 0.2/2.2 MB | 0.2/1.6 MBProgress (4): 0.4/1.1 MB | 262/318 kB | 0.2/2.2 MB | 0.2/1.6 MBProgress (4): 0.4/1.1 MB | 278/318 kB | 0.2/2.2 MB | 0.2/1.6 MBProgress (4): 0.4/1.1 MB | 278/318 kB | 0.2/2.2 MB | 0.2/1.6 MBProgress (4): 0.4/1.1 MB | 278/318 kB | 0.2/2.2 MB | 0.2/1.6 MBProgress (4): 0.4/1.1 MB | 278/318 kB | 0.2/2.2 MB | 0.2/1.6 MBProgress (4): 0.4/1.1 MB | 278/318 kB | 0.2/2.2 MB | 0.2/1.6 MBProgress (4): 0.4/1.1 MB | 278/318 kB | 0.2/2.2 MB | 0.2/1.6 MBProgress (4): 0.4/1.1 MB | 278/318 kB | 0.2/2.2 MB | 0.2/1.6 MBProgress (4): 0.4/1.1 MB | 278/318 kB | 0.2/2.2 MB | 0.2/1.6 MBProgress (4): 0.4/1.1 MB | 278/318 kB | 0.2/2.2 MB | 0.2/1.6 MBProgress (4): 0.4/1.1 MB | 278/318 kB | 0.2/2.2 MB | 0.2/1.6 MBProgress (4): 0.4/1.1 MB | 278/318 kB | 0.3/2.2 MB | 0.2/1.6 MBProgress (4): 0.4/1.1 MB | 278/318 kB | 0.3/2.2 MB | 0.2/1.6 MBProgress (4): 0.4/1.1 MB | 294/318 kB | 0.3/2.2 MB | 0.2/1.6 MBProgress (4): 0.4/1.1 MB | 311/318 kB | 0.3/2.2 MB | 0.2/1.6 MBProgress (4): 0.4/1.1 MB | 318 kB | 0.3/2.2 MB | 0.2/1.6 MB                                                               Downloaded from central: https://repo.maven.apache.org/maven2/com/sun/xml/fastinfoset/FastInfoset/2.1.1/FastInfoset-2.1.1.jar (318 kB at 2.2 MB/s)
Progress (3): 0.4/1.1 MB | 0.3/2.2 MB | 0.2/1.6 MBProgress (3): 0.4/1.1 MB | 0.3/2.2 MB | 0.2/1.6 MBProgress (3): 0.4/1.1 MB | 0.3/2.2 MB | 0.3/1.6 MBProgress (3): 0.4/1.1 MB | 0.3/2.2 MB | 0.3/1.6 MBProgress (3): 0.4/1.1 MB | 0.3/2.2 MB | 0.3/1.6 MBProgress (3): 0.4/1.1 MB | 0.3/2.2 MB | 0.3/1.6 MBProgress (3): 0.4/1.1 MB | 0.3/2.2 MB | 0.3/1.6 MBProgress (3): 0.4/1.1 MB | 0.3/2.2 MB | 0.3/1.6 MBProgress (3): 0.4/1.1 MB | 0.3/2.2 MB | 0.3/1.6 MBProgress (3): 0.4/1.1 MB | 0.3/2.2 MB | 0.3/1.6 MBProgress (3): 0.4/1.1 MB | 0.3/2.2 MB | 0.3/1.6 MB                                                  Downloading from central: https://repo.maven.apache.org/maven2/org/apache/poi/poi-ooxml/5.3.0/poi-ooxml-5.3.0.jar
Progress (3): 0.4/1.1 MB | 0.3/2.2 MB | 0.3/1.6 MBProgress (3): 0.4/1.1 MB | 0.3/2.2 MB | 0.3/1.6 MBProgress (3): 0.4/1.1 MB | 0.4/2.2 MB | 0.3/1.6 MBProgress (3): 0.5/1.1 MB | 0.4/2.2 MB | 0.3/1.6 MBProgress (3): 0.5/1.1 MB | 0.4/2.2 MB | 0.3/1.6 MBProgress (3): 0.5/1.1 MB | 0.4/2.2 MB | 0.3/1.6 MBProgress (3): 0.5/1.1 MB | 0.4/2.2 MB | 0.3/1.6 MBProgress (3): 0.5/1.1 MB | 0.4/2.2 MB | 0.3/1.6 MBProgress (3): 0.5/1.1 MB | 0.4/2.2 MB | 0.3/1.6 MBProgress (3): 0.5/1.1 MB | 0.4/2.2 MB | 0.4/1.6 MBProgress (3): 0.5/1.1 MB | 0.4/2.2 MB | 0.4/1.6 MBProgress (3): 0.5/1.1 MB | 0.4/2.2 MB | 0.4/1.6 MBProgress (3): 0.5/1.1 MB | 0.4/2.2 MB | 0.4/1.6 MBProgress (3): 0.5/1.1 MB | 0.4/2.2 MB | 0.4/1.6 MBProgress (3): 0.5/1.1 MB | 0.4/2.2 MB | 0.4/1.6 MBProgress (3): 0.5/1.1 MB | 0.4/2.2 MB | 0.4/1.6 MBProgress (3): 0.5/1.1 MB | 0.4/2.2 MB | 0.4/1.6 MBProgress (3): 0.5/1.1 MB | 0.5/2.2 MB | 0.4/1.6 MBProgress (3): 0.5/1.1 MB | 0.5/2.2 MB | 0.4/1.6 MBProgress (4): 0.5/1.1 MB | 0.5/2.2 MB | 0.4/1.6 MB | 7.7/582 kBProgress (4): 0.5/1.1 MB | 0.5/2.2 MB | 0.4/1.6 MB | 16/582 kB Progress (4): 0.5/1.1 MB | 0.5/2.2 MB | 0.4/1.6 MB | 16/582 kBProgress (4): 0.6/1.1 MB | 0.5/2.2 MB | 0.4/1.6 MB | 16/582 kBProgress (4): 0.6/1.1 MB | 0.5/2.2 MB | 0.4/1.6 MB | 32/582 kBProgress (4): 0.6/1.1 MB | 0.5/2.2 MB | 0.4/1.6 MB | 32/582 kBProgress (4): 0.6/1.1 MB | 0.5/2.2 MB | 0.4/1.6 MB | 32/582 kBProgress (4): 0.6/1.1 MB | 0.5/2.2 MB | 0.4/1.6 MB | 32/582 kBProgress (4): 0.6/1.1 MB | 0.5/2.2 MB | 0.4/1.6 MB | 32/582 kBProgress (4): 0.6/1.1 MB | 0.5/2.2 MB | 0.4/1.6 MB | 49/582 kBProgress (4): 0.6/1.1 MB | 0.5/2.2 MB | 0.5/1.6 MB | 49/582 kBProgress (4): 0.6/1.1 MB | 0.5/2.2 MB | 0.5/1.6 MB | 49/582 kBProgress (4): 0.6/1.1 MB | 0.5/2.2 MB | 0.5/1.6 MB | 49/582 kBProgress (4): 0.6/1.1 MB | 0.5/2.2 MB | 0.5/1.6 MB | 65/582 kBProgress (4): 0.6/1.1 MB | 0.5/2.2 MB | 0.5/1.6 MB | 65/582 kBProgress (4): 0.6/1.1 MB | 0.5/2.2 MB | 0.5/1.6 MB | 65/582 kBProgress (4): 0.6/1.1 MB | 0.5/2.2 MB | 0.5/1.6 MB | 65/582 kBProgress (4): 0.6/1.1 MB | 0.5/2.2 MB | 0.5/1.6 MB | 65/582 kBProgress (4): 0.6/1.1 MB | 0.5/2.2 MB | 0.5/1.6 MB | 65/582 kBProgress (4): 0.6/1.1 MB | 0.5/2.2 MB | 0.5/1.6 MB | 81/582 kBProgress (4): 0.6/1.1 MB | 0.5/2.2 MB | 0.5/1.6 MB | 81/582 kBProgress (4): 0.6/1.1 MB | 0.5/2.2 MB | 0.5/1.6 MB | 98/582 kBProgress (5): 0.6/1.1 MB | 0.5/2.2 MB | 0.5/1.6 MB | 98/582 kB | 0/2.0 MBProgress (5): 0.6/1.1 MB | 0.5/2.2 MB | 0.5/1.6 MB | 98/582 kB | 0/2.0 MBProgress (5): 0.6/1.1 MB | 0.5/2.2 MB | 0.5/1.6 MB | 98/582 kB | 0/2.0 MBProgress (5): 0.6/1.1 MB | 0.5/2.2 MB | 0.5/1.6 MB | 98/582 kB | 0/2.0 MBProgress (5): 0.6/1.1 MB | 0.5/2.2 MB | 0.5/1.6 MB | 98/582 kB | 0/2.0 MBProgress (5): 0.6/1.1 MB | 0.5/2.2 MB | 0.5/1.6 MB | 98/582 kB | 0/2.0 MBProgress (5): 0.6/1.1 MB | 0.5/2.2 MB | 0.5/1.6 MB | 98/582 kB | 0/2.0 MBProgress (5): 0.6/1.1 MB | 0.5/2.2 MB | 0.5/1.6 MB | 98/582 kB | 0/2.0 MBProgress (5): 0.6/1.1 MB | 0.5/2.2 MB | 0.5/1.6 MB | 98/582 kB | 0/2.0 MBProgress (5): 0.6/1.1 MB | 0.5/2.2 MB | 0.5/1.6 MB | 114/582 kB | 0/2.0 MBProgress (5): 0.6/1.1 MB | 0.5/2.2 MB | 0.5/1.6 MB | 131/582 kB | 0/2.0 MBProgress (5): 0.7/1.1 MB | 0.5/2.2 MB | 0.5/1.6 MB | 131/582 kB | 0/2.0 MBProgress (5): 0.7/1.1 MB | 0.5/2.2 MB | 0.5/1.6 MB | 147/582 kB | 0/2.0 MBProgress (5): 0.7/1.1 MB | 0.6/2.2 MB | 0.5/1.6 MB | 147/582 kB | 0/2.0 MBProgress (5): 0.7/1.1 MB | 0.6/2.2 MB | 0.5/1.6 MB | 147/582 kB | 0/2.0 MBProgress (5): 0.7/1.1 MB | 0.6/2.2 MB | 0.5/1.6 MB | 147/582 kB | 0/2.0 MBProgress (5): 0.7/1.1 MB | 0.6/2.2 MB | 0.5/1.6 MB | 147/582 kB | 0.1/2.0 MBProgress (5): 0.7/1.1 MB | 0.6/2.2 MB | 0.5/1.6 MB | 147/582 kB | 0.1/2.0 MBProgress (5): 0.7/1.1 MB | 0.6/2.2 MB | 0.5/1.6 MB | 147/582 kB | 0.1/2.0 MBProgress (5): 0.7/1.1 MB | 0.6/2.2 MB | 0.5/1.6 MB | 147/582 kB | 0.1/2.0 MBProgress (5): 0.7/1.1 MB | 0.6/2.2 MB | 0.5/1.6 MB | 147/582 kB | 0.1/2.0 MBProgress (5): 0.7/1.1 MB | 0.6/2.2 MB | 0.6/1.6 MB | 147/582 kB | 0.1/2.0 MBProgress (5): 0.7/1.1 MB | 0.6/2.2 MB | 0.6/1.6 MB | 147/582 kB | 0.1/2.0 MBProgress (5): 0.7/1.1 MB | 0.6/2.2 MB | 0.6/1.6 MB | 147/582 kB | 0.1/2.0 MBProgress (5): 0.7/1.1 MB | 0.6/2.2 MB | 0.6/1.6 MB | 147/582 kB | 0.1/2.0 MBProgress (5): 0.7/1.1 MB | 0.6/2.2 MB | 0.6/1.6 MB | 147/582 kB | 0.1/2.0 MBProgress (5): 0.7/1.1 MB | 0.6/2.2 MB | 0.6/1.6 MB | 147/582 kB | 0.1/2.0 MBProgress (5): 0.7/1.1 MB | 0.6/2.2 MB | 0.6/1.6 MB | 147/582 kB | 0.1/2.0 MBProgress (5): 0.7/1.1 MB | 0.6/2.2 MB | 0.6/1.6 MB | 147/582 kB | 0.1/2.0 MBProgress (5): 0.7/1.1 MB | 0.6/2.2 MB | 0.6/1.6 MB | 147/582 kB | 0.1/2.0 MBProgress (5): 0.7/1.1 MB | 0.6/2.2 MB | 0.6/1.6 MB | 147/582 kB | 0.1/2.0 MBProgress (5): 0.7/1.1 MB | 0.6/2.2 MB | 0.6/1.6 MB | 163/582 kB | 0.1/2.0 MBProgress (5): 0.7/1.1 MB | 0.6/2.2 MB | 0.6/1.6 MB | 180/582 kB | 0.1/2.0 MBProgress (5): 0.7/1.1 MB | 0.6/2.2 MB | 0.6/1.6 MB | 196/582 kB | 0.1/2.0 MBProgress (5): 0.7/1.1 MB | 0.6/2.2 MB | 0.6/1.6 MB | 196/582 kB | 0.1/2.0 MBProgress (5): 0.7/1.1 MB | 0.6/2.2 MB | 0.6/1.6 MB | 196/582 kB | 0.1/2.0 MBProgress (5): 0.7/1.1 MB | 0.6/2.2 MB | 0.6/1.6 MB | 196/582 kB | 0.2/2.0 MBProgress (5): 0.7/1.1 MB | 0.6/2.2 MB | 0.6/1.6 MB | 196/582 kB | 0.2/2.0 MBProgress (5): 0.7/1.1 MB | 0.6/2.2 MB | 0.6/1.6 MB | 196/582 kB | 0.2/2.0 MBProgress (5): 0.8/1.1 MB | 0.6/2.2 MB | 0.6/1.6 MB | 196/582 kB | 0.2/2.0 MBProgress (5): 0.8/1.1 MB | 0.6/2.2 MB | 0.6/1.6 MB | 196/582 kB | 0.2/2.0 MBProgress (5): 0.8/1.1 MB | 0.6/2.2 MB | 0.6/1.6 MB | 196/582 kB | 0.2/2.0 MBProgress (5): 0.8/1.1 MB | 0.6/2.2 MB | 0.6/1.6 MB | 196/582 kB | 0.2/2.0 MBProgress (5): 0.8/1.1 MB | 0.6/2.2 MB | 0.6/1.6 MB | 196/582 kB | 0.2/2.0 MBProgress (5): 0.8/1.1 MB | 0.6/2.2 MB | 0.6/1.6 MB | 213/582 kB | 0.2/2.0 MBProgress (5): 0.8/1.1 MB | 0.6/2.2 MB | 0.6/1.6 MB | 213/582 kB | 0.2/2.0 MBProgress (5): 0.8/1.1 MB | 0.7/2.2 MB | 0.6/1.6 MB | 213/582 kB | 0.2/2.0 MBProgress (5): 0.8/1.1 MB | 0.7/2.2 MB | 0.6/1.6 MB | 213/582 kB | 0.2/2.0 MBProgress (5): 0.8/1.1 MB | 0.7/2.2 MB | 0.6/1.6 MB | 213/582 kB | 0.2/2.0 MBProgress (5): 0.8/1.1 MB | 0.7/2.2 MB | 0.6/1.6 MB | 213/582 kB | 0.2/2.0 MBProgress (5): 0.8/1.1 MB | 0.7/2.2 MB | 0.6/1.6 MB | 229/582 kB | 0.2/2.0 MBProgress (5): 0.8/1.1 MB | 0.7/2.2 MB | 0.6/1.6 MB | 245/582 kB | 0.2/2.0 MBProgress (5): 0.8/1.1 MB | 0.7/2.2 MB | 0.6/1.6 MB | 245/582 kB | 0.2/2.0 MBProgress (5): 0.8/1.1 MB | 0.7/2.2 MB | 0.6/1.6 MB | 245/582 kB | 0.2/2.0 MBProgress (5): 0.8/1.1 MB | 0.7/2.2 MB | 0.6/1.6 MB | 245/582 kB | 0.2/2.0 MBProgress (5): 0.8/1.1 MB | 0.7/2.2 MB | 0.6/1.6 MB | 245/582 kB | 0.2/2.0 MBProgress (5): 0.8/1.1 MB | 0.7/2.2 MB | 0.6/1.6 MB | 245/582 kB | 0.2/2.0 MBProgress (5): 0.8/1.1 MB | 0.7/2.2 MB | 0.6/1.6 MB | 245/582 kB | 0.2/2.0 MBProgress (5): 0.9/1.1 MB | 0.7/2.2 MB | 0.6/1.6 MB | 245/582 kB | 0.2/2.0 MBProgress (5): 0.9/1.1 MB | 0.7/2.2 MB | 0.7/1.6 MB | 245/582 kB | 0.2/2.0 MBProgress (5): 0.9/1.1 MB | 0.7/2.2 MB | 0.7/1.6 MB | 245/582 kB | 0.2/2.0 MBProgress (5): 0.9/1.1 MB | 0.7/2.2 MB | 0.7/1.6 MB | 262/582 kB | 0.2/2.0 MBProgress (5): 0.9/1.1 MB | 0.7/2.2 MB | 0.7/1.6 MB | 278/582 kB | 0.2/2.0 MBProgress (5): 0.9/1.1 MB | 0.7/2.2 MB | 0.7/1.6 MB | 294/582 kB | 0.2/2.0 MBProgress (5): 0.9/1.1 MB | 0.7/2.2 MB | 0.7/1.6 MB | 294/582 kB | 0.2/2.0 MBProgress (5): 0.9/1.1 MB | 0.7/2.2 MB | 0.7/1.6 MB | 294/582 kB | 0.2/2.0 MBProgress (5): 0.9/1.1 MB | 0.7/2.2 MB | 0.7/1.6 MB | 294/582 kB | 0.2/2.0 MBProgress (5): 0.9/1.1 MB | 0.7/2.2 MB | 0.7/1.6 MB | 294/582 kB | 0.2/2.0 MBProgress (5): 0.9/1.1 MB | 0.7/2.2 MB | 0.7/1.6 MB | 294/582 kB | 0.2/2.0 MBProgress (5): 0.9/1.1 MB | 0.7/2.2 MB | 0.7/1.6 MB | 294/582 kB | 0.2/2.0 MBProgress (5): 0.9/1.1 MB | 0.8/2.2 MB | 0.7/1.6 MB | 294/582 kB | 0.2/2.0 MBProgress (5): 0.9/1.1 MB | 0.8/2.2 MB | 0.7/1.6 MB | 294/582 kB | 0.2/2.0 MBProgress (5): 0.9/1.1 MB | 0.8/2.2 MB | 0.7/1.6 MB | 294/582 kB | 0.2/2.0 MBProgress (5): 0.9/1.1 MB | 0.8/2.2 MB | 0.7/1.6 MB | 294/582 kB | 0.2/2.0 MBProgress (5): 0.9/1.1 MB | 0.8/2.2 MB | 0.7/1.6 MB | 294/582 kB | 0.2/2.0 MBProgress (5): 0.9/1.1 MB | 0.8/2.2 MB | 0.8/1.6 MB | 294/582 kB | 0.2/2.0 MBProgress (5): 0.9/1.1 MB | 0.8/2.2 MB | 0.8/1.6 MB | 294/582 kB | 0.2/2.0 MBProgress (5): 0.9/1.1 MB | 0.8/2.2 MB | 0.8/1.6 MB | 294/582 kB | 0.3/2.0 MBProgress (5): 0.9/1.1 MB | 0.8/2.2 MB | 0.8/1.6 MB | 294/582 kB | 0.3/2.0 MBProgress (5): 0.9/1.1 MB | 0.8/2.2 MB | 0.8/1.6 MB | 294/582 kB | 0.3/2.0 MBProgress (5): 0.9/1.1 MB | 0.8/2.2 MB | 0.8/1.6 MB | 311/582 kB | 0.3/2.0 MBProgress (5): 0.9/1.1 MB | 0.8/2.2 MB | 0.8/1.6 MB | 311/582 kB | 0.3/2.0 MBProgress (5): 0.9/1.1 MB | 0.8/2.2 MB | 0.8/1.6 MB | 327/582 kB | 0.3/2.0 MBProgress (5): 0.9/1.1 MB | 0.8/2.2 MB | 0.8/1.6 MB | 327/582 kB | 0.3/2.0 MBProgress (5): 0.9/1.1 MB | 0.8/2.2 MB | 0.8/1.6 MB | 344/582 kB | 0.3/2.0 MBProgress (5): 0.9/1.1 MB | 0.8/2.2 MB | 0.8/1.6 MB | 344/582 kB | 0.3/2.0 MBProgress (5): 0.9/1.1 MB | 0.8/2.2 MB | 0.8/1.6 MB | 344/582 kB | 0.3/2.0 MBProgress (5): 0.9/1.1 MB | 0.8/2.2 MB | 0.8/1.6 MB | 344/582 kB | 0.3/2.0 MBProgress (5): 0.9/1.1 MB | 0.8/2.2 MB | 0.8/1.6 MB | 344/582 kB | 0.3/2.0 MBProgress (5): 0.9/1.1 MB | 0.8/2.2 MB | 0.8/1.6 MB | 344/582 kB | 0.3/2.0 MBProgress (5): 0.9/1.1 MB | 0.8/2.2 MB | 0.8/1.6 MB | 360/582 kB | 0.3/2.0 MBProgress (5): 0.9/1.1 MB | 0.8/2.2 MB | 0.8/1.6 MB | 360/582 kB | 0.3/2.0 MBProgress (5): 0.9/1.1 MB | 0.8/2.2 MB | 0.8/1.6 MB | 376/582 kB | 0.3/2.0 MBProgress (5): 0.9/1.1 MB | 0.8/2.2 MB | 0.8/1.6 MB | 376/582 kB | 0.3/2.0 MBProgress (5): 0.9/1.1 MB | 0.8/2.2 MB | 0.8/1.6 MB | 393/582 kB | 0.3/2.0 MBProgress (5): 0.9/1.1 MB | 0.8/2.2 MB | 0.8/1.6 MB | 393/582 kB | 0.3/2.0 MBProgress (5): 0.9/1.1 MB | 0.8/2.2 MB | 0.8/1.6 MB | 409/582 kB | 0.3/2.0 MBProgress (5): 0.9/1.1 MB | 0.8/2.2 MB | 0.8/1.6 MB | 409/582 kB | 0.3/2.0 MBProgress (5): 1.0/1.1 MB | 0.8/2.2 MB | 0.8/1.6 MB | 409/582 kB | 0.3/2.0 MBProgress (5): 1.0/1.1 MB | 0.8/2.2 MB | 0.8/1.6 MB | 409/582 kB | 0.3/2.0 MBProgress (5): 1.0/1.1 MB | 0.8/2.2 MB | 0.8/1.6 MB | 409/582 kB | 0.3/2.0 MBProgress (5): 1.0/1.1 MB | 0.8/2.2 MB | 0.8/1.6 MB | 409/582 kB | 0.3/2.0 MBProgress (5): 1.0/1.1 MB | 0.8/2.2 MB | 0.8/1.6 MB | 409/582 kB | 0.3/2.0 MBProgress (5): 1.0/1.1 MB | 0.8/2.2 MB | 0.8/1.6 MB | 409/582 kB | 0.4/2.0 MBProgress (5): 1.0/1.1 MB | 0.8/2.2 MB | 0.8/1.6 MB | 409/582 kB | 0.4/2.0 MBProgress (5): 1.0/1.1 MB | 0.8/2.2 MB | 0.8/1.6 MB | 409/582 kB | 0.4/2.0 MBProgress (5): 1.0/1.1 MB | 0.8/2.2 MB | 0.8/1.6 MB | 409/582 kB | 0.4/2.0 MBProgress (5): 1.0/1.1 MB | 0.8/2.2 MB | 0.9/1.6 MB | 409/582 kB | 0.4/2.0 MBProgress (5): 1.0/1.1 MB | 0.8/2.2 MB | 0.9/1.6 MB | 409/582 kB | 0.4/2.0 MBProgress (5): 1.0/1.1 MB | 0.8/2.2 MB | 0.9/1.6 MB | 409/582 kB | 0.4/2.0 MBProgress (5): 1.0/1.1 MB | 0.9/2.2 MB | 0.9/1.6 MB | 409/582 kB | 0.4/2.0 MBProgress (5): 1.0/1.1 MB | 0.9/2.2 MB | 0.9/1.6 MB | 409/582 kB | 0.4/2.0 MBProgress (5): 1.0/1.1 MB | 0.9/2.2 MB | 0.9/1.6 MB | 409/582 kB | 0.4/2.0 MBProgress (5): 1.0/1.1 MB | 0.9/2.2 MB | 0.9/1.6 MB | 426/582 kB | 0.4/2.0 MBProgress (5): 1.0/1.1 MB | 0.9/2.2 MB | 0.9/1.6 MB | 426/582 kB | 0.4/2.0 MBProgress (5): 1.0/1.1 MB | 0.9/2.2 MB | 0.9/1.6 MB | 426/582 kB | 0.4/2.0 MBProgress (5): 1.0/1.1 MB | 0.9/2.2 MB | 0.9/1.6 MB | 426/582 kB | 0.4/2.0 MBProgress (5): 1.0/1.1 MB | 0.9/2.2 MB | 0.9/1.6 MB | 426/582 kB | 0.4/2.0 MBProgress (5): 1.0/1.1 MB | 0.9/2.2 MB | 0.9/1.6 MB | 442/582 kB | 0.4/2.0 MBProgress (5): 1.0/1.1 MB | 0.9/2.2 MB | 0.9/1.6 MB | 442/582 kB | 0.4/2.0 MBProgress (5): 1.0/1.1 MB | 0.9/2.2 MB | 0.9/1.6 MB | 442/582 kB | 0.4/2.0 MBProgress (5): 1.0/1.1 MB | 0.9/2.2 MB | 0.9/1.6 MB | 442/582 kB | 0.4/2.0 MBProgress (5): 1.0/1.1 MB | 0.9/2.2 MB | 0.9/1.6 MB | 458/582 kB | 0.4/2.0 MBProgress (5): 1.0/1.1 MB | 0.9/2.2 MB | 0.9/1.6 MB | 458/582 kB | 0.4/2.0 MBProgress (5): 1.0/1.1 MB | 0.9/2.2 MB | 0.9/1.6 MB | 458/582 kB | 0.4/2.0 MBProgress (5): 1.0/1.1 MB | 0.9/2.2 MB | 0.9/1.6 MB | 458/582 kB | 0.4/2.0 MBProgress (5): 1.0/1.1 MB | 0.9/2.2 MB | 0.9/1.6 MB | 458/582 kB | 0.4/2.0 MBProgress (5): 1.1/1.1 MB | 0.9/2.2 MB | 0.9/1.6 MB | 458/582 kB | 0.4/2.0 MBProgress (5): 1.1/1.1 MB | 0.9/2.2 MB | 0.9/1.6 MB | 458/582 kB | 0.5/2.0 MBProgress (5): 1.1/1.1 MB | 0.9/2.2 MB | 0.9/1.6 MB | 458/582 kB | 0.5/2.0 MBProgress (5): 1.1/1.1 MB | 0.9/2.2 MB | 0.9/1.6 MB | 458/582 kB | 0.5/2.0 MBProgress (5): 1.1/1.1 MB | 0.9/2.2 MB | 0.9/1.6 MB | 458/582 kB | 0.5/2.0 MBProgress (5): 1.1 MB | 0.9/2.2 MB | 0.9/1.6 MB | 458/582 kB | 0.5/2.0 MB    Progress (5): 1.1 MB | 0.9/2.2 MB | 1.0/1.6 MB | 458/582 kB | 0.5/2.0 MBProgress (5): 1.1 MB | 0.9/2.2 MB | 1.0/1.6 MB | 458/582 kB | 0.5/2.0 MBProgress (5): 1.1 MB | 0.9/2.2 MB | 1.0/1.6 MB | 458/582 kB | 0.5/2.0 MBProgress (5): 1.1 MB | 0.9/2.2 MB | 1.0/1.6 MB | 475/582 kB | 0.5/2.0 MBProgress (5): 1.1 MB | 0.9/2.2 MB | 1.0/1.6 MB | 475/582 kB | 0.5/2.0 MBProgress (5): 1.1 MB | 0.9/2.2 MB | 1.0/1.6 MB | 491/582 kB | 0.5/2.0 MBProgress (5): 1.1 MB | 0.9/2.2 MB | 1.0/1.6 MB | 491/582 kB | 0.5/2.0 MBProgress (5): 1.1 MB | 0.9/2.2 MB | 1.0/1.6 MB | 507/582 kB | 0.5/2.0 MBProgress (5): 1.1 MB | 0.9/2.2 MB | 1.0/1.6 MB | 507/582 kB | 0.5/2.0 MB                                                                        Downloaded from central: https://repo.maven.apache.org/maven2/org/glassfish/jaxb/jaxb-runtime/2.3.1/jaxb-runtime-2.3.1.jar (1.1 MB at 4.6 MB/s)
Downloading from central: https://repo.maven.apache.org/maven2/org/apache/poi/poi/5.3.0/poi-5.3.0.jar
Progress (4): 0.9/2.2 MB | 1.0/1.6 MB | 507/582 kB | 0.5/2.0 MBProgress (4): 0.9/2.2 MB | 1.0/1.6 MB | 524/582 kB | 0.5/2.0 MBProgress (4): 0.9/2.2 MB | 1.0/1.6 MB | 524/582 kB | 0.5/2.0 MBProgress (4): 0.9/2.2 MB | 1.0/1.6 MB | 540/582 kB | 0.5/2.0 MBProgress (4): 0.9/2.2 MB | 1.0/1.6 MB | 540/582 kB | 0.5/2.0 MBProgress (4): 0.9/2.2 MB | 1.0/1.6 MB | 557/582 kB | 0.5/2.0 MBProgress (4): 1.0/2.2 MB | 1.0/1.6 MB | 557/582 kB | 0.5/2.0 MBProgress (4): 1.0/2.2 MB | 1.0/1.6 MB | 557/582 kB | 0.5/2.0 MBProgress (4): 1.0/2.2 MB | 1.0/1.6 MB | 557/582 kB | 0.5/2.0 MBProgress (4): 1.0/2.2 MB | 1.0/1.6 MB | 557/582 kB | 0.5/2.0 MBProgress (4): 1.0/2.2 MB | 1.0/1.6 MB | 557/582 kB | 0.5/2.0 MBProgress (4): 1.0/2.2 MB | 1.0/1.6 MB | 557/582 kB | 0.5/2.0 MBProgress (4): 1.0/2.2 MB | 1.0/1.6 MB | 557/582 kB | 0.5/2.0 MBProgress (4): 1.0/2.2 MB | 1.0/1.6 MB | 557/582 kB | 0.6/2.0 MBProgress (4): 1.0/2.2 MB | 1.0/1.6 MB | 557/582 kB | 0.6/2.0 MBProgress (4): 1.0/2.2 MB | 1.0/1.6 MB | 573/582 kB | 0.6/2.0 MBProgress (4): 1.0/2.2 MB | 1.0/1.6 MB | 573/582 kB | 0.6/2.0 MBProgress (4): 1.0/2.2 MB | 1.0/1.6 MB | 582 kB | 0.6/2.0 MB    Progress (4): 1.0/2.2 MB | 1.1/1.6 MB | 582 kB | 0.6/2.0 MB                                                           Downloaded from central: https://repo.maven.apache.org/maven2/com/fasterxml/jackson/core/jackson-core/2.17.2/jackson-core-2.17.2.jar (582 kB at 2.4 MB/s)
Progress (3): 1.0/2.2 MB | 1.1/1.6 MB | 0.6/2.0 MB                                                  Downloading from central: https://repo.maven.apache.org/maven2/commons-codec/commons-codec/1.16.1/commons-codec-1.16.1.jar
Progress (3): 1.0/2.2 MB | 1.1/1.6 MB | 0.6/2.0 MBProgress (3): 1.0/2.2 MB | 1.1/1.6 MB | 0.6/2.0 MBProgress (3): 1.0/2.2 MB | 1.1/1.6 MB | 0.6/2.0 MBProgress (3): 1.0/2.2 MB | 1.1/1.6 MB | 0.6/2.0 MBProgress (3): 1.0/2.2 MB | 1.1/1.6 MB | 0.6/2.0 MBProgress (3): 1.0/2.2 MB | 1.1/1.6 MB | 0.6/2.0 MBProgress (3): 1.0/2.2 MB | 1.1/1.6 MB | 0.6/2.0 MBProgress (3): 1.0/2.2 MB | 1.1/1.6 MB | 0.6/2.0 MBProgress (3): 1.0/2.2 MB | 1.1/1.6 MB | 0.6/2.0 MBProgress (3): 1.1/2.2 MB | 1.1/1.6 MB | 0.6/2.0 MBProgress (3): 1.1/2.2 MB | 1.1/1.6 MB | 0.6/2.0 MBProgress (3): 1.1/2.2 MB | 1.1/1.6 MB | 0.6/2.0 MBProgress (3): 1.1/2.2 MB | 1.1/1.6 MB | 0.6/2.0 MBProgress (3): 1.1/2.2 MB | 1.1/1.6 MB | 0.6/2.0 MBProgress (3): 1.1/2.2 MB | 1.1/1.6 MB | 0.6/2.0 MBProgress (3): 1.1/2.2 MB | 1.2/1.6 MB | 0.6/2.0 MBProgress (3): 1.1/2.2 MB | 1.2/1.6 MB | 0.6/2.0 MBProgress (3): 1.1/2.2 MB | 1.2/1.6 MB | 0.7/2.0 MBProgress (3): 1.1/2.2 MB | 1.2/1.6 MB | 0.7/2.0 MBProgress (3): 1.1/2.2 MB | 1.2/1.6 MB | 0.7/2.0 MBProgress (3): 1.1/2.2 MB | 1.2/1.6 MB | 0.7/2.0 MBProgress (3): 1.1/2.2 MB | 1.2/1.6 MB | 0.7/2.0 MBProgress (3): 1.1/2.2 MB | 1.2/1.6 MB | 0.7/2.0 MBProgress (3): 1.2/2.2 MB | 1.2/1.6 MB | 0.7/2.0 MBProgress (3): 1.2/2.2 MB | 1.2/1.6 MB | 0.7/2.0 MBProgress (3): 1.2/2.2 MB | 1.2/1.6 MB | 0.7/2.0 MBProgress (4): 1.2/2.2 MB | 1.2/1.6 MB | 0.7/2.0 MB | 0/3.0 MBProgress (4): 1.2/2.2 MB | 1.2/1.6 MB | 0.7/2.0 MB | 0/3.0 MBProgress (4): 1.2/2.2 MB | 1.2/1.6 MB | 0.7/2.0 MB | 0/3.0 MBProgress (4): 1.2/2.2 MB | 1.2/1.6 MB | 0.7/2.0 MB | 0/3.0 MBProgress (4): 1.2/2.2 MB | 1.2/1.6 MB | 0.7/2.0 MB | 0/3.0 MBProgress (4): 1.2/2.2 MB | 1.2/1.6 MB | 0.7/2.0 MB | 0/3.0 MBProgress (4): 1.2/2.2 MB | 1.2/1.6 MB | 0.7/2.0 MB | 0/3.0 MBProgress (4): 1.2/2.2 MB | 1.2/1.6 MB | 0.7/2.0 MB | 0/3.0 MBProgress (4): 1.2/2.2 MB | 1.2/1.6 MB | 0.8/2.0 MB | 0/3.0 MBProgress (4): 1.2/2.2 MB | 1.2/1.6 MB | 0.8/2.0 MB | 0/3.0 MBProgress (4): 1.2/2.2 MB | 1.2/1.6 MB | 0.8/2.0 MB | 0/3.0 MBProgress (4): 1.2/2.2 MB | 1.2/1.6 MB | 0.8/2.0 MB | 0/3.0 MBProgress (4): 1.2/2.2 MB | 1.2/1.6 MB | 0.8/2.0 MB | 0.1/3.0 MBProgress (4): 1.2/2.2 MB | 1.3/1.6 MB | 0.8/2.0 MB | 0.1/3.0 MBProgress (4): 1.2/2.2 MB | 1.3/1.6 MB | 0.8/2.0 MB | 0.1/3.0 MBProgress (4): 1.2/2.2 MB | 1.3/1.6 MB | 0.8/2.0 MB | 0.1/3.0 MBProgress (4): 1.2/2.2 MB | 1.3/1.6 MB | 0.8/2.0 MB | 0.1/3.0 MBProgress (4): 1.2/2.2 MB | 1.3/1.6 MB | 0.8/2.0 MB | 0.1/3.0 MBProgress (4): 1.2/2.2 MB | 1.3/1.6 MB | 0.8/2.0 MB | 0.1/3.0 MBProgress (4): 1.2/2.2 MB | 1.3/1.6 MB | 0.8/2.0 MB | 0.1/3.0 MBProgress (4): 1.2/2.2 MB | 1.3/1.6 MB | 0.8/2.0 MB | 0.1/3.0 MBProgress (4): 1.2/2.2 MB | 1.3/1.6 MB | 0.8/2.0 MB | 0.1/3.0 MBProgress (4): 1.2/2.2 MB | 1.3/1.6 MB | 0.8/2.0 MB | 0.1/3.0 MBProgress (4): 1.2/2.2 MB | 1.3/1.6 MB | 0.8/2.0 MB | 0.1/3.0 MBProgress (4): 1.2/2.2 MB | 1.3/1.6 MB | 0.8/2.0 MB | 0.1/3.0 MBProgress (4): 1.2/2.2 MB | 1.3/1.6 MB | 0.8/2.0 MB | 0.1/3.0 MBProgress (4): 1.2/2.2 MB | 1.3/1.6 MB | 0.8/2.0 MB | 0.1/3.0 MBProgress (4): 1.2/2.2 MB | 1.3/1.6 MB | 0.8/2.0 MB | 0.1/3.0 MBProgress (4): 1.2/2.2 MB | 1.3/1.6 MB | 0.8/2.0 MB | 0.1/3.0 MBProgress (4): 1.2/2.2 MB | 1.3/1.6 MB | 0.8/2.0 MB | 0.1/3.0 MBProgress (5): 1.2/2.2 MB | 1.3/1.6 MB | 0.8/2.0 MB | 0.1/3.0 MB | 7.7/365 kBProgress (5): 1.2/2.2 MB | 1.3/1.6 MB | 0.8/2.0 MB | 0.1/3.0 MB | 16/365 kB Progress (5): 1.2/2.2 MB | 1.3/1.6 MB | 0.8/2.0 MB | 0.1/3.0 MB | 16/365 kBProgress (5): 1.2/2.2 MB | 1.3/1.6 MB | 0.8/2.0 MB | 0.1/3.0 MB | 29/365 kBProgress (5): 1.2/2.2 MB | 1.3/1.6 MB | 0.9/2.0 MB | 0.1/3.0 MB | 29/365 kBProgress (5): 1.2/2.2 MB | 1.3/1.6 MB | 0.9/2.0 MB | 0.1/3.0 MB | 45/365 kBProgress (5): 1.2/2.2 MB | 1.3/1.6 MB | 0.9/2.0 MB | 0.1/3.0 MB | 45/365 kBProgress (5): 1.2/2.2 MB | 1.3/1.6 MB | 0.9/2.0 MB | 0.1/3.0 MB | 45/365 kBProgress (5): 1.3/2.2 MB | 1.3/1.6 MB | 0.9/2.0 MB | 0.1/3.0 MB | 45/365 kBProgress (5): 1.3/2.2 MB | 1.4/1.6 MB | 0.9/2.0 MB | 0.1/3.0 MB | 45/365 kBProgress (5): 1.3/2.2 MB | 1.4/1.6 MB | 0.9/2.0 MB | 0.1/3.0 MB | 45/365 kBProgress (5): 1.3/2.2 MB | 1.4/1.6 MB | 0.9/2.0 MB | 0.1/3.0 MB | 45/365 kBProgress (5): 1.3/2.2 MB | 1.4/1.6 MB | 0.9/2.0 MB | 0.1/3.0 MB | 45/365 kBProgress (5): 1.3/2.2 MB | 1.4/1.6 MB | 0.9/2.0 MB | 0.1/3.0 MB | 45/365 kBProgress (5): 1.3/2.2 MB | 1.4/1.6 MB | 0.9/2.0 MB | 0.1/3.0 MB | 45/365 kBProgress (5): 1.3/2.2 MB | 1.4/1.6 MB | 0.9/2.0 MB | 0.1/3.0 MB | 45/365 kBProgress (5): 1.3/2.2 MB | 1.4/1.6 MB | 0.9/2.0 MB | 0.1/3.0 MB | 45/365 kBProgress (5): 1.3/2.2 MB | 1.4/1.6 MB | 0.9/2.0 MB | 0.1/3.0 MB | 45/365 kBProgress (5): 1.3/2.2 MB | 1.4/1.6 MB | 0.9/2.0 MB | 0.2/3.0 MB | 45/365 kBProgress (5): 1.3/2.2 MB | 1.4/1.6 MB | 0.9/2.0 MB | 0.2/3.0 MB | 45/365 kBProgress (5): 1.3/2.2 MB | 1.4/1.6 MB | 0.9/2.0 MB | 0.2/3.0 MB | 45/365 kBProgress (5): 1.3/2.2 MB | 1.4/1.6 MB | 0.9/2.0 MB | 0.2/3.0 MB | 45/365 kBProgress (5): 1.3/2.2 MB | 1.4/1.6 MB | 0.9/2.0 MB | 0.2/3.0 MB | 45/365 kBProgress (5): 1.3/2.2 MB | 1.4/1.6 MB | 0.9/2.0 MB | 0.2/3.0 MB | 45/365 kBProgress (5): 1.3/2.2 MB | 1.4/1.6 MB | 0.9/2.0 MB | 0.2/3.0 MB | 45/365 kBProgress (5): 1.3/2.2 MB | 1.4/1.6 MB | 0.9/2.0 MB | 0.2/3.0 MB | 45/365 kBProgress (5): 1.3/2.2 MB | 1.4/1.6 MB | 1.0/2.0 MB | 0.2/3.0 MB | 45/365 kBProgress (5): 1.4/2.2 MB | 1.4/1.6 MB | 1.0/2.0 MB | 0.2/3.0 MB | 45/365 kBProgress (5): 1.4/2.2 MB | 1.4/1.6 MB | 1.0/2.0 MB | 0.2/3.0 MB | 45/365 kBProgress (5): 1.4/2.2 MB | 1.4/1.6 MB | 1.0/2.0 MB | 0.2/3.0 MB | 45/365 kBProgress (5): 1.4/2.2 MB | 1.4/1.6 MB | 1.0/2.0 MB | 0.2/3.0 MB | 45/365 kBProgress (5): 1.4/2.2 MB | 1.4/1.6 MB | 1.0/2.0 MB | 0.2/3.0 MB | 45/365 kBProgress (5): 1.4/2.2 MB | 1.4/1.6 MB | 1.0/2.0 MB | 0.2/3.0 MB | 61/365 kBProgress (5): 1.4/2.2 MB | 1.4/1.6 MB | 1.0/2.0 MB | 0.2/3.0 MB | 78/365 kBProgress (5): 1.4/2.2 MB | 1.4/1.6 MB | 1.0/2.0 MB | 0.2/3.0 MB | 94/365 kBProgress (5): 1.4/2.2 MB | 1.4/1.6 MB | 1.0/2.0 MB | 0.2/3.0 MB | 94/365 kBProgress (5): 1.4/2.2 MB | 1.4/1.6 MB | 1.0/2.0 MB | 0.2/3.0 MB | 111/365 kBProgress (5): 1.4/2.2 MB | 1.4/1.6 MB | 1.0/2.0 MB | 0.2/3.0 MB | 111/365 kBProgress (5): 1.4/2.2 MB | 1.4/1.6 MB | 1.0/2.0 MB | 0.3/3.0 MB | 111/365 kBProgress (5): 1.4/2.2 MB | 1.4/1.6 MB | 1.0/2.0 MB | 0.3/3.0 MB | 111/365 kBProgress (5): 1.4/2.2 MB | 1.5/1.6 MB | 1.0/2.0 MB | 0.3/3.0 MB | 111/365 kBProgress (5): 1.4/2.2 MB | 1.5/1.6 MB | 1.0/2.0 MB | 0.3/3.0 MB | 111/365 kBProgress (5): 1.4/2.2 MB | 1.5/1.6 MB | 1.0/2.0 MB | 0.3/3.0 MB | 111/365 kBProgress (5): 1.4/2.2 MB | 1.5/1.6 MB | 1.0/2.0 MB | 0.3/3.0 MB | 111/365 kBProgress (5): 1.4/2.2 MB | 1.5/1.6 MB | 1.0/2.0 MB | 0.3/3.0 MB | 111/365 kBProgress (5): 1.4/2.2 MB | 1.5/1.6 MB | 1.0/2.0 MB | 0.3/3.0 MB | 111/365 kBProgress (5): 1.4/2.2 MB | 1.5/1.6 MB | 1.0/2.0 MB | 0.3/3.0 MB | 111/365 kBProgress (5): 1.4/2.2 MB | 1.5/1.6 MB | 1.0/2.0 MB | 0.3/3.0 MB | 111/365 kBProgress (5): 1.4/2.2 MB | 1.5/1.6 MB | 1.0/2.0 MB | 0.3/3.0 MB | 111/365 kBProgress (5): 1.4/2.2 MB | 1.5/1.6 MB | 1.0/2.0 MB | 0.3/3.0 MB | 111/365 kBProgress (5): 1.4/2.2 MB | 1.5/1.6 MB | 1.0/2.0 MB | 0.3/3.0 MB | 111/365 kBProgress (5): 1.4/2.2 MB | 1.5/1.6 MB | 1.0/2.0 MB | 0.3/3.0 MB | 111/365 kBProgress (5): 1.4/2.2 MB | 1.5/1.6 MB | 1.0/2.0 MB | 0.3/3.0 MB | 111/365 kBProgress (5): 1.4/2.2 MB | 1.5/1.6 MB | 1.0/2.0 MB | 0.3/3.0 MB | 127/365 kBProgress (5): 1.4/2.2 MB | 1.5/1.6 MB | 1.0/2.0 MB | 0.3/3.0 MB | 143/365 kBProgress (5): 1.4/2.2 MB | 1.5/1.6 MB | 1.0/2.0 MB | 0.3/3.0 MB | 160/365 kBProgress (5): 1.5/2.2 MB | 1.5/1.6 MB | 1.0/2.0 MB | 0.3/3.0 MB | 160/365 kBProgress (5): 1.5/2.2 MB | 1.5/1.6 MB | 1.0/2.0 MB | 0.3/3.0 MB | 176/365 kBProgress (5): 1.5/2.2 MB | 1.5/1.6 MB | 1.0/2.0 MB | 0.3/3.0 MB | 176/365 kBProgress (5): 1.5/2.2 MB | 1.5/1.6 MB | 1.0/2.0 MB | 0.3/3.0 MB | 176/365 kBProgress (5): 1.5/2.2 MB | 1.5/1.6 MB | 1.0/2.0 MB | 0.3/3.0 MB | 176/365 kBProgress (5): 1.5/2.2 MB | 1.5/1.6 MB | 1.0/2.0 MB | 0.3/3.0 MB | 176/365 kBProgress (5): 1.5/2.2 MB | 1.5/1.6 MB | 1.0/2.0 MB | 0.4/3.0 MB | 176/365 kBProgress (5): 1.5/2.2 MB | 1.5/1.6 MB | 1.0/2.0 MB | 0.4/3.0 MB | 176/365 kBProgress (5): 1.5/2.2 MB | 1.5/1.6 MB | 1.0/2.0 MB | 0.4/3.0 MB | 176/365 kBProgress (5): 1.5/2.2 MB | 1.5/1.6 MB | 1.1/2.0 MB | 0.4/3.0 MB | 176/365 kBProgress (5): 1.5/2.2 MB | 1.5/1.6 MB | 1.1/2.0 MB | 0.4/3.0 MB | 176/365 kBProgress (5): 1.5/2.2 MB | 1.5/1.6 MB | 1.1/2.0 MB | 0.4/3.0 MB | 176/365 kBProgress (5): 1.5/2.2 MB | 1.5/1.6 MB | 1.1/2.0 MB | 0.4/3.0 MB | 176/365 kBProgress (5): 1.5/2.2 MB | 1.5/1.6 MB | 1.1/2.0 MB | 0.4/3.0 MB | 176/365 kBProgress (5): 1.5/2.2 MB | 1.6/1.6 MB | 1.1/2.0 MB | 0.4/3.0 MB | 176/365 kBProgress (5): 1.5/2.2 MB | 1.6/1.6 MB | 1.1/2.0 MB | 0.4/3.0 MB | 176/365 kBProgress (5): 1.5/2.2 MB | 1.6/1.6 MB | 1.1/2.0 MB | 0.4/3.0 MB | 176/365 kBProgress (5): 1.5/2.2 MB | 1.6/1.6 MB | 1.1/2.0 MB | 0.4/3.0 MB | 193/365 kBProgress (5): 1.5/2.2 MB | 1.6/1.6 MB | 1.1/2.0 MB | 0.4/3.0 MB | 193/365 kBProgress (5): 1.5/2.2 MB | 1.6/1.6 MB | 1.1/2.0 MB | 0.4/3.0 MB | 209/365 kBProgress (5): 1.5/2.2 MB | 1.6/1.6 MB | 1.1/2.0 MB | 0.4/3.0 MB | 209/365 kBProgress (5): 1.5/2.2 MB | 1.6/1.6 MB | 1.1/2.0 MB | 0.4/3.0 MB | 225/365 kBProgress (5): 1.6/2.2 MB | 1.6/1.6 MB | 1.1/2.0 MB | 0.4/3.0 MB | 225/365 kBProgress (5): 1.6/2.2 MB | 1.6/1.6 MB | 1.1/2.0 MB | 0.4/3.0 MB | 242/365 kBProgress (5): 1.6/2.2 MB | 1.6/1.6 MB | 1.1/2.0 MB | 0.4/3.0 MB | 242/365 kBProgress (5): 1.6/2.2 MB | 1.6/1.6 MB | 1.1/2.0 MB | 0.4/3.0 MB | 246/365 kBProgress (5): 1.6/2.2 MB | 1.6/1.6 MB | 1.1/2.0 MB | 0.4/3.0 MB | 246/365 kBProgress (5): 1.6/2.2 MB | 1.6/1.6 MB | 1.1/2.0 MB | 0.4/3.0 MB | 246/365 kBProgress (5): 1.6/2.2 MB | 1.6/1.6 MB | 1.1/2.0 MB | 0.4/3.0 MB | 246/365 kBProgress (5): 1.6/2.2 MB | 1.6/1.6 MB | 1.1/2.0 MB | 0.4/3.0 MB | 246/365 kBProgress (5): 1.6/2.2 MB | 1.6/1.6 MB | 1.1/2.0 MB | 0.4/3.0 MB | 246/365 kBProgress (5): 1.6/2.2 MB | 1.6/1.6 MB | 1.1/2.0 MB | 0.4/3.0 MB | 246/365 kBProgress (5): 1.6/2.2 MB | 1.6/1.6 MB | 1.1/2.0 MB | 0.4/3.0 MB | 246/365 kBProgress (5): 1.6/2.2 MB | 1.6/1.6 MB | 1.1/2.0 MB | 0.4/3.0 MB | 246/365 kBProgress (5): 1.6/2.2 MB | 1.6/1.6 MB | 1.1/2.0 MB | 0.5/3.0 MB | 246/365 kBProgress (5): 1.6/2.2 MB | 1.6/1.6 MB | 1.1/2.0 MB | 0.5/3.0 MB | 246/365 kBProgress (5): 1.6/2.2 MB | 1.6/1.6 MB | 1.1/2.0 MB | 0.5/3.0 MB | 246/365 kBProgress (5): 1.6/2.2 MB | 1.6/1.6 MB | 1.1/2.0 MB | 0.5/3.0 MB | 262/365 kBProgress (5): 1.6/2.2 MB | 1.6/1.6 MB | 1.1/2.0 MB | 0.5/3.0 MB | 279/365 kBProgress (5): 1.6/2.2 MB | 1.6/1.6 MB | 1.1/2.0 MB | 0.5/3.0 MB | 279/365 kBProgress (5): 1.6/2.2 MB | 1.6/1.6 MB | 1.1/2.0 MB | 0.5/3.0 MB | 279/365 kBProgress (5): 1.6/2.2 MB | 1.6/1.6 MB | 1.1/2.0 MB | 0.5/3.0 MB | 279/365 kBProgress (5): 1.6/2.2 MB | 1.6/1.6 MB | 1.1/2.0 MB | 0.5/3.0 MB | 279/365 kBProgress (5): 1.6/2.2 MB | 1.6 MB | 1.1/2.0 MB | 0.5/3.0 MB | 279/365 kB    Progress (5): 1.6/2.2 MB | 1.6 MB | 1.1/2.0 MB | 0.5/3.0 MB | 279/365 kB                                                                        Downloaded from central: https://repo.maven.apache.org/maven2/com/fasterxml/jackson/core/jackson-databind/2.17.2/jackson-databind-2.17.2.jar (1.6 MB at 5.4 MB/s)
Progress (4): 1.6/2.2 MB | 1.2/2.0 MB | 0.5/3.0 MB | 279/365 kBProgress (4): 1.6/2.2 MB | 1.2/2.0 MB | 0.5/3.0 MB | 279/365 kBProgress (4): 1.6/2.2 MB | 1.2/2.0 MB | 0.5/3.0 MB | 279/365 kBProgress (4): 1.6/2.2 MB | 1.2/2.0 MB | 0.5/3.0 MB | 279/365 kBProgress (4): 1.6/2.2 MB | 1.2/2.0 MB | 0.5/3.0 MB | 279/365 kBProgress (4): 1.6/2.2 MB | 1.2/2.0 MB | 0.5/3.0 MB | 279/365 kBProgress (4): 1.6/2.2 MB | 1.2/2.0 MB | 0.5/3.0 MB | 279/365 kBProgress (4): 1.6/2.2 MB | 1.2/2.0 MB | 0.5/3.0 MB | 279/365 kBProgress (4): 1.6/2.2 MB | 1.2/2.0 MB | 0.5/3.0 MB | 295/365 kBProgress (4): 1.6/2.2 MB | 1.2/2.0 MB | 0.5/3.0 MB | 311/365 kBProgress (4): 1.6/2.2 MB | 1.2/2.0 MB | 0.5/3.0 MB | 328/365 kBProgress (4): 1.6/2.2 MB | 1.2/2.0 MB | 0.5/3.0 MB | 344/365 kBProgress (4): 1.7/2.2 MB | 1.2/2.0 MB | 0.5/3.0 MB | 344/365 kBProgress (4): 1.7/2.2 MB | 1.2/2.0 MB | 0.5/3.0 MB | 360/365 kBProgress (4): 1.7/2.2 MB | 1.2/2.0 MB | 0.5/3.0 MB | 360/365 kBProgress (4): 1.7/2.2 MB | 1.2/2.0 MB | 0.5/3.0 MB | 360/365 kB                                                               Downloading from central: https://repo.maven.apache.org/maven2/com/zaxxer/SparseBitSet/1.3/SparseBitSet-1.3.jar
Progress (4): 1.7/2.2 MB | 1.2/2.0 MB | 0.5/3.0 MB | 360/365 kBProgress (4): 1.7/2.2 MB | 1.3/2.0 MB | 0.5/3.0 MB | 360/365 kBProgress (4): 1.7/2.2 MB | 1.3/2.0 MB | 0.5/3.0 MB | 360/365 kBProgress (4): 1.7/2.2 MB | 1.3/2.0 MB | 0.5/3.0 MB | 365 kB    Progress (4): 1.7/2.2 MB | 1.3/2.0 MB | 0.5/3.0 MB | 365 kB                                                           Downloaded from central: https://repo.maven.apache.org/maven2/commons-codec/commons-codec/1.16.1/commons-codec-1.16.1.jar (365 kB at 1.2 MB/s)
Progress (3): 1.7/2.2 MB | 1.3/2.0 MB | 0.6/3.0 MB                                                  Downloading from central: https://repo.maven.apache.org/maven2/org/apache/poi/poi-ooxml-lite/5.3.0/poi-ooxml-lite-5.3.0.jar
Progress (3): 1.7/2.2 MB | 1.3/2.0 MB | 0.6/3.0 MBProgress (3): 1.7/2.2 MB | 1.3/2.0 MB | 0.6/3.0 MBProgress (3): 1.7/2.2 MB | 1.3/2.0 MB | 0.6/3.0 MBProgress (3): 1.7/2.2 MB | 1.3/2.0 MB | 0.6/3.0 MBProgress (3): 1.7/2.2 MB | 1.3/2.0 MB | 0.6/3.0 MBProgress (3): 1.7/2.2 MB | 1.3/2.0 MB | 0.6/3.0 MBProgress (3): 1.7/2.2 MB | 1.3/2.0 MB | 0.6/3.0 MBProgress (3): 1.7/2.2 MB | 1.3/2.0 MB | 0.6/3.0 MBProgress (3): 1.7/2.2 MB | 1.4/2.0 MB | 0.6/3.0 MBProgress (3): 1.7/2.2 MB | 1.4/2.0 MB | 0.6/3.0 MBProgress (3): 1.7/2.2 MB | 1.4/2.0 MB | 0.6/3.0 MBProgress (3): 1.7/2.2 MB | 1.4/2.0 MB | 0.6/3.0 MBProgress (3): 1.7/2.2 MB | 1.4/2.0 MB | 0.6/3.0 MBProgress (3): 1.7/2.2 MB | 1.4/2.0 MB | 0.6/3.0 MBProgress (3): 1.7/2.2 MB | 1.4/2.0 MB | 0.6/3.0 MBProgress (3): 1.7/2.2 MB | 1.4/2.0 MB | 0.6/3.0 MBProgress (3): 1.7/2.2 MB | 1.4/2.0 MB | 0.6/3.0 MBProgress (3): 1.7/2.2 MB | 1.4/2.0 MB | 0.6/3.0 MBProgress (3): 1.7/2.2 MB | 1.5/2.0 MB | 0.6/3.0 MBProgress (4): 1.7/2.2 MB | 1.5/2.0 MB | 0.6/3.0 MB | 7.7/26 kBProgress (4): 1.7/2.2 MB | 1.5/2.0 MB | 0.6/3.0 MB | 7.7/26 kBProgress (4): 1.8/2.2 MB | 1.5/2.0 MB | 0.6/3.0 MB | 7.7/26 kBProgress (4): 1.8/2.2 MB | 1.5/2.0 MB | 0.6/3.0 MB | 7.7/26 kBProgress (4): 1.8/2.2 MB | 1.5/2.0 MB | 0.6/3.0 MB | 16/26 kB Progress (4): 1.8/2.2 MB | 1.5/2.0 MB | 0.6/3.0 MB | 16/26 kBProgress (4): 1.8/2.2 MB | 1.5/2.0 MB | 0.6/3.0 MB | 26 kB   Progress (4): 1.8/2.2 MB | 1.5/2.0 MB | 0.6/3.0 MB | 26 kB                                                          Downloaded from central: https://repo.maven.apache.org/maven2/com/zaxxer/SparseBitSet/1.3/SparseBitSet-1.3.jar (26 kB at 79 kB/s)
Progress (3): 1.8/2.2 MB | 1.5/2.0 MB | 0.6/3.0 MBProgress (3): 1.8/2.2 MB | 1.5/2.0 MB | 0.6/3.0 MB                                                  Downloading from central: https://repo.maven.apache.org/maven2/org/apache/xmlbeans/xmlbeans/5.2.1/xmlbeans-5.2.1.jar
Progress (3): 1.8/2.2 MB | 1.5/2.0 MB | 0.6/3.0 MBProgress (3): 1.8/2.2 MB | 1.5/2.0 MB | 0.6/3.0 MBProgress (3): 1.8/2.2 MB | 1.5/2.0 MB | 0.7/3.0 MBProgress (3): 1.8/2.2 MB | 1.5/2.0 MB | 0.7/3.0 MBProgress (3): 1.8/2.2 MB | 1.6/2.0 MB | 0.7/3.0 MBProgress (3): 1.8/2.2 MB | 1.6/2.0 MB | 0.7/3.0 MBProgress (3): 1.8/2.2 MB | 1.6/2.0 MB | 0.7/3.0 MBProgress (3): 1.8/2.2 MB | 1.6/2.0 MB | 0.7/3.0 MBProgress (3): 1.8/2.2 MB | 1.6/2.0 MB | 0.7/3.0 MBProgress (3): 1.8/2.2 MB | 1.6/2.0 MB | 0.7/3.0 MBProgress (3): 1.8/2.2 MB | 1.6/2.0 MB | 0.7/3.0 MBProgress (3): 1.8/2.2 MB | 1.6/2.0 MB | 0.7/3.0 MBProgress (3): 1.8/2.2 MB | 1.6/2.0 MB | 0.7/3.0 MBProgress (3): 1.8/2.2 MB | 1.6/2.0 MB | 0.7/3.0 MBProgress (3): 1.8/2.2 MB | 1.6/2.0 MB | 0.7/3.0 MBProgress (4): 1.8/2.2 MB | 1.6/2.0 MB | 0.7/3.0 MB | 0/6.0 MBProgress (4): 1.8/2.2 MB | 1.6/2.0 MB | 0.7/3.0 MB | 0/6.0 MBProgress (4): 1.8/2.2 MB | 1.6/2.0 MB | 0.7/3.0 MB | 0/6.0 MBProgress (4): 1.8/2.2 MB | 1.6/2.0 MB | 0.7/3.0 MB | 0/6.0 MBProgress (4): 1.8/2.2 MB | 1.6/2.0 MB | 0.7/3.0 MB | 0/6.0 MBProgress (4): 1.8/2.2 MB | 1.6/2.0 MB | 0.7/3.0 MB | 0/6.0 MBProgress (4): 1.8/2.2 MB | 1.7/2.0 MB | 0.7/3.0 MB | 0/6.0 MBProgress (4): 1.9/2.2 MB | 1.7/2.0 MB | 0.7/3.0 MB | 0/6.0 MBProgress (4): 1.9/2.2 MB | 1.7/2.0 MB | 0.7/3.0 MB | 0/6.0 MBProgress (4): 1.9/2.2 MB | 1.7/2.0 MB | 0.7/3.0 MB | 0/6.0 MBProgress (4): 1.9/2.2 MB | 1.7/2.0 MB | 0.7/3.0 MB | 0/6.0 MBProgress (4): 1.9/2.2 MB | 1.7/2.0 MB | 0.7/3.0 MB | 0/6.0 MBProgress (4): 1.9/2.2 MB | 1.7/2.0 MB | 0.7/3.0 MB | 0/6.0 MBProgress (4): 1.9/2.2 MB | 1.7/2.0 MB | 0.7/3.0 MB | 0/6.0 MBProgress (4): 1.9/2.2 MB | 1.7/2.0 MB | 0.7/3.0 MB | 0/6.0 MBProgress (4): 1.9/2.2 MB | 1.7/2.0 MB | 0.7/3.0 MB | 0.1/6.0 MBProgress (4): 1.9/2.2 MB | 1.7/2.0 MB | 0.7/3.0 MB | 0.1/6.0 MBProgress (4): 1.9/2.2 MB | 1.7/2.0 MB | 0.8/3.0 MB | 0.1/6.0 MBProgress (4): 1.9/2.2 MB | 1.7/2.0 MB | 0.8/3.0 MB | 0.1/6.0 MBProgress (4): 1.9/2.2 MB | 1.7/2.0 MB | 0.8/3.0 MB | 0.1/6.0 MBProgress (4): 1.9/2.2 MB | 1.7/2.0 MB | 0.8/3.0 MB | 0.1/6.0 MBProgress (4): 1.9/2.2 MB | 1.7/2.0 MB | 0.8/3.0 MB | 0.1/6.0 MBProgress (4): 1.9/2.2 MB | 1.8/2.0 MB | 0.8/3.0 MB | 0.1/6.0 MBProgress (4): 1.9/2.2 MB | 1.8/2.0 MB | 0.8/3.0 MB | 0.1/6.0 MBProgress (4): 1.9/2.2 MB | 1.8/2.0 MB | 0.8/3.0 MB | 0.1/6.0 MBProgress (4): 1.9/2.2 MB | 1.8/2.0 MB | 0.8/3.0 MB | 0.1/6.0 MBProgress (4): 1.9/2.2 MB | 1.8/2.0 MB | 0.8/3.0 MB | 0.1/6.0 MBProgress (4): 1.9/2.2 MB | 1.8/2.0 MB | 0.8/3.0 MB | 0.1/6.0 MBProgress (4): 1.9/2.2 MB | 1.8/2.0 MB | 0.8/3.0 MB | 0.1/6.0 MBProgress (4): 1.9/2.2 MB | 1.8/2.0 MB | 0.8/3.0 MB | 0.1/6.0 MBProgress (4): 1.9/2.2 MB | 1.8/2.0 MB | 0.8/3.0 MB | 0.1/6.0 MBProgress (4): 1.9/2.2 MB | 1.8/2.0 MB | 0.8/3.0 MB | 0.1/6.0 MBProgress (4): 1.9/2.2 MB | 1.8/2.0 MB | 0.8/3.0 MB | 0.1/6.0 MBProgress (4): 1.9/2.2 MB | 1.8/2.0 MB | 0.8/3.0 MB | 0.1/6.0 MBProgress (4): 1.9/2.2 MB | 1.8/2.0 MB | 0.8/3.0 MB | 0.1/6.0 MBProgress (5): 1.9/2.2 MB | 1.8/2.0 MB | 0.8/3.0 MB | 0.1/6.0 MB | 0/2.2 MBProgress (5): 1.9/2.2 MB | 1.8/2.0 MB | 0.8/3.0 MB | 0.1/6.0 MB | 0/2.2 MBProgress (5): 2.0/2.2 MB | 1.8/2.0 MB | 0.8/3.0 MB | 0.1/6.0 MB | 0/2.2 MBProgress (5): 2.0/2.2 MB | 1.8/2.0 MB | 0.8/3.0 MB | 0.1/6.0 MB | 0/2.2 MBProgress (5): 2.0/2.2 MB | 1.8/2.0 MB | 0.8/3.0 MB | 0.1/6.0 MB | 0/2.2 MBProgress (5): 2.0/2.2 MB | 1.8/2.0 MB | 0.8/3.0 MB | 0.2/6.0 MB | 0/2.2 MBProgress (5): 2.0/2.2 MB | 1.8/2.0 MB | 0.8/3.0 MB | 0.2/6.0 MB | 0/2.2 MBProgress (5): 2.0/2.2 MB | 1.8/2.0 MB | 0.8/3.0 MB | 0.2/6.0 MB | 0/2.2 MBProgress (5): 2.0/2.2 MB | 1.8/2.0 MB | 0.8/3.0 MB | 0.2/6.0 MB | 0/2.2 MBProgress (5): 2.0/2.2 MB | 1.8/2.0 MB | 0.8/3.0 MB | 0.2/6.0 MB | 0/2.2 MBProgress (5): 2.0/2.2 MB | 1.8/2.0 MB | 0.9/3.0 MB | 0.2/6.0 MB | 0/2.2 MBProgress (5): 2.0/2.2 MB | 1.8/2.0 MB | 0.9/3.0 MB | 0.2/6.0 MB | 0/2.2 MBProgress (5): 2.0/2.2 MB | 1.8/2.0 MB | 0.9/3.0 MB | 0.2/6.0 MB | 0/2.2 MBProgress (5): 2.0/2.2 MB | 1.8/2.0 MB | 0.9/3.0 MB | 0.2/6.0 MB | 0/2.2 MBProgress (5): 2.0/2.2 MB | 1.8/2.0 MB | 0.9/3.0 MB | 0.2/6.0 MB | 0/2.2 MBProgress (5): 2.0/2.2 MB | 1.8/2.0 MB | 0.9/3.0 MB | 0.2/6.0 MB | 0.1/2.2 MBProgress (5): 2.0/2.2 MB | 1.9/2.0 MB | 0.9/3.0 MB | 0.2/6.0 MB | 0.1/2.2 MBProgress (5): 2.0/2.2 MB | 1.9/2.0 MB | 0.9/3.0 MB | 0.2/6.0 MB | 0.1/2.2 MBProgress (5): 2.0/2.2 MB | 1.9/2.0 MB | 0.9/3.0 MB | 0.2/6.0 MB | 0.1/2.2 MBProgress (5): 2.0/2.2 MB | 1.9/2.0 MB | 0.9/3.0 MB | 0.2/6.0 MB | 0.1/2.2 MBProgress (5): 2.0/2.2 MB | 1.9/2.0 MB | 0.9/3.0 MB | 0.2/6.0 MB | 0.1/2.2 MBProgress (5): 2.0/2.2 MB | 1.9/2.0 MB | 0.9/3.0 MB | 0.2/6.0 MB | 0.1/2.2 MBProgress (5): 2.0/2.2 MB | 1.9/2.0 MB | 0.9/3.0 MB | 0.2/6.0 MB | 0.1/2.2 MBProgress (5): 2.0/2.2 MB | 1.9/2.0 MB | 0.9/3.0 MB | 0.2/6.0 MB | 0.1/2.2 MBProgress (5): 2.0/2.2 MB | 1.9/2.0 MB | 0.9/3.0 MB | 0.2/6.0 MB | 0.1/2.2 MBProgress (5): 2.0/2.2 MB | 1.9/2.0 MB | 0.9/3.0 MB | 0.2/6.0 MB | 0.1/2.2 MBProgress (5): 2.0/2.2 MB | 1.9/2.0 MB | 0.9/3.0 MB | 0.2/6.0 MB | 0.1/2.2 MBProgress (5): 2.0/2.2 MB | 1.9/2.0 MB | 0.9/3.0 MB | 0.2/6.0 MB | 0.1/2.2 MBProgress (5): 2.0/2.2 MB | 1.9/2.0 MB | 0.9/3.0 MB | 0.2/6.0 MB | 0.1/2.2 MBProgress (5): 2.1/2.2 MB | 1.9/2.0 MB | 0.9/3.0 MB | 0.2/6.0 MB | 0.1/2.2 MBProgress (5): 2.1/2.2 MB | 1.9/2.0 MB | 0.9/3.0 MB | 0.2/6.0 MB | 0.1/2.2 MBProgress (5): 2.1/2.2 MB | 1.9/2.0 MB | 0.9/3.0 MB | 0.2/6.0 MB | 0.1/2.2 MBProgress (5): 2.1/2.2 MB | 1.9/2.0 MB | 0.9/3.0 MB | 0.2/6.0 MB | 0.1/2.2 MBProgress (5): 2.1/2.2 MB | 1.9/2.0 MB | 0.9/3.0 MB | 0.2/6.0 MB | 0.1/2.2 MBProgress (5): 2.1/2.2 MB | 1.9/2.0 MB | 0.9/3.0 MB | 0.2/6.0 MB | 0.1/2.2 MBProgress (5): 2.1/2.2 MB | 1.9/2.0 MB | 0.9/3.0 MB | 0.2/6.0 MB | 0.1/2.2 MBProgress (5): 2.1/2.2 MB | 1.9/2.0 MB | 0.9/3.0 MB | 0.2/6.0 MB | 0.1/2.2 MBProgress (5): 2.1/2.2 MB | 1.9/2.0 MB | 0.9/3.0 MB | 0.3/6.0 MB | 0.1/2.2 MBProgress (5): 2.1/2.2 MB | 1.9/2.0 MB | 0.9/3.0 MB | 0.3/6.0 MB | 0.1/2.2 MBProgress (5): 2.1/2.2 MB | 1.9/2.0 MB | 0.9/3.0 MB | 0.3/6.0 MB | 0.1/2.2 MBProgress (5): 2.1/2.2 MB | 1.9/2.0 MB | 0.9/3.0 MB | 0.3/6.0 MB | 0.1/2.2 MBProgress (5): 2.1/2.2 MB | 1.9/2.0 MB | 0.9/3.0 MB | 0.3/6.0 MB | 0.1/2.2 MBProgress (5): 2.1/2.2 MB | 1.9/2.0 MB | 0.9/3.0 MB | 0.3/6.0 MB | 0.1/2.2 MBProgress (5): 2.1/2.2 MB | 1.9/2.0 MB | 0.9/3.0 MB | 0.3/6.0 MB | 0.1/2.2 MBProgress (5): 2.1/2.2 MB | 1.9/2.0 MB | 0.9/3.0 MB | 0.3/6.0 MB | 0.1/2.2 MBProgress (5): 2.1/2.2 MB | 1.9/2.0 MB | 0.9/3.0 MB | 0.3/6.0 MB | 0.1/2.2 MBProgress (5): 2.1/2.2 MB | 2.0/2.0 MB | 0.9/3.0 MB | 0.3/6.0 MB | 0.1/2.2 MBProgress (5): 2.1/2.2 MB | 2.0/2.0 MB | 0.9/3.0 MB | 0.3/6.0 MB | 0.1/2.2 MBProgress (5): 2.1/2.2 MB | 2.0/2.0 MB | 0.9/3.0 MB | 0.3/6.0 MB | 0.1/2.2 MBProgress (5): 2.1/2.2 MB | 2.0/2.0 MB | 0.9/3.0 MB | 0.3/6.0 MB | 0.2/2.2 MBProgress (5): 2.1/2.2 MB | 2.0/2.0 MB | 1.0/3.0 MB | 0.3/6.0 MB | 0.2/2.2 MBProgress (5): 2.1/2.2 MB | 2.0/2.0 MB | 1.0/3.0 MB | 0.3/6.0 MB | 0.2/2.2 MBProgress (5): 2.1/2.2 MB | 2.0/2.0 MB | 1.0/3.0 MB | 0.3/6.0 MB | 0.2/2.2 MBProgress (5): 2.1/2.2 MB | 2.0/2.0 MB | 1.0/3.0 MB | 0.3/6.0 MB | 0.2/2.2 MBProgress (5): 2.1/2.2 MB | 2.0/2.0 MB | 1.0/3.0 MB | 0.3/6.0 MB | 0.2/2.2 MBProgress (5): 2.1/2.2 MB | 2.0/2.0 MB | 1.0/3.0 MB | 0.3/6.0 MB | 0.2/2.2 MBProgress (5): 2.1/2.2 MB | 2.0/2.0 MB | 1.0/3.0 MB | 0.3/6.0 MB | 0.2/2.2 MBProgress (5): 2.1/2.2 MB | 2.0/2.0 MB | 1.0/3.0 MB | 0.3/6.0 MB | 0.2/2.2 MBProgress (5): 2.1/2.2 MB | 2.0/2.0 MB | 1.0/3.0 MB | 0.3/6.0 MB | 0.2/2.2 MBProgress (5): 2.2/2.2 MB | 2.0/2.0 MB | 1.0/3.0 MB | 0.3/6.0 MB | 0.2/2.2 MBProgress (5): 2.2/2.2 MB | 2.0/2.0 MB | 1.0/3.0 MB | 0.3/6.0 MB | 0.2/2.2 MBProgress (5): 2.2/2.2 MB | 2.0/2.0 MB | 1.0/3.0 MB | 0.3/6.0 MB | 0.2/2.2 MBProgress (5): 2.2/2.2 MB | 2.0 MB | 1.0/3.0 MB | 0.3/6.0 MB | 0.2/2.2 MB    Progress (5): 2.2/2.2 MB | 2.0 MB | 1.0/3.0 MB | 0.3/6.0 MB | 0.2/2.2 MBProgress (5): 2.2/2.2 MB | 2.0 MB | 1.0/3.0 MB | 0.3/6.0 MB | 0.2/2.2 MBProgress (5): 2.2/2.2 MB | 2.0 MB | 1.0/3.0 MB | 0.3/6.0 MB | 0.2/2.2 MBProgress (5): 2.2/2.2 MB | 2.0 MB | 1.0/3.0 MB | 0.4/6.0 MB | 0.2/2.2 MBProgress (5): 2.2/2.2 MB | 2.0 MB | 1.0/3.0 MB | 0.4/6.0 MB | 0.2/2.2 MBProgress (5): 2.2/2.2 MB | 2.0 MB | 1.0/3.0 MB | 0.4/6.0 MB | 0.2/2.2 MBProgress (5): 2.2/2.2 MB | 2.0 MB | 1.0/3.0 MB | 0.4/6.0 MB | 0.2/2.2 MBProgress (5): 2.2/2.2 MB | 2.0 MB | 1.0/3.0 MB | 0.4/6.0 MB | 0.2/2.2 MBProgress (5): 2.2/2.2 MB | 2.0 MB | 1.0/3.0 MB | 0.4/6.0 MB | 0.2/2.2 MBProgress (5): 2.2/2.2 MB | 2.0 MB | 1.0/3.0 MB | 0.4/6.0 MB | 0.2/2.2 MBProgress (5): 2.2 MB | 2.0 MB | 1.0/3.0 MB | 0.4/6.0 MB | 0.2/2.2 MB    Progress (5): 2.2 MB | 2.0 MB | 1.0/3.0 MB | 0.4/6.0 MB | 0.3/2.2 MBProgress (5): 2.2 MB | 2.0 MB | 1.1/3.0 MB | 0.4/6.0 MB | 0.3/2.2 MBProgress (5): 2.2 MB | 2.0 MB | 1.1/3.0 MB | 0.4/6.0 MB | 0.3/2.2 MBProgress (5): 2.2 MB | 2.0 MB | 1.1/3.0 MB | 0.4/6.0 MB | 0.3/2.2 MBProgress (5): 2.2 MB | 2.0 MB | 1.1/3.0 MB | 0.4/6.0 MB | 0.3/2.2 MB                                                                    Downloaded from central: https://repo.maven.apache.org/maven2/org/apache/commons/commons-math3/3.6.1/commons-math3-3.6.1.jar (2.2 MB at 5.7 MB/s)
Downloading from central: https://repo.maven.apache.org/maven2/org/apache/commons/commons-compress/1.26.2/commons-compress-1.26.2.jar
Progress (4): 2.0 MB | 1.1/3.0 MB | 0.4/6.0 MB | 0.3/2.2 MBProgress (4): 2.0 MB | 1.1/3.0 MB | 0.4/6.0 MB | 0.3/2.2 MB                                                           Downloaded from central: https://repo.maven.apache.org/maven2/org/apache/poi/poi-ooxml/5.3.0/poi-ooxml-5.3.0.jar (2.0 MB at 5.2 MB/s)
Progress (3): 1.1/3.0 MB | 0.4/6.0 MB | 0.3/2.2 MB                                                  Downloading from central: https://repo.maven.apache.org/maven2/commons-io/commons-io/2.16.1/commons-io-2.16.1.jar
Progress (3): 1.1/3.0 MB | 0.4/6.0 MB | 0.3/2.2 MBProgress (3): 1.1/3.0 MB | 0.4/6.0 MB | 0.3/2.2 MBProgress (3): 1.1/3.0 MB | 0.4/6.0 MB | 0.3/2.2 MBProgress (3): 1.1/3.0 MB | 0.4/6.0 MB | 0.3/2.2 MBProgress (3): 1.1/3.0 MB | 0.4/6.0 MB | 0.3/2.2 MBProgress (3): 1.2/3.0 MB | 0.4/6.0 MB | 0.3/2.2 MBProgress (3): 1.2/3.0 MB | 0.4/6.0 MB | 0.3/2.2 MBProgress (3): 1.2/3.0 MB | 0.4/6.0 MB | 0.3/2.2 MBProgress (3): 1.2/3.0 MB | 0.4/6.0 MB | 0.3/2.2 MBProgress (3): 1.2/3.0 MB | 0.4/6.0 MB | 0.3/2.2 MBProgress (3): 1.2/3.0 MB | 0.4/6.0 MB | 0.3/2.2 MBProgress (3): 1.2/3.0 MB | 0.4/6.0 MB | 0.3/2.2 MBProgress (3): 1.2/3.0 MB | 0.5/6.0 MB | 0.3/2.2 MBProgress (3): 1.2/3.0 MB | 0.5/6.0 MB | 0.3/2.2 MBProgress (3): 1.2/3.0 MB | 0.5/6.0 MB | 0.3/2.2 MBProgress (3): 1.2/3.0 MB | 0.5/6.0 MB | 0.3/2.2 MBProgress (3): 1.2/3.0 MB | 0.5/6.0 MB | 0.3/2.2 MBProgress (3): 1.2/3.0 MB | 0.5/6.0 MB | 0.3/2.2 MBProgress (3): 1.2/3.0 MB | 0.5/6.0 MB | 0.3/2.2 MBProgress (3): 1.3/3.0 MB | 0.5/6.0 MB | 0.3/2.2 MBProgress (3): 1.3/3.0 MB | 0.5/6.0 MB | 0.4/2.2 MBProgress (3): 1.3/3.0 MB | 0.5/6.0 MB | 0.4/2.2 MBProgress (3): 1.3/3.0 MB | 0.5/6.0 MB | 0.4/2.2 MBProgress (3): 1.3/3.0 MB | 0.5/6.0 MB | 0.4/2.2 MBProgress (3): 1.3/3.0 MB | 0.5/6.0 MB | 0.4/2.2 MBProgress (4): 1.3/3.0 MB | 0.5/6.0 MB | 0.4/2.2 MB | 0/1.1 MBProgress (4): 1.3/3.0 MB | 0.5/6.0 MB | 0.4/2.2 MB | 0/1.1 MBProgress (4): 1.3/3.0 MB | 0.5/6.0 MB | 0.4/2.2 MB | 0/1.1 MBProgress (4): 1.3/3.0 MB | 0.6/6.0 MB | 0.4/2.2 MB | 0/1.1 MBProgress (4): 1.3/3.0 MB | 0.6/6.0 MB | 0.4/2.2 MB | 0/1.1 MBProgress (4): 1.3/3.0 MB | 0.6/6.0 MB | 0.4/2.2 MB | 0/1.1 MBProgress (4): 1.3/3.0 MB | 0.6/6.0 MB | 0.4/2.2 MB | 0/1.1 MBProgress (4): 1.3/3.0 MB | 0.6/6.0 MB | 0.4/2.2 MB | 0/1.1 MBProgress (4): 1.3/3.0 MB | 0.6/6.0 MB | 0.4/2.2 MB | 0/1.1 MBProgress (4): 1.3/3.0 MB | 0.6/6.0 MB | 0.4/2.2 MB | 0/1.1 MBProgress (5): 1.3/3.0 MB | 0.6/6.0 MB | 0.4/2.2 MB | 0/1.1 MB | 7.7/509 kBProgress (5): 1.3/3.0 MB | 0.6/6.0 MB | 0.4/2.2 MB | 0/1.1 MB | 16/509 kB Progress (5): 1.3/3.0 MB | 0.6/6.0 MB | 0.4/2.2 MB | 0/1.1 MB | 16/509 kBProgress (5): 1.3/3.0 MB | 0.6/6.0 MB | 0.4/2.2 MB | 0/1.1 MB | 32/509 kBProgress (5): 1.3/3.0 MB | 0.6/6.0 MB | 0.4/2.2 MB | 0/1.1 MB | 49/509 kBProgress (5): 1.3/3.0 MB | 0.6/6.0 MB | 0.4/2.2 MB | 0/1.1 MB | 49/509 kBProgress (5): 1.3/3.0 MB | 0.6/6.0 MB | 0.4/2.2 MB | 0.1/1.1 MB | 49/509 kBProgress (5): 1.3/3.0 MB | 0.6/6.0 MB | 0.4/2.2 MB | 0.1/1.1 MB | 49/509 kBProgress (5): 1.3/3.0 MB | 0.6/6.0 MB | 0.4/2.2 MB | 0.1/1.1 MB | 49/509 kBProgress (5): 1.3/3.0 MB | 0.6/6.0 MB | 0.4/2.2 MB | 0.1/1.1 MB | 49/509 kBProgress (5): 1.3/3.0 MB | 0.6/6.0 MB | 0.4/2.2 MB | 0.1/1.1 MB | 49/509 kBProgress (5): 1.3/3.0 MB | 0.6/6.0 MB | 0.4/2.2 MB | 0.1/1.1 MB | 49/509 kBProgress (5): 1.3/3.0 MB | 0.6/6.0 MB | 0.4/2.2 MB | 0.1/1.1 MB | 49/509 kBProgress (5): 1.3/3.0 MB | 0.6/6.0 MB | 0.4/2.2 MB | 0.1/1.1 MB | 49/509 kBProgress (5): 1.3/3.0 MB | 0.6/6.0 MB | 0.4/2.2 MB | 0.1/1.1 MB | 49/509 kBProgress (5): 1.4/3.0 MB | 0.6/6.0 MB | 0.4/2.2 MB | 0.1/1.1 MB | 49/509 kBProgress (5): 1.4/3.0 MB | 0.6/6.0 MB | 0.5/2.2 MB | 0.1/1.1 MB | 49/509 kBProgress (5): 1.4/3.0 MB | 0.6/6.0 MB | 0.5/2.2 MB | 0.1/1.1 MB | 49/509 kBProgress (5): 1.4/3.0 MB | 0.6/6.0 MB | 0.5/2.2 MB | 0.1/1.1 MB | 49/509 kBProgress (5): 1.4/3.0 MB | 0.6/6.0 MB | 0.5/2.2 MB | 0.1/1.1 MB | 65/509 kBProgress (5): 1.4/3.0 MB | 0.6/6.0 MB | 0.5/2.2 MB | 0.1/1.1 MB | 81/509 kBProgress (5): 1.4/3.0 MB | 0.6/6.0 MB | 0.5/2.2 MB | 0.1/1.1 MB | 81/509 kBProgress (5): 1.4/3.0 MB | 0.6/6.0 MB | 0.5/2.2 MB | 0.1/1.1 MB | 81/509 kBProgress (5): 1.4/3.0 MB | 0.6/6.0 MB | 0.5/2.2 MB | 0.1/1.1 MB | 81/509 kBProgress (5): 1.4/3.0 MB | 0.6/6.0 MB | 0.5/2.2 MB | 0.1/1.1 MB | 81/509 kBProgress (5): 1.4/3.0 MB | 0.6/6.0 MB | 0.5/2.2 MB | 0.1/1.1 MB | 81/509 kBProgress (5): 1.4/3.0 MB | 0.6/6.0 MB | 0.6/2.2 MB | 0.1/1.1 MB | 81/509 kBProgress (5): 1.4/3.0 MB | 0.6/6.0 MB | 0.6/2.2 MB | 0.1/1.1 MB | 81/509 kBProgress (5): 1.4/3.0 MB | 0.6/6.0 MB | 0.6/2.2 MB | 0.1/1.1 MB | 81/509 kBProgress (5): 1.4/3.0 MB | 0.7/6.0 MB | 0.6/2.2 MB | 0.1/1.1 MB | 81/509 kBProgress (5): 1.4/3.0 MB | 0.7/6.0 MB | 0.6/2.2 MB | 0.1/1.1 MB | 81/509 kBProgress (5): 1.4/3.0 MB | 0.7/6.0 MB | 0.6/2.2 MB | 0.1/1.1 MB | 81/509 kBProgress (5): 1.4/3.0 MB | 0.7/6.0 MB | 0.6/2.2 MB | 0.1/1.1 MB | 81/509 kBProgress (5): 1.4/3.0 MB | 0.7/6.0 MB | 0.6/2.2 MB | 0.1/1.1 MB | 81/509 kBProgress (5): 1.4/3.0 MB | 0.7/6.0 MB | 0.6/2.2 MB | 0.1/1.1 MB | 81/509 kBProgress (5): 1.4/3.0 MB | 0.7/6.0 MB | 0.6/2.2 MB | 0.1/1.1 MB | 81/509 kBProgress (5): 1.4/3.0 MB | 0.7/6.0 MB | 0.6/2.2 MB | 0.1/1.1 MB | 98/509 kBProgress (5): 1.4/3.0 MB | 0.7/6.0 MB | 0.6/2.2 MB | 0.2/1.1 MB | 98/509 kBProgress (5): 1.4/3.0 MB | 0.7/6.0 MB | 0.6/2.2 MB | 0.2/1.1 MB | 114/509 kBProgress (5): 1.4/3.0 MB | 0.7/6.0 MB | 0.6/2.2 MB | 0.2/1.1 MB | 131/509 kBProgress (5): 1.4/3.0 MB | 0.7/6.0 MB | 0.6/2.2 MB | 0.2/1.1 MB | 147/509 kBProgress (5): 1.4/3.0 MB | 0.7/6.0 MB | 0.6/2.2 MB | 0.2/1.1 MB | 147/509 kBProgress (5): 1.5/3.0 MB | 0.7/6.0 MB | 0.6/2.2 MB | 0.2/1.1 MB | 147/509 kBProgress (5): 1.5/3.0 MB | 0.7/6.0 MB | 0.6/2.2 MB | 0.2/1.1 MB | 147/509 kBProgress (5): 1.5/3.0 MB | 0.7/6.0 MB | 0.6/2.2 MB | 0.2/1.1 MB | 147/509 kBProgress (5): 1.5/3.0 MB | 0.7/6.0 MB | 0.6/2.2 MB | 0.2/1.1 MB | 147/509 kBProgress (5): 1.5/3.0 MB | 0.7/6.0 MB | 0.6/2.2 MB | 0.2/1.1 MB | 163/509 kBProgress (5): 1.5/3.0 MB | 0.7/6.0 MB | 0.6/2.2 MB | 0.2/1.1 MB | 163/509 kBProgress (5): 1.5/3.0 MB | 0.7/6.0 MB | 0.6/2.2 MB | 0.2/1.1 MB | 163/509 kBProgress (5): 1.5/3.0 MB | 0.7/6.0 MB | 0.6/2.2 MB | 0.2/1.1 MB | 163/509 kBProgress (5): 1.5/3.0 MB | 0.7/6.0 MB | 0.6/2.2 MB | 0.2/1.1 MB | 163/509 kBProgress (5): 1.5/3.0 MB | 0.7/6.0 MB | 0.6/2.2 MB | 0.2/1.1 MB | 163/509 kBProgress (5): 1.5/3.0 MB | 0.7/6.0 MB | 0.6/2.2 MB | 0.2/1.1 MB | 163/509 kBProgress (5): 1.5/3.0 MB | 0.7/6.0 MB | 0.6/2.2 MB | 0.2/1.1 MB | 163/509 kBProgress (5): 1.5/3.0 MB | 0.7/6.0 MB | 0.6/2.2 MB | 0.2/1.1 MB | 163/509 kBProgress (5): 1.5/3.0 MB | 0.7/6.0 MB | 0.6/2.2 MB | 0.2/1.1 MB | 180/509 kBProgress (5): 1.5/3.0 MB | 0.7/6.0 MB | 0.6/2.2 MB | 0.2/1.1 MB | 180/509 kBProgress (5): 1.5/3.0 MB | 0.7/6.0 MB | 0.6/2.2 MB | 0.2/1.1 MB | 196/509 kBProgress (5): 1.5/3.0 MB | 0.7/6.0 MB | 0.6/2.2 MB | 0.2/1.1 MB | 196/509 kBProgress (5): 1.5/3.0 MB | 0.7/6.0 MB | 0.6/2.2 MB | 0.2/1.1 MB | 213/509 kBProgress (5): 1.5/3.0 MB | 0.7/6.0 MB | 0.6/2.2 MB | 0.2/1.1 MB | 213/509 kBProgress (5): 1.5/3.0 MB | 0.8/6.0 MB | 0.6/2.2 MB | 0.2/1.1 MB | 213/509 kBProgress (5): 1.5/3.0 MB | 0.8/6.0 MB | 0.6/2.2 MB | 0.2/1.1 MB | 213/509 kBProgress (5): 1.5/3.0 MB | 0.8/6.0 MB | 0.6/2.2 MB | 0.2/1.1 MB | 213/509 kBProgress (5): 1.5/3.0 MB | 0.8/6.0 MB | 0.6/2.2 MB | 0.2/1.1 MB | 213/509 kBProgress (5): 1.5/3.0 MB | 0.8/6.0 MB | 0.6/2.2 MB | 0.2/1.1 MB | 213/509 kBProgress (5): 1.5/3.0 MB | 0.8/6.0 MB | 0.6/2.2 MB | 0.2/1.1 MB | 213/509 kBProgress (5): 1.5/3.0 MB | 0.8/6.0 MB | 0.7/2.2 MB | 0.2/1.1 MB | 213/509 kBProgress (5): 1.5/3.0 MB | 0.8/6.0 MB | 0.7/2.2 MB | 0.2/1.1 MB | 213/509 kBProgress (5): 1.5/3.0 MB | 0.8/6.0 MB | 0.7/2.2 MB | 0.2/1.1 MB | 213/509 kBProgress (5): 1.6/3.0 MB | 0.8/6.0 MB | 0.7/2.2 MB | 0.2/1.1 MB | 213/509 kBProgress (5): 1.6/3.0 MB | 0.8/6.0 MB | 0.7/2.2 MB | 0.3/1.1 MB | 213/509 kBProgress (5): 1.6/3.0 MB | 0.8/6.0 MB | 0.7/2.2 MB | 0.3/1.1 MB | 229/509 kBProgress (5): 1.6/3.0 MB | 0.8/6.0 MB | 0.7/2.2 MB | 0.3/1.1 MB | 229/509 kBProgress (5): 1.6/3.0 MB | 0.8/6.0 MB | 0.7/2.2 MB | 0.3/1.1 MB | 245/509 kBProgress (5): 1.6/3.0 MB | 0.8/6.0 MB | 0.7/2.2 MB | 0.3/1.1 MB | 245/509 kBProgress (5): 1.6/3.0 MB | 0.8/6.0 MB | 0.7/2.2 MB | 0.3/1.1 MB | 245/509 kBProgress (5): 1.6/3.0 MB | 0.8/6.0 MB | 0.7/2.2 MB | 0.3/1.1 MB | 245/509 kBProgress (5): 1.6/3.0 MB | 0.8/6.0 MB | 0.7/2.2 MB | 0.3/1.1 MB | 245/509 kBProgress (5): 1.6/3.0 MB | 0.8/6.0 MB | 0.7/2.2 MB | 0.3/1.1 MB | 262/509 kBProgress (5): 1.6/3.0 MB | 0.8/6.0 MB | 0.7/2.2 MB | 0.3/1.1 MB | 262/509 kBProgress (5): 1.6/3.0 MB | 0.8/6.0 MB | 0.7/2.2 MB | 0.3/1.1 MB | 262/509 kBProgress (5): 1.6/3.0 MB | 0.8/6.0 MB | 0.7/2.2 MB | 0.3/1.1 MB | 262/509 kBProgress (5): 1.6/3.0 MB | 0.8/6.0 MB | 0.7/2.2 MB | 0.3/1.1 MB | 262/509 kBProgress (5): 1.6/3.0 MB | 0.8/6.0 MB | 0.7/2.2 MB | 0.3/1.1 MB | 262/509 kBProgress (5): 1.6/3.0 MB | 0.8/6.0 MB | 0.7/2.2 MB | 0.3/1.1 MB | 262/509 kBProgress (5): 1.6/3.0 MB | 0.8/6.0 MB | 0.7/2.2 MB | 0.3/1.1 MB | 278/509 kBProgress (5): 1.6/3.0 MB | 0.8/6.0 MB | 0.7/2.2 MB | 0.3/1.1 MB | 278/509 kBProgress (5): 1.6/3.0 MB | 0.8/6.0 MB | 0.7/2.2 MB | 0.3/1.1 MB | 294/509 kBProgress (5): 1.6/3.0 MB | 0.8/6.0 MB | 0.7/2.2 MB | 0.3/1.1 MB | 294/509 kBProgress (5): 1.6/3.0 MB | 0.8/6.0 MB | 0.7/2.2 MB | 0.3/1.1 MB | 294/509 kBProgress (5): 1.6/3.0 MB | 0.8/6.0 MB | 0.7/2.2 MB | 0.3/1.1 MB | 311/509 kBProgress (5): 1.6/3.0 MB | 0.9/6.0 MB | 0.7/2.2 MB | 0.3/1.1 MB | 311/509 kBProgress (5): 1.6/3.0 MB | 0.9/6.0 MB | 0.7/2.2 MB | 0.3/1.1 MB | 311/509 kBProgress (5): 1.6/3.0 MB | 0.9/6.0 MB | 0.7/2.2 MB | 0.3/1.1 MB | 311/509 kBProgress (5): 1.6/3.0 MB | 0.9/6.0 MB | 0.7/2.2 MB | 0.3/1.1 MB | 311/509 kBProgress (5): 1.6/3.0 MB | 0.9/6.0 MB | 0.7/2.2 MB | 0.3/1.1 MB | 311/509 kBProgress (5): 1.6/3.0 MB | 0.9/6.0 MB | 0.7/2.2 MB | 0.3/1.1 MB | 311/509 kBProgress (5): 1.6/3.0 MB | 0.9/6.0 MB | 0.7/2.2 MB | 0.3/1.1 MB | 311/509 kBProgress (5): 1.7/3.0 MB | 0.9/6.0 MB | 0.7/2.2 MB | 0.3/1.1 MB | 311/509 kBProgress (5): 1.7/3.0 MB | 0.9/6.0 MB | 0.8/2.2 MB | 0.3/1.1 MB | 311/509 kBProgress (5): 1.7/3.0 MB | 0.9/6.0 MB | 0.8/2.2 MB | 0.3/1.1 MB | 311/509 kBProgress (5): 1.7/3.0 MB | 0.9/6.0 MB | 0.8/2.2 MB | 0.4/1.1 MB | 311/509 kBProgress (5): 1.7/3.0 MB | 0.9/6.0 MB | 0.8/2.2 MB | 0.4/1.1 MB | 327/509 kBProgress (5): 1.7/3.0 MB | 0.9/6.0 MB | 0.8/2.2 MB | 0.4/1.1 MB | 327/509 kBProgress (5): 1.7/3.0 MB | 0.9/6.0 MB | 0.8/2.2 MB | 0.4/1.1 MB | 344/509 kBProgress (5): 1.7/3.0 MB | 0.9/6.0 MB | 0.8/2.2 MB | 0.4/1.1 MB | 344/509 kBProgress (5): 1.7/3.0 MB | 0.9/6.0 MB | 0.8/2.2 MB | 0.4/1.1 MB | 344/509 kBProgress (5): 1.7/3.0 MB | 0.9/6.0 MB | 0.8/2.2 MB | 0.4/1.1 MB | 344/509 kBProgress (5): 1.7/3.0 MB | 1.0/6.0 MB | 0.8/2.2 MB | 0.4/1.1 MB | 344/509 kBProgress (5): 1.7/3.0 MB | 1.0/6.0 MB | 0.8/2.2 MB | 0.4/1.1 MB | 344/509 kBProgress (5): 1.7/3.0 MB | 1.0/6.0 MB | 0.8/2.2 MB | 0.4/1.1 MB | 344/509 kBProgress (5): 1.7/3.0 MB | 1.0/6.0 MB | 0.8/2.2 MB | 0.4/1.1 MB | 344/509 kBProgress (5): 1.7/3.0 MB | 1.0/6.0 MB | 0.8/2.2 MB | 0.4/1.1 MB | 344/509 kBProgress (5): 1.7/3.0 MB | 1.0/6.0 MB | 0.8/2.2 MB | 0.4/1.1 MB | 344/509 kBProgress (5): 1.7/3.0 MB | 1.0/6.0 MB | 0.8/2.2 MB | 0.4/1.1 MB | 344/509 kBProgress (5): 1.7/3.0 MB | 1.0/6.0 MB | 0.8/2.2 MB | 0.4/1.1 MB | 344/509 kBProgress (5): 1.7/3.0 MB | 1.0/6.0 MB | 0.8/2.2 MB | 0.4/1.1 MB | 344/509 kBProgress (5): 1.7/3.0 MB | 1.0/6.0 MB | 0.8/2.2 MB | 0.4/1.1 MB | 360/509 kBProgress (5): 1.7/3.0 MB | 1.0/6.0 MB | 0.8/2.2 MB | 0.4/1.1 MB | 376/509 kBProgress (5): 1.7/3.0 MB | 1.0/6.0 MB | 0.8/2.2 MB | 0.4/1.1 MB | 393/509 kBProgress (5): 1.7/3.0 MB | 1.0/6.0 MB | 0.8/2.2 MB | 0.4/1.1 MB | 409/509 kBProgress (5): 1.7/3.0 MB | 1.0/6.0 MB | 0.8/2.2 MB | 0.4/1.1 MB | 426/509 kBProgress (5): 1.7/3.0 MB | 1.0/6.0 MB | 0.8/2.2 MB | 0.4/1.1 MB | 426/509 kBProgress (5): 1.7/3.0 MB | 1.0/6.0 MB | 0.8/2.2 MB | 0.4/1.1 MB | 426/509 kBProgress (5): 1.7/3.0 MB | 1.0/6.0 MB | 0.8/2.2 MB | 0.4/1.1 MB | 426/509 kBProgress (5): 1.7/3.0 MB | 1.0/6.0 MB | 0.8/2.2 MB | 0.4/1.1 MB | 426/509 kBProgress (5): 1.7/3.0 MB | 1.0/6.0 MB | 0.8/2.2 MB | 0.4/1.1 MB | 426/509 kBProgress (5): 1.8/3.0 MB | 1.0/6.0 MB | 0.8/2.2 MB | 0.4/1.1 MB | 426/509 kBProgress (5): 1.8/3.0 MB | 1.0/6.0 MB | 0.8/2.2 MB | 0.4/1.1 MB | 426/509 kBProgress (5): 1.8/3.0 MB | 1.0/6.0 MB | 0.8/2.2 MB | 0.4/1.1 MB | 426/509 kBProgress (5): 1.8/3.0 MB | 1.0/6.0 MB | 0.8/2.2 MB | 0.4/1.1 MB | 426/509 kBProgress (5): 1.8/3.0 MB | 1.0/6.0 MB | 0.8/2.2 MB | 0.4/1.1 MB | 426/509 kBProgress (5): 1.8/3.0 MB | 1.0/6.0 MB | 0.8/2.2 MB | 0.5/1.1 MB | 426/509 kBProgress (5): 1.8/3.0 MB | 1.0/6.0 MB | 0.9/2.2 MB | 0.5/1.1 MB | 426/509 kBProgress (5): 1.8/3.0 MB | 1.0/6.0 MB | 0.9/2.2 MB | 0.5/1.1 MB | 426/509 kBProgress (5): 1.8/3.0 MB | 1.0/6.0 MB | 0.9/2.2 MB | 0.5/1.1 MB | 426/509 kBProgress (5): 1.8/3.0 MB | 1.0/6.0 MB | 0.9/2.2 MB | 0.5/1.1 MB | 426/509 kBProgress (5): 1.8/3.0 MB | 1.0/6.0 MB | 0.9/2.2 MB | 0.5/1.1 MB | 426/509 kBProgress (5): 1.8/3.0 MB | 1.0/6.0 MB | 0.9/2.2 MB | 0.5/1.1 MB | 442/509 kBProgress (5): 1.8/3.0 MB | 1.0/6.0 MB | 0.9/2.2 MB | 0.5/1.1 MB | 442/509 kBProgress (5): 1.8/3.0 MB | 1.0/6.0 MB | 0.9/2.2 MB | 0.5/1.1 MB | 458/509 kBProgress (5): 1.8/3.0 MB | 1.0/6.0 MB | 0.9/2.2 MB | 0.5/1.1 MB | 475/509 kBProgress (5): 1.8/3.0 MB | 1.0/6.0 MB | 0.9/2.2 MB | 0.5/1.1 MB | 475/509 kBProgress (5): 1.8/3.0 MB | 1.0/6.0 MB | 0.9/2.2 MB | 0.5/1.1 MB | 475/509 kBProgress (5): 1.8/3.0 MB | 1.0/6.0 MB | 0.9/2.2 MB | 0.5/1.1 MB | 475/509 kBProgress (5): 1.8/3.0 MB | 1.0/6.0 MB | 0.9/2.2 MB | 0.5/1.1 MB | 475/509 kBProgress (5): 1.8/3.0 MB | 1.1/6.0 MB | 0.9/2.2 MB | 0.5/1.1 MB | 475/509 kBProgress (5): 1.8/3.0 MB | 1.1/6.0 MB | 0.9/2.2 MB | 0.5/1.1 MB | 475/509 kBProgress (5): 1.8/3.0 MB | 1.1/6.0 MB | 0.9/2.2 MB | 0.5/1.1 MB | 475/509 kBProgress (5): 1.8/3.0 MB | 1.1/6.0 MB | 0.9/2.2 MB | 0.5/1.1 MB | 475/509 kBProgress (5): 1.8/3.0 MB | 1.1/6.0 MB | 0.9/2.2 MB | 0.5/1.1 MB | 475/509 kBProgress (5): 1.8/3.0 MB | 1.1/6.0 MB | 0.9/2.2 MB | 0.5/1.1 MB | 475/509 kBProgress (5): 1.8/3.0 MB | 1.1/6.0 MB | 0.9/2.2 MB | 0.5/1.1 MB | 475/509 kBProgress (5): 1.8/3.0 MB | 1.1/6.0 MB | 0.9/2.2 MB | 0.5/1.1 MB | 475/509 kBProgress (5): 1.8/3.0 MB | 1.1/6.0 MB | 0.9/2.2 MB | 0.5/1.1 MB | 491/509 kBProgress (5): 1.8/3.0 MB | 1.1/6.0 MB | 0.9/2.2 MB | 0.5/1.1 MB | 507/509 kBProgress (5): 1.8/3.0 MB | 1.1/6.0 MB | 0.9/2.2 MB | 0.5/1.1 MB | 509 kB    Progress (5): 1.8/3.0 MB | 1.1/6.0 MB | 0.9/2.2 MB | 0.5/1.1 MB | 509 kB                                                                        Downloaded from central: https://repo.maven.apache.org/maven2/commons-io/commons-io/2.16.1/commons-io-2.16.1.jar (509 kB at 1.1 MB/s)
Progress (4): 1.9/3.0 MB | 1.1/6.0 MB | 0.9/2.2 MB | 0.5/1.1 MBProgress (4): 1.9/3.0 MB | 1.1/6.0 MB | 0.9/2.2 MB | 0.5/1.1 MBProgress (4): 1.9/3.0 MB | 1.1/6.0 MB | 0.9/2.2 MB | 0.5/1.1 MBProgress (4): 1.9/3.0 MB | 1.1/6.0 MB | 0.9/2.2 MB | 0.6/1.1 MBProgress (4): 1.9/3.0 MB | 1.1/6.0 MB | 0.9/2.2 MB | 0.6/1.1 MBProgress (4): 1.9/3.0 MB | 1.1/6.0 MB | 0.9/2.2 MB | 0.6/1.1 MBProgress (4): 1.9/3.0 MB | 1.1/6.0 MB | 0.9/2.2 MB | 0.6/1.1 MBProgress (4): 1.9/3.0 MB | 1.1/6.0 MB | 0.9/2.2 MB | 0.6/1.1 MB                                                               Downloading from central: https://repo.maven.apache.org/maven2/com/github/virtuald/curvesapi/1.08/curvesapi-1.08.jar
Progress (4): 1.9/3.0 MB | 1.1/6.0 MB | 0.9/2.2 MB | 0.6/1.1 MBProgress (4): 1.9/3.0 MB | 1.1/6.0 MB | 0.9/2.2 MB | 0.6/1.1 MBProgress (4): 1.9/3.0 MB | 1.1/6.0 MB | 0.9/2.2 MB | 0.6/1.1 MBProgress (4): 1.9/3.0 MB | 1.1/6.0 MB | 1.0/2.2 MB | 0.6/1.1 MBProgress (4): 1.9/3.0 MB | 1.1/6.0 MB | 1.0/2.2 MB | 0.6/1.1 MBProgress (4): 1.9/3.0 MB | 1.1/6.0 MB | 1.0/2.2 MB | 0.6/1.1 MBProgress (4): 1.9/3.0 MB | 1.1/6.0 MB | 1.0/2.2 MB | 0.6/1.1 MBProgress (4): 1.9/3.0 MB | 1.1/6.0 MB | 1.0/2.2 MB | 0.6/1.1 MBProgress (4): 1.9/3.0 MB | 1.1/6.0 MB | 1.0/2.2 MB | 0.6/1.1 MBProgress (4): 1.9/3.0 MB | 1.2/6.0 MB | 1.0/2.2 MB | 0.6/1.1 MBProgress (4): 1.9/3.0 MB | 1.2/6.0 MB | 1.0/2.2 MB | 0.6/1.1 MBProgress (4): 1.9/3.0 MB | 1.2/6.0 MB | 1.0/2.2 MB | 0.6/1.1 MBProgress (4): 1.9/3.0 MB | 1.2/6.0 MB | 1.0/2.2 MB | 0.6/1.1 MBProgress (4): 1.9/3.0 MB | 1.2/6.0 MB | 1.0/2.2 MB | 0.6/1.1 MBProgress (4): 1.9/3.0 MB | 1.2/6.0 MB | 1.0/2.2 MB | 0.6/1.1 MBProgress (4): 1.9/3.0 MB | 1.2/6.0 MB | 1.0/2.2 MB | 0.6/1.1 MBProgress (4): 2.0/3.0 MB | 1.2/6.0 MB | 1.0/2.2 MB | 0.6/1.1 MBProgress (4): 2.0/3.0 MB | 1.2/6.0 MB | 1.0/2.2 MB | 0.6/1.1 MBProgress (4): 2.0/3.0 MB | 1.2/6.0 MB | 1.0/2.2 MB | 0.6/1.1 MBProgress (4): 2.0/3.0 MB | 1.2/6.0 MB | 1.0/2.2 MB | 0.6/1.1 MBProgress (4): 2.0/3.0 MB | 1.2/6.0 MB | 1.0/2.2 MB | 0.7/1.1 MBProgress (4): 2.0/3.0 MB | 1.2/6.0 MB | 1.0/2.2 MB | 0.7/1.1 MBProgress (4): 2.0/3.0 MB | 1.2/6.0 MB | 1.0/2.2 MB | 0.7/1.1 MBProgress (4): 2.0/3.0 MB | 1.2/6.0 MB | 1.0/2.2 MB | 0.7/1.1 MBProgress (4): 2.0/3.0 MB | 1.2/6.0 MB | 1.0/2.2 MB | 0.7/1.1 MBProgress (4): 2.0/3.0 MB | 1.2/6.0 MB | 1.0/2.2 MB | 0.7/1.1 MBProgress (4): 2.0/3.0 MB | 1.2/6.0 MB | 1.0/2.2 MB | 0.7/1.1 MBProgress (4): 2.0/3.0 MB | 1.2/6.0 MB | 1.0/2.2 MB | 0.7/1.1 MBProgress (4): 2.0/3.0 MB | 1.2/6.0 MB | 1.1/2.2 MB | 0.7/1.1 MBProgress (4): 2.0/3.0 MB | 1.2/6.0 MB | 1.1/2.2 MB | 0.7/1.1 MBProgress (4): 2.0/3.0 MB | 1.2/6.0 MB | 1.1/2.2 MB | 0.7/1.1 MBProgress (4): 2.0/3.0 MB | 1.2/6.0 MB | 1.1/2.2 MB | 0.7/1.1 MBProgress (4): 2.0/3.0 MB | 1.2/6.0 MB | 1.1/2.2 MB | 0.7/1.1 MBProgress (4): 2.0/3.0 MB | 1.2/6.0 MB | 1.1/2.2 MB | 0.7/1.1 MBProgress (4): 2.0/3.0 MB | 1.2/6.0 MB | 1.1/2.2 MB | 0.7/1.1 MBProgress (4): 2.0/3.0 MB | 1.3/6.0 MB | 1.1/2.2 MB | 0.7/1.1 MBProgress (4): 2.0/3.0 MB | 1.3/6.0 MB | 1.1/2.2 MB | 0.7/1.1 MBProgress (4): 2.0/3.0 MB | 1.3/6.0 MB | 1.1/2.2 MB | 0.7/1.1 MBProgress (4): 2.0/3.0 MB | 1.3/6.0 MB | 1.1/2.2 MB | 0.7/1.1 MBProgress (4): 2.0/3.0 MB | 1.3/6.0 MB | 1.1/2.2 MB | 0.7/1.1 MBProgress (5): 2.0/3.0 MB | 1.3/6.0 MB | 1.1/2.2 MB | 0.7/1.1 MB | 7.7/117 kBProgress (5): 2.0/3.0 MB | 1.3/6.0 MB | 1.1/2.2 MB | 0.7/1.1 MB | 12/117 kB Progress (5): 2.0/3.0 MB | 1.3/6.0 MB | 1.1/2.2 MB | 0.7/1.1 MB | 12/117 kBProgress (5): 2.0/3.0 MB | 1.3/6.0 MB | 1.1/2.2 MB | 0.7/1.1 MB | 12/117 kBProgress (5): 2.0/3.0 MB | 1.3/6.0 MB | 1.1/2.2 MB | 0.7/1.1 MB | 12/117 kBProgress (5): 2.0/3.0 MB | 1.3/6.0 MB | 1.1/2.2 MB | 0.7/1.1 MB | 12/117 kBProgress (5): 2.0/3.0 MB | 1.3/6.0 MB | 1.1/2.2 MB | 0.8/1.1 MB | 12/117 kBProgress (5): 2.0/3.0 MB | 1.3/6.0 MB | 1.1/2.2 MB | 0.8/1.1 MB | 12/117 kBProgress (5): 2.0/3.0 MB | 1.3/6.0 MB | 1.1/2.2 MB | 0.8/1.1 MB | 29/117 kBProgress (5): 2.1/3.0 MB | 1.3/6.0 MB | 1.1/2.2 MB | 0.8/1.1 MB | 29/117 kBProgress (5): 2.1/3.0 MB | 1.3/6.0 MB | 1.1/2.2 MB | 0.8/1.1 MB | 45/117 kBProgress (5): 2.1/3.0 MB | 1.3/6.0 MB | 1.1/2.2 MB | 0.8/1.1 MB | 45/117 kBProgress (5): 2.1/3.0 MB | 1.3/6.0 MB | 1.1/2.2 MB | 0.8/1.1 MB | 45/117 kBProgress (5): 2.1/3.0 MB | 1.3/6.0 MB | 1.1/2.2 MB | 0.8/1.1 MB | 45/117 kBProgress (5): 2.1/3.0 MB | 1.3/6.0 MB | 1.1/2.2 MB | 0.8/1.1 MB | 45/117 kBProgress (5): 2.1/3.0 MB | 1.4/6.0 MB | 1.1/2.2 MB | 0.8/1.1 MB | 45/117 kBProgress (5): 2.1/3.0 MB | 1.4/6.0 MB | 1.2/2.2 MB | 0.8/1.1 MB | 45/117 kBProgress (5): 2.1/3.0 MB | 1.4/6.0 MB | 1.2/2.2 MB | 0.8/1.1 MB | 45/117 kBProgress (5): 2.1/3.0 MB | 1.4/6.0 MB | 1.2/2.2 MB | 0.8/1.1 MB | 45/117 kBProgress (5): 2.1/3.0 MB | 1.4/6.0 MB | 1.2/2.2 MB | 0.8/1.1 MB | 61/117 kBProgress (5): 2.1/3.0 MB | 1.4/6.0 MB | 1.2/2.2 MB | 0.8/1.1 MB | 61/117 kBProgress (5): 2.1/3.0 MB | 1.4/6.0 MB | 1.2/2.2 MB | 0.8/1.1 MB | 78/117 kBProgress (5): 2.1/3.0 MB | 1.4/6.0 MB | 1.2/2.2 MB | 0.8/1.1 MB | 78/117 kBProgress (5): 2.1/3.0 MB | 1.4/6.0 MB | 1.2/2.2 MB | 0.8/1.1 MB | 78/117 kBProgress (5): 2.1/3.0 MB | 1.4/6.0 MB | 1.2/2.2 MB | 0.8/1.1 MB | 78/117 kBProgress (5): 2.1/3.0 MB | 1.4/6.0 MB | 1.2/2.2 MB | 0.8/1.1 MB | 78/117 kBProgress (5): 2.1/3.0 MB | 1.4/6.0 MB | 1.2/2.2 MB | 0.8/1.1 MB | 78/117 kBProgress (5): 2.1/3.0 MB | 1.4/6.0 MB | 1.2/2.2 MB | 0.8/1.1 MB | 78/117 kBProgress (5): 2.1/3.0 MB | 1.4/6.0 MB | 1.2/2.2 MB | 0.8/1.1 MB | 78/117 kBProgress (5): 2.1/3.0 MB | 1.4/6.0 MB | 1.2/2.2 MB | 0.8/1.1 MB | 78/117 kBProgress (5): 2.1/3.0 MB | 1.4/6.0 MB | 1.2/2.2 MB | 0.8/1.1 MB | 94/117 kBProgress (5): 2.1/3.0 MB | 1.4/6.0 MB | 1.2/2.2 MB | 0.8/1.1 MB | 94/117 kBProgress (5): 2.1/3.0 MB | 1.4/6.0 MB | 1.2/2.2 MB | 0.8/1.1 MB | 111/117 kBProgress (5): 2.1/3.0 MB | 1.4/6.0 MB | 1.2/2.2 MB | 0.8/1.1 MB | 111/117 kBProgress (5): 2.1/3.0 MB | 1.4/6.0 MB | 1.2/2.2 MB | 0.8/1.1 MB | 111/117 kBProgress (5): 2.2/3.0 MB | 1.4/6.0 MB | 1.2/2.2 MB | 0.8/1.1 MB | 111/117 kBProgress (5): 2.2/3.0 MB | 1.4/6.0 MB | 1.2/2.2 MB | 0.8/1.1 MB | 111/117 kBProgress (5): 2.2/3.0 MB | 1.4/6.0 MB | 1.2/2.2 MB | 0.8/1.1 MB | 111/117 kBProgress (5): 2.2/3.0 MB | 1.4/6.0 MB | 1.2/2.2 MB | 0.8/1.1 MB | 117 kB    Progress (5): 2.2/3.0 MB | 1.4/6.0 MB | 1.2/2.2 MB | 0.9/1.1 MB | 117 kB                                                                        Downloaded from central: https://repo.maven.apache.org/maven2/com/github/virtuald/curvesapi/1.08/curvesapi-1.08.jar (117 kB at 230 kB/s)
Progress (4): 2.2/3.0 MB | 1.4/6.0 MB | 1.3/2.2 MB | 0.9/1.1 MBProgress (4): 2.2/3.0 MB | 1.4/6.0 MB | 1.3/2.2 MB | 0.9/1.1 MBProgress (4): 2.2/3.0 MB | 1.4/6.0 MB | 1.3/2.2 MB | 0.9/1.1 MBProgress (4): 2.2/3.0 MB | 1.4/6.0 MB | 1.3/2.2 MB | 0.9/1.1 MBProgress (4): 2.2/3.0 MB | 1.4/6.0 MB | 1.3/2.2 MB | 0.9/1.1 MB                                                               Downloading from central: https://repo.maven.apache.org/maven2/org/apache/logging/log4j/log4j-api/2.23.1/log4j-api-2.23.1.jar
Progress (4): 2.2/3.0 MB | 1.4/6.0 MB | 1.3/2.2 MB | 0.9/1.1 MBProgress (4): 2.2/3.0 MB | 1.4/6.0 MB | 1.3/2.2 MB | 0.9/1.1 MBProgress (4): 2.2/3.0 MB | 1.4/6.0 MB | 1.3/2.2 MB | 0.9/1.1 MBProgress (4): 2.2/3.0 MB | 1.4/6.0 MB | 1.3/2.2 MB | 0.9/1.1 MBProgress (4): 2.2/3.0 MB | 1.5/6.0 MB | 1.3/2.2 MB | 0.9/1.1 MBProgress (4): 2.2/3.0 MB | 1.5/6.0 MB | 1.3/2.2 MB | 0.9/1.1 MBProgress (4): 2.2/3.0 MB | 1.5/6.0 MB | 1.3/2.2 MB | 0.9/1.1 MBProgress (4): 2.2/3.0 MB | 1.5/6.0 MB | 1.3/2.2 MB | 0.9/1.1 MBProgress (4): 2.2/3.0 MB | 1.5/6.0 MB | 1.3/2.2 MB | 0.9/1.1 MBProgress (4): 2.2/3.0 MB | 1.5/6.0 MB | 1.3/2.2 MB | 0.9/1.1 MBProgress (4): 2.2/3.0 MB | 1.5/6.0 MB | 1.3/2.2 MB | 0.9/1.1 MBProgress (4): 2.2/3.0 MB | 1.5/6.0 MB | 1.3/2.2 MB | 0.9/1.1 MBProgress (4): 2.2/3.0 MB | 1.5/6.0 MB | 1.3/2.2 MB | 1.0/1.1 MBProgress (4): 2.2/3.0 MB | 1.5/6.0 MB | 1.4/2.2 MB | 1.0/1.1 MBProgress (4): 2.2/3.0 MB | 1.5/6.0 MB | 1.4/2.2 MB | 1.0/1.1 MBProgress (4): 2.2/3.0 MB | 1.5/6.0 MB | 1.4/2.2 MB | 1.0/1.1 MBProgress (4): 2.2/3.0 MB | 1.5/6.0 MB | 1.4/2.2 MB | 1.0/1.1 MBProgress (4): 2.2/3.0 MB | 1.5/6.0 MB | 1.4/2.2 MB | 1.0/1.1 MBProgress (4): 2.2/3.0 MB | 1.5/6.0 MB | 1.4/2.2 MB | 1.0/1.1 MBProgress (4): 2.2/3.0 MB | 1.6/6.0 MB | 1.4/2.2 MB | 1.0/1.1 MBProgress (4): 2.2/3.0 MB | 1.6/6.0 MB | 1.4/2.2 MB | 1.0/1.1 MBProgress (4): 2.2/3.0 MB | 1.6/6.0 MB | 1.4/2.2 MB | 1.0/1.1 MBProgress (4): 2.2/3.0 MB | 1.6/6.0 MB | 1.4/2.2 MB | 1.0/1.1 MBProgress (4): 2.2/3.0 MB | 1.6/6.0 MB | 1.4/2.2 MB | 1.0/1.1 MBProgress (4): 2.2/3.0 MB | 1.6/6.0 MB | 1.4/2.2 MB | 1.0/1.1 MBProgress (4): 2.2/3.0 MB | 1.6/6.0 MB | 1.4/2.2 MB | 1.0/1.1 MBProgress (4): 2.2/3.0 MB | 1.6/6.0 MB | 1.4/2.2 MB | 1.0/1.1 MBProgress (4): 2.2/3.0 MB | 1.6/6.0 MB | 1.4/2.2 MB | 1.0/1.1 MBProgress (4): 2.2/3.0 MB | 1.6/6.0 MB | 1.4/2.2 MB | 1.0/1.1 MBProgress (4): 2.2/3.0 MB | 1.6/6.0 MB | 1.4/2.2 MB | 1.0/1.1 MBProgress (4): 2.2/3.0 MB | 1.6/6.0 MB | 1.4/2.2 MB | 1.0/1.1 MBProgress (4): 2.2/3.0 MB | 1.6/6.0 MB | 1.4/2.2 MB | 1.0/1.1 MBProgress (4): 2.2/3.0 MB | 1.6/6.0 MB | 1.5/2.2 MB | 1.0/1.1 MBProgress (4): 2.2/3.0 MB | 1.6/6.0 MB | 1.5/2.2 MB | 1.0/1.1 MBProgress (4): 2.2/3.0 MB | 1.6/6.0 MB | 1.5/2.2 MB | 1.0/1.1 MBProgress (4): 2.2/3.0 MB | 1.7/6.0 MB | 1.5/2.2 MB | 1.0/1.1 MBProgress (4): 2.2/3.0 MB | 1.7/6.0 MB | 1.5/2.2 MB | 1.0/1.1 MBProgress (5): 2.2/3.0 MB | 1.7/6.0 MB | 1.5/2.2 MB | 1.0/1.1 MB | 8.2/343 kBProgress (5): 2.2/3.0 MB | 1.7/6.0 MB | 1.5/2.2 MB | 1.0/1.1 MB | 8.2/343 kBProgress (5): 2.2/3.0 MB | 1.7/6.0 MB | 1.5/2.2 MB | 1.0/1.1 MB | 25/343 kB Progress (5): 2.2/3.0 MB | 1.7/6.0 MB | 1.5/2.2 MB | 1.0/1.1 MB | 25/343 kBProgress (5): 2.2/3.0 MB | 1.7/6.0 MB | 1.5/2.2 MB | 1.0/1.1 MB | 41/343 kBProgress (5): 2.2/3.0 MB | 1.7/6.0 MB | 1.5/2.2 MB | 1.0/1.1 MB | 41/343 kBProgress (5): 2.2/3.0 MB | 1.7/6.0 MB | 1.5/2.2 MB | 1.0/1.1 MB | 41/343 kBProgress (5): 2.3/3.0 MB | 1.7/6.0 MB | 1.5/2.2 MB | 1.0/1.1 MB | 41/343 kBProgress (5): 2.3/3.0 MB | 1.7/6.0 MB | 1.5/2.2 MB | 1.0/1.1 MB | 41/343 kBProgress (5): 2.3/3.0 MB | 1.7/6.0 MB | 1.5/2.2 MB | 1.0/1.1 MB | 41/343 kBProgress (5): 2.3/3.0 MB | 1.7/6.0 MB | 1.5/2.2 MB | 1.0/1.1 MB | 41/343 kBProgress (5): 2.3/3.0 MB | 1.7/6.0 MB | 1.5/2.2 MB | 1.0/1.1 MB | 41/343 kBProgress (5): 2.3/3.0 MB | 1.7/6.0 MB | 1.5/2.2 MB | 1.0/1.1 MB | 41/343 kBProgress (5): 2.3/3.0 MB | 1.7/6.0 MB | 1.5/2.2 MB | 1.0/1.1 MB | 41/343 kBProgress (5): 2.3/3.0 MB | 1.7/6.0 MB | 1.5/2.2 MB | 1.0/1.1 MB | 41/343 kBProgress (5): 2.3/3.0 MB | 1.7/6.0 MB | 1.5/2.2 MB | 1.0/1.1 MB | 57/343 kBProgress (5): 2.3/3.0 MB | 1.7/6.0 MB | 1.5/2.2 MB | 1.0/1.1 MB | 66/343 kBProgress (5): 2.3/3.0 MB | 1.7/6.0 MB | 1.5/2.2 MB | 1.0/1.1 MB | 82/343 kBProgress (5): 2.3/3.0 MB | 1.7/6.0 MB | 1.5/2.2 MB | 1.0/1.1 MB | 98/343 kBProgress (5): 2.3/3.0 MB | 1.7/6.0 MB | 1.5/2.2 MB | 1.0/1.1 MB | 98/343 kBProgress (5): 2.3/3.0 MB | 1.7/6.0 MB | 1.6/2.2 MB | 1.0/1.1 MB | 98/343 kBProgress (5): 2.3/3.0 MB | 1.7/6.0 MB | 1.6/2.2 MB | 1.0/1.1 MB | 98/343 kBProgress (5): 2.3/3.0 MB | 1.7/6.0 MB | 1.6/2.2 MB | 1.0/1.1 MB | 98/343 kBProgress (5): 2.3/3.0 MB | 1.8/6.0 MB | 1.6/2.2 MB | 1.0/1.1 MB | 98/343 kBProgress (5): 2.3/3.0 MB | 1.8/6.0 MB | 1.6/2.2 MB | 1.1/1.1 MB | 98/343 kBProgress (5): 2.3/3.0 MB | 1.8/6.0 MB | 1.6/2.2 MB | 1.1/1.1 MB | 98/343 kBProgress (5): 2.3/3.0 MB | 1.8/6.0 MB | 1.6/2.2 MB | 1.1/1.1 MB | 98/343 kBProgress (5): 2.3/3.0 MB | 1.8/6.0 MB | 1.6/2.2 MB | 1.1/1.1 MB | 98/343 kBProgress (5): 2.3/3.0 MB | 1.8/6.0 MB | 1.6/2.2 MB | 1.1 MB | 98/343 kB    Progress (5): 2.3/3.0 MB | 1.8/6.0 MB | 1.6/2.2 MB | 1.1 MB | 98/343 kB                                                                       Downloaded from central: https://repo.maven.apache.org/maven2/org/apache/commons/commons-compress/1.26.2/commons-compress-1.26.2.jar (1.1 MB at 2.0 MB/s)
Downloading from central: https://repo.maven.apache.org/maven2/org/apache/commons/commons-collections4/4.4/commons-collections4-4.4.jar
Progress (4): 2.3/3.0 MB | 1.8/6.0 MB | 1.6/2.2 MB | 115/343 kBProgress (4): 2.3/3.0 MB | 1.8/6.0 MB | 1.6/2.2 MB | 115/343 kBProgress (4): 2.3/3.0 MB | 1.8/6.0 MB | 1.6/2.2 MB | 115/343 kBProgress (4): 2.3/3.0 MB | 1.8/6.0 MB | 1.6/2.2 MB | 115/343 kBProgress (4): 2.3/3.0 MB | 1.8/6.0 MB | 1.6/2.2 MB | 115/343 kBProgress (4): 2.3/3.0 MB | 1.8/6.0 MB | 1.6/2.2 MB | 115/343 kBProgress (4): 2.3/3.0 MB | 1.8/6.0 MB | 1.6/2.2 MB | 115/343 kBProgress (4): 2.3/3.0 MB | 1.8/6.0 MB | 1.6/2.2 MB | 131/343 kBProgress (4): 2.4/3.0 MB | 1.8/6.0 MB | 1.6/2.2 MB | 131/343 kBProgress (4): 2.4/3.0 MB | 1.8/6.0 MB | 1.6/2.2 MB | 147/343 kBProgress (4): 2.4/3.0 MB | 1.8/6.0 MB | 1.6/2.2 MB | 147/343 kBProgress (4): 2.4/3.0 MB | 1.8/6.0 MB | 1.6/2.2 MB | 147/343 kBProgress (4): 2.4/3.0 MB | 1.8/6.0 MB | 1.6/2.2 MB | 147/343 kBProgress (4): 2.4/3.0 MB | 1.8/6.0 MB | 1.6/2.2 MB | 164/343 kBProgress (4): 2.4/3.0 MB | 1.8/6.0 MB | 1.6/2.2 MB | 172/343 kBProgress (4): 2.4/3.0 MB | 1.8/6.0 MB | 1.6/2.2 MB | 188/343 kBProgress (4): 2.4/3.0 MB | 1.8/6.0 MB | 1.6/2.2 MB | 197/343 kBProgress (4): 2.4/3.0 MB | 1.8/6.0 MB | 1.7/2.2 MB | 197/343 kBProgress (4): 2.4/3.0 MB | 1.8/6.0 MB | 1.7/2.2 MB | 197/343 kBProgress (4): 2.4/3.0 MB | 1.8/6.0 MB | 1.7/2.2 MB | 197/343 kBProgress (4): 2.4/3.0 MB | 1.9/6.0 MB | 1.7/2.2 MB | 197/343 kBProgress (4): 2.4/3.0 MB | 1.9/6.0 MB | 1.7/2.2 MB | 197/343 kBProgress (4): 2.4/3.0 MB | 1.9/6.0 MB | 1.7/2.2 MB | 197/343 kBProgress (4): 2.4/3.0 MB | 1.9/6.0 MB | 1.7/2.2 MB | 197/343 kBProgress (4): 2.4/3.0 MB | 1.9/6.0 MB | 1.7/2.2 MB | 197/343 kBProgress (4): 2.4/3.0 MB | 1.9/6.0 MB | 1.7/2.2 MB | 197/343 kBProgress (4): 2.4/3.0 MB | 1.9/6.0 MB | 1.7/2.2 MB | 213/343 kBProgress (4): 2.4/3.0 MB | 1.9/6.0 MB | 1.7/2.2 MB | 213/343 kBProgress (4): 2.4/3.0 MB | 1.9/6.0 MB | 1.7/2.2 MB | 213/343 kBProgress (4): 2.4/3.0 MB | 1.9/6.0 MB | 1.7/2.2 MB | 229/343 kBProgress (4): 2.4/3.0 MB | 1.9/6.0 MB | 1.7/2.2 MB | 229/343 kBProgress (4): 2.4/3.0 MB | 1.9/6.0 MB | 1.7/2.2 MB | 229/343 kBProgress (4): 2.4/3.0 MB | 1.9/6.0 MB | 1.7/2.2 MB | 229/343 kBProgress (4): 2.4/3.0 MB | 1.9/6.0 MB | 1.7/2.2 MB | 229/343 kBProgress (4): 2.4/3.0 MB | 1.9/6.0 MB | 1.7/2.2 MB | 229/343 kBProgress (4): 2.4/3.0 MB | 1.9/6.0 MB | 1.7/2.2 MB | 229/343 kBProgress (4): 2.4/3.0 MB | 1.9/6.0 MB | 1.7/2.2 MB | 246/343 kBProgress (4): 2.4/3.0 MB | 1.9/6.0 MB | 1.7/2.2 MB | 246/343 kBProgress (4): 2.4/3.0 MB | 1.9/6.0 MB | 1.7/2.2 MB | 246/343 kBProgress (4): 2.4/3.0 MB | 1.9/6.0 MB | 1.8/2.2 MB | 246/343 kBProgress (4): 2.4/3.0 MB | 1.9/6.0 MB | 1.8/2.2 MB | 246/343 kBProgress (5): 2.4/3.0 MB | 1.9/6.0 MB | 1.8/2.2 MB | 246/343 kB | 7.7/752 kBProgress (5): 2.4/3.0 MB | 1.9/6.0 MB | 1.8/2.2 MB | 246/343 kB | 16/752 kB Progress (5): 2.4/3.0 MB | 1.9/6.0 MB | 1.8/2.2 MB | 262/343 kB | 16/752 kBProgress (5): 2.4/3.0 MB | 1.9/6.0 MB | 1.8/2.2 MB | 262/343 kB | 32/752 kBProgress (5): 2.5/3.0 MB | 1.9/6.0 MB | 1.8/2.2 MB | 262/343 kB | 32/752 kBProgress (5): 2.5/3.0 MB | 1.9/6.0 MB | 1.8/2.2 MB | 279/343 kB | 32/752 kBProgress (5): 2.5/3.0 MB | 1.9/6.0 MB | 1.8/2.2 MB | 295/343 kB | 32/752 kBProgress (5): 2.5/3.0 MB | 1.9/6.0 MB | 1.8/2.2 MB | 295/343 kB | 32/752 kBProgress (5): 2.5/3.0 MB | 1.9/6.0 MB | 1.8/2.2 MB | 295/343 kB | 32/752 kBProgress (5): 2.5/3.0 MB | 1.9/6.0 MB | 1.8/2.2 MB | 295/343 kB | 32/752 kBProgress (5): 2.5/3.0 MB | 1.9/6.0 MB | 1.8/2.2 MB | 295/343 kB | 32/752 kBProgress (5): 2.5/3.0 MB | 2.0/6.0 MB | 1.8/2.2 MB | 295/343 kB | 32/752 kBProgress (5): 2.5/3.0 MB | 2.0/6.0 MB | 1.8/2.2 MB | 295/343 kB | 32/752 kBProgress (5): 2.5/3.0 MB | 2.0/6.0 MB | 1.8/2.2 MB | 295/343 kB | 48/752 kBProgress (5): 2.5/3.0 MB | 2.0/6.0 MB | 1.8/2.2 MB | 295/343 kB | 48/752 kBProgress (5): 2.5/3.0 MB | 2.0/6.0 MB | 1.8/2.2 MB | 295/343 kB | 65/752 kBProgress (5): 2.5/3.0 MB | 2.0/6.0 MB | 1.8/2.2 MB | 295/343 kB | 65/752 kBProgress (5): 2.5/3.0 MB | 2.0/6.0 MB | 1.8/2.2 MB | 295/343 kB | 81/752 kBProgress (5): 2.5/3.0 MB | 2.0/6.0 MB | 1.8/2.2 MB | 311/343 kB | 81/752 kBProgress (5): 2.5/3.0 MB | 2.0/6.0 MB | 1.8/2.2 MB | 319/343 kB | 81/752 kBProgress (5): 2.5/3.0 MB | 2.0/6.0 MB | 1.8/2.2 MB | 328/343 kB | 81/752 kBProgress (5): 2.5/3.0 MB | 2.0/6.0 MB | 1.8/2.2 MB | 343 kB | 81/752 kB                                                                           Downloaded from central: https://repo.maven.apache.org/maven2/org/apache/logging/log4j/log4j-api/2.23.1/log4j-api-2.23.1.jar (343 kB at 599 kB/s)
Progress (4): 2.5/3.0 MB | 2.0/6.0 MB | 1.8/2.2 MB | 81/752 kBProgress (4): 2.5/3.0 MB | 2.0/6.0 MB | 1.8/2.2 MB | 81/752 kBProgress (4): 2.5/3.0 MB | 2.0/6.0 MB | 1.8/2.2 MB | 81/752 kBProgress (4): 2.5/3.0 MB | 2.0/6.0 MB | 1.8/2.2 MB | 81/752 kBProgress (4): 2.5/3.0 MB | 2.0/6.0 MB | 1.8/2.2 MB | 81/752 kBProgress (4): 2.5/3.0 MB | 2.0/6.0 MB | 1.8/2.2 MB | 81/752 kBProgress (4): 2.5/3.0 MB | 2.0/6.0 MB | 1.9/2.2 MB | 81/752 kBProgress (4): 2.5/3.0 MB | 2.0/6.0 MB | 1.9/2.2 MB | 81/752 kB                                                              Downloading from central: https://repo.maven.apache.org/maven2/org/apache/commons/commons-csv/1.8/commons-csv-1.8.jar
Progress (4): 2.5/3.0 MB | 2.0/6.0 MB | 1.9/2.2 MB | 98/752 kBProgress (4): 2.5/3.0 MB | 2.0/6.0 MB | 1.9/2.2 MB | 98/752 kBProgress (4): 2.5/3.0 MB | 2.1/6.0 MB | 1.9/2.2 MB | 98/752 kBProgress (4): 2.5/3.0 MB | 2.1/6.0 MB | 1.9/2.2 MB | 98/752 kBProgress (4): 2.5/3.0 MB | 2.1/6.0 MB | 1.9/2.2 MB | 114/752 kBProgress (4): 2.5/3.0 MB | 2.1/6.0 MB | 1.9/2.2 MB | 114/752 kBProgress (4): 2.5/3.0 MB | 2.1/6.0 MB | 1.9/2.2 MB | 114/752 kBProgress (4): 2.6/3.0 MB | 2.1/6.0 MB | 1.9/2.2 MB | 114/752 kBProgress (4): 2.6/3.0 MB | 2.1/6.0 MB | 1.9/2.2 MB | 114/752 kBProgress (4): 2.6/3.0 MB | 2.1/6.0 MB | 1.9/2.2 MB | 114/752 kBProgress (4): 2.6/3.0 MB | 2.1/6.0 MB | 1.9/2.2 MB | 114/752 kBProgress (4): 2.6/3.0 MB | 2.1/6.0 MB | 1.9/2.2 MB | 130/752 kBProgress (4): 2.6/3.0 MB | 2.1/6.0 MB | 1.9/2.2 MB | 130/752 kBProgress (4): 2.6/3.0 MB | 2.1/6.0 MB | 1.9/2.2 MB | 147/752 kBProgress (4): 2.6/3.0 MB | 2.1/6.0 MB | 1.9/2.2 MB | 147/752 kBProgress (4): 2.6/3.0 MB | 2.1/6.0 MB | 1.9/2.2 MB | 147/752 kBProgress (4): 2.6/3.0 MB | 2.1/6.0 MB | 1.9/2.2 MB | 147/752 kBProgress (4): 2.6/3.0 MB | 2.1/6.0 MB | 1.9/2.2 MB | 147/752 kBProgress (4): 2.6/3.0 MB | 2.1/6.0 MB | 1.9/2.2 MB | 163/752 kBProgress (4): 2.6/3.0 MB | 2.1/6.0 MB | 2.0/2.2 MB | 163/752 kBProgress (4): 2.6/3.0 MB | 2.1/6.0 MB | 2.0/2.2 MB | 179/752 kBProgress (4): 2.6/3.0 MB | 2.1/6.0 MB | 2.0/2.2 MB | 179/752 kBProgress (4): 2.6/3.0 MB | 2.1/6.0 MB | 2.0/2.2 MB | 196/752 kBProgress (4): 2.6/3.0 MB | 2.1/6.0 MB | 2.0/2.2 MB | 196/752 kBProgress (4): 2.6/3.0 MB | 2.2/6.0 MB | 2.0/2.2 MB | 196/752 kBProgress (4): 2.6/3.0 MB | 2.2/6.0 MB | 2.0/2.2 MB | 196/752 kBProgress (4): 2.6/3.0 MB | 2.2/6.0 MB | 2.0/2.2 MB | 196/752 kBProgress (4): 2.6/3.0 MB | 2.2/6.0 MB | 2.0/2.2 MB | 196/752 kBProgress (4): 2.6/3.0 MB | 2.2/6.0 MB | 2.0/2.2 MB | 196/752 kBProgress (4): 2.6/3.0 MB | 2.2/6.0 MB | 2.0/2.2 MB | 196/752 kBProgress (5): 2.6/3.0 MB | 2.2/6.0 MB | 2.0/2.2 MB | 196/752 kB | 8.2/49 kBProgress (5): 2.6/3.0 MB | 2.2/6.0 MB | 2.0/2.2 MB | 196/752 kB | 8.2/49 kBProgress (5): 2.6/3.0 MB | 2.2/6.0 MB | 2.0/2.2 MB | 196/752 kB | 8.2/49 kBProgress (5): 2.6/3.0 MB | 2.2/6.0 MB | 2.0/2.2 MB | 196/752 kB | 8.2/49 kBProgress (5): 2.6/3.0 MB | 2.2/6.0 MB | 2.0/2.2 MB | 196/752 kB | 8.2/49 kBProgress (5): 2.6/3.0 MB | 2.2/6.0 MB | 2.0/2.2 MB | 197/752 kB | 8.2/49 kBProgress (5): 2.6/3.0 MB | 2.2/6.0 MB | 2.0/2.2 MB | 197/752 kB | 25/49 kB Progress (5): 2.6/3.0 MB | 2.2/6.0 MB | 2.0/2.2 MB | 213/752 kB | 25/49 kBProgress (5): 2.6/3.0 MB | 2.2/6.0 MB | 2.0/2.2 MB | 213/752 kB | 25/49 kBProgress (5): 2.6/3.0 MB | 2.2/6.0 MB | 2.0/2.2 MB | 213/752 kB | 25/49 kBProgress (5): 2.6/3.0 MB | 2.2/6.0 MB | 2.0/2.2 MB | 213/752 kB | 25/49 kBProgress (5): 2.6/3.0 MB | 2.2/6.0 MB | 2.0/2.2 MB | 213/752 kB | 25/49 kBProgress (5): 2.6/3.0 MB | 2.2/6.0 MB | 2.0/2.2 MB | 213/752 kB | 41/49 kBProgress (5): 2.6/3.0 MB | 2.2/6.0 MB | 2.0/2.2 MB | 213/752 kB | 49 kB   Progress (5): 2.7/3.0 MB | 2.2/6.0 MB | 2.0/2.2 MB | 213/752 kB | 49 kBProgress (5): 2.7/3.0 MB | 2.2/6.0 MB | 2.0/2.2 MB | 213/752 kB | 49 kBProgress (5): 2.7/3.0 MB | 2.2/6.0 MB | 2.0/2.2 MB | 229/752 kB | 49 kB                                                                       Downloaded from central: https://repo.maven.apache.org/maven2/org/apache/commons/commons-csv/1.8/commons-csv-1.8.jar (49 kB at 81 kB/s)
Progress (4): 2.7/3.0 MB | 2.2/6.0 MB | 2.0/2.2 MB | 246/752 kB                                                               Downloading from central: https://repo.maven.apache.org/maven2/org/apache/commons/commons-lang3/3.12.0/commons-lang3-3.12.0.jar
Progress (4): 2.7/3.0 MB | 2.2/6.0 MB | 2.0/2.2 MB | 262/752 kBProgress (4): 2.7/3.0 MB | 2.2/6.0 MB | 2.1/2.2 MB | 262/752 kBProgress (4): 2.7/3.0 MB | 2.2/6.0 MB | 2.1/2.2 MB | 279/752 kBProgress (4): 2.7/3.0 MB | 2.2/6.0 MB | 2.1/2.2 MB | 279/752 kBProgress (4): 2.7/3.0 MB | 2.2/6.0 MB | 2.1/2.2 MB | 295/752 kBProgress (4): 2.7/3.0 MB | 2.2/6.0 MB | 2.1/2.2 MB | 295/752 kBProgress (4): 2.7/3.0 MB | 2.3/6.0 MB | 2.1/2.2 MB | 295/752 kBProgress (4): 2.7/3.0 MB | 2.3/6.0 MB | 2.1/2.2 MB | 295/752 kBProgress (4): 2.7/3.0 MB | 2.3/6.0 MB | 2.1/2.2 MB | 295/752 kBProgress (4): 2.7/3.0 MB | 2.3/6.0 MB | 2.1/2.2 MB | 295/752 kBProgress (4): 2.7/3.0 MB | 2.3/6.0 MB | 2.1/2.2 MB | 295/752 kBProgress (4): 2.7/3.0 MB | 2.3/6.0 MB | 2.1/2.2 MB | 295/752 kBProgress (4): 2.7/3.0 MB | 2.3/6.0 MB | 2.1/2.2 MB | 295/752 kBProgress (4): 2.7/3.0 MB | 2.3/6.0 MB | 2.1/2.2 MB | 295/752 kBProgress (4): 2.7/3.0 MB | 2.3/6.0 MB | 2.1/2.2 MB | 295/752 kBProgress (4): 2.7/3.0 MB | 2.3/6.0 MB | 2.2/2.2 MB | 295/752 kBProgress (4): 2.7/3.0 MB | 2.3/6.0 MB | 2.2/2.2 MB | 295/752 kBProgress (4): 2.7/3.0 MB | 2.3/6.0 MB | 2.2/2.2 MB | 295/752 kBProgress (4): 2.7/3.0 MB | 2.3/6.0 MB | 2.2/2.2 MB | 295/752 kBProgress (4): 2.7/3.0 MB | 2.3/6.0 MB | 2.2/2.2 MB | 295/752 kBProgress (4): 2.7/3.0 MB | 2.4/6.0 MB | 2.2/2.2 MB | 295/752 kBProgress (4): 2.7/3.0 MB | 2.4/6.0 MB | 2.2/2.2 MB | 295/752 kBProgress (4): 2.7/3.0 MB | 2.4/6.0 MB | 2.2/2.2 MB | 295/752 kBProgress (4): 2.8/3.0 MB | 2.4/6.0 MB | 2.2/2.2 MB | 295/752 kBProgress (4): 2.8/3.0 MB | 2.4/6.0 MB | 2.2/2.2 MB | 295/752 kBProgress (4): 2.8/3.0 MB | 2.4/6.0 MB | 2.2/2.2 MB | 311/752 kBProgress (4): 2.8/3.0 MB | 2.4/6.0 MB | 2.2/2.2 MB | 328/752 kBProgress (4): 2.8/3.0 MB | 2.4/6.0 MB | 2.2/2.2 MB | 344/752 kBProgress (4): 2.8/3.0 MB | 2.4/6.0 MB | 2.2/2.2 MB | 360/752 kBProgress (4): 2.8/3.0 MB | 2.4/6.0 MB | 2.2/2.2 MB | 360/752 kBProgress (4): 2.8/3.0 MB | 2.4/6.0 MB | 2.2 MB | 360/752 kB    Progress (4): 2.8/3.0 MB | 2.4/6.0 MB | 2.2 MB | 360/752 kBProgress (5): 2.8/3.0 MB | 2.4/6.0 MB | 2.2 MB | 360/752 kB | 7.7/587 kBProgress (5): 2.8/3.0 MB | 2.4/6.0 MB | 2.2 MB | 360/752 kB | 16/587 kB Progress (5): 2.8/3.0 MB | 2.4/6.0 MB | 2.2 MB | 360/752 kB | 32/587 kBProgress (5): 2.8/3.0 MB | 2.4/6.0 MB | 2.2 MB | 360/752 kB | 32/587 kBProgress (5): 2.8/3.0 MB | 2.4/6.0 MB | 2.2 MB | 360/752 kB | 49/587 kB                                                                       Downloaded from central: https://repo.maven.apache.org/maven2/org/apache/xmlbeans/xmlbeans/5.2.1/xmlbeans-5.2.1.jar (2.2 MB at 3.5 MB/s)
Progress (4): 2.8/3.0 MB | 2.4/6.0 MB | 360/752 kB | 49/587 kBProgress (4): 2.8/3.0 MB | 2.4/6.0 MB | 360/752 kB | 49/587 kBProgress (4): 2.8/3.0 MB | 2.4/6.0 MB | 360/752 kB | 49/587 kBProgress (4): 2.8/3.0 MB | 2.4/6.0 MB | 360/752 kB | 49/587 kBProgress (4): 2.8/3.0 MB | 2.4/6.0 MB | 360/752 kB | 49/587 kBProgress (4): 2.8/3.0 MB | 2.4/6.0 MB | 360/752 kB | 49/587 kB                                                              Downloading from central: https://repo.maven.apache.org/maven2/org/apache/httpcomponents/client5/httpclient5/5.3.1/httpclient5-5.3.1.jar
Progress (4): 2.8/3.0 MB | 2.4/6.0 MB | 377/752 kB | 49/587 kBProgress (4): 2.8/3.0 MB | 2.4/6.0 MB | 393/752 kB | 49/587 kBProgress (4): 2.8/3.0 MB | 2.4/6.0 MB | 410/752 kB | 49/587 kBProgress (4): 2.9/3.0 MB | 2.4/6.0 MB | 410/752 kB | 49/587 kBProgress (4): 2.9/3.0 MB | 2.4/6.0 MB | 410/752 kB | 65/587 kBProgress (4): 2.9/3.0 MB | 2.4/6.0 MB | 410/752 kB | 65/587 kBProgress (4): 2.9/3.0 MB | 2.4/6.0 MB | 410/752 kB | 81/587 kBProgress (4): 2.9/3.0 MB | 2.4/6.0 MB | 410/752 kB | 81/587 kBProgress (4): 2.9/3.0 MB | 2.4/6.0 MB | 410/752 kB | 98/587 kBProgress (4): 2.9/3.0 MB | 2.5/6.0 MB | 410/752 kB | 98/587 kBProgress (4): 2.9/3.0 MB | 2.5/6.0 MB | 410/752 kB | 98/587 kBProgress (4): 2.9/3.0 MB | 2.5/6.0 MB | 410/752 kB | 98/587 kBProgress (4): 2.9/3.0 MB | 2.5/6.0 MB | 410/752 kB | 98/587 kBProgress (4): 2.9/3.0 MB | 2.5/6.0 MB | 426/752 kB | 98/587 kBProgress (4): 2.9/3.0 MB | 2.5/6.0 MB | 426/752 kB | 98/587 kBProgress (4): 2.9/3.0 MB | 2.5/6.0 MB | 442/752 kB | 98/587 kBProgress (4): 2.9/3.0 MB | 2.5/6.0 MB | 459/752 kB | 98/587 kBProgress (4): 2.9/3.0 MB | 2.5/6.0 MB | 459/752 kB | 98/587 kBProgress (4): 2.9/3.0 MB | 2.5/6.0 MB | 459/752 kB | 114/587 kBProgress (4): 2.9/3.0 MB | 2.5/6.0 MB | 459/752 kB | 114/587 kBProgress (4): 2.9/3.0 MB | 2.5/6.0 MB | 459/752 kB | 131/587 kBProgress (4): 2.9/3.0 MB | 2.5/6.0 MB | 459/752 kB | 131/587 kBProgress (4): 2.9/3.0 MB | 2.5/6.0 MB | 459/752 kB | 131/587 kBProgress (4): 2.9/3.0 MB | 2.5/6.0 MB | 475/752 kB | 131/587 kBProgress (4): 2.9/3.0 MB | 2.5/6.0 MB | 492/752 kB | 131/587 kBProgress (4): 2.9/3.0 MB | 2.5/6.0 MB | 508/752 kB | 131/587 kBProgress (4): 3.0/3.0 MB | 2.5/6.0 MB | 508/752 kB | 131/587 kBProgress (4): 3.0/3.0 MB | 2.5/6.0 MB | 508/752 kB | 147/587 kBProgress (4): 3.0/3.0 MB | 2.5/6.0 MB | 508/752 kB | 147/587 kBProgress (4): 3.0/3.0 MB | 2.6/6.0 MB | 508/752 kB | 147/587 kBProgress (4): 3.0/3.0 MB | 2.6/6.0 MB | 508/752 kB | 147/587 kBProgress (4): 3.0 MB | 2.6/6.0 MB | 508/752 kB | 147/587 kB                                                               Downloaded from central: https://repo.maven.apache.org/maven2/org/apache/poi/poi/5.3.0/poi-5.3.0.jar (3.0 MB at 4.6 MB/s)
Progress (4): 2.6/6.0 MB | 508/752 kB | 147/587 kB | 7.7/862 kBProgress (4): 2.6/6.0 MB | 508/752 kB | 147/587 kB | 16/862 kB Progress (4): 2.6/6.0 MB | 508/752 kB | 147/587 kB | 32/862 kBProgress (4): 2.6/6.0 MB | 508/752 kB | 163/587 kB | 32/862 kBProgress (4): 2.6/6.0 MB | 508/752 kB | 180/587 kB | 32/862 kB                                                              Downloading from central: https://repo.maven.apache.org/maven2/org/apache/httpcomponents/core5/httpcore5/5.2.5/httpcore5-5.2.5.jar
Progress (4): 2.6/6.0 MB | 508/752 kB | 196/587 kB | 32/862 kBProgress (4): 2.6/6.0 MB | 524/752 kB | 196/587 kB | 32/862 kBProgress (4): 2.6/6.0 MB | 541/752 kB | 196/587 kB | 32/862 kBProgress (4): 2.6/6.0 MB | 557/752 kB | 196/587 kB | 32/862 kBProgress (4): 2.6/6.0 MB | 557/752 kB | 196/587 kB | 32/862 kBProgress (4): 2.6/6.0 MB | 557/752 kB | 196/587 kB | 32/862 kBProgress (4): 2.6/6.0 MB | 557/752 kB | 196/587 kB | 32/862 kBProgress (4): 2.6/6.0 MB | 557/752 kB | 196/587 kB | 49/862 kBProgress (4): 2.6/6.0 MB | 557/752 kB | 196/587 kB | 65/862 kBProgress (4): 2.6/6.0 MB | 557/752 kB | 196/587 kB | 81/862 kBProgress (4): 2.6/6.0 MB | 557/752 kB | 196/587 kB | 98/862 kBProgress (4): 2.6/6.0 MB | 557/752 kB | 213/587 kB | 98/862 kBProgress (4): 2.6/6.0 MB | 557/752 kB | 229/587 kB | 98/862 kBProgress (4): 2.6/6.0 MB | 557/752 kB | 245/587 kB | 98/862 kBProgress (4): 2.6/6.0 MB | 573/752 kB | 245/587 kB | 98/862 kBProgress (4): 2.6/6.0 MB | 590/752 kB | 245/587 kB | 98/862 kBProgress (4): 2.6/6.0 MB | 606/752 kB | 245/587 kB | 98/862 kBProgress (4): 2.6/6.0 MB | 606/752 kB | 245/587 kB | 98/862 kBProgress (4): 2.7/6.0 MB | 606/752 kB | 245/587 kB | 98/862 kBProgress (4): 2.7/6.0 MB | 606/752 kB | 245/587 kB | 98/862 kBProgress (4): 2.7/6.0 MB | 606/752 kB | 245/587 kB | 114/862 kBProgress (4): 2.7/6.0 MB | 606/752 kB | 245/587 kB | 131/862 kBProgress (4): 2.7/6.0 MB | 606/752 kB | 262/587 kB | 131/862 kBProgress (4): 2.7/6.0 MB | 606/752 kB | 278/587 kB | 131/862 kBProgress (4): 2.7/6.0 MB | 606/752 kB | 294/587 kB | 131/862 kBProgress (4): 2.7/6.0 MB | 606/752 kB | 294/587 kB | 131/862 kBProgress (4): 2.7/6.0 MB | 606/752 kB | 294/587 kB | 131/862 kBProgress (4): 2.7/6.0 MB | 606/752 kB | 294/587 kB | 131/862 kBProgress (4): 2.7/6.0 MB | 606/752 kB | 294/587 kB | 131/862 kBProgress (5): 2.7/6.0 MB | 606/752 kB | 294/587 kB | 131/862 kB | 7.7/855 kBProgress (5): 2.7/6.0 MB | 606/752 kB | 294/587 kB | 131/862 kB | 16/855 kB Progress (5): 2.7/6.0 MB | 606/752 kB | 294/587 kB | 131/862 kB | 32/855 kBProgress (5): 2.7/6.0 MB | 606/752 kB | 294/587 kB | 147/862 kB | 32/855 kBProgress (5): 2.7/6.0 MB | 623/752 kB | 294/587 kB | 147/862 kB | 32/855 kBProgress (5): 2.7/6.0 MB | 623/752 kB | 294/587 kB | 163/862 kB | 32/855 kBProgress (5): 2.7/6.0 MB | 639/752 kB | 294/587 kB | 163/862 kB | 32/855 kBProgress (5): 2.7/6.0 MB | 639/752 kB | 294/587 kB | 180/862 kB | 32/855 kBProgress (5): 2.7/6.0 MB | 655/752 kB | 294/587 kB | 180/862 kB | 32/855 kBProgress (5): 2.7/6.0 MB | 655/752 kB | 294/587 kB | 196/862 kB | 32/855 kBProgress (5): 2.7/6.0 MB | 655/752 kB | 311/587 kB | 196/862 kB | 32/855 kBProgress (5): 2.7/6.0 MB | 655/752 kB | 327/587 kB | 196/862 kB | 32/855 kBProgress (5): 2.7/6.0 MB | 655/752 kB | 327/587 kB | 196/862 kB | 48/855 kBProgress (5): 2.7/6.0 MB | 655/752 kB | 344/587 kB | 196/862 kB | 48/855 kBProgress (5): 2.7/6.0 MB | 655/752 kB | 344/587 kB | 196/862 kB | 65/855 kBProgress (5): 2.7/6.0 MB | 655/752 kB | 360/587 kB | 196/862 kB | 65/855 kBProgress (5): 2.7/6.0 MB | 655/752 kB | 360/587 kB | 196/862 kB | 81/855 kBProgress (5): 2.7/6.0 MB | 672/752 kB | 360/587 kB | 196/862 kB | 81/855 kBProgress (5): 2.8/6.0 MB | 672/752 kB | 360/587 kB | 196/862 kB | 81/855 kBProgress (5): 2.8/6.0 MB | 672/752 kB | 376/587 kB | 196/862 kB | 81/855 kBProgress (5): 2.8/6.0 MB | 672/752 kB | 376/587 kB | 196/862 kB | 98/855 kBProgress (5): 2.8/6.0 MB | 688/752 kB | 376/587 kB | 196/862 kB | 98/855 kBProgress (5): 2.8/6.0 MB | 688/752 kB | 393/587 kB | 196/862 kB | 98/855 kBProgress (5): 2.8/6.0 MB | 692/752 kB | 393/587 kB | 196/862 kB | 98/855 kBProgress (5): 2.8/6.0 MB | 692/752 kB | 409/587 kB | 196/862 kB | 98/855 kBProgress (5): 2.8/6.0 MB | 708/752 kB | 409/587 kB | 196/862 kB | 98/855 kBProgress (5): 2.8/6.0 MB | 708/752 kB | 409/587 kB | 196/862 kB | 114/855 kBProgress (5): 2.8/6.0 MB | 708/752 kB | 409/587 kB | 196/862 kB | 114/855 kBProgress (5): 2.8/6.0 MB | 708/752 kB | 409/587 kB | 196/862 kB | 130/855 kBProgress (5): 2.8/6.0 MB | 708/752 kB | 409/587 kB | 213/862 kB | 130/855 kBProgress (5): 2.8/6.0 MB | 708/752 kB | 409/587 kB | 229/862 kB | 130/855 kBProgress (5): 2.8/6.0 MB | 708/752 kB | 409/587 kB | 245/862 kB | 130/855 kBProgress (5): 2.8/6.0 MB | 725/752 kB | 409/587 kB | 245/862 kB | 130/855 kBProgress (5): 2.8/6.0 MB | 741/752 kB | 409/587 kB | 245/862 kB | 130/855 kBProgress (5): 2.8/6.0 MB | 741/752 kB | 409/587 kB | 245/862 kB | 147/855 kBProgress (5): 2.8/6.0 MB | 752 kB | 409/587 kB | 245/862 kB | 147/855 kB                                                                            Downloaded from central: https://repo.maven.apache.org/maven2/org/apache/commons/commons-collections4/4.4/commons-collections4-4.4.jar (752 kB at 1.1 MB/s)
Progress (4): 2.8/6.0 MB | 409/587 kB | 245/862 kB | 147/855 kBProgress (4): 2.8/6.0 MB | 409/587 kB | 245/862 kB | 163/855 kBProgress (4): 2.8/6.0 MB | 409/587 kB | 245/862 kB | 163/855 kBProgress (4): 2.8/6.0 MB | 409/587 kB | 245/862 kB | 180/855 kBProgress (4): 2.8/6.0 MB | 426/587 kB | 245/862 kB | 180/855 kBProgress (4): 2.8/6.0 MB | 442/587 kB | 245/862 kB | 180/855 kBProgress (4): 2.8/6.0 MB | 442/587 kB | 262/862 kB | 180/855 kB                                                               Downloading from central: https://repo.maven.apache.org/maven2/org/apache/httpcomponents/core5/httpcore5-h2/5.2.5/httpcore5-h2-5.2.5.jar
Progress (4): 2.8/6.0 MB | 442/587 kB | 278/862 kB | 180/855 kBProgress (4): 2.8/6.0 MB | 442/587 kB | 278/862 kB | 196/855 kBProgress (4): 2.8/6.0 MB | 442/587 kB | 278/862 kB | 196/855 kBProgress (4): 2.8/6.0 MB | 442/587 kB | 294/862 kB | 196/855 kBProgress (4): 2.8/6.0 MB | 442/587 kB | 294/862 kB | 212/855 kBProgress (4): 2.8/6.0 MB | 442/587 kB | 294/862 kB | 212/855 kBProgress (4): 2.8/6.0 MB | 458/587 kB | 294/862 kB | 212/855 kBProgress (4): 2.8/6.0 MB | 458/587 kB | 294/862 kB | 229/855 kBProgress (4): 2.8/6.0 MB | 458/587 kB | 311/862 kB | 229/855 kBProgress (4): 2.9/6.0 MB | 458/587 kB | 311/862 kB | 229/855 kBProgress (4): 2.9/6.0 MB | 458/587 kB | 311/862 kB | 229/855 kBProgress (4): 2.9/6.0 MB | 458/587 kB | 311/862 kB | 229/855 kBProgress (4): 2.9/6.0 MB | 458/587 kB | 311/862 kB | 240/855 kBProgress (4): 2.9/6.0 MB | 475/587 kB | 311/862 kB | 240/855 kBProgress (4): 2.9/6.0 MB | 491/587 kB | 311/862 kB | 240/855 kBProgress (4): 2.9/6.0 MB | 491/587 kB | 311/862 kB | 256/855 kBProgress (4): 2.9/6.0 MB | 507/587 kB | 311/862 kB | 256/855 kBProgress (4): 2.9/6.0 MB | 507/587 kB | 311/862 kB | 273/855 kBProgress (4): 2.9/6.0 MB | 524/587 kB | 311/862 kB | 273/855 kBProgress (4): 2.9/6.0 MB | 524/587 kB | 311/862 kB | 289/855 kBProgress (4): 2.9/6.0 MB | 524/587 kB | 327/862 kB | 289/855 kBProgress (4): 2.9/6.0 MB | 524/587 kB | 344/862 kB | 289/855 kBProgress (4): 2.9/6.0 MB | 524/587 kB | 344/862 kB | 289/855 kBProgress (4): 2.9/6.0 MB | 524/587 kB | 344/862 kB | 289/855 kBProgress (4): 2.9/6.0 MB | 524/587 kB | 344/862 kB | 306/855 kBProgress (4): 2.9/6.0 MB | 540/587 kB | 344/862 kB | 306/855 kBProgress (4): 2.9/6.0 MB | 540/587 kB | 360/862 kB | 306/855 kBProgress (4): 2.9/6.0 MB | 540/587 kB | 360/862 kB | 306/855 kBProgress (4): 2.9/6.0 MB | 540/587 kB | 376/862 kB | 306/855 kBProgress (4): 2.9/6.0 MB | 540/587 kB | 393/862 kB | 306/855 kBProgress (4): 2.9/6.0 MB | 540/587 kB | 393/862 kB | 322/855 kBProgress (4): 2.9/6.0 MB | 557/587 kB | 393/862 kB | 322/855 kBProgress (4): 2.9/6.0 MB | 557/587 kB | 393/862 kB | 338/855 kBProgress (4): 2.9/6.0 MB | 557/587 kB | 393/862 kB | 338/855 kBProgress (4): 3.0/6.0 MB | 557/587 kB | 393/862 kB | 338/855 kBProgress (4): 3.0/6.0 MB | 573/587 kB | 393/862 kB | 338/855 kBProgress (4): 3.0/6.0 MB | 587 kB | 393/862 kB | 338/855 kB    Progress (4): 3.0/6.0 MB | 587 kB | 409/862 kB | 338/855 kBProgress (5): 3.0/6.0 MB | 587 kB | 409/862 kB | 338/855 kB | 7.7/237 kBProgress (5): 3.0/6.0 MB | 587 kB | 409/862 kB | 338/855 kB | 16/237 kB Progress (5): 3.0/6.0 MB | 587 kB | 409/862 kB | 355/855 kB | 16/237 kBProgress (5): 3.0/6.0 MB | 587 kB | 409/862 kB | 371/855 kB | 16/237 kBProgress (5): 3.0/6.0 MB | 587 kB | 409/862 kB | 387/855 kB | 16/237 kBProgress (5): 3.0/6.0 MB | 587 kB | 409/862 kB | 387/855 kB | 32/237 kB                                                                       Downloaded from central: https://repo.maven.apache.org/maven2/org/apache/commons/commons-lang3/3.12.0/commons-lang3-3.12.0.jar (587 kB at 817 kB/s)
Downloading from central: https://repo.maven.apache.org/maven2/me/paulschwarz/spring-dotenv/2.5.4/spring-dotenv-2.5.4.jar
Progress (4): 3.0/6.0 MB | 409/862 kB | 387/855 kB | 49/237 kBProgress (4): 3.0/6.0 MB | 426/862 kB | 387/855 kB | 49/237 kBProgress (4): 3.0/6.0 MB | 442/862 kB | 387/855 kB | 49/237 kBProgress (4): 3.0/6.0 MB | 458/862 kB | 387/855 kB | 49/237 kBProgress (4): 3.0/6.0 MB | 475/862 kB | 387/855 kB | 49/237 kBProgress (4): 3.0/6.0 MB | 475/862 kB | 387/855 kB | 49/237 kBProgress (4): 3.0/6.0 MB | 475/862 kB | 387/855 kB | 49/237 kBProgress (4): 3.0/6.0 MB | 475/862 kB | 387/855 kB | 49/237 kBProgress (4): 3.0/6.0 MB | 475/862 kB | 387/855 kB | 49/237 kBProgress (4): 3.0/6.0 MB | 491/862 kB | 387/855 kB | 49/237 kBProgress (4): 3.0/6.0 MB | 491/862 kB | 387/855 kB | 65/237 kBProgress (4): 3.0/6.0 MB | 507/862 kB | 387/855 kB | 65/237 kBProgress (4): 3.0/6.0 MB | 507/862 kB | 387/855 kB | 81/237 kBProgress (4): 3.0/6.0 MB | 507/862 kB | 404/855 kB | 81/237 kBProgress (4): 3.0/6.0 MB | 524/862 kB | 404/855 kB | 81/237 kBProgress (4): 3.0/6.0 MB | 524/862 kB | 420/855 kB | 81/237 kBProgress (4): 3.0/6.0 MB | 540/862 kB | 420/855 kB | 81/237 kBProgress (4): 3.0/6.0 MB | 540/862 kB | 420/855 kB | 98/237 kBProgress (4): 3.0/6.0 MB | 540/862 kB | 420/855 kB | 114/237 kBProgress (4): 3.0/6.0 MB | 540/862 kB | 420/855 kB | 114/237 kBProgress (4): 3.0/6.0 MB | 557/862 kB | 420/855 kB | 114/237 kBProgress (4): 3.1/6.0 MB | 557/862 kB | 420/855 kB | 114/237 kBProgress (4): 3.1/6.0 MB | 573/862 kB | 420/855 kB | 114/237 kBProgress (4): 3.1/6.0 MB | 573/862 kB | 420/855 kB | 114/237 kBProgress (4): 3.1/6.0 MB | 589/862 kB | 420/855 kB | 114/237 kBProgress (4): 3.1/6.0 MB | 589/862 kB | 420/855 kB | 131/237 kBProgress (4): 3.1/6.0 MB | 589/862 kB | 437/855 kB | 131/237 kBProgress (4): 3.1/6.0 MB | 606/862 kB | 437/855 kB | 131/237 kBProgress (4): 3.1/6.0 MB | 606/862 kB | 453/855 kB | 131/237 kBProgress (4): 3.1/6.0 MB | 606/862 kB | 469/855 kB | 131/237 kBProgress (4): 3.1/6.0 MB | 606/862 kB | 479/855 kB | 131/237 kBProgress (4): 3.1/6.0 MB | 606/862 kB | 479/855 kB | 147/237 kBProgress (4): 3.1/6.0 MB | 622/862 kB | 479/855 kB | 147/237 kBProgress (4): 3.1/6.0 MB | 622/862 kB | 479/855 kB | 163/237 kBProgress (4): 3.1/6.0 MB | 639/862 kB | 479/855 kB | 163/237 kBProgress (4): 3.1/6.0 MB | 639/862 kB | 479/855 kB | 180/237 kBProgress (4): 3.1/6.0 MB | 655/862 kB | 479/855 kB | 180/237 kBProgress (4): 3.1/6.0 MB | 655/862 kB | 479/855 kB | 180/237 kBProgress (4): 3.1/6.0 MB | 655/862 kB | 479/855 kB | 180/237 kBProgress (4): 3.1/6.0 MB | 655/862 kB | 479/855 kB | 180/237 kBProgress (4): 3.1/6.0 MB | 655/862 kB | 495/855 kB | 180/237 kBProgress (5): 3.1/6.0 MB | 655/862 kB | 495/855 kB | 180/237 kB | 6.9 kBProgress (5): 3.1/6.0 MB | 655/862 kB | 512/855 kB | 180/237 kB | 6.9 kBProgress (5): 3.1/6.0 MB | 655/862 kB | 512/855 kB | 196/237 kB | 6.9 kBProgress (5): 3.1/6.0 MB | 655/862 kB | 512/855 kB | 196/237 kB | 6.9 kB                                                                        Downloaded from central: https://repo.maven.apache.org/maven2/me/paulschwarz/spring-dotenv/2.5.4/spring-dotenv-2.5.4.jar (6.9 kB at 9.4 kB/s)
Downloading from central: https://repo.maven.apache.org/maven2/io/github/cdimascio/dotenv-java/2.2.3/dotenv-java-2.2.3.jar
Progress (4): 3.1/6.0 MB | 655/862 kB | 528/855 kB | 196/237 kBProgress (4): 3.1/6.0 MB | 655/862 kB | 544/855 kB | 196/237 kBProgress (4): 3.1/6.0 MB | 671/862 kB | 544/855 kB | 196/237 kBProgress (4): 3.1/6.0 MB | 671/862 kB | 544/855 kB | 213/237 kBProgress (4): 3.1/6.0 MB | 688/862 kB | 544/855 kB | 213/237 kBProgress (4): 3.1/6.0 MB | 688/862 kB | 544/855 kB | 229/237 kBProgress (4): 3.1/6.0 MB | 688/862 kB | 544/855 kB | 237/237 kBProgress (4): 3.1/6.0 MB | 688/862 kB | 544/855 kB | 237 kB    Progress (4): 3.1/6.0 MB | 704/862 kB | 544/855 kB | 237 kB                                                           Downloaded from central: https://repo.maven.apache.org/maven2/org/apache/httpcomponents/core5/httpcore5-h2/5.2.5/httpcore5-h2-5.2.5.jar (237 kB at 319 kB/s)
Downloading from central: https://repo.maven.apache.org/maven2/org/springframework/boot/spring-boot-starter-security/3.3.4/spring-boot-starter-security-3.3.4.jar
Progress (3): 3.2/6.0 MB | 704/862 kB | 544/855 kBProgress (3): 3.2/6.0 MB | 704/862 kB | 544/855 kBProgress (3): 3.2/6.0 MB | 704/862 kB | 544/855 kBProgress (3): 3.2/6.0 MB | 720/862 kB | 544/855 kBProgress (3): 3.2/6.0 MB | 720/862 kB | 561/855 kBProgress (3): 3.2/6.0 MB | 737/862 kB | 561/855 kBProgress (3): 3.2/6.0 MB | 737/862 kB | 577/855 kBProgress (3): 3.2/6.0 MB | 737/862 kB | 594/855 kBProgress (3): 3.2/6.0 MB | 737/862 kB | 610/855 kBProgress (3): 3.2/6.0 MB | 737/862 kB | 610/855 kBProgress (3): 3.2/6.0 MB | 753/862 kB | 610/855 kBProgress (3): 3.2/6.0 MB | 753/862 kB | 610/855 kBProgress (3): 3.2/6.0 MB | 770/862 kB | 610/855 kBProgress (3): 3.2/6.0 MB | 770/862 kB | 610/855 kBProgress (3): 3.2/6.0 MB | 770/862 kB | 626/855 kBProgress (3): 3.2/6.0 MB | 770/862 kB | 643/855 kBProgress (3): 3.2/6.0 MB | 770/862 kB | 659/855 kBProgress (3): 3.3/6.0 MB | 770/862 kB | 659/855 kBProgress (3): 3.3/6.0 MB | 770/862 kB | 659/855 kBProgress (3): 3.3/6.0 MB | 786/862 kB | 659/855 kBProgress (3): 3.3/6.0 MB | 786/862 kB | 659/855 kBProgress (3): 3.3/6.0 MB | 786/862 kB | 676/855 kBProgress (3): 3.3/6.0 MB | 802/862 kB | 676/855 kBProgress (3): 3.3/6.0 MB | 802/862 kB | 676/855 kBProgress (3): 3.3/6.0 MB | 802/862 kB | 692/855 kBProgress (3): 3.3/6.0 MB | 802/862 kB | 708/855 kBProgress (3): 3.3/6.0 MB | 802/862 kB | 725/855 kBProgress (3): 3.3/6.0 MB | 802/862 kB | 741/855 kBProgress (3): 3.3/6.0 MB | 819/862 kB | 741/855 kBProgress (3): 3.3/6.0 MB | 819/862 kB | 741/855 kBProgress (3): 3.3/6.0 MB | 819/862 kB | 741/855 kBProgress (3): 3.4/6.0 MB | 819/862 kB | 741/855 kBProgress (3): 3.4/6.0 MB | 835/862 kB | 741/855 kBProgress (3): 3.4/6.0 MB | 835/862 kB | 757/855 kBProgress (3): 3.4/6.0 MB | 852/862 kB | 757/855 kBProgress (3): 3.4/6.0 MB | 852/862 kB | 774/855 kBProgress (3): 3.4/6.0 MB | 862 kB | 774/855 kB    Progress (3): 3.4/6.0 MB | 862 kB | 774/855 kB                                              Downloaded from central: https://repo.maven.apache.org/maven2/org/apache/httpcomponents/client5/httpclient5/5.3.1/httpclient5-5.3.1.jar (862 kB at 1.1 MB/s)
Progress (2): 3.4/6.0 MB | 774/855 kBProgress (2): 3.4/6.0 MB | 790/855 kBProgress (3): 3.4/6.0 MB | 790/855 kB | 7.7/15 kBProgress (3): 3.4/6.0 MB | 790/855 kB | 7.7/15 kBProgress (3): 3.4/6.0 MB | 790/855 kB | 15 kB                                                 Downloaded from central: https://repo.maven.apache.org/maven2/io/github/cdimascio/dotenv-java/2.2.3/dotenv-java-2.2.3.jar (15 kB at 20 kB/s)
Progress (2): 3.4/6.0 MB | 790/855 kBProgress (2): 3.4/6.0 MB | 807/855 kBProgress (2): 3.4/6.0 MB | 807/855 kBProgress (3): 3.4/6.0 MB | 807/855 kB | 3.4/4.7 kBProgress (3): 3.4/6.0 MB | 807/855 kB | 4.7 kB                                                  Downloaded from central: https://repo.maven.apache.org/maven2/org/springframework/boot/spring-boot-starter-security/3.3.4/spring-boot-starter-security-3.3.4.jar (4.7 kB at 6.2 kB/s)
Progress (2): 3.4/6.0 MB | 823/855 kB                                     Downloading from central: https://repo.maven.apache.org/maven2/org/springframework/boot/spring-boot-starter/3.3.4/spring-boot-starter-3.3.4.jar
Progress (2): 3.4/6.0 MB | 839/855 kB                                     Downloading from central: https://repo.maven.apache.org/maven2/org/springframework/boot/spring-boot-autoconfigure/3.3.4/spring-boot-autoconfigure-3.3.4.jar
Progress (2): 3.5/6.0 MB | 839/855 kB                                     Downloading from central: https://repo.maven.apache.org/maven2/org/springframework/boot/spring-boot-starter-logging/3.3.4/spring-boot-starter-logging-3.3.4.jar
Progress (2): 3.5/6.0 MB | 839/855 kBProgress (2): 3.5/6.0 MB | 839/855 kBProgress (2): 3.5/6.0 MB | 855 kB                                     Downloaded from central: https://repo.maven.apache.org/maven2/org/apache/httpcomponents/core5/httpcore5/5.2.5/httpcore5-5.2.5.jar (855 kB at 1.1 MB/s)
Downloading from central: https://repo.maven.apache.org/maven2/org/apache/logging/log4j/log4j-to-slf4j/2.23.1/log4j-to-slf4j-2.23.1.jar
Progress (1): 3.5/6.0 MBProgress (1): 3.5/6.0 MBProgress (1): 3.5/6.0 MBProgress (1): 3.6/6.0 MBProgress (1): 3.6/6.0 MBProgress (1): 3.6/6.0 MBProgress (1): 3.6/6.0 MBProgress (1): 3.6/6.0 MBProgress (1): 3.6/6.0 MBProgress (1): 3.7/6.0 MBProgress (1): 3.7/6.0 MBProgress (1): 3.7/6.0 MBProgress (1): 3.7/6.0 MBProgress (1): 3.7/6.0 MBProgress (1): 3.7/6.0 MBProgress (1): 3.8/6.0 MBProgress (1): 3.8/6.0 MBProgress (1): 3.8/6.0 MBProgress (1): 3.8/6.0 MBProgress (1): 3.8/6.0 MBProgress (2): 3.8/6.0 MB | 4.8 kB                                 Downloaded from central: https://repo.maven.apache.org/maven2/org/springframework/boot/spring-boot-starter-logging/3.3.4/spring-boot-starter-logging-3.3.4.jar (4.8 kB at 6.1 kB/s)
Progress (1): 3.8/6.0 MBProgress (1): 3.8/6.0 MBProgress (1): 3.9/6.0 MBProgress (2): 3.9/6.0 MB | 0/2.0 MBProgress (2): 3.9/6.0 MB | 0/2.0 MBProgress (2): 3.9/6.0 MB | 0/2.0 MB                                   Downloading from central: https://repo.maven.apache.org/maven2/org/slf4j/jul-to-slf4j/2.0.16/jul-to-slf4j-2.0.16.jar
Progress (3): 3.9/6.0 MB | 0/2.0 MB | 4.8 kBProgress (3): 3.9/6.0 MB | 0/2.0 MB | 4.8 kB                                            Downloaded from central: https://repo.maven.apache.org/maven2/org/springframework/boot/spring-boot-starter/3.3.4/spring-boot-starter-3.3.4.jar (4.8 kB at 6.1 kB/s)
Progress (2): 3.9/6.0 MB | 0/2.0 MBProgress (2): 3.9/6.0 MB | 0/2.0 MB                                   Downloading from central: https://repo.maven.apache.org/maven2/org/springframework/spring-aop/6.1.13/spring-aop-6.1.13.jar
Progress (2): 3.9/6.0 MB | 0.1/2.0 MBProgress (2): 3.9/6.0 MB | 0.1/2.0 MBProgress (2): 3.9/6.0 MB | 0.1/2.0 MBProgress (3): 3.9/6.0 MB | 0.1/2.0 MB | 7.7/23 kBProgress (3): 3.9/6.0 MB | 0.1/2.0 MB | 16/23 kB Progress (3): 3.9/6.0 MB | 0.1/2.0 MB | 23 kB                                                Downloaded from central: https://repo.maven.apache.org/maven2/org/apache/logging/log4j/log4j-to-slf4j/2.23.1/log4j-to-slf4j-2.23.1.jar (23 kB at 29 kB/s)
Downloading from central: https://repo.maven.apache.org/maven2/org/springframework/security/spring-security-config/6.3.3/spring-security-config-6.3.3.jar
Progress (2): 3.9/6.0 MB | 0.1/2.0 MBProgress (2): 3.9/6.0 MB | 0.1/2.0 MBProgress (2): 4.0/6.0 MB | 0.1/2.0 MBProgress (2): 4.0/6.0 MB | 0.1/2.0 MBProgress (2): 4.0/6.0 MB | 0.1/2.0 MBProgress (2): 4.0/6.0 MB | 0.1/2.0 MBProgress (2): 4.0/6.0 MB | 0.1/2.0 MBProgress (2): 4.0/6.0 MB | 0.1/2.0 MBProgress (2): 4.0/6.0 MB | 0.2/2.0 MBProgress (2): 4.0/6.0 MB | 0.2/2.0 MBProgress (2): 4.0/6.0 MB | 0.2/2.0 MBProgress (2): 4.0/6.0 MB | 0.2/2.0 MBProgress (2): 4.0/6.0 MB | 0.2/2.0 MBProgress (2): 4.0/6.0 MB | 0.2/2.0 MBProgress (3): 4.0/6.0 MB | 0.2/2.0 MB | 6.4 kB                                              Downloaded from central: https://repo.maven.apache.org/maven2/org/slf4j/jul-to-slf4j/2.0.16/jul-to-slf4j-2.0.16.jar (6.4 kB at 7.9 kB/s)
Downloading from central: https://repo.maven.apache.org/maven2/org/springframework/ai/spring-ai-transformers/1.1.2/spring-ai-transformers-1.1.2.jar
Progress (2): 4.0/6.0 MB | 0.2/2.0 MBProgress (3): 4.0/6.0 MB | 0.2/2.0 MB | 4.1/417 kBProgress (3): 4.0/6.0 MB | 0.2/2.0 MB | 4.1/417 kBProgress (3): 4.0/6.0 MB | 0.2/2.0 MB | 4.1/417 kBProgress (3): 4.1/6.0 MB | 0.2/2.0 MB | 4.1/417 kBProgress (3): 4.1/6.0 MB | 0.2/2.0 MB | 4.1/417 kBProgress (3): 4.1/6.0 MB | 0.2/2.0 MB | 4.1/417 kBProgress (3): 4.1/6.0 MB | 0.2/2.0 MB | 4.1/417 kBProgress (3): 4.1/6.0 MB | 0.2/2.0 MB | 20/417 kB Progress (3): 4.1/6.0 MB | 0.2/2.0 MB | 37/417 kBProgress (3): 4.1/6.0 MB | 0.2/2.0 MB | 53/417 kBProgress (3): 4.1/6.0 MB | 0.3/2.0 MB | 53/417 kBProgress (3): 4.1/6.0 MB | 0.3/2.0 MB | 53/417 kBProgress (3): 4.1/6.0 MB | 0.3/2.0 MB | 53/417 kBProgress (3): 4.1/6.0 MB | 0.3/2.0 MB | 53/417 kBProgress (3): 4.1/6.0 MB | 0.3/2.0 MB | 53/417 kBProgress (3): 4.1/6.0 MB | 0.3/2.0 MB | 53/417 kBProgress (3): 4.2/6.0 MB | 0.3/2.0 MB | 53/417 kBProgress (3): 4.2/6.0 MB | 0.3/2.0 MB | 70/417 kBProgress (3): 4.2/6.0 MB | 0.3/2.0 MB | 70/417 kBProgress (3): 4.2/6.0 MB | 0.3/2.0 MB | 86/417 kBProgress (3): 4.2/6.0 MB | 0.3/2.0 MB | 86/417 kBProgress (4): 4.2/6.0 MB | 0.3/2.0 MB | 86/417 kB | 0/1.9 MBProgress (4): 4.2/6.0 MB | 0.3/2.0 MB | 86/417 kB | 0/1.9 MBProgress (4): 4.2/6.0 MB | 0.3/2.0 MB | 102/417 kB | 0/1.9 MBProgress (4): 4.2/6.0 MB | 0.3/2.0 MB | 102/417 kB | 0/1.9 MBProgress (4): 4.2/6.0 MB | 0.3/2.0 MB | 119/417 kB | 0/1.9 MBProgress (4): 4.2/6.0 MB | 0.3/2.0 MB | 135/417 kB | 0/1.9 MBProgress (4): 4.2/6.0 MB | 0.3/2.0 MB | 135/417 kB | 0/1.9 MBProgress (4): 4.2/6.0 MB | 0.3/2.0 MB | 135/417 kB | 0/1.9 MBProgress (4): 4.2/6.0 MB | 0.3/2.0 MB | 135/417 kB | 0/1.9 MBProgress (4): 4.2/6.0 MB | 0.3/2.0 MB | 135/417 kB | 0/1.9 MBProgress (4): 4.2/6.0 MB | 0.3/2.0 MB | 135/417 kB | 0.1/1.9 MBProgress (4): 4.2/6.0 MB | 0.3/2.0 MB | 135/417 kB | 0.1/1.9 MBProgress (4): 4.2/6.0 MB | 0.3/2.0 MB | 135/417 kB | 0.1/1.9 MBProgress (4): 4.2/6.0 MB | 0.4/2.0 MB | 135/417 kB | 0.1/1.9 MBProgress (4): 4.2/6.0 MB | 0.4/2.0 MB | 135/417 kB | 0.1/1.9 MBProgress (4): 4.2/6.0 MB | 0.4/2.0 MB | 135/417 kB | 0.1/1.9 MBProgress (4): 4.2/6.0 MB | 0.4/2.0 MB | 152/417 kB | 0.1/1.9 MBProgress (4): 4.2/6.0 MB | 0.4/2.0 MB | 152/417 kB | 0.1/1.9 MBProgress (4): 4.2/6.0 MB | 0.4/2.0 MB | 152/417 kB | 0.1/1.9 MBProgress (4): 4.2/6.0 MB | 0.4/2.0 MB | 168/417 kB | 0.1/1.9 MBProgress (5): 4.2/6.0 MB | 0.4/2.0 MB | 168/417 kB | 0.1/1.9 MB | 0/3.0 MBProgress (5): 4.2/6.0 MB | 0.4/2.0 MB | 168/417 kB | 0.1/1.9 MB | 0/3.0 MBProgress (5): 4.2/6.0 MB | 0.4/2.0 MB | 184/417 kB | 0.1/1.9 MB | 0/3.0 MBProgress (5): 4.2/6.0 MB | 0.4/2.0 MB | 184/417 kB | 0.1/1.9 MB | 0/3.0 MBProgress (5): 4.2/6.0 MB | 0.4/2.0 MB | 201/417 kB | 0.1/1.9 MB | 0/3.0 MBProgress (5): 4.2/6.0 MB | 0.4/2.0 MB | 201/417 kB | 0.1/1.9 MB | 0/3.0 MBProgress (5): 4.2/6.0 MB | 0.4/2.0 MB | 201/417 kB | 0.1/1.9 MB | 0/3.0 MBProgress (5): 4.2/6.0 MB | 0.4/2.0 MB | 201/417 kB | 0.1/1.9 MB | 0/3.0 MBProgress (5): 4.2/6.0 MB | 0.4/2.0 MB | 201/417 kB | 0.1/1.9 MB | 0/3.0 MBProgress (5): 4.2/6.0 MB | 0.4/2.0 MB | 201/417 kB | 0.1/1.9 MB | 0/3.0 MBProgress (5): 4.2/6.0 MB | 0.4/2.0 MB | 201/417 kB | 0.1/1.9 MB | 0/3.0 MBProgress (5): 4.2/6.0 MB | 0.4/2.0 MB | 217/417 kB | 0.1/1.9 MB | 0/3.0 MBProgress (5): 4.3/6.0 MB | 0.4/2.0 MB | 217/417 kB | 0.1/1.9 MB | 0/3.0 MBProgress (5): 4.3/6.0 MB | 0.4/2.0 MB | 233/417 kB | 0.1/1.9 MB | 0/3.0 MBProgress (5): 4.3/6.0 MB | 0.4/2.0 MB | 233/417 kB | 0.1/1.9 MB | 0/3.0 MBProgress (5): 4.3/6.0 MB | 0.4/2.0 MB | 233/417 kB | 0.1/1.9 MB | 0/3.0 MBProgress (5): 4.3/6.0 MB | 0.5/2.0 MB | 233/417 kB | 0.1/1.9 MB | 0/3.0 MBProgress (5): 4.3/6.0 MB | 0.5/2.0 MB | 233/417 kB | 0.1/1.9 MB | 0/3.0 MBProgress (5): 4.3/6.0 MB | 0.5/2.0 MB | 233/417 kB | 0.1/1.9 MB | 0/3.0 MBProgress (5): 4.3/6.0 MB | 0.5/2.0 MB | 233/417 kB | 0.1/1.9 MB | 0/3.0 MBProgress (5): 4.3/6.0 MB | 0.5/2.0 MB | 250/417 kB | 0.1/1.9 MB | 0/3.0 MBProgress (5): 4.3/6.0 MB | 0.5/2.0 MB | 250/417 kB | 0.1/1.9 MB | 0.1/3.0 MBProgress (5): 4.3/6.0 MB | 0.5/2.0 MB | 266/417 kB | 0.1/1.9 MB | 0.1/3.0 MBProgress (5): 4.3/6.0 MB | 0.5/2.0 MB | 266/417 kB | 0.1/1.9 MB | 0.1/3.0 MBProgress (5): 4.3/6.0 MB | 0.5/2.0 MB | 266/417 kB | 0.1/1.9 MB | 0.1/3.0 MBProgress (5): 4.3/6.0 MB | 0.5/2.0 MB | 283/417 kB | 0.1/1.9 MB | 0.1/3.0 MBProgress (5): 4.3/6.0 MB | 0.5/2.0 MB | 299/417 kB | 0.1/1.9 MB | 0.1/3.0 MBProgress (5): 4.3/6.0 MB | 0.5/2.0 MB | 299/417 kB | 0.1/1.9 MB | 0.1/3.0 MBProgress (5): 4.3/6.0 MB | 0.5/2.0 MB | 299/417 kB | 0.1/1.9 MB | 0.1/3.0 MBProgress (5): 4.3/6.0 MB | 0.5/2.0 MB | 299/417 kB | 0.2/1.9 MB | 0.1/3.0 MBProgress (5): 4.3/6.0 MB | 0.5/2.0 MB | 299/417 kB | 0.2/1.9 MB | 0.1/3.0 MBProgress (5): 4.3/6.0 MB | 0.5/2.0 MB | 299/417 kB | 0.2/1.9 MB | 0.1/3.0 MBProgress (5): 4.3/6.0 MB | 0.5/2.0 MB | 299/417 kB | 0.2/1.9 MB | 0.1/3.0 MBProgress (5): 4.3/6.0 MB | 0.5/2.0 MB | 299/417 kB | 0.2/1.9 MB | 0.1/3.0 MBProgress (5): 4.3/6.0 MB | 0.5/2.0 MB | 299/417 kB | 0.2/1.9 MB | 0.1/3.0 MBProgress (5): 4.3/6.0 MB | 0.5/2.0 MB | 299/417 kB | 0.2/1.9 MB | 0.1/3.0 MBProgress (5): 4.3/6.0 MB | 0.5/2.0 MB | 299/417 kB | 0.2/1.9 MB | 0.1/3.0 MBProgress (5): 4.4/6.0 MB | 0.5/2.0 MB | 299/417 kB | 0.2/1.9 MB | 0.1/3.0 MBProgress (5): 4.4/6.0 MB | 0.5/2.0 MB | 299/417 kB | 0.2/1.9 MB | 0.1/3.0 MBProgress (5): 4.4/6.0 MB | 0.5/2.0 MB | 299/417 kB | 0.2/1.9 MB | 0.1/3.0 MBProgress (5): 4.4/6.0 MB | 0.5/2.0 MB | 299/417 kB | 0.2/1.9 MB | 0.1/3.0 MBProgress (5): 4.4/6.0 MB | 0.5/2.0 MB | 299/417 kB | 0.2/1.9 MB | 0.1/3.0 MBProgress (5): 4.4/6.0 MB | 0.5/2.0 MB | 299/417 kB | 0.2/1.9 MB | 0.1/3.0 MBProgress (5): 4.4/6.0 MB | 0.5/2.0 MB | 299/417 kB | 0.2/1.9 MB | 0.1/3.0 MBProgress (5): 4.4/6.0 MB | 0.5/2.0 MB | 315/417 kB | 0.2/1.9 MB | 0.1/3.0 MBProgress (5): 4.4/6.0 MB | 0.5/2.0 MB | 315/417 kB | 0.2/1.9 MB | 0.1/3.0 MBProgress (5): 4.4/6.0 MB | 0.5/2.0 MB | 315/417 kB | 0.2/1.9 MB | 0.1/3.0 MBProgress (5): 4.4/6.0 MB | 0.5/2.0 MB | 332/417 kB | 0.2/1.9 MB | 0.1/3.0 MBProgress (5): 4.4/6.0 MB | 0.6/2.0 MB | 332/417 kB | 0.2/1.9 MB | 0.1/3.0 MBProgress (5): 4.4/6.0 MB | 0.6/2.0 MB | 332/417 kB | 0.2/1.9 MB | 0.1/3.0 MBProgress (5): 4.4/6.0 MB | 0.6/2.0 MB | 332/417 kB | 0.2/1.9 MB | 0.1/3.0 MBProgress (5): 4.4/6.0 MB | 0.6/2.0 MB | 332/417 kB | 0.2/1.9 MB | 0.1/3.0 MBProgress (5): 4.4/6.0 MB | 0.6/2.0 MB | 332/417 kB | 0.2/1.9 MB | 0.1/3.0 MBProgress (5): 4.4/6.0 MB | 0.6/2.0 MB | 332/417 kB | 0.3/1.9 MB | 0.1/3.0 MBProgress (5): 4.4/6.0 MB | 0.6/2.0 MB | 332/417 kB | 0.3/1.9 MB | 0.1/3.0 MBProgress (5): 4.4/6.0 MB | 0.6/2.0 MB | 332/417 kB | 0.3/1.9 MB | 0.1/3.0 MBProgress (5): 4.4/6.0 MB | 0.6/2.0 MB | 332/417 kB | 0.3/1.9 MB | 0.1/3.0 MBProgress (5): 4.4/6.0 MB | 0.6/2.0 MB | 332/417 kB | 0.3/1.9 MB | 0.2/3.0 MBProgress (5): 4.4/6.0 MB | 0.6/2.0 MB | 332/417 kB | 0.3/1.9 MB | 0.2/3.0 MBProgress (5): 4.4/6.0 MB | 0.6/2.0 MB | 332/417 kB | 0.3/1.9 MB | 0.2/3.0 MBProgress (5): 4.4/6.0 MB | 0.6/2.0 MB | 332/417 kB | 0.3/1.9 MB | 0.2/3.0 MBProgress (5): 4.4/6.0 MB | 0.6/2.0 MB | 348/417 kB | 0.3/1.9 MB | 0.2/3.0 MBProgress (5): 4.4/6.0 MB | 0.6/2.0 MB | 348/417 kB | 0.3/1.9 MB | 0.2/3.0 MBProgress (5): 4.4/6.0 MB | 0.6/2.0 MB | 365/417 kB | 0.3/1.9 MB | 0.2/3.0 MBProgress (5): 4.4/6.0 MB | 0.6/2.0 MB | 381/417 kB | 0.3/1.9 MB | 0.2/3.0 MBProgress (5): 4.4/6.0 MB | 0.6/2.0 MB | 381/417 kB | 0.3/1.9 MB | 0.2/3.0 MBProgress (5): 4.4/6.0 MB | 0.6/2.0 MB | 381/417 kB | 0.3/1.9 MB | 0.2/3.0 MBProgress (5): 4.4/6.0 MB | 0.6/2.0 MB | 381/417 kB | 0.3/1.9 MB | 0.2/3.0 MBProgress (5): 4.4/6.0 MB | 0.6/2.0 MB | 381/417 kB | 0.3/1.9 MB | 0.2/3.0 MBProgress (5): 4.4/6.0 MB | 0.6/2.0 MB | 381/417 kB | 0.3/1.9 MB | 0.2/3.0 MBProgress (5): 4.4/6.0 MB | 0.6/2.0 MB | 397/417 kB | 0.3/1.9 MB | 0.2/3.0 MBProgress (5): 4.4/6.0 MB | 0.6/2.0 MB | 414/417 kB | 0.3/1.9 MB | 0.2/3.0 MBProgress (5): 4.5/6.0 MB | 0.6/2.0 MB | 414/417 kB | 0.3/1.9 MB | 0.2/3.0 MBProgress (5): 4.5/6.0 MB | 0.6/2.0 MB | 414/417 kB | 0.3/1.9 MB | 0.2/3.0 MBProgress (5): 4.5/6.0 MB | 0.6/2.0 MB | 414/417 kB | 0.3/1.9 MB | 0.2/3.0 MBProgress (5): 4.5/6.0 MB | 0.6/2.0 MB | 414/417 kB | 0.3/1.9 MB | 0.2/3.0 MBProgress (5): 4.5/6.0 MB | 0.6/2.0 MB | 414/417 kB | 0.3/1.9 MB | 0.2/3.0 MBProgress (5): 4.5/6.0 MB | 0.6/2.0 MB | 414/417 kB | 0.3/1.9 MB | 0.3/3.0 MBProgress (5): 4.5/6.0 MB | 0.6/2.0 MB | 417 kB | 0.3/1.9 MB | 0.3/3.0 MB    Progress (5): 4.5/6.0 MB | 0.7/2.0 MB | 417 kB | 0.3/1.9 MB | 0.3/3.0 MBProgress (5): 4.5/6.0 MB | 0.7/2.0 MB | 417 kB | 0.3/1.9 MB | 0.3/3.0 MBProgress (5): 4.5/6.0 MB | 0.7/2.0 MB | 417 kB | 0.3/1.9 MB | 0.3/3.0 MBProgress (5): 4.5/6.0 MB | 0.7/2.0 MB | 417 kB | 0.3/1.9 MB | 0.3/3.0 MB                                                                        Downloaded from central: https://repo.maven.apache.org/maven2/org/springframework/spring-aop/6.1.13/spring-aop-6.1.13.jar (417 kB at 486 kB/s)
Downloading from central: https://repo.maven.apache.org/maven2/org/springframework/ai/spring-ai-model/1.1.2/spring-ai-model-1.1.2.jar
Progress (4): 4.5/6.0 MB | 0.7/2.0 MB | 0.3/1.9 MB | 0.3/3.0 MBProgress (4): 4.5/6.0 MB | 0.7/2.0 MB | 0.3/1.9 MB | 0.3/3.0 MBProgress (4): 4.5/6.0 MB | 0.7/2.0 MB | 0.4/1.9 MB | 0.3/3.0 MBProgress (4): 4.5/6.0 MB | 0.7/2.0 MB | 0.4/1.9 MB | 0.3/3.0 MBProgress (4): 4.5/6.0 MB | 0.7/2.0 MB | 0.4/1.9 MB | 0.3/3.0 MBProgress (4): 4.5/6.0 MB | 0.7/2.0 MB | 0.4/1.9 MB | 0.3/3.0 MBProgress (4): 4.5/6.0 MB | 0.7/2.0 MB | 0.4/1.9 MB | 0.3/3.0 MBProgress (4): 4.5/6.0 MB | 0.7/2.0 MB | 0.4/1.9 MB | 0.3/3.0 MBProgress (4): 4.5/6.0 MB | 0.7/2.0 MB | 0.4/1.9 MB | 0.3/3.0 MBProgress (4): 4.5/6.0 MB | 0.7/2.0 MB | 0.4/1.9 MB | 0.3/3.0 MBProgress (4): 4.5/6.0 MB | 0.7/2.0 MB | 0.4/1.9 MB | 0.3/3.0 MBProgress (4): 4.6/6.0 MB | 0.7/2.0 MB | 0.4/1.9 MB | 0.3/3.0 MBProgress (4): 4.6/6.0 MB | 0.7/2.0 MB | 0.4/1.9 MB | 0.3/3.0 MBProgress (4): 4.6/6.0 MB | 0.7/2.0 MB | 0.4/1.9 MB | 0.3/3.0 MBProgress (4): 4.6/6.0 MB | 0.7/2.0 MB | 0.4/1.9 MB | 0.3/3.0 MBProgress (4): 4.6/6.0 MB | 0.7/2.0 MB | 0.4/1.9 MB | 0.3/3.0 MBProgress (4): 4.6/6.0 MB | 0.8/2.0 MB | 0.4/1.9 MB | 0.3/3.0 MBProgress (4): 4.6/6.0 MB | 0.8/2.0 MB | 0.4/1.9 MB | 0.3/3.0 MBProgress (4): 4.6/6.0 MB | 0.8/2.0 MB | 0.4/1.9 MB | 0.3/3.0 MBProgress (4): 4.6/6.0 MB | 0.8/2.0 MB | 0.4/1.9 MB | 0.3/3.0 MBProgress (4): 4.6/6.0 MB | 0.8/2.0 MB | 0.4/1.9 MB | 0.3/3.0 MBProgress (4): 4.6/6.0 MB | 0.8/2.0 MB | 0.4/1.9 MB | 0.3/3.0 MBProgress (4): 4.6/6.0 MB | 0.8/2.0 MB | 0.4/1.9 MB | 0.3/3.0 MBProgress (4): 4.6/6.0 MB | 0.8/2.0 MB | 0.4/1.9 MB | 0.3/3.0 MBProgress (4): 4.6/6.0 MB | 0.8/2.0 MB | 0.4/1.9 MB | 0.3/3.0 MBProgress (4): 4.6/6.0 MB | 0.8/2.0 MB | 0.4/1.9 MB | 0.3/3.0 MBProgress (4): 4.6/6.0 MB | 0.8/2.0 MB | 0.5/1.9 MB | 0.3/3.0 MBProgress (4): 4.6/6.0 MB | 0.8/2.0 MB | 0.5/1.9 MB | 0.3/3.0 MBProgress (4): 4.6/6.0 MB | 0.8/2.0 MB | 0.5/1.9 MB | 0.4/3.0 MBProgress (4): 4.7/6.0 MB | 0.8/2.0 MB | 0.5/1.9 MB | 0.4/3.0 MBProgress (4): 4.7/6.0 MB | 0.8/2.0 MB | 0.5/1.9 MB | 0.4/3.0 MBProgress (4): 4.7/6.0 MB | 0.8/2.0 MB | 0.5/1.9 MB | 0.4/3.0 MBProgress (4): 4.7/6.0 MB | 0.8/2.0 MB | 0.5/1.9 MB | 0.4/3.0 MBProgress (4): 4.7/6.0 MB | 0.8/2.0 MB | 0.5/1.9 MB | 0.4/3.0 MBProgress (4): 4.7/6.0 MB | 0.8/2.0 MB | 0.5/1.9 MB | 0.4/3.0 MBProgress (5): 4.7/6.0 MB | 0.8/2.0 MB | 0.5/1.9 MB | 0.4/3.0 MB | 7.7/393 kBProgress (5): 4.7/6.0 MB | 0.8/2.0 MB | 0.5/1.9 MB | 0.4/3.0 MB | 16/393 kB Progress (5): 4.7/6.0 MB | 0.8/2.0 MB | 0.5/1.9 MB | 0.4/3.0 MB | 16/393 kBProgress (5): 4.7/6.0 MB | 0.8/2.0 MB | 0.5/1.9 MB | 0.4/3.0 MB | 16/393 kBProgress (5): 4.7/6.0 MB | 0.8/2.0 MB | 0.5/1.9 MB | 0.4/3.0 MB | 16/393 kBProgress (5): 4.7/6.0 MB | 0.8/2.0 MB | 0.5/1.9 MB | 0.4/3.0 MB | 16/393 kBProgress (5): 4.7/6.0 MB | 0.8/2.0 MB | 0.5/1.9 MB | 0.4/3.0 MB | 16/393 kBProgress (5): 4.7/6.0 MB | 0.8/2.0 MB | 0.5/1.9 MB | 0.4/3.0 MB | 16/393 kBProgress (5): 4.7/6.0 MB | 0.8/2.0 MB | 0.5/1.9 MB | 0.4/3.0 MB | 16/393 kBProgress (5): 4.7/6.0 MB | 0.9/2.0 MB | 0.5/1.9 MB | 0.4/3.0 MB | 16/393 kBProgress (5): 4.7/6.0 MB | 0.9/2.0 MB | 0.5/1.9 MB | 0.4/3.0 MB | 16/393 kBProgress (5): 4.7/6.0 MB | 0.9/2.0 MB | 0.5/1.9 MB | 0.4/3.0 MB | 16/393 kBProgress (5): 4.7/6.0 MB | 0.9/2.0 MB | 0.5/1.9 MB | 0.4/3.0 MB | 16/393 kBProgress (5): 4.7/6.0 MB | 0.9/2.0 MB | 0.5/1.9 MB | 0.4/3.0 MB | 16/393 kBProgress (5): 4.7/6.0 MB | 0.9/2.0 MB | 0.5/1.9 MB | 0.4/3.0 MB | 16/393 kBProgress (5): 4.7/6.0 MB | 0.9/2.0 MB | 0.5/1.9 MB | 0.4/3.0 MB | 32/393 kBProgress (5): 4.7/6.0 MB | 0.9/2.0 MB | 0.5/1.9 MB | 0.4/3.0 MB | 49/393 kBProgress (5): 4.7/6.0 MB | 0.9/2.0 MB | 0.5/1.9 MB | 0.4/3.0 MB | 61/393 kBProgress (5): 4.7/6.0 MB | 0.9/2.0 MB | 0.5/1.9 MB | 0.4/3.0 MB | 61/393 kBProgress (5): 4.7/6.0 MB | 0.9/2.0 MB | 0.5/1.9 MB | 0.4/3.0 MB | 78/393 kBProgress (5): 4.7/6.0 MB | 0.9/2.0 MB | 0.6/1.9 MB | 0.4/3.0 MB | 78/393 kBProgress (5): 4.8/6.0 MB | 0.9/2.0 MB | 0.6/1.9 MB | 0.4/3.0 MB | 78/393 kBProgress (5): 4.8/6.0 MB | 0.9/2.0 MB | 0.6/1.9 MB | 0.4/3.0 MB | 78/393 kBProgress (5): 4.8/6.0 MB | 0.9/2.0 MB | 0.6/1.9 MB | 0.4/3.0 MB | 78/393 kBProgress (5): 4.8/6.0 MB | 0.9/2.0 MB | 0.6/1.9 MB | 0.4/3.0 MB | 78/393 kBProgress (5): 4.8/6.0 MB | 0.9/2.0 MB | 0.6/1.9 MB | 0.5/3.0 MB | 78/393 kBProgress (5): 4.8/6.0 MB | 0.9/2.0 MB | 0.6/1.9 MB | 0.5/3.0 MB | 78/393 kBProgress (5): 4.8/6.0 MB | 0.9/2.0 MB | 0.6/1.9 MB | 0.5/3.0 MB | 78/393 kBProgress (5): 4.8/6.0 MB | 0.9/2.0 MB | 0.6/1.9 MB | 0.5/3.0 MB | 78/393 kBProgress (5): 4.8/6.0 MB | 0.9/2.0 MB | 0.6/1.9 MB | 0.5/3.0 MB | 78/393 kBProgress (5): 4.8/6.0 MB | 0.9/2.0 MB | 0.6/1.9 MB | 0.5/3.0 MB | 78/393 kBProgress (5): 4.8/6.0 MB | 0.9/2.0 MB | 0.6/1.9 MB | 0.5/3.0 MB | 78/393 kBProgress (5): 4.8/6.0 MB | 0.9/2.0 MB | 0.6/1.9 MB | 0.5/3.0 MB | 78/393 kBProgress (5): 4.8/6.0 MB | 0.9/2.0 MB | 0.6/1.9 MB | 0.5/3.0 MB | 94/393 kBProgress (5): 4.8/6.0 MB | 0.9/2.0 MB | 0.6/1.9 MB | 0.5/3.0 MB | 94/393 kBProgress (5): 4.8/6.0 MB | 0.9/2.0 MB | 0.6/1.9 MB | 0.5/3.0 MB | 111/393 kBProgress (5): 4.8/6.0 MB | 1.0/2.0 MB | 0.6/1.9 MB | 0.5/3.0 MB | 111/393 kBProgress (5): 4.8/6.0 MB | 1.0/2.0 MB | 0.6/1.9 MB | 0.5/3.0 MB | 111/393 kBProgress (5): 4.8/6.0 MB | 1.0/2.0 MB | 0.6/1.9 MB | 0.5/3.0 MB | 111/393 kBProgress (5): 4.8/6.0 MB | 1.0/2.0 MB | 0.6/1.9 MB | 0.5/3.0 MB | 111/393 kBProgress (5): 4.8/6.0 MB | 1.0/2.0 MB | 0.6/1.9 MB | 0.5/3.0 MB | 111/393 kBProgress (5): 4.8/6.0 MB | 1.0/2.0 MB | 0.6/1.9 MB | 0.5/3.0 MB | 111/393 kBProgress (5): 4.8/6.0 MB | 1.0/2.0 MB | 0.6/1.9 MB | 0.5/3.0 MB | 111/393 kBProgress (5): 4.8/6.0 MB | 1.0/2.0 MB | 0.6/1.9 MB | 0.5/3.0 MB | 111/393 kBProgress (5): 4.8/6.0 MB | 1.0/2.0 MB | 0.6/1.9 MB | 0.5/3.0 MB | 111/393 kBProgress (5): 4.8/6.0 MB | 1.0/2.0 MB | 0.6/1.9 MB | 0.5/3.0 MB | 127/393 kBProgress (5): 4.8/6.0 MB | 1.0/2.0 MB | 0.6/1.9 MB | 0.5/3.0 MB | 127/393 kBProgress (5): 4.8/6.0 MB | 1.0/2.0 MB | 0.6/1.9 MB | 0.5/3.0 MB | 127/393 kBProgress (5): 4.8/6.0 MB | 1.0/2.0 MB | 0.6/1.9 MB | 0.5/3.0 MB | 143/393 kBProgress (5): 4.8/6.0 MB | 1.0/2.0 MB | 0.6/1.9 MB | 0.5/3.0 MB | 160/393 kBProgress (5): 4.8/6.0 MB | 1.0/2.0 MB | 0.6/1.9 MB | 0.5/3.0 MB | 160/393 kBProgress (5): 4.8/6.0 MB | 1.0/2.0 MB | 0.6/1.9 MB | 0.5/3.0 MB | 176/393 kBProgress (5): 4.8/6.0 MB | 1.0/2.0 MB | 0.6/1.9 MB | 0.6/3.0 MB | 176/393 kBProgress (5): 4.8/6.0 MB | 1.0/2.0 MB | 0.6/1.9 MB | 0.6/3.0 MB | 176/393 kBProgress (5): 4.8/6.0 MB | 1.0/2.0 MB | 0.6/1.9 MB | 0.6/3.0 MB | 176/393 kBProgress (5): 4.8/6.0 MB | 1.0/2.0 MB | 0.7/1.9 MB | 0.6/3.0 MB | 176/393 kBProgress (5): 4.9/6.0 MB | 1.0/2.0 MB | 0.7/1.9 MB | 0.6/3.0 MB | 176/393 kBProgress (5): 4.9/6.0 MB | 1.0/2.0 MB | 0.7/1.9 MB | 0.6/3.0 MB | 176/393 kBProgress (5): 4.9/6.0 MB | 1.0/2.0 MB | 0.7/1.9 MB | 0.6/3.0 MB | 176/393 kBProgress (5): 4.9/6.0 MB | 1.0/2.0 MB | 0.7/1.9 MB | 0.6/3.0 MB | 176/393 kBProgress (5): 4.9/6.0 MB | 1.0/2.0 MB | 0.7/1.9 MB | 0.6/3.0 MB | 176/393 kBProgress (5): 4.9/6.0 MB | 1.1/2.0 MB | 0.7/1.9 MB | 0.6/3.0 MB | 176/393 kBProgress (5): 4.9/6.0 MB | 1.1/2.0 MB | 0.7/1.9 MB | 0.6/3.0 MB | 193/393 kBProgress (5): 4.9/6.0 MB | 1.1/2.0 MB | 0.7/1.9 MB | 0.6/3.0 MB | 193/393 kBProgress (5): 4.9/6.0 MB | 1.1/2.0 MB | 0.7/1.9 MB | 0.6/3.0 MB | 193/393 kBProgress (5): 4.9/6.0 MB | 1.1/2.0 MB | 0.7/1.9 MB | 0.6/3.0 MB | 209/393 kBProgress (5): 4.9/6.0 MB | 1.1/2.0 MB | 0.7/1.9 MB | 0.6/3.0 MB | 209/393 kBProgress (5): 4.9/6.0 MB | 1.1/2.0 MB | 0.7/1.9 MB | 0.6/3.0 MB | 225/393 kBProgress (5): 4.9/6.0 MB | 1.1/2.0 MB | 0.7/1.9 MB | 0.6/3.0 MB | 225/393 kBProgress (5): 4.9/6.0 MB | 1.1/2.0 MB | 0.7/1.9 MB | 0.6/3.0 MB | 225/393 kBProgress (5): 4.9/6.0 MB | 1.1/2.0 MB | 0.7/1.9 MB | 0.6/3.0 MB | 242/393 kBProgress (5): 4.9/6.0 MB | 1.1/2.0 MB | 0.7/1.9 MB | 0.6/3.0 MB | 258/393 kBProgress (5): 4.9/6.0 MB | 1.1/2.0 MB | 0.7/1.9 MB | 0.6/3.0 MB | 258/393 kBProgress (5): 4.9/6.0 MB | 1.1/2.0 MB | 0.7/1.9 MB | 0.6/3.0 MB | 258/393 kBProgress (5): 4.9/6.0 MB | 1.1/2.0 MB | 0.7/1.9 MB | 0.6/3.0 MB | 258/393 kBProgress (5): 4.9/6.0 MB | 1.1/2.0 MB | 0.7/1.9 MB | 0.6/3.0 MB | 258/393 kBProgress (5): 4.9/6.0 MB | 1.1/2.0 MB | 0.7/1.9 MB | 0.6/3.0 MB | 258/393 kBProgress (5): 4.9/6.0 MB | 1.1/2.0 MB | 0.7/1.9 MB | 0.6/3.0 MB | 258/393 kBProgress (5): 4.9/6.0 MB | 1.1/2.0 MB | 0.7/1.9 MB | 0.6/3.0 MB | 258/393 kBProgress (5): 4.9/6.0 MB | 1.1/2.0 MB | 0.7/1.9 MB | 0.6/3.0 MB | 258/393 kBProgress (5): 4.9/6.0 MB | 1.1/2.0 MB | 0.7/1.9 MB | 0.6/3.0 MB | 258/393 kBProgress (5): 4.9/6.0 MB | 1.1/2.0 MB | 0.7/1.9 MB | 0.6/3.0 MB | 258/393 kBProgress (5): 4.9/6.0 MB | 1.1/2.0 MB | 0.8/1.9 MB | 0.6/3.0 MB | 258/393 kBProgress (5): 4.9/6.0 MB | 1.1/2.0 MB | 0.8/1.9 MB | 0.6/3.0 MB | 258/393 kBProgress (5): 4.9/6.0 MB | 1.1/2.0 MB | 0.8/1.9 MB | 0.6/3.0 MB | 258/393 kBProgress (5): 4.9/6.0 MB | 1.1/2.0 MB | 0.8/1.9 MB | 0.6/3.0 MB | 258/393 kBProgress (5): 4.9/6.0 MB | 1.1/2.0 MB | 0.8/1.9 MB | 0.7/3.0 MB | 258/393 kBProgress (5): 5.0/6.0 MB | 1.1/2.0 MB | 0.8/1.9 MB | 0.7/3.0 MB | 258/393 kBProgress (5): 5.0/6.0 MB | 1.1/2.0 MB | 0.8/1.9 MB | 0.7/3.0 MB | 258/393 kBProgress (5): 5.0/6.0 MB | 1.1/2.0 MB | 0.8/1.9 MB | 0.7/3.0 MB | 258/393 kBProgress (5): 5.0/6.0 MB | 1.1/2.0 MB | 0.8/1.9 MB | 0.7/3.0 MB | 262/393 kBProgress (5): 5.0/6.0 MB | 1.1/2.0 MB | 0.8/1.9 MB | 0.7/3.0 MB | 262/393 kBProgress (5): 5.0/6.0 MB | 1.1/2.0 MB | 0.8/1.9 MB | 0.7/3.0 MB | 279/393 kBProgress (5): 5.0/6.0 MB | 1.2/2.0 MB | 0.8/1.9 MB | 0.7/3.0 MB | 279/393 kBProgress (5): 5.0/6.0 MB | 1.2/2.0 MB | 0.8/1.9 MB | 0.7/3.0 MB | 279/393 kBProgress (5): 5.0/6.0 MB | 1.2/2.0 MB | 0.8/1.9 MB | 0.7/3.0 MB | 279/393 kBProgress (5): 5.0/6.0 MB | 1.2/2.0 MB | 0.8/1.9 MB | 0.7/3.0 MB | 279/393 kBProgress (5): 5.0/6.0 MB | 1.2/2.0 MB | 0.8/1.9 MB | 0.7/3.0 MB | 279/393 kBProgress (5): 5.0/6.0 MB | 1.2/2.0 MB | 0.8/1.9 MB | 0.7/3.0 MB | 295/393 kBProgress (5): 5.0/6.0 MB | 1.2/2.0 MB | 0.8/1.9 MB | 0.7/3.0 MB | 295/393 kBProgress (5): 5.0/6.0 MB | 1.2/2.0 MB | 0.8/1.9 MB | 0.7/3.0 MB | 295/393 kBProgress (5): 5.0/6.0 MB | 1.2/2.0 MB | 0.8/1.9 MB | 0.7/3.0 MB | 295/393 kBProgress (5): 5.0/6.0 MB | 1.2/2.0 MB | 0.8/1.9 MB | 0.7/3.0 MB | 295/393 kBProgress (5): 5.0/6.0 MB | 1.2/2.0 MB | 0.8/1.9 MB | 0.7/3.0 MB | 295/393 kBProgress (5): 5.0/6.0 MB | 1.2/2.0 MB | 0.8/1.9 MB | 0.7/3.0 MB | 295/393 kBProgress (5): 5.0/6.0 MB | 1.2/2.0 MB | 0.8/1.9 MB | 0.7/3.0 MB | 295/393 kBProgress (5): 5.0/6.0 MB | 1.2/2.0 MB | 0.8/1.9 MB | 0.8/3.0 MB | 295/393 kBProgress (5): 5.0/6.0 MB | 1.2/2.0 MB | 0.8/1.9 MB | 0.8/3.0 MB | 295/393 kBProgress (5): 5.0/6.0 MB | 1.2/2.0 MB | 0.8/1.9 MB | 0.8/3.0 MB | 295/393 kBProgress (5): 5.0/6.0 MB | 1.2/2.0 MB | 0.8/1.9 MB | 0.8/3.0 MB | 295/393 kBProgress (5): 5.0/6.0 MB | 1.2/2.0 MB | 0.8/1.9 MB | 0.8/3.0 MB | 295/393 kBProgress (5): 5.0/6.0 MB | 1.2/2.0 MB | 0.8/1.9 MB | 0.8/3.0 MB | 311/393 kBProgress (5): 5.0/6.0 MB | 1.2/2.0 MB | 0.8/1.9 MB | 0.8/3.0 MB | 328/393 kBProgress (5): 5.0/6.0 MB | 1.2/2.0 MB | 0.8/1.9 MB | 0.8/3.0 MB | 328/393 kBProgress (5): 5.0/6.0 MB | 1.2/2.0 MB | 0.8/1.9 MB | 0.8/3.0 MB | 344/393 kBProgress (5): 5.0/6.0 MB | 1.2/2.0 MB | 0.8/1.9 MB | 0.8/3.0 MB | 344/393 kBProgress (5): 5.0/6.0 MB | 1.2/2.0 MB | 0.8/1.9 MB | 0.8/3.0 MB | 344/393 kBProgress (5): 5.0/6.0 MB | 1.3/2.0 MB | 0.8/1.9 MB | 0.8/3.0 MB | 344/393 kBProgress (5): 5.0/6.0 MB | 1.3/2.0 MB | 0.8/1.9 MB | 0.8/3.0 MB | 344/393 kBProgress (5): 5.0/6.0 MB | 1.3/2.0 MB | 0.8/1.9 MB | 0.8/3.0 MB | 344/393 kBProgress (5): 5.0/6.0 MB | 1.3/2.0 MB | 0.8/1.9 MB | 0.8/3.0 MB | 344/393 kBProgress (5): 5.0/6.0 MB | 1.3/2.0 MB | 0.8/1.9 MB | 0.8/3.0 MB | 344/393 kBProgress (5): 5.0/6.0 MB | 1.3/2.0 MB | 0.8/1.9 MB | 0.8/3.0 MB | 344/393 kBProgress (5): 5.0/6.0 MB | 1.3/2.0 MB | 0.8/1.9 MB | 0.8/3.0 MB | 344/393 kBProgress (5): 5.0/6.0 MB | 1.3/2.0 MB | 0.8/1.9 MB | 0.8/3.0 MB | 344/393 kBProgress (5): 5.0/6.0 MB | 1.3/2.0 MB | 0.8/1.9 MB | 0.8/3.0 MB | 360/393 kBProgress (5): 5.0/6.0 MB | 1.3/2.0 MB | 0.8/1.9 MB | 0.9/3.0 MB | 360/393 kBProgress (5): 5.0/6.0 MB | 1.3/2.0 MB | 0.8/1.9 MB | 0.9/3.0 MB | 377/393 kBProgress (5): 5.0/6.0 MB | 1.3/2.0 MB | 0.8/1.9 MB | 0.9/3.0 MB | 377/393 kBProgress (5): 5.0/6.0 MB | 1.3/2.0 MB | 0.8/1.9 MB | 0.9/3.0 MB | 393/393 kBProgress (5): 5.0/6.0 MB | 1.3/2.0 MB | 0.8/1.9 MB | 0.9/3.0 MB | 393 kB    Progress (5): 5.0/6.0 MB | 1.3/2.0 MB | 0.8/1.9 MB | 0.9/3.0 MB | 393 kBProgress (5): 5.0/6.0 MB | 1.3/2.0 MB | 0.9/1.9 MB | 0.9/3.0 MB | 393 kBProgress (5): 5.0/6.0 MB | 1.3/2.0 MB | 0.9/1.9 MB | 0.9/3.0 MB | 393 kBProgress (5): 5.0/6.0 MB | 1.3/2.0 MB | 0.9/1.9 MB | 0.9/3.0 MB | 393 kBProgress (5): 5.0/6.0 MB | 1.3/2.0 MB | 0.9/1.9 MB | 0.9/3.0 MB | 393 kBProgress (5): 5.0/6.0 MB | 1.3/2.0 MB | 0.9/1.9 MB | 0.9/3.0 MB | 393 kBProgress (5): 5.0/6.0 MB | 1.4/2.0 MB | 0.9/1.9 MB | 0.9/3.0 MB | 393 kBProgress (5): 5.0/6.0 MB | 1.4/2.0 MB | 0.9/1.9 MB | 0.9/3.0 MB | 393 kBProgress (5): 5.0/6.0 MB | 1.4/2.0 MB | 0.9/1.9 MB | 0.9/3.0 MB | 393 kBProgress (5): 5.0/6.0 MB | 1.4/2.0 MB | 0.9/1.9 MB | 0.9/3.0 MB | 393 kBProgress (5): 5.0/6.0 MB | 1.4/2.0 MB | 0.9/1.9 MB | 0.9/3.0 MB | 393 kBProgress (5): 5.1/6.0 MB | 1.4/2.0 MB | 0.9/1.9 MB | 0.9/3.0 MB | 393 kBProgress (5): 5.1/6.0 MB | 1.4/2.0 MB | 0.9/1.9 MB | 0.9/3.0 MB | 393 kBProgress (5): 5.1/6.0 MB | 1.4/2.0 MB | 0.9/1.9 MB | 0.9/3.0 MB | 393 kBProgress (5): 5.1/6.0 MB | 1.4/2.0 MB | 0.9/1.9 MB | 0.9/3.0 MB | 393 kBProgress (5): 5.1/6.0 MB | 1.4/2.0 MB | 0.9/1.9 MB | 0.9/3.0 MB | 393 kBProgress (5): 5.1/6.0 MB | 1.4/2.0 MB | 0.9/1.9 MB | 0.9/3.0 MB | 393 kB                                                                        Downloaded from central: https://repo.maven.apache.org/maven2/org/springframework/ai/spring-ai-model/1.1.2/spring-ai-model-1.1.2.jar (393 kB at 418 kB/s)
Downloading from central: https://repo.maven.apache.org/maven2/org/springframework/ai/spring-ai-commons/1.1.2/spring-ai-commons-1.1.2.jar
Progress (4): 5.1/6.0 MB | 1.4/2.0 MB | 0.9/1.9 MB | 1.0/3.0 MBProgress (4): 5.1/6.0 MB | 1.4/2.0 MB | 0.9/1.9 MB | 1.0/3.0 MBProgress (4): 5.1/6.0 MB | 1.4/2.0 MB | 0.9/1.9 MB | 1.0/3.0 MBProgress (4): 5.1/6.0 MB | 1.4/2.0 MB | 0.9/1.9 MB | 1.0/3.0 MBProgress (4): 5.1/6.0 MB | 1.4/2.0 MB | 0.9/1.9 MB | 1.0/3.0 MBProgress (4): 5.1/6.0 MB | 1.4/2.0 MB | 0.9/1.9 MB | 1.0/3.0 MBProgress (4): 5.1/6.0 MB | 1.4/2.0 MB | 0.9/1.9 MB | 1.0/3.0 MBProgress (4): 5.1/6.0 MB | 1.5/2.0 MB | 0.9/1.9 MB | 1.0/3.0 MBProgress (4): 5.1/6.0 MB | 1.5/2.0 MB | 0.9/1.9 MB | 1.0/3.0 MBProgress (4): 5.1/6.0 MB | 1.5/2.0 MB | 0.9/1.9 MB | 1.0/3.0 MBProgress (4): 5.1/6.0 MB | 1.5/2.0 MB | 0.9/1.9 MB | 1.0/3.0 MBProgress (4): 5.1/6.0 MB | 1.5/2.0 MB | 0.9/1.9 MB | 1.0/3.0 MBProgress (4): 5.1/6.0 MB | 1.5/2.0 MB | 0.9/1.9 MB | 1.0/3.0 MBProgress (4): 5.1/6.0 MB | 1.5/2.0 MB | 0.9/1.9 MB | 1.0/3.0 MBProgress (4): 5.1/6.0 MB | 1.5/2.0 MB | 0.9/1.9 MB | 1.0/3.0 MBProgress (4): 5.2/6.0 MB | 1.5/2.0 MB | 0.9/1.9 MB | 1.0/3.0 MBProgress (4): 5.2/6.0 MB | 1.5/2.0 MB | 0.9/1.9 MB | 1.0/3.0 MBProgress (4): 5.2/6.0 MB | 1.5/2.0 MB | 0.9/1.9 MB | 1.0/3.0 MBProgress (4): 5.2/6.0 MB | 1.5/2.0 MB | 0.9/1.9 MB | 1.0/3.0 MBProgress (4): 5.2/6.0 MB | 1.5/2.0 MB | 0.9/1.9 MB | 1.0/3.0 MBProgress (4): 5.2/6.0 MB | 1.5/2.0 MB | 0.9/1.9 MB | 1.0/3.0 MBProgress (4): 5.2/6.0 MB | 1.5/2.0 MB | 1.0/1.9 MB | 1.0/3.0 MBProgress (4): 5.2/6.0 MB | 1.5/2.0 MB | 1.0/1.9 MB | 1.0/3.0 MBProgress (4): 5.2/6.0 MB | 1.5/2.0 MB | 1.0/1.9 MB | 1.0/3.0 MBProgress (4): 5.2/6.0 MB | 1.5/2.0 MB | 1.0/1.9 MB | 1.0/3.0 MBProgress (4): 5.2/6.0 MB | 1.5/2.0 MB | 1.0/1.9 MB | 1.0/3.0 MBProgress (4): 5.2/6.0 MB | 1.5/2.0 MB | 1.0/1.9 MB | 1.0/3.0 MBProgress (4): 5.2/6.0 MB | 1.5/2.0 MB | 1.0/1.9 MB | 1.0/3.0 MBProgress (4): 5.2/6.0 MB | 1.5/2.0 MB | 1.0/1.9 MB | 1.1/3.0 MBProgress (4): 5.2/6.0 MB | 1.5/2.0 MB | 1.0/1.9 MB | 1.1/3.0 MBProgress (4): 5.2/6.0 MB | 1.5/2.0 MB | 1.0/1.9 MB | 1.1/3.0 MBProgress (4): 5.2/6.0 MB | 1.6/2.0 MB | 1.0/1.9 MB | 1.1/3.0 MBProgress (4): 5.2/6.0 MB | 1.6/2.0 MB | 1.0/1.9 MB | 1.1/3.0 MBProgress (4): 5.2/6.0 MB | 1.6/2.0 MB | 1.0/1.9 MB | 1.1/3.0 MBProgress (4): 5.2/6.0 MB | 1.6/2.0 MB | 1.0/1.9 MB | 1.1/3.0 MBProgress (4): 5.2/6.0 MB | 1.6/2.0 MB | 1.0/1.9 MB | 1.1/3.0 MBProgress (4): 5.2/6.0 MB | 1.6/2.0 MB | 1.0/1.9 MB | 1.1/3.0 MBProgress (4): 5.2/6.0 MB | 1.6/2.0 MB | 1.0/1.9 MB | 1.1/3.0 MBProgress (4): 5.2/6.0 MB | 1.6/2.0 MB | 1.0/1.9 MB | 1.1/3.0 MBProgress (4): 5.2/6.0 MB | 1.6/2.0 MB | 1.0/1.9 MB | 1.1/3.0 MBProgress (5): 5.2/6.0 MB | 1.6/2.0 MB | 1.0/1.9 MB | 1.1/3.0 MB | 7.7/80 kBProgress (5): 5.2/6.0 MB | 1.6/2.0 MB | 1.0/1.9 MB | 1.1/3.0 MB | 8.2/80 kBProgress (5): 5.2/6.0 MB | 1.6/2.0 MB | 1.0/1.9 MB | 1.1/3.0 MB | 8.2/80 kBProgress (5): 5.2/6.0 MB | 1.6/2.0 MB | 1.0/1.9 MB | 1.1/3.0 MB | 25/80 kB Progress (5): 5.2/6.0 MB | 1.6/2.0 MB | 1.0/1.9 MB | 1.1/3.0 MB | 25/80 kBProgress (5): 5.2/6.0 MB | 1.6/2.0 MB | 1.0/1.9 MB | 1.1/3.0 MB | 25/80 kBProgress (5): 5.2/6.0 MB | 1.6/2.0 MB | 1.0/1.9 MB | 1.1/3.0 MB | 25/80 kBProgress (5): 5.2/6.0 MB | 1.6/2.0 MB | 1.0/1.9 MB | 1.1/3.0 MB | 25/80 kBProgress (5): 5.2/6.0 MB | 1.6/2.0 MB | 1.0/1.9 MB | 1.1/3.0 MB | 25/80 kBProgress (5): 5.2/6.0 MB | 1.6/2.0 MB | 1.0/1.9 MB | 1.2/3.0 MB | 25/80 kBProgress (5): 5.3/6.0 MB | 1.6/2.0 MB | 1.0/1.9 MB | 1.2/3.0 MB | 25/80 kBProgress (5): 5.3/6.0 MB | 1.6/2.0 MB | 1.0/1.9 MB | 1.2/3.0 MB | 25/80 kBProgress (5): 5.3/6.0 MB | 1.6/2.0 MB | 1.0/1.9 MB | 1.2/3.0 MB | 25/80 kBProgress (5): 5.3/6.0 MB | 1.7/2.0 MB | 1.0/1.9 MB | 1.2/3.0 MB | 25/80 kBProgress (5): 5.3/6.0 MB | 1.7/2.0 MB | 1.0/1.9 MB | 1.2/3.0 MB | 41/80 kBProgress (5): 5.3/6.0 MB | 1.7/2.0 MB | 1.1/1.9 MB | 1.2/3.0 MB | 41/80 kBProgress (5): 5.3/6.0 MB | 1.7/2.0 MB | 1.1/1.9 MB | 1.2/3.0 MB | 41/80 kBProgress (5): 5.3/6.0 MB | 1.7/2.0 MB | 1.1/1.9 MB | 1.2/3.0 MB | 57/80 kBProgress (5): 5.3/6.0 MB | 1.7/2.0 MB | 1.1/1.9 MB | 1.2/3.0 MB | 57/80 kBProgress (5): 5.3/6.0 MB | 1.7/2.0 MB | 1.1/1.9 MB | 1.2/3.0 MB | 74/80 kBProgress (5): 5.3/6.0 MB | 1.7/2.0 MB | 1.1/1.9 MB | 1.2/3.0 MB | 74/80 kBProgress (5): 5.3/6.0 MB | 1.7/2.0 MB | 1.1/1.9 MB | 1.2/3.0 MB | 74/80 kBProgress (5): 5.3/6.0 MB | 1.7/2.0 MB | 1.1/1.9 MB | 1.2/3.0 MB | 74/80 kBProgress (5): 5.3/6.0 MB | 1.7/2.0 MB | 1.1/1.9 MB | 1.2/3.0 MB | 74/80 kBProgress (5): 5.3/6.0 MB | 1.7/2.0 MB | 1.1/1.9 MB | 1.2/3.0 MB | 74/80 kBProgress (5): 5.3/6.0 MB | 1.7/2.0 MB | 1.1/1.9 MB | 1.2/3.0 MB | 74/80 kBProgress (5): 5.3/6.0 MB | 1.7/2.0 MB | 1.1/1.9 MB | 1.2/3.0 MB | 74/80 kBProgress (5): 5.3/6.0 MB | 1.7/2.0 MB | 1.1/1.9 MB | 1.2/3.0 MB | 74/80 kBProgress (5): 5.3/6.0 MB | 1.7/2.0 MB | 1.1/1.9 MB | 1.2/3.0 MB | 74/80 kBProgress (5): 5.3/6.0 MB | 1.7/2.0 MB | 1.1/1.9 MB | 1.3/3.0 MB | 74/80 kBProgress (5): 5.3/6.0 MB | 1.7/2.0 MB | 1.1/1.9 MB | 1.3/3.0 MB | 74/80 kBProgress (5): 5.3/6.0 MB | 1.7/2.0 MB | 1.1/1.9 MB | 1.3/3.0 MB | 74/80 kBProgress (5): 5.3/6.0 MB | 1.7/2.0 MB | 1.1/1.9 MB | 1.3/3.0 MB | 74/80 kBProgress (5): 5.3/6.0 MB | 1.7/2.0 MB | 1.1/1.9 MB | 1.3/3.0 MB | 80 kB                                                                          Downloaded from central: https://repo.maven.apache.org/maven2/org/springframework/ai/spring-ai-commons/1.1.2/spring-ai-commons-1.1.2.jar (80 kB at 82 kB/s)
Downloading from central: https://repo.maven.apache.org/maven2/io/micrometer/context-propagation/1.1.1/context-propagation-1.1.1.jar
Progress (4): 5.3/6.0 MB | 1.7/2.0 MB | 1.1/1.9 MB | 1.3/3.0 MBProgress (4): 5.3/6.0 MB | 1.8/2.0 MB | 1.1/1.9 MB | 1.3/3.0 MBProgress (4): 5.3/6.0 MB | 1.8/2.0 MB | 1.1/1.9 MB | 1.3/3.0 MBProgress (4): 5.3/6.0 MB | 1.8/2.0 MB | 1.1/1.9 MB | 1.3/3.0 MBProgress (4): 5.3/6.0 MB | 1.8/2.0 MB | 1.1/1.9 MB | 1.3/3.0 MBProgress (4): 5.3/6.0 MB | 1.8/2.0 MB | 1.1/1.9 MB | 1.3/3.0 MBProgress (4): 5.3/6.0 MB | 1.8/2.0 MB | 1.1/1.9 MB | 1.3/3.0 MBProgress (4): 5.3/6.0 MB | 1.8/2.0 MB | 1.1/1.9 MB | 1.3/3.0 MBProgress (4): 5.3/6.0 MB | 1.8/2.0 MB | 1.1/1.9 MB | 1.3/3.0 MBProgress (4): 5.3/6.0 MB | 1.8/2.0 MB | 1.2/1.9 MB | 1.3/3.0 MBProgress (4): 5.4/6.0 MB | 1.8/2.0 MB | 1.2/1.9 MB | 1.3/3.0 MBProgress (4): 5.4/6.0 MB | 1.8/2.0 MB | 1.2/1.9 MB | 1.3/3.0 MBProgress (4): 5.4/6.0 MB | 1.8/2.0 MB | 1.2/1.9 MB | 1.3/3.0 MBProgress (4): 5.4/6.0 MB | 1.8/2.0 MB | 1.2/1.9 MB | 1.3/3.0 MBProgress (4): 5.4/6.0 MB | 1.8/2.0 MB | 1.2/1.9 MB | 1.3/3.0 MBProgress (4): 5.4/6.0 MB | 1.8/2.0 MB | 1.2/1.9 MB | 1.3/3.0 MBProgress (4): 5.4/6.0 MB | 1.8/2.0 MB | 1.2/1.9 MB | 1.3/3.0 MBProgress (4): 5.4/6.0 MB | 1.8/2.0 MB | 1.2/1.9 MB | 1.3/3.0 MBProgress (4): 5.4/6.0 MB | 1.8/2.0 MB | 1.2/1.9 MB | 1.3/3.0 MBProgress (4): 5.4/6.0 MB | 1.8/2.0 MB | 1.2/1.9 MB | 1.3/3.0 MBProgress (4): 5.4/6.0 MB | 1.8/2.0 MB | 1.2/1.9 MB | 1.3/3.0 MBProgress (4): 5.4/6.0 MB | 1.8/2.0 MB | 1.2/1.9 MB | 1.4/3.0 MBProgress (4): 5.4/6.0 MB | 1.8/2.0 MB | 1.2/1.9 MB | 1.4/3.0 MBProgress (4): 5.4/6.0 MB | 1.8/2.0 MB | 1.2/1.9 MB | 1.4/3.0 MBProgress (4): 5.4/6.0 MB | 1.8/2.0 MB | 1.2/1.9 MB | 1.4/3.0 MBProgress (4): 5.4/6.0 MB | 1.8/2.0 MB | 1.2/1.9 MB | 1.4/3.0 MBProgress (4): 5.4/6.0 MB | 1.8/2.0 MB | 1.3/1.9 MB | 1.4/3.0 MBProgress (4): 5.4/6.0 MB | 1.8/2.0 MB | 1.3/1.9 MB | 1.4/3.0 MBProgress (4): 5.4/6.0 MB | 1.8/2.0 MB | 1.3/1.9 MB | 1.4/3.0 MBProgress (4): 5.4/6.0 MB | 1.9/2.0 MB | 1.3/1.9 MB | 1.4/3.0 MBProgress (4): 5.4/6.0 MB | 1.9/2.0 MB | 1.3/1.9 MB | 1.4/3.0 MBProgress (4): 5.4/6.0 MB | 1.9/2.0 MB | 1.3/1.9 MB | 1.4/3.0 MBProgress (4): 5.4/6.0 MB | 1.9/2.0 MB | 1.3/1.9 MB | 1.4/3.0 MBProgress (4): 5.4/6.0 MB | 1.9/2.0 MB | 1.3/1.9 MB | 1.4/3.0 MBProgress (4): 5.4/6.0 MB | 1.9/2.0 MB | 1.3/1.9 MB | 1.4/3.0 MBProgress (4): 5.4/6.0 MB | 1.9/2.0 MB | 1.3/1.9 MB | 1.4/3.0 MBProgress (4): 5.4/6.0 MB | 1.9/2.0 MB | 1.3/1.9 MB | 1.4/3.0 MBProgress (4): 5.4/6.0 MB | 1.9/2.0 MB | 1.3/1.9 MB | 1.4/3.0 MBProgress (4): 5.4/6.0 MB | 1.9/2.0 MB | 1.3/1.9 MB | 1.4/3.0 MBProgress (4): 5.4/6.0 MB | 1.9/2.0 MB | 1.3/1.9 MB | 1.4/3.0 MBProgress (4): 5.5/6.0 MB | 1.9/2.0 MB | 1.3/1.9 MB | 1.4/3.0 MBProgress (4): 5.5/6.0 MB | 1.9/2.0 MB | 1.4/1.9 MB | 1.4/3.0 MBProgress (4): 5.5/6.0 MB | 1.9/2.0 MB | 1.4/1.9 MB | 1.4/3.0 MBProgress (4): 5.5/6.0 MB | 1.9/2.0 MB | 1.4/1.9 MB | 1.4/3.0 MBProgress (4): 5.5/6.0 MB | 1.9/2.0 MB | 1.4/1.9 MB | 1.4/3.0 MBProgress (5): 5.5/6.0 MB | 1.9/2.0 MB | 1.4/1.9 MB | 1.4/3.0 MB | 7.7/35 kBProgress (5): 5.5/6.0 MB | 1.9/2.0 MB | 1.4/1.9 MB | 1.4/3.0 MB | 16/35 kB Progress (5): 5.5/6.0 MB | 1.9/2.0 MB | 1.4/1.9 MB | 1.4/3.0 MB | 16/35 kBProgress (5): 5.5/6.0 MB | 1.9/2.0 MB | 1.4/1.9 MB | 1.4/3.0 MB | 16/35 kBProgress (5): 5.5/6.0 MB | 1.9/2.0 MB | 1.4/1.9 MB | 1.4/3.0 MB | 25/35 kBProgress (5): 5.5/6.0 MB | 1.9/2.0 MB | 1.4/1.9 MB | 1.4/3.0 MB | 25/35 kBProgress (5): 5.5/6.0 MB | 1.9/2.0 MB | 1.4/1.9 MB | 1.4/3.0 MB | 35 kB   Progress (5): 5.5/6.0 MB | 1.9/2.0 MB | 1.4/1.9 MB | 1.4/3.0 MB | 35 kBProgress (5): 5.5/6.0 MB | 1.9/2.0 MB | 1.4/1.9 MB | 1.4/3.0 MB | 35 kB                                                                       Downloaded from central: https://repo.maven.apache.org/maven2/io/micrometer/context-propagation/1.1.1/context-propagation-1.1.1.jar (35 kB at 35 kB/s)
Progress (4): 5.5/6.0 MB | 1.9/2.0 MB | 1.4/1.9 MB | 1.5/3.0 MBProgress (4): 5.5/6.0 MB | 1.9/2.0 MB | 1.4/1.9 MB | 1.5/3.0 MBProgress (4): 5.5/6.0 MB | 1.9/2.0 MB | 1.4/1.9 MB | 1.5/3.0 MBProgress (4): 5.5/6.0 MB | 1.9/2.0 MB | 1.4/1.9 MB | 1.5/3.0 MBProgress (4): 5.5/6.0 MB | 1.9/2.0 MB | 1.4/1.9 MB | 1.5/3.0 MBProgress (4): 5.5/6.0 MB | 1.9/2.0 MB | 1.4/1.9 MB | 1.5/3.0 MB                                                               Downloading from central: https://repo.maven.apache.org/maven2/com/fasterxml/jackson/module/jackson-module-jsonSchema/2.17.2/jackson-module-jsonSchema-2.17.2.jar
Progress (4): 5.5/6.0 MB | 2.0/2.0 MB | 1.4/1.9 MB | 1.5/3.0 MBProgress (4): 5.5/6.0 MB | 2.0/2.0 MB | 1.4/1.9 MB | 1.5/3.0 MBProgress (4): 5.5/6.0 MB | 2.0 MB | 1.4/1.9 MB | 1.5/3.0 MB    Progress (4): 5.5/6.0 MB | 2.0 MB | 1.4/1.9 MB | 1.5/3.0 MB                                                           Downloaded from central: https://repo.maven.apache.org/maven2/org/springframework/boot/spring-boot-autoconfigure/3.3.4/spring-boot-autoconfigure-3.3.4.jar (2.0 MB at 2.0 MB/s)
Downloading from central: https://repo.maven.apache.org/maven2/javax/validation/validation-api/1.1.0.Final/validation-api-1.1.0.Final.jar
Progress (3): 5.5/6.0 MB | 1.4/1.9 MB | 1.5/3.0 MBProgress (3): 5.6/6.0 MB | 1.4/1.9 MB | 1.5/3.0 MBProgress (3): 5.6/6.0 MB | 1.5/1.9 MB | 1.5/3.0 MBProgress (3): 5.6/6.0 MB | 1.5/1.9 MB | 1.5/3.0 MBProgress (3): 5.6/6.0 MB | 1.5/1.9 MB | 1.5/3.0 MBProgress (3): 5.6/6.0 MB | 1.5/1.9 MB | 1.5/3.0 MBProgress (3): 5.6/6.0 MB | 1.5/1.9 MB | 1.5/3.0 MBProgress (3): 5.6/6.0 MB | 1.5/1.9 MB | 1.5/3.0 MBProgress (3): 5.6/6.0 MB | 1.5/1.9 MB | 1.5/3.0 MBProgress (3): 5.6/6.0 MB | 1.5/1.9 MB | 1.5/3.0 MBProgress (3): 5.6/6.0 MB | 1.5/1.9 MB | 1.5/3.0 MBProgress (3): 5.6/6.0 MB | 1.5/1.9 MB | 1.5/3.0 MBProgress (3): 5.6/6.0 MB | 1.5/1.9 MB | 1.5/3.0 MBProgress (3): 5.6/6.0 MB | 1.5/1.9 MB | 1.5/3.0 MBProgress (3): 5.6/6.0 MB | 1.5/1.9 MB | 1.6/3.0 MBProgress (3): 5.6/6.0 MB | 1.5/1.9 MB | 1.6/3.0 MBProgress (3): 5.6/6.0 MB | 1.5/1.9 MB | 1.6/3.0 MBProgress (3): 5.6/6.0 MB | 1.6/1.9 MB | 1.6/3.0 MBProgress (3): 5.6/6.0 MB | 1.6/1.9 MB | 1.6/3.0 MBProgress (3): 5.6/6.0 MB | 1.6/1.9 MB | 1.6/3.0 MBProgress (3): 5.6/6.0 MB | 1.6/1.9 MB | 1.6/3.0 MBProgress (3): 5.6/6.0 MB | 1.6/1.9 MB | 1.6/3.0 MBProgress (3): 5.7/6.0 MB | 1.6/1.9 MB | 1.6/3.0 MBProgress (3): 5.7/6.0 MB | 1.6/1.9 MB | 1.6/3.0 MBProgress (3): 5.7/6.0 MB | 1.6/1.9 MB | 1.6/3.0 MBProgress (3): 5.7/6.0 MB | 1.6/1.9 MB | 1.6/3.0 MBProgress (3): 5.7/6.0 MB | 1.6/1.9 MB | 1.6/3.0 MBProgress (3): 5.7/6.0 MB | 1.6/1.9 MB | 1.6/3.0 MBProgress (3): 5.7/6.0 MB | 1.6/1.9 MB | 1.6/3.0 MBProgress (3): 5.7/6.0 MB | 1.6/1.9 MB | 1.6/3.0 MBProgress (3): 5.7/6.0 MB | 1.6/1.9 MB | 1.6/3.0 MBProgress (3): 5.7/6.0 MB | 1.6/1.9 MB | 1.6/3.0 MBProgress (3): 5.7/6.0 MB | 1.6/1.9 MB | 1.6/3.0 MBProgress (3): 5.7/6.0 MB | 1.6/1.9 MB | 1.6/3.0 MBProgress (4): 5.7/6.0 MB | 1.6/1.9 MB | 1.6/3.0 MB | 7.7/79 kBProgress (4): 5.7/6.0 MB | 1.6/1.9 MB | 1.7/3.0 MB | 7.7/79 kBProgress (4): 5.7/6.0 MB | 1.6/1.9 MB | 1.7/3.0 MB | 7.7/79 kBProgress (4): 5.7/6.0 MB | 1.7/1.9 MB | 1.7/3.0 MB | 7.7/79 kBProgress (4): 5.7/6.0 MB | 1.7/1.9 MB | 1.7/3.0 MB | 7.7/79 kBProgress (4): 5.7/6.0 MB | 1.7/1.9 MB | 1.7/3.0 MB | 7.7/79 kBProgress (4): 5.7/6.0 MB | 1.7/1.9 MB | 1.7/3.0 MB | 7.7/79 kBProgress (4): 5.7/6.0 MB | 1.7/1.9 MB | 1.7/3.0 MB | 8.2/79 kBProgress (4): 5.7/6.0 MB | 1.7/1.9 MB | 1.7/3.0 MB | 25/79 kB Progress (5): 5.7/6.0 MB | 1.7/1.9 MB | 1.7/3.0 MB | 25/79 kB | 7.7/64 kBProgress (5): 5.7/6.0 MB | 1.7/1.9 MB | 1.7/3.0 MB | 25/79 kB | 16/64 kB Progress (5): 5.7/6.0 MB | 1.7/1.9 MB | 1.7/3.0 MB | 25/79 kB | 32/64 kBProgress (5): 5.7/6.0 MB | 1.7/1.9 MB | 1.7/3.0 MB | 25/79 kB | 32/64 kBProgress (5): 5.7/6.0 MB | 1.7/1.9 MB | 1.7/3.0 MB | 25/79 kB | 49/64 kBProgress (5): 5.8/6.0 MB | 1.7/1.9 MB | 1.7/3.0 MB | 25/79 kB | 49/64 kBProgress (5): 5.8/6.0 MB | 1.7/1.9 MB | 1.7/3.0 MB | 25/79 kB | 64 kB                                                                        Downloaded from central: https://repo.maven.apache.org/maven2/javax/validation/validation-api/1.1.0.Final/validation-api-1.1.0.Final.jar (64 kB at 62 kB/s)
Progress (4): 5.8/6.0 MB | 1.7/1.9 MB | 1.7/3.0 MB | 41/79 kBProgress (4): 5.8/6.0 MB | 1.7/1.9 MB | 1.7/3.0 MB | 57/79 kBProgress (4): 5.8/6.0 MB | 1.7/1.9 MB | 1.7/3.0 MB | 57/79 kBProgress (4): 5.8/6.0 MB | 1.7/1.9 MB | 1.7/3.0 MB | 57/79 kBProgress (4): 5.8/6.0 MB | 1.7/1.9 MB | 1.7/3.0 MB | 57/79 kBProgress (4): 5.8/6.0 MB | 1.7/1.9 MB | 1.7/3.0 MB | 57/79 kBProgress (4): 5.8/6.0 MB | 1.7/1.9 MB | 1.7/3.0 MB | 57/79 kBProgress (4): 5.8/6.0 MB | 1.7/1.9 MB | 1.7/3.0 MB | 57/79 kBProgress (4): 5.8/6.0 MB | 1.7/1.9 MB | 1.7/3.0 MB | 57/79 kBProgress (4): 5.8/6.0 MB | 1.7/1.9 MB | 1.8/3.0 MB | 57/79 kBProgress (4): 5.8/6.0 MB | 1.7/1.9 MB | 1.8/3.0 MB | 57/79 kBProgress (4): 5.8/6.0 MB | 1.7/1.9 MB | 1.8/3.0 MB | 57/79 kBProgress (4): 5.8/6.0 MB | 1.7/1.9 MB | 1.8/3.0 MB | 74/79 kBProgress (4): 5.8/6.0 MB | 1.7/1.9 MB | 1.8/3.0 MB | 74/79 kBProgress (4): 5.8/6.0 MB | 1.7/1.9 MB | 1.8/3.0 MB | 79 kB   Progress (4): 5.8/6.0 MB | 1.7/1.9 MB | 1.8/3.0 MB | 79 kBProgress (4): 5.8/6.0 MB | 1.7/1.9 MB | 1.8/3.0 MB | 79 kBProgress (4): 5.8/6.0 MB | 1.7/1.9 MB | 1.8/3.0 MB | 79 kB                                                          Downloading from central: https://repo.maven.apache.org/maven2/com/knuddels/jtokkit/1.1.0/jtokkit-1.1.0.jar
Progress (4): 5.8/6.0 MB | 1.7/1.9 MB | 1.8/3.0 MB | 79 kB                                                          Downloaded from central: https://repo.maven.apache.org/maven2/com/fasterxml/jackson/module/jackson-module-jsonSchema/2.17.2/jackson-module-jsonSchema-2.17.2.jar (79 kB at 77 kB/s)
Downloading from central: https://repo.maven.apache.org/maven2/org/springframework/ai/spring-ai-template-st/1.1.2/spring-ai-template-st-1.1.2.jar
Progress (3): 5.8/6.0 MB | 1.7/1.9 MB | 1.8/3.0 MBProgress (3): 5.8/6.0 MB | 1.8/1.9 MB | 1.8/3.0 MBProgress (3): 5.9/6.0 MB | 1.8/1.9 MB | 1.8/3.0 MBProgress (3): 5.9/6.0 MB | 1.8/1.9 MB | 1.8/3.0 MBProgress (3): 5.9/6.0 MB | 1.8/1.9 MB | 1.8/3.0 MBProgress (3): 5.9/6.0 MB | 1.8/1.9 MB | 1.8/3.0 MBProgress (3): 5.9/6.0 MB | 1.8/1.9 MB | 1.8/3.0 MBProgress (3): 5.9/6.0 MB | 1.8/1.9 MB | 1.8/3.0 MBProgress (3): 5.9/6.0 MB | 1.8/1.9 MB | 1.9/3.0 MBProgress (3): 5.9/6.0 MB | 1.8/1.9 MB | 1.9/3.0 MBProgress (3): 5.9/6.0 MB | 1.8/1.9 MB | 1.9/3.0 MBProgress (3): 5.9/6.0 MB | 1.8/1.9 MB | 1.9/3.0 MBProgress (3): 5.9/6.0 MB | 1.8/1.9 MB | 1.9/3.0 MBProgress (3): 5.9/6.0 MB | 1.8/1.9 MB | 1.9/3.0 MBProgress (3): 5.9/6.0 MB | 1.8/1.9 MB | 1.9/3.0 MBProgress (3): 5.9/6.0 MB | 1.8/1.9 MB | 1.9/3.0 MBProgress (3): 5.9/6.0 MB | 1.8/1.9 MB | 1.9/3.0 MBProgress (3): 6.0/6.0 MB | 1.8/1.9 MB | 1.9/3.0 MBProgress (3): 6.0/6.0 MB | 1.9/1.9 MB | 1.9/3.0 MBProgress (3): 6.0/6.0 MB | 1.9/1.9 MB | 1.9/3.0 MBProgress (3): 6.0/6.0 MB | 1.9/1.9 MB | 1.9/3.0 MBProgress (3): 6.0/6.0 MB | 1.9/1.9 MB | 1.9/3.0 MBProgress (3): 6.0/6.0 MB | 1.9/1.9 MB | 1.9/3.0 MBProgress (3): 6.0/6.0 MB | 1.9/1.9 MB | 1.9/3.0 MBProgress (3): 6.0/6.0 MB | 1.9/1.9 MB | 1.9/3.0 MBProgress (3): 6.0/6.0 MB | 1.9/1.9 MB | 1.9/3.0 MBProgress (3): 6.0/6.0 MB | 1.9/1.9 MB | 1.9/3.0 MBProgress (3): 6.0/6.0 MB | 1.9/1.9 MB | 2.0/3.0 MBProgress (3): 6.0/6.0 MB | 1.9 MB | 2.0/3.0 MB    Progress (3): 6.0/6.0 MB | 1.9 MB | 2.0/3.0 MBProgress (3): 6.0 MB | 1.9 MB | 2.0/3.0 MB                                              Downloaded from central: https://repo.maven.apache.org/maven2/org/springframework/security/spring-security-config/6.3.3/spring-security-config-6.3.3.jar (1.9 MB at 1.8 MB/s)
Downloading from central: https://repo.maven.apache.org/maven2/org/antlr/ST4/4.3.4/ST4-4.3.4.jar
Downloaded from central: https://repo.maven.apache.org/maven2/org/apache/poi/poi-ooxml-lite/5.3.0/poi-ooxml-lite-5.3.0.jar (6.0 MB at 5.7 MB/s)
Downloading from central: https://repo.maven.apache.org/maven2/org/antlr/antlr-runtime/3.5.3/antlr-runtime-3.5.3.jar
Progress (2): 2.0/3.0 MB | 0/3.2 MBProgress (2): 2.0/3.0 MB | 0/3.2 MBProgress (2): 2.0/3.0 MB | 0/3.2 MBProgress (2): 2.0/3.0 MB | 0/3.2 MBProgress (2): 2.0/3.0 MB | 0/3.2 MBProgress (2): 2.0/3.0 MB | 0/3.2 MBProgress (3): 2.0/3.0 MB | 0/3.2 MB | 7.7/8.5 kBProgress (3): 2.0/3.0 MB | 0/3.2 MB | 8.5 kB    Progress (3): 2.0/3.0 MB | 0/3.2 MB | 8.5 kB                                            Downloaded from central: https://repo.maven.apache.org/maven2/org/springframework/ai/spring-ai-template-st/1.1.2/spring-ai-template-st-1.1.2.jar (8.5 kB at 8.0 kB/s)
Downloading from central: https://repo.maven.apache.org/maven2/org/springframework/spring-messaging/6.1.13/spring-messaging-6.1.13.jar
Progress (2): 2.0/3.0 MB | 0/3.2 MBProgress (2): 2.0/3.0 MB | 0/3.2 MBProgress (2): 2.0/3.0 MB | 0.1/3.2 MBProgress (2): 2.1/3.0 MB | 0.1/3.2 MBProgress (2): 2.1/3.0 MB | 0.1/3.2 MBProgress (2): 2.1/3.0 MB | 0.1/3.2 MBProgress (2): 2.1/3.0 MB | 0.1/3.2 MBProgress (2): 2.1/3.0 MB | 0.1/3.2 MBProgress (2): 2.1/3.0 MB | 0.1/3.2 MBProgress (2): 2.1/3.0 MB | 0.1/3.2 MBProgress (2): 2.1/3.0 MB | 0.1/3.2 MBProgress (2): 2.1/3.0 MB | 0.1/3.2 MBProgress (2): 2.1/3.0 MB | 0.1/3.2 MBProgress (2): 2.2/3.0 MB | 0.1/3.2 MBProgress (2): 2.2/3.0 MB | 0.1/3.2 MBProgress (2): 2.2/3.0 MB | 0.1/3.2 MBProgress (2): 2.2/3.0 MB | 0.1/3.2 MBProgress (2): 2.2/3.0 MB | 0.1/3.2 MBProgress (2): 2.2/3.0 MB | 0.2/3.2 MBProgress (2): 2.2/3.0 MB | 0.2/3.2 MBProgress (2): 2.2/3.0 MB | 0.2/3.2 MBProgress (2): 2.2/3.0 MB | 0.2/3.2 MBProgress (2): 2.2/3.0 MB | 0.2/3.2 MBProgress (2): 2.2/3.0 MB | 0.2/3.2 MBProgress (2): 2.3/3.0 MB | 0.2/3.2 MBProgress (2): 2.3/3.0 MB | 0.2/3.2 MBProgress (2): 2.3/3.0 MB | 0.2/3.2 MBProgress (2): 2.3/3.0 MB | 0.2/3.2 MBProgress (2): 2.3/3.0 MB | 0.2/3.2 MBProgress (2): 2.3/3.0 MB | 0.2/3.2 MBProgress (3): 2.3/3.0 MB | 0.2/3.2 MB | 7.7/251 kBProgress (3): 2.3/3.0 MB | 0.2/3.2 MB | 16/251 kB Progress (3): 2.3/3.0 MB | 0.2/3.2 MB | 16/251 kBProgress (3): 2.3/3.0 MB | 0.2/3.2 MB | 25/251 kBProgress (4): 2.3/3.0 MB | 0.2/3.2 MB | 25/251 kB | 7.7/615 kBProgress (4): 2.3/3.0 MB | 0.2/3.2 MB | 25/251 kB | 16/615 kB Progress (5): 2.3/3.0 MB | 0.2/3.2 MB | 25/251 kB | 16/615 kB | 7.7/173 kBProgress (5): 2.3/3.0 MB | 0.2/3.2 MB | 25/251 kB | 16/615 kB | 16/173 kB Progress (5): 2.3/3.0 MB | 0.2/3.2 MB | 25/251 kB | 16/615 kB | 32/173 kBProgress (5): 2.3/3.0 MB | 0.2/3.2 MB | 25/251 kB | 32/615 kB | 32/173 kBProgress (5): 2.3/3.0 MB | 0.3/3.2 MB | 25/251 kB | 32/615 kB | 32/173 kBProgress (5): 2.3/3.0 MB | 0.3/3.2 MB | 25/251 kB | 32/615 kB | 32/173 kBProgress (5): 2.3/3.0 MB | 0.3/3.2 MB | 25/251 kB | 32/615 kB | 32/173 kBProgress (5): 2.3/3.0 MB | 0.3/3.2 MB | 25/251 kB | 32/615 kB | 32/173 kBProgress (5): 2.3/3.0 MB | 0.3/3.2 MB | 25/251 kB | 32/615 kB | 48/173 kBProgress (5): 2.3/3.0 MB | 0.3/3.2 MB | 25/251 kB | 32/615 kB | 48/173 kBProgress (5): 2.4/3.0 MB | 0.3/3.2 MB | 25/251 kB | 32/615 kB | 48/173 kBProgress (5): 2.4/3.0 MB | 0.3/3.2 MB | 25/251 kB | 32/615 kB | 48/173 kBProgress (5): 2.4/3.0 MB | 0.3/3.2 MB | 25/251 kB | 32/615 kB | 48/173 kBProgress (5): 2.4/3.0 MB | 0.3/3.2 MB | 41/251 kB | 32/615 kB | 48/173 kBProgress (5): 2.4/3.0 MB | 0.3/3.2 MB | 41/251 kB | 32/615 kB | 65/173 kBProgress (5): 2.4/3.0 MB | 0.3/3.2 MB | 57/251 kB | 32/615 kB | 65/173 kBProgress (5): 2.4/3.0 MB | 0.3/3.2 MB | 57/251 kB | 32/615 kB | 81/173 kBProgress (5): 2.4/3.0 MB | 0.3/3.2 MB | 57/251 kB | 49/615 kB | 81/173 kBProgress (5): 2.4/3.0 MB | 0.3/3.2 MB | 57/251 kB | 49/615 kB | 98/173 kBProgress (5): 2.4/3.0 MB | 0.3/3.2 MB | 57/251 kB | 65/615 kB | 98/173 kBProgress (5): 2.4/3.0 MB | 0.3/3.2 MB | 74/251 kB | 65/615 kB | 98/173 kBProgress (5): 2.4/3.0 MB | 0.3/3.2 MB | 74/251 kB | 65/615 kB | 98/173 kBProgress (5): 2.4/3.0 MB | 0.3/3.2 MB | 74/251 kB | 65/615 kB | 98/173 kBProgress (5): 2.4/3.0 MB | 0.3/3.2 MB | 90/251 kB | 65/615 kB | 98/173 kBProgress (5): 2.4/3.0 MB | 0.3/3.2 MB | 90/251 kB | 65/615 kB | 98/173 kBProgress (5): 2.4/3.0 MB | 0.3/3.2 MB | 106/251 kB | 65/615 kB | 98/173 kBProgress (5): 2.4/3.0 MB | 0.3/3.2 MB | 106/251 kB | 65/615 kB | 98/173 kBProgress (5): 2.4/3.0 MB | 0.3/3.2 MB | 123/251 kB | 65/615 kB | 98/173 kBProgress (5): 2.4/3.0 MB | 0.3/3.2 MB | 123/251 kB | 65/615 kB | 98/173 kBProgress (5): 2.4/3.0 MB | 0.3/3.2 MB | 123/251 kB | 65/615 kB | 114/173 kBProgress (5): 2.4/3.0 MB | 0.4/3.2 MB | 123/251 kB | 65/615 kB | 114/173 kBProgress (5): 2.4/3.0 MB | 0.4/3.2 MB | 123/251 kB | 65/615 kB | 130/173 kBProgress (5): 2.4/3.0 MB | 0.4/3.2 MB | 123/251 kB | 65/615 kB | 147/173 kBProgress (5): 2.4/3.0 MB | 0.4/3.2 MB | 123/251 kB | 81/615 kB | 147/173 kBProgress (5): 2.5/3.0 MB | 0.4/3.2 MB | 123/251 kB | 81/615 kB | 147/173 kBProgress (5): 2.5/3.0 MB | 0.4/3.2 MB | 123/251 kB | 98/615 kB | 147/173 kBProgress (5): 2.5/3.0 MB | 0.4/3.2 MB | 123/251 kB | 98/615 kB | 147/173 kBProgress (5): 2.5/3.0 MB | 0.4/3.2 MB | 123/251 kB | 114/615 kB | 147/173 kBProgress (5): 2.5/3.0 MB | 0.4/3.2 MB | 123/251 kB | 114/615 kB | 163/173 kBProgress (5): 2.5/3.0 MB | 0.4/3.2 MB | 123/251 kB | 131/615 kB | 163/173 kBProgress (5): 2.5/3.0 MB | 0.4/3.2 MB | 123/251 kB | 131/615 kB | 173 kB    Progress (5): 2.5/3.0 MB | 0.4/3.2 MB | 123/251 kB | 131/615 kB | 173 kBProgress (5): 2.5/3.0 MB | 0.4/3.2 MB | 139/251 kB | 131/615 kB | 173 kB                                                                        Downloaded from central: https://repo.maven.apache.org/maven2/org/antlr/antlr-runtime/3.5.3/antlr-runtime-3.5.3.jar (173 kB at 159 kB/s)
Progress (4): 2.5/3.0 MB | 0.4/3.2 MB | 139/251 kB | 131/615 kBProgress (4): 2.5/3.0 MB | 0.4/3.2 MB | 156/251 kB | 131/615 kB                                                               Downloading from central: https://repo.maven.apache.org/maven2/io/projectreactor/reactor-core/3.6.10/reactor-core-3.6.10.jar
Progress (4): 2.5/3.0 MB | 0.4/3.2 MB | 172/251 kB | 131/615 kBProgress (4): 2.5/3.0 MB | 0.4/3.2 MB | 180/251 kB | 131/615 kBProgress (4): 2.5/3.0 MB | 0.4/3.2 MB | 180/251 kB | 131/615 kBProgress (4): 2.5/3.0 MB | 0.4/3.2 MB | 180/251 kB | 131/615 kBProgress (4): 2.5/3.0 MB | 0.4/3.2 MB | 180/251 kB | 131/615 kBProgress (4): 2.5/3.0 MB | 0.4/3.2 MB | 180/251 kB | 131/615 kBProgress (4): 2.5/3.0 MB | 0.4/3.2 MB | 180/251 kB | 131/615 kBProgress (4): 2.6/3.0 MB | 0.4/3.2 MB | 180/251 kB | 131/615 kBProgress (4): 2.6/3.0 MB | 0.4/3.2 MB | 180/251 kB | 147/615 kBProgress (4): 2.6/3.0 MB | 0.4/3.2 MB | 180/251 kB | 147/615 kBProgress (4): 2.6/3.0 MB | 0.4/3.2 MB | 180/251 kB | 163/615 kBProgress (4): 2.6/3.0 MB | 0.4/3.2 MB | 180/251 kB | 180/615 kBProgress (4): 2.6/3.0 MB | 0.4/3.2 MB | 180/251 kB | 180/615 kBProgress (4): 2.6/3.0 MB | 0.4/3.2 MB | 180/251 kB | 196/615 kBProgress (4): 2.6/3.0 MB | 0.4/3.2 MB | 180/251 kB | 196/615 kBProgress (4): 2.6/3.0 MB | 0.4/3.2 MB | 180/251 kB | 196/615 kBProgress (4): 2.6/3.0 MB | 0.4/3.2 MB | 180/251 kB | 196/615 kBProgress (4): 2.6/3.0 MB | 0.4/3.2 MB | 180/251 kB | 196/615 kBProgress (4): 2.6/3.0 MB | 0.5/3.2 MB | 180/251 kB | 196/615 kBProgress (4): 2.6/3.0 MB | 0.5/3.2 MB | 197/251 kB | 196/615 kBProgress (4): 2.6/3.0 MB | 0.5/3.2 MB | 197/251 kB | 196/615 kBProgress (4): 2.6/3.0 MB | 0.5/3.2 MB | 213/251 kB | 196/615 kBProgress (4): 2.7/3.0 MB | 0.5/3.2 MB | 213/251 kB | 196/615 kBProgress (4): 2.7/3.0 MB | 0.5/3.2 MB | 213/251 kB | 196/615 kBProgress (4): 2.7/3.0 MB | 0.5/3.2 MB | 213/251 kB | 196/615 kBProgress (4): 2.7/3.0 MB | 0.5/3.2 MB | 213/251 kB | 213/615 kBProgress (4): 2.7/3.0 MB | 0.5/3.2 MB | 213/251 kB | 213/615 kBProgress (4): 2.7/3.0 MB | 0.5/3.2 MB | 213/251 kB | 229/615 kBProgress (4): 2.7/3.0 MB | 0.5/3.2 MB | 213/251 kB | 229/615 kBProgress (4): 2.7/3.0 MB | 0.5/3.2 MB | 213/251 kB | 245/615 kBProgress (4): 2.7/3.0 MB | 0.5/3.2 MB | 229/251 kB | 245/615 kBProgress (4): 2.7/3.0 MB | 0.5/3.2 MB | 229/251 kB | 245/615 kBProgress (4): 2.7/3.0 MB | 0.5/3.2 MB | 229/251 kB | 245/615 kBProgress (4): 2.7/3.0 MB | 0.5/3.2 MB | 229/251 kB | 245/615 kBProgress (4): 2.8/3.0 MB | 0.5/3.2 MB | 229/251 kB | 245/615 kBProgress (4): 2.8/3.0 MB | 0.5/3.2 MB | 229/251 kB | 245/615 kBProgress (4): 2.8/3.0 MB | 0.5/3.2 MB | 246/251 kB | 245/615 kBProgress (4): 2.8/3.0 MB | 0.5/3.2 MB | 251 kB | 245/615 kB    Progress (4): 2.8/3.0 MB | 0.5/3.2 MB | 251 kB | 245/615 kB                                                           Downloaded from central: https://repo.maven.apache.org/maven2/org/antlr/ST4/4.3.4/ST4-4.3.4.jar (251 kB at 227 kB/s)
Downloading from central: https://repo.maven.apache.org/maven2/org/reactivestreams/reactive-streams/1.0.4/reactive-streams-1.0.4.jar
Progress (3): 2.8/3.0 MB | 0.5/3.2 MB | 245/615 kBProgress (3): 2.8/3.0 MB | 0.5/3.2 MB | 245/615 kBProgress (3): 2.8/3.0 MB | 0.5/3.2 MB | 245/615 kBProgress (3): 2.8/3.0 MB | 0.5/3.2 MB | 245/615 kBProgress (3): 2.8/3.0 MB | 0.5/3.2 MB | 262/615 kBProgress (3): 2.9/3.0 MB | 0.5/3.2 MB | 262/615 kBProgress (3): 2.9/3.0 MB | 0.5/3.2 MB | 278/615 kBProgress (3): 2.9/3.0 MB | 0.5/3.2 MB | 278/615 kBProgress (3): 2.9/3.0 MB | 0.5/3.2 MB | 294/615 kBProgress (3): 2.9/3.0 MB | 0.5/3.2 MB | 294/615 kBProgress (4): 2.9/3.0 MB | 0.5/3.2 MB | 294/615 kB | 0/1.9 MBProgress (4): 2.9/3.0 MB | 0.5/3.2 MB | 294/615 kB | 0/1.9 MBProgress (4): 2.9/3.0 MB | 0.6/3.2 MB | 294/615 kB | 0/1.9 MBProgress (4): 2.9/3.0 MB | 0.6/3.2 MB | 294/615 kB | 0/1.9 MBProgress (4): 2.9/3.0 MB | 0.6/3.2 MB | 294/615 kB | 0/1.9 MBProgress (4): 2.9/3.0 MB | 0.6/3.2 MB | 294/615 kB | 0/1.9 MBProgress (4): 2.9/3.0 MB | 0.6/3.2 MB | 311/615 kB | 0/1.9 MBProgress (4): 2.9/3.0 MB | 0.6/3.2 MB | 327/615 kB | 0/1.9 MBProgress (4): 2.9/3.0 MB | 0.6/3.2 MB | 327/615 kB | 0/1.9 MBProgress (4): 2.9/3.0 MB | 0.6/3.2 MB | 327/615 kB | 0/1.9 MBProgress (4): 2.9/3.0 MB | 0.6/3.2 MB | 327/615 kB | 0/1.9 MBProgress (4): 2.9/3.0 MB | 0.6/3.2 MB | 327/615 kB | 0/1.9 MBProgress (4): 2.9/3.0 MB | 0.6/3.2 MB | 327/615 kB | 0/1.9 MBProgress (4): 2.9/3.0 MB | 0.6/3.2 MB | 327/615 kB | 0/1.9 MBProgress (4): 2.9/3.0 MB | 0.6/3.2 MB | 327/615 kB | 0/1.9 MBProgress (4): 2.9/3.0 MB | 0.6/3.2 MB | 344/615 kB | 0/1.9 MBProgress (4): 2.9/3.0 MB | 0.6/3.2 MB | 344/615 kB | 0.1/1.9 MBProgress (4): 2.9/3.0 MB | 0.6/3.2 MB | 360/615 kB | 0.1/1.9 MBProgress (4): 2.9/3.0 MB | 0.6/3.2 MB | 360/615 kB | 0.1/1.9 MBProgress (4): 2.9/3.0 MB | 0.6/3.2 MB | 360/615 kB | 0.1/1.9 MBProgress (4): 2.9/3.0 MB | 0.6/3.2 MB | 376/615 kB | 0.1/1.9 MBProgress (4): 2.9/3.0 MB | 0.6/3.2 MB | 376/615 kB | 0.1/1.9 MBProgress (4): 2.9/3.0 MB | 0.6/3.2 MB | 393/615 kB | 0.1/1.9 MBProgress (4): 2.9/3.0 MB | 0.6/3.2 MB | 393/615 kB | 0.1/1.9 MBProgress (4): 2.9/3.0 MB | 0.6/3.2 MB | 409/615 kB | 0.1/1.9 MBProgress (4): 2.9/3.0 MB | 0.6/3.2 MB | 409/615 kB | 0.1/1.9 MBProgress (4): 2.9/3.0 MB | 0.6/3.2 MB | 426/615 kB | 0.1/1.9 MBProgress (4): 2.9/3.0 MB | 0.6/3.2 MB | 426/615 kB | 0.1/1.9 MBProgress (4): 3.0/3.0 MB | 0.6/3.2 MB | 426/615 kB | 0.1/1.9 MBProgress (4): 3.0/3.0 MB | 0.6/3.2 MB | 426/615 kB | 0.1/1.9 MBProgress (4): 3.0/3.0 MB | 0.7/3.2 MB | 426/615 kB | 0.1/1.9 MBProgress (4): 3.0 MB | 0.7/3.2 MB | 426/615 kB | 0.1/1.9 MB    Progress (4): 3.0 MB | 0.7/3.2 MB | 426/615 kB | 0.1/1.9 MBProgress (4): 3.0 MB | 0.7/3.2 MB | 426/615 kB | 0.1/1.9 MBProgress (4): 3.0 MB | 0.7/3.2 MB | 426/615 kB | 0.1/1.9 MBProgress (4): 3.0 MB | 0.7/3.2 MB | 426/615 kB | 0.1/1.9 MBProgress (5): 3.0 MB | 0.7/3.2 MB | 426/615 kB | 0.1/1.9 MB | 7.7/12 kBProgress (5): 3.0 MB | 0.7/3.2 MB | 426/615 kB | 0.1/1.9 MB | 12 kB                                                                       Downloaded from central: https://repo.maven.apache.org/maven2/org/reactivestreams/reactive-streams/1.0.4/reactive-streams-1.0.4.jar (12 kB at 10 kB/s)
Downloading from central: https://repo.maven.apache.org/maven2/org/antlr/antlr4-runtime/4.13.1/antlr4-runtime-4.13.1.jar
Downloaded from central: https://repo.maven.apache.org/maven2/org/springframework/ai/spring-ai-transformers/1.1.2/spring-ai-transformers-1.1.2.jar (3.0 MB at 2.6 MB/s)
Downloading from central: https://repo.maven.apache.org/maven2/com/github/victools/jsonschema-generator/4.38.0/jsonschema-generator-4.38.0.jar
Progress (3): 0.7/3.2 MB | 426/615 kB | 0.2/1.9 MBProgress (3): 0.7/3.2 MB | 426/615 kB | 0.2/1.9 MBProgress (3): 0.7/3.2 MB | 426/615 kB | 0.2/1.9 MBProgress (3): 0.7/3.2 MB | 426/615 kB | 0.2/1.9 MBProgress (3): 0.7/3.2 MB | 426/615 kB | 0.2/1.9 MBProgress (3): 0.7/3.2 MB | 442/615 kB | 0.2/1.9 MBProgress (3): 0.7/3.2 MB | 442/615 kB | 0.2/1.9 MBProgress (3): 0.7/3.2 MB | 458/615 kB | 0.2/1.9 MBProgress (3): 0.7/3.2 MB | 458/615 kB | 0.3/1.9 MBProgress (3): 0.7/3.2 MB | 475/615 kB | 0.3/1.9 MBProgress (3): 0.7/3.2 MB | 475/615 kB | 0.3/1.9 MBProgress (3): 0.7/3.2 MB | 475/615 kB | 0.3/1.9 MBProgress (3): 0.7/3.2 MB | 475/615 kB | 0.3/1.9 MBProgress (3): 0.7/3.2 MB | 475/615 kB | 0.3/1.9 MBProgress (3): 0.7/3.2 MB | 491/615 kB | 0.3/1.9 MBProgress (3): 0.8/3.2 MB | 491/615 kB | 0.3/1.9 MBProgress (3): 0.8/3.2 MB | 491/615 kB | 0.3/1.9 MBProgress (3): 0.8/3.2 MB | 507/615 kB | 0.3/1.9 MBProgress (3): 0.8/3.2 MB | 507/615 kB | 0.3/1.9 MBProgress (3): 0.8/3.2 MB | 507/615 kB | 0.3/1.9 MBProgress (3): 0.8/3.2 MB | 524/615 kB | 0.3/1.9 MBProgress (3): 0.8/3.2 MB | 524/615 kB | 0.3/1.9 MBProgress (3): 0.8/3.2 MB | 524/615 kB | 0.3/1.9 MBProgress (3): 0.8/3.2 MB | 524/615 kB | 0.3/1.9 MBProgress (3): 0.8/3.2 MB | 524/615 kB | 0.3/1.9 MBProgress (3): 0.8/3.2 MB | 524/615 kB | 0.4/1.9 MBProgress (3): 0.8/3.2 MB | 524/615 kB | 0.4/1.9 MBProgress (3): 0.8/3.2 MB | 524/615 kB | 0.4/1.9 MBProgress (3): 0.8/3.2 MB | 524/615 kB | 0.4/1.9 MBProgress (3): 0.8/3.2 MB | 524/615 kB | 0.4/1.9 MBProgress (3): 0.9/3.2 MB | 524/615 kB | 0.4/1.9 MBProgress (3): 0.9/3.2 MB | 540/615 kB | 0.4/1.9 MBProgress (3): 0.9/3.2 MB | 540/615 kB | 0.4/1.9 MBProgress (3): 0.9/3.2 MB | 557/615 kB | 0.4/1.9 MBProgress (3): 0.9/3.2 MB | 573/615 kB | 0.4/1.9 MBProgress (3): 0.9/3.2 MB | 573/615 kB | 0.4/1.9 MBProgress (3): 0.9/3.2 MB | 573/615 kB | 0.4/1.9 MBProgress (3): 0.9/3.2 MB | 573/615 kB | 0.5/1.9 MBProgress (3): 0.9/3.2 MB | 573/615 kB | 0.5/1.9 MBProgress (4): 0.9/3.2 MB | 573/615 kB | 0.5/1.9 MB | 4.1/326 kBProgress (4): 0.9/3.2 MB | 573/615 kB | 0.5/1.9 MB | 20/326 kB Progress (4): 0.9/3.2 MB | 573/615 kB | 0.5/1.9 MB | 20/326 kBProgress (4): 0.9/3.2 MB | 573/615 kB | 0.5/1.9 MB | 37/326 kBProgress (4): 0.9/3.2 MB | 589/615 kB | 0.5/1.9 MB | 37/326 kBProgress (4): 0.9/3.2 MB | 606/615 kB | 0.5/1.9 MB | 37/326 kBProgress (5): 0.9/3.2 MB | 606/615 kB | 0.5/1.9 MB | 37/326 kB | 7.7/164 kBProgress (5): 0.9/3.2 MB | 606/615 kB | 0.5/1.9 MB | 37/326 kB | 16/164 kB Progress (5): 0.9/3.2 MB | 615 kB | 0.5/1.9 MB | 37/326 kB | 16/164 kB    Progress (5): 0.9/3.2 MB | 615 kB | 0.5/1.9 MB | 37/326 kB | 32/164 kB                                                                      Downloaded from central: https://repo.maven.apache.org/maven2/org/springframework/spring-messaging/6.1.13/spring-messaging-6.1.13.jar (615 kB at 537 kB/s)
Progress (4): 0.9/3.2 MB | 0.5/1.9 MB | 37/326 kB | 32/164 kBProgress (4): 0.9/3.2 MB | 0.5/1.9 MB | 37/326 kB | 32/164 kBProgress (4): 0.9/3.2 MB | 0.5/1.9 MB | 37/326 kB | 32/164 kBProgress (4): 0.9/3.2 MB | 0.5/1.9 MB | 37/326 kB | 32/164 kBProgress (4): 0.9/3.2 MB | 0.5/1.9 MB | 37/326 kB | 32/164 kBProgress (4): 0.9/3.2 MB | 0.5/1.9 MB | 37/326 kB | 32/164 kBProgress (4): 0.9/3.2 MB | 0.5/1.9 MB | 37/326 kB | 48/164 kBProgress (4): 0.9/3.2 MB | 0.6/1.9 MB | 37/326 kB | 48/164 kBProgress (4): 0.9/3.2 MB | 0.6/1.9 MB | 53/326 kB | 48/164 kBProgress (4): 0.9/3.2 MB | 0.6/1.9 MB | 53/326 kB | 65/164 kBProgress (4): 0.9/3.2 MB | 0.6/1.9 MB | 70/326 kB | 65/164 kBProgress (4): 0.9/3.2 MB | 0.6/1.9 MB | 70/326 kB | 81/164 kBProgress (4): 0.9/3.2 MB | 0.6/1.9 MB | 86/326 kB | 81/164 kBProgress (4): 0.9/3.2 MB | 0.6/1.9 MB | 86/326 kB | 98/164 kBProgress (4): 0.9/3.2 MB | 0.6/1.9 MB | 102/326 kB | 98/164 kB                                                              Downloading from central: https://repo.maven.apache.org/maven2/com/github/victools/jsonschema-module-jackson/4.38.0/jsonschema-module-jackson-4.38.0.jar
Progress (4): 0.9/3.2 MB | 0.6/1.9 MB | 102/326 kB | 98/164 kBProgress (4): 0.9/3.2 MB | 0.6/1.9 MB | 102/326 kB | 98/164 kBProgress (4): 0.9/3.2 MB | 0.6/1.9 MB | 102/326 kB | 98/164 kBProgress (4): 0.9/3.2 MB | 0.6/1.9 MB | 102/326 kB | 98/164 kBProgress (4): 0.9/3.2 MB | 0.6/1.9 MB | 102/326 kB | 98/164 kBProgress (4): 0.9/3.2 MB | 0.6/1.9 MB | 119/326 kB | 98/164 kBProgress (4): 0.9/3.2 MB | 0.6/1.9 MB | 127/326 kB | 98/164 kBProgress (4): 0.9/3.2 MB | 0.6/1.9 MB | 127/326 kB | 98/164 kBProgress (4): 0.9/3.2 MB | 0.6/1.9 MB | 127/326 kB | 114/164 kBProgress (4): 1.0/3.2 MB | 0.6/1.9 MB | 127/326 kB | 114/164 kBProgress (4): 1.0/3.2 MB | 0.6/1.9 MB | 127/326 kB | 130/164 kBProgress (4): 1.0/3.2 MB | 0.6/1.9 MB | 127/326 kB | 147/164 kBProgress (4): 1.0/3.2 MB | 0.6/1.9 MB | 143/326 kB | 147/164 kBProgress (4): 1.0/3.2 MB | 0.6/1.9 MB | 143/326 kB | 147/164 kBProgress (4): 1.0/3.2 MB | 0.6/1.9 MB | 160/326 kB | 147/164 kBProgress (4): 1.0/3.2 MB | 0.6/1.9 MB | 160/326 kB | 147/164 kBProgress (4): 1.0/3.2 MB | 0.6/1.9 MB | 160/326 kB | 147/164 kBProgress (4): 1.0/3.2 MB | 0.7/1.9 MB | 160/326 kB | 147/164 kBProgress (4): 1.0/3.2 MB | 0.7/1.9 MB | 160/326 kB | 147/164 kBProgress (4): 1.0/3.2 MB | 0.7/1.9 MB | 160/326 kB | 147/164 kBProgress (4): 1.0/3.2 MB | 0.7/1.9 MB | 160/326 kB | 163/164 kBProgress (4): 1.0/3.2 MB | 0.7/1.9 MB | 160/326 kB | 164 kB                                                               Downloaded from central: https://repo.maven.apache.org/maven2/com/github/victools/jsonschema-generator/4.38.0/jsonschema-generator-4.38.0.jar (164 kB at 142 kB/s)
Progress (3): 1.0/3.2 MB | 0.7/1.9 MB | 176/326 kBProgress (3): 1.0/3.2 MB | 0.7/1.9 MB | 176/326 kBProgress (3): 1.0/3.2 MB | 0.7/1.9 MB | 193/326 kBProgress (3): 1.0/3.2 MB | 0.7/1.9 MB | 193/326 kBProgress (3): 1.0/3.2 MB | 0.7/1.9 MB | 209/326 kB                                                  Downloading from central: https://repo.maven.apache.org/maven2/com/github/victools/jsonschema-module-swagger-2/4.38.0/jsonschema-module-swagger-2-4.38.0.jar
Progress (3): 1.0/3.2 MB | 0.7/1.9 MB | 209/326 kBProgress (3): 1.0/3.2 MB | 0.7/1.9 MB | 209/326 kBProgress (3): 1.0/3.2 MB | 0.7/1.9 MB | 225/326 kBProgress (3): 1.0/3.2 MB | 0.7/1.9 MB | 225/326 kBProgress (3): 1.0/3.2 MB | 0.7/1.9 MB | 225/326 kBProgress (3): 1.1/3.2 MB | 0.7/1.9 MB | 225/326 kBProgress (3): 1.1/3.2 MB | 0.7/1.9 MB | 225/326 kBProgress (3): 1.1/3.2 MB | 0.8/1.9 MB | 225/326 kBProgress (3): 1.1/3.2 MB | 0.8/1.9 MB | 242/326 kBProgress (3): 1.1/3.2 MB | 0.8/1.9 MB | 242/326 kBProgress (3): 1.1/3.2 MB | 0.8/1.9 MB | 242/326 kBProgress (3): 1.1/3.2 MB | 0.8/1.9 MB | 242/326 kBProgress (3): 1.1/3.2 MB | 0.8/1.9 MB | 242/326 kBProgress (3): 1.1/3.2 MB | 0.8/1.9 MB | 258/326 kBProgress (4): 1.1/3.2 MB | 0.8/1.9 MB | 258/326 kB | 7.7/34 kBProgress (4): 1.1/3.2 MB | 0.8/1.9 MB | 258/326 kB | 16/34 kB Progress (4): 1.1/3.2 MB | 0.8/1.9 MB | 258/326 kB | 16/34 kBProgress (4): 1.1/3.2 MB | 0.8/1.9 MB | 258/326 kB | 16/34 kBProgress (4): 1.1/3.2 MB | 0.8/1.9 MB | 258/326 kB | 32/34 kBProgress (4): 1.1/3.2 MB | 0.8/1.9 MB | 258/326 kB | 32/34 kBProgress (4): 1.1/3.2 MB | 0.9/1.9 MB | 258/326 kB | 32/34 kBProgress (4): 1.1/3.2 MB | 0.9/1.9 MB | 258/326 kB | 32/34 kBProgress (4): 1.1/3.2 MB | 0.9/1.9 MB | 258/326 kB | 32/34 kBProgress (4): 1.1/3.2 MB | 0.9/1.9 MB | 258/326 kB | 32/34 kBProgress (4): 1.1/3.2 MB | 0.9/1.9 MB | 258/326 kB | 32/34 kBProgress (4): 1.1/3.2 MB | 0.9/1.9 MB | 258/326 kB | 34 kB                                                             Downloaded from central: https://repo.maven.apache.org/maven2/com/github/victools/jsonschema-module-jackson/4.38.0/jsonschema-module-jackson-4.38.0.jar (34 kB at 29 kB/s)
Downloading from central: https://repo.maven.apache.org/maven2/io/swagger/core/v3/swagger-annotations-jakarta/2.2.38/swagger-annotations-jakarta-2.2.38.jar
Progress (3): 1.1/3.2 MB | 0.9/1.9 MB | 274/326 kBProgress (3): 1.1/3.2 MB | 0.9/1.9 MB | 274/326 kBProgress (3): 1.1/3.2 MB | 0.9/1.9 MB | 291/326 kBProgress (3): 1.1/3.2 MB | 0.9/1.9 MB | 307/326 kBProgress (3): 1.1/3.2 MB | 0.9/1.9 MB | 307/326 kBProgress (3): 1.1/3.2 MB | 0.9/1.9 MB | 307/326 kBProgress (3): 1.1/3.2 MB | 0.9/1.9 MB | 324/326 kBProgress (3): 1.1/3.2 MB | 0.9/1.9 MB | 326 kB                                                  Downloaded from central: https://repo.maven.apache.org/maven2/org/antlr/antlr4-runtime/4.13.1/antlr4-runtime-4.13.1.jar (326 kB at 278 kB/s)
Progress (2): 1.1/3.2 MB | 0.9/1.9 MB                                     Downloading from central: https://repo.maven.apache.org/maven2/com/microsoft/onnxruntime/onnxruntime/1.20.0/onnxruntime-1.20.0.jar
Progress (3): 1.1/3.2 MB | 0.9/1.9 MB | 7.7/19 kBProgress (3): 1.1/3.2 MB | 0.9/1.9 MB | 16/19 kB Progress (3): 1.1/3.2 MB | 0.9/1.9 MB | 16/19 kBProgress (3): 1.1/3.2 MB | 1.0/1.9 MB | 16/19 kBProgress (3): 1.1/3.2 MB | 1.0/1.9 MB | 19 kB                                                Downloaded from central: https://repo.maven.apache.org/maven2/com/github/victools/jsonschema-module-swagger-2/4.38.0/jsonschema-module-swagger-2-4.38.0.jar (19 kB at 16 kB/s)
Progress (2): 1.1/3.2 MB | 1.0/1.9 MBProgress (2): 1.2/3.2 MB | 1.0/1.9 MB                                     Downloading from central: https://repo.maven.apache.org/maven2/ai/djl/pytorch/pytorch-engine/0.32.0/pytorch-engine-0.32.0.jar
Progress (2): 1.2/3.2 MB | 1.0/1.9 MBProgress (2): 1.2/3.2 MB | 1.0/1.9 MBProgress (2): 1.2/3.2 MB | 1.0/1.9 MBProgress (2): 1.2/3.2 MB | 1.0/1.9 MBProgress (2): 1.2/3.2 MB | 1.0/1.9 MBProgress (2): 1.2/3.2 MB | 1.0/1.9 MBProgress (2): 1.2/3.2 MB | 1.0/1.9 MBProgress (2): 1.2/3.2 MB | 1.0/1.9 MBProgress (2): 1.2/3.2 MB | 1.1/1.9 MBProgress (2): 1.2/3.2 MB | 1.1/1.9 MBProgress (2): 1.2/3.2 MB | 1.1/1.9 MBProgress (2): 1.2/3.2 MB | 1.1/1.9 MBProgress (2): 1.3/3.2 MB | 1.1/1.9 MBProgress (2): 1.3/3.2 MB | 1.1/1.9 MBProgress (2): 1.3/3.2 MB | 1.1/1.9 MBProgress (3): 1.3/3.2 MB | 1.1/1.9 MB | 4.1/51 kBProgress (3): 1.3/3.2 MB | 1.1/1.9 MB | 4.1/51 kBProgress (3): 1.3/3.2 MB | 1.1/1.9 MB | 4.1/51 kBProgress (3): 1.3/3.2 MB | 1.1/1.9 MB | 4.1/51 kBProgress (3): 1.3/3.2 MB | 1.1/1.9 MB | 20/51 kB Progress (3): 1.3/3.2 MB | 1.2/1.9 MB | 20/51 kBProgress (3): 1.3/3.2 MB | 1.2/1.9 MB | 20/51 kBProgress (3): 1.3/3.2 MB | 1.2/1.9 MB | 20/51 kBProgress (4): 1.3/3.2 MB | 1.2/1.9 MB | 20/51 kB | 0/93 MBProgress (4): 1.3/3.2 MB | 1.2/1.9 MB | 20/51 kB | 0/93 MBProgress (4): 1.3/3.2 MB | 1.2/1.9 MB | 37/51 kB | 0/93 MBProgress (4): 1.3/3.2 MB | 1.2/1.9 MB | 37/51 kB | 0/93 MBProgress (4): 1.3/3.2 MB | 1.2/1.9 MB | 51 kB | 0/93 MB   Progress (4): 1.3/3.2 MB | 1.2/1.9 MB | 51 kB | 0/93 MBProgress (4): 1.4/3.2 MB | 1.2/1.9 MB | 51 kB | 0/93 MBProgress (4): 1.4/3.2 MB | 1.2/1.9 MB | 51 kB | 0/93 MB                                                       Downloaded from central: https://repo.maven.apache.org/maven2/io/swagger/core/v3/swagger-annotations-jakarta/2.2.38/swagger-annotations-jakarta-2.2.38.jar (51 kB at 42 kB/s)
Downloading from central: https://repo.maven.apache.org/maven2/ai/djl/api/0.32.0/api-0.32.0.jar
Progress (3): 1.4/3.2 MB | 1.2/1.9 MB | 0/93 MBProgress (3): 1.4/3.2 MB | 1.2/1.9 MB | 0/93 MBProgress (3): 1.4/3.2 MB | 1.2/1.9 MB | 0/93 MBProgress (3): 1.4/3.2 MB | 1.2/1.9 MB | 0/93 MBProgress (3): 1.4/3.2 MB | 1.2/1.9 MB | 0.1/93 MBProgress (3): 1.4/3.2 MB | 1.2/1.9 MB | 0.1/93 MBProgress (3): 1.4/3.2 MB | 1.2/1.9 MB | 0.1/93 MBProgress (3): 1.4/3.2 MB | 1.2/1.9 MB | 0.1/93 MBProgress (4): 1.4/3.2 MB | 1.2/1.9 MB | 0.1/93 MB | 7.7/99 kBProgress (4): 1.4/3.2 MB | 1.2/1.9 MB | 0.1/93 MB | 16/99 kB Progress (4): 1.4/3.2 MB | 1.2/1.9 MB | 0.1/93 MB | 32/99 kBProgress (4): 1.4/3.2 MB | 1.2/1.9 MB | 0.1/93 MB | 49/99 kBProgress (4): 1.4/3.2 MB | 1.2/1.9 MB | 0.1/93 MB | 49/99 kBProgress (4): 1.4/3.2 MB | 1.2/1.9 MB | 0.1/93 MB | 49/99 kBProgress (4): 1.4/3.2 MB | 1.2/1.9 MB | 0.1/93 MB | 49/99 kBProgress (4): 1.4/3.2 MB | 1.2/1.9 MB | 0.1/93 MB | 49/99 kBProgress (4): 1.4/3.2 MB | 1.3/1.9 MB | 0.1/93 MB | 49/99 kBProgress (4): 1.4/3.2 MB | 1.3/1.9 MB | 0.1/93 MB | 49/99 kBProgress (4): 1.4/3.2 MB | 1.3/1.9 MB | 0.1/93 MB | 49/99 kBProgress (4): 1.4/3.2 MB | 1.3/1.9 MB | 0.1/93 MB | 49/99 kBProgress (4): 1.4/3.2 MB | 1.3/1.9 MB | 0.1/93 MB | 49/99 kBProgress (4): 1.4/3.2 MB | 1.3/1.9 MB | 0.1/93 MB | 65/99 kBProgress (4): 1.4/3.2 MB | 1.3/1.9 MB | 0.1/93 MB | 65/99 kBProgress (4): 1.4/3.2 MB | 1.3/1.9 MB | 0.1/93 MB | 65/99 kBProgress (4): 1.4/3.2 MB | 1.3/1.9 MB | 0.1/93 MB | 65/99 kBProgress (4): 1.4/3.2 MB | 1.3/1.9 MB | 0.2/93 MB | 65/99 kBProgress (4): 1.4/3.2 MB | 1.3/1.9 MB | 0.2/93 MB | 65/99 kBProgress (4): 1.4/3.2 MB | 1.3/1.9 MB | 0.2/93 MB | 65/99 kBProgress (4): 1.4/3.2 MB | 1.3/1.9 MB | 0.2/93 MB | 65/99 kBProgress (4): 1.4/3.2 MB | 1.3/1.9 MB | 0.2/93 MB | 65/99 kBProgress (4): 1.5/3.2 MB | 1.3/1.9 MB | 0.2/93 MB | 65/99 kBProgress (4): 1.5/3.2 MB | 1.3/1.9 MB | 0.2/93 MB | 65/99 kBProgress (4): 1.5/3.2 MB | 1.3/1.9 MB | 0.2/93 MB | 81/99 kBProgress (4): 1.5/3.2 MB | 1.3/1.9 MB | 0.2/93 MB | 98/99 kBProgress (4): 1.5/3.2 MB | 1.3/1.9 MB | 0.2/93 MB | 99 kB   Progress (4): 1.5/3.2 MB | 1.3/1.9 MB | 0.2/93 MB | 99 kB                                                         Downloaded from central: https://repo.maven.apache.org/maven2/ai/djl/pytorch/pytorch-engine/0.32.0/pytorch-engine-0.32.0.jar (99 kB at 81 kB/s)
Downloading from central: https://repo.maven.apache.org/maven2/net/java/dev/jna/jna/5.14.0/jna-5.14.0.jar
Progress (3): 1.5/3.2 MB | 1.3/1.9 MB | 0.2/93 MBProgress (4): 1.5/3.2 MB | 1.3/1.9 MB | 0.2/93 MB | 7.7/951 kBProgress (4): 1.5/3.2 MB | 1.3/1.9 MB | 0.2/93 MB | 16/951 kB Progress (4): 1.5/3.2 MB | 1.3/1.9 MB | 0.2/93 MB | 16/951 kBProgress (4): 1.5/3.2 MB | 1.3/1.9 MB | 0.2/93 MB | 32/951 kBProgress (4): 1.5/3.2 MB | 1.3/1.9 MB | 0.2/93 MB | 32/951 kBProgress (4): 1.5/3.2 MB | 1.3/1.9 MB | 0.2/93 MB | 32/951 kBProgress (4): 1.5/3.2 MB | 1.3/1.9 MB | 0.3/93 MB | 32/951 kBProgress (4): 1.5/3.2 MB | 1.3/1.9 MB | 0.3/93 MB | 32/951 kBProgress (4): 1.5/3.2 MB | 1.4/1.9 MB | 0.3/93 MB | 32/951 kBProgress (4): 1.5/3.2 MB | 1.4/1.9 MB | 0.3/93 MB | 32/951 kBProgress (4): 1.5/3.2 MB | 1.4/1.9 MB | 0.3/93 MB | 32/951 kBProgress (4): 1.5/3.2 MB | 1.4/1.9 MB | 0.3/93 MB | 32/951 kBProgress (4): 1.5/3.2 MB | 1.4/1.9 MB | 0.3/93 MB | 32/951 kBProgress (4): 1.5/3.2 MB | 1.4/1.9 MB | 0.3/93 MB | 32/951 kBProgress (4): 1.6/3.2 MB | 1.4/1.9 MB | 0.3/93 MB | 32/951 kBProgress (4): 1.6/3.2 MB | 1.4/1.9 MB | 0.3/93 MB | 49/951 kBProgress (4): 1.6/3.2 MB | 1.4/1.9 MB | 0.3/93 MB | 49/951 kBProgress (4): 1.6/3.2 MB | 1.4/1.9 MB | 0.3/93 MB | 65/951 kBProgress (4): 1.6/3.2 MB | 1.4/1.9 MB | 0.3/93 MB | 65/951 kBProgress (4): 1.6/3.2 MB | 1.4/1.9 MB | 0.3/93 MB | 65/951 kBProgress (4): 1.6/3.2 MB | 1.4/1.9 MB | 0.3/93 MB | 65/951 kBProgress (4): 1.6/3.2 MB | 1.4/1.9 MB | 0.3/93 MB | 65/951 kBProgress (4): 1.6/3.2 MB | 1.4/1.9 MB | 0.3/93 MB | 65/951 kBProgress (4): 1.6/3.2 MB | 1.4/1.9 MB | 0.3/93 MB | 81/951 kBProgress (4): 1.6/3.2 MB | 1.4/1.9 MB | 0.3/93 MB | 81/951 kBProgress (4): 1.6/3.2 MB | 1.4/1.9 MB | 0.3/93 MB | 81/951 kBProgress (4): 1.6/3.2 MB | 1.4/1.9 MB | 0.3/93 MB | 81/951 kBProgress (4): 1.6/3.2 MB | 1.4/1.9 MB | 0.3/93 MB | 81/951 kBProgress (4): 1.6/3.2 MB | 1.5/1.9 MB | 0.3/93 MB | 81/951 kBProgress (4): 1.6/3.2 MB | 1.5/1.9 MB | 0.3/93 MB | 98/951 kBProgress (4): 1.6/3.2 MB | 1.5/1.9 MB | 0.3/93 MB | 114/951 kBProgress (4): 1.6/3.2 MB | 1.5/1.9 MB | 0.3/93 MB | 114/951 kBProgress (4): 1.6/3.2 MB | 1.5/1.9 MB | 0.3/93 MB | 131/951 kBProgress (4): 1.6/3.2 MB | 1.5/1.9 MB | 0.3/93 MB | 131/951 kBProgress (4): 1.7/3.2 MB | 1.5/1.9 MB | 0.3/93 MB | 131/951 kBProgress (4): 1.7/3.2 MB | 1.5/1.9 MB | 0.3/93 MB | 131/951 kBProgress (4): 1.7/3.2 MB | 1.5/1.9 MB | 0.3/93 MB | 131/951 kBProgress (4): 1.7/3.2 MB | 1.5/1.9 MB | 0.4/93 MB | 131/951 kBProgress (4): 1.7/3.2 MB | 1.5/1.9 MB | 0.4/93 MB | 131/951 kBProgress (4): 1.7/3.2 MB | 1.5/1.9 MB | 0.4/93 MB | 131/951 kBProgress (4): 1.7/3.2 MB | 1.5/1.9 MB | 0.4/93 MB | 131/951 kBProgress (4): 1.7/3.2 MB | 1.5/1.9 MB | 0.4/93 MB | 131/951 kBProgress (4): 1.7/3.2 MB | 1.5/1.9 MB | 0.4/93 MB | 131/951 kBProgress (4): 1.7/3.2 MB | 1.5/1.9 MB | 0.4/93 MB | 147/951 kBProgress (5): 1.7/3.2 MB | 1.5/1.9 MB | 0.4/93 MB | 147/951 kB | 0/1.9 MBProgress (5): 1.7/3.2 MB | 1.5/1.9 MB | 0.4/93 MB | 147/951 kB | 0/1.9 MBProgress (5): 1.7/3.2 MB | 1.5/1.9 MB | 0.4/93 MB | 147/951 kB | 0/1.9 MBProgress (5): 1.7/3.2 MB | 1.5/1.9 MB | 0.4/93 MB | 163/951 kB | 0/1.9 MBProgress (5): 1.7/3.2 MB | 1.5/1.9 MB | 0.4/93 MB | 163/951 kB | 0/1.9 MBProgress (5): 1.7/3.2 MB | 1.5/1.9 MB | 0.4/93 MB | 163/951 kB | 0/1.9 MBProgress (5): 1.7/3.2 MB | 1.5/1.9 MB | 0.4/93 MB | 163/951 kB | 0/1.9 MBProgress (5): 1.7/3.2 MB | 1.6/1.9 MB | 0.4/93 MB | 163/951 kB | 0/1.9 MBProgress (5): 1.7/3.2 MB | 1.6/1.9 MB | 0.4/93 MB | 163/951 kB | 0/1.9 MBProgress (5): 1.7/3.2 MB | 1.6/1.9 MB | 0.4/93 MB | 163/951 kB | 0/1.9 MBProgress (5): 1.7/3.2 MB | 1.6/1.9 MB | 0.4/93 MB | 163/951 kB | 0/1.9 MBProgress (5): 1.7/3.2 MB | 1.6/1.9 MB | 0.4/93 MB | 180/951 kB | 0/1.9 MBProgress (5): 1.7/3.2 MB | 1.6/1.9 MB | 0.4/93 MB | 196/951 kB | 0/1.9 MBProgress (5): 1.7/3.2 MB | 1.6/1.9 MB | 0.4/93 MB | 196/951 kB | 0/1.9 MBProgress (5): 1.7/3.2 MB | 1.6/1.9 MB | 0.4/93 MB | 213/951 kB | 0/1.9 MBProgress (5): 1.7/3.2 MB | 1.6/1.9 MB | 0.4/93 MB | 213/951 kB | 0.1/1.9 MBProgress (5): 1.7/3.2 MB | 1.6/1.9 MB | 0.4/93 MB | 229/951 kB | 0.1/1.9 MBProgress (5): 1.7/3.2 MB | 1.6/1.9 MB | 0.4/93 MB | 229/951 kB | 0.1/1.9 MBProgress (5): 1.8/3.2 MB | 1.6/1.9 MB | 0.4/93 MB | 229/951 kB | 0.1/1.9 MBProgress (5): 1.8/3.2 MB | 1.6/1.9 MB | 0.4/93 MB | 229/951 kB | 0.1/1.9 MBProgress (5): 1.8/3.2 MB | 1.6/1.9 MB | 0.4/93 MB | 229/951 kB | 0.1/1.9 MBProgress (5): 1.8/3.2 MB | 1.6/1.9 MB | 0.4/93 MB | 229/951 kB | 0.1/1.9 MBProgress (5): 1.8/3.2 MB | 1.6/1.9 MB | 0.4/93 MB | 229/951 kB | 0.1/1.9 MBProgress (5): 1.8/3.2 MB | 1.6/1.9 MB | 0.4/93 MB | 229/951 kB | 0.1/1.9 MBProgress (5): 1.8/3.2 MB | 1.6/1.9 MB | 0.4/93 MB | 229/951 kB | 0.1/1.9 MBProgress (5): 1.8/3.2 MB | 1.6/1.9 MB | 0.5/93 MB | 229/951 kB | 0.1/1.9 MBProgress (5): 1.8/3.2 MB | 1.6/1.9 MB | 0.5/93 MB | 229/951 kB | 0.1/1.9 MBProgress (5): 1.8/3.2 MB | 1.6/1.9 MB | 0.5/93 MB | 229/951 kB | 0.1/1.9 MBProgress (5): 1.8/3.2 MB | 1.6/1.9 MB | 0.5/93 MB | 229/951 kB | 0.1/1.9 MBProgress (5): 1.8/3.2 MB | 1.6/1.9 MB | 0.5/93 MB | 245/951 kB | 0.1/1.9 MBProgress (5): 1.8/3.2 MB | 1.6/1.9 MB | 0.5/93 MB | 245/951 kB | 0.1/1.9 MBProgress (5): 1.8/3.2 MB | 1.6/1.9 MB | 0.5/93 MB | 262/951 kB | 0.1/1.9 MBProgress (5): 1.8/3.2 MB | 1.6/1.9 MB | 0.5/93 MB | 262/951 kB | 0.1/1.9 MBProgress (5): 1.8/3.2 MB | 1.6/1.9 MB | 0.5/93 MB | 278/951 kB | 0.1/1.9 MBProgress (5): 1.8/3.2 MB | 1.6/1.9 MB | 0.5/93 MB | 278/951 kB | 0.1/1.9 MBProgress (5): 1.8/3.2 MB | 1.6/1.9 MB | 0.5/93 MB | 278/951 kB | 0.1/1.9 MBProgress (5): 1.8/3.2 MB | 1.6/1.9 MB | 0.5/93 MB | 278/951 kB | 0.1/1.9 MBProgress (5): 1.8/3.2 MB | 1.6/1.9 MB | 0.5/93 MB | 278/951 kB | 0.1/1.9 MBProgress (5): 1.8/3.2 MB | 1.6/1.9 MB | 0.5/93 MB | 278/951 kB | 0.1/1.9 MBProgress (5): 1.8/3.2 MB | 1.6/1.9 MB | 0.5/93 MB | 278/951 kB | 0.1/1.9 MBProgress (5): 1.8/3.2 MB | 1.6/1.9 MB | 0.5/93 MB | 278/951 kB | 0.1/1.9 MBProgress (5): 1.9/3.2 MB | 1.6/1.9 MB | 0.5/93 MB | 278/951 kB | 0.1/1.9 MBProgress (5): 1.9/3.2 MB | 1.7/1.9 MB | 0.5/93 MB | 278/951 kB | 0.1/1.9 MBProgress (5): 1.9/3.2 MB | 1.7/1.9 MB | 0.5/93 MB | 278/951 kB | 0.1/1.9 MBProgress (5): 1.9/3.2 MB | 1.7/1.9 MB | 0.5/93 MB | 278/951 kB | 0.1/1.9 MBProgress (5): 1.9/3.2 MB | 1.7/1.9 MB | 0.5/93 MB | 278/951 kB | 0.1/1.9 MBProgress (5): 1.9/3.2 MB | 1.7/1.9 MB | 0.5/93 MB | 278/951 kB | 0.1/1.9 MBProgress (5): 1.9/3.2 MB | 1.7/1.9 MB | 0.6/93 MB | 278/951 kB | 0.1/1.9 MBProgress (5): 1.9/3.2 MB | 1.7/1.9 MB | 0.6/93 MB | 278/951 kB | 0.1/1.9 MBProgress (5): 1.9/3.2 MB | 1.7/1.9 MB | 0.6/93 MB | 294/951 kB | 0.1/1.9 MBProgress (5): 1.9/3.2 MB | 1.7/1.9 MB | 0.6/93 MB | 294/951 kB | 0.2/1.9 MBProgress (5): 1.9/3.2 MB | 1.7/1.9 MB | 0.6/93 MB | 311/951 kB | 0.2/1.9 MBProgress (5): 1.9/3.2 MB | 1.7/1.9 MB | 0.6/93 MB | 311/951 kB | 0.2/1.9 MBProgress (5): 1.9/3.2 MB | 1.7/1.9 MB | 0.6/93 MB | 311/951 kB | 0.2/1.9 MBProgress (5): 1.9/3.2 MB | 1.7/1.9 MB | 0.6/93 MB | 327/951 kB | 0.2/1.9 MBProgress (5): 1.9/3.2 MB | 1.7/1.9 MB | 0.6/93 MB | 327/951 kB | 0.2/1.9 MBProgress (5): 1.9/3.2 MB | 1.7/1.9 MB | 0.6/93 MB | 327/951 kB | 0.2/1.9 MBProgress (5): 1.9/3.2 MB | 1.7/1.9 MB | 0.6/93 MB | 327/951 kB | 0.2/1.9 MBProgress (5): 1.9/3.2 MB | 1.7/1.9 MB | 0.6/93 MB | 327/951 kB | 0.2/1.9 MBProgress (5): 1.9/3.2 MB | 1.7/1.9 MB | 0.6/93 MB | 327/951 kB | 0.2/1.9 MBProgress (5): 1.9/3.2 MB | 1.8/1.9 MB | 0.6/93 MB | 327/951 kB | 0.2/1.9 MBProgress (5): 1.9/3.2 MB | 1.8/1.9 MB | 0.6/93 MB | 327/951 kB | 0.2/1.9 MBProgress (5): 1.9/3.2 MB | 1.8/1.9 MB | 0.6/93 MB | 327/951 kB | 0.2/1.9 MBProgress (5): 1.9/3.2 MB | 1.8/1.9 MB | 0.6/93 MB | 327/951 kB | 0.2/1.9 MBProgress (5): 1.9/3.2 MB | 1.8/1.9 MB | 0.6/93 MB | 327/951 kB | 0.2/1.9 MBProgress (5): 1.9/3.2 MB | 1.8/1.9 MB | 0.6/93 MB | 327/951 kB | 0.2/1.9 MBProgress (5): 1.9/3.2 MB | 1.8/1.9 MB | 0.6/93 MB | 344/951 kB | 0.2/1.9 MBProgress (5): 1.9/3.2 MB | 1.8/1.9 MB | 0.6/93 MB | 344/951 kB | 0.2/1.9 MBProgress (5): 1.9/3.2 MB | 1.8/1.9 MB | 0.6/93 MB | 360/951 kB | 0.2/1.9 MBProgress (5): 1.9/3.2 MB | 1.8/1.9 MB | 0.6/93 MB | 360/951 kB | 0.2/1.9 MBProgress (5): 1.9/3.2 MB | 1.8/1.9 MB | 0.6/93 MB | 376/951 kB | 0.2/1.9 MBProgress (5): 1.9/3.2 MB | 1.8/1.9 MB | 0.6/93 MB | 376/951 kB | 0.2/1.9 MBProgress (5): 1.9/3.2 MB | 1.8/1.9 MB | 0.6/93 MB | 376/951 kB | 0.2/1.9 MBProgress (5): 1.9/3.2 MB | 1.8/1.9 MB | 0.6/93 MB | 376/951 kB | 0.2/1.9 MBProgress (5): 1.9/3.2 MB | 1.8/1.9 MB | 0.6/93 MB | 376/951 kB | 0.2/1.9 MBProgress (5): 1.9/3.2 MB | 1.8/1.9 MB | 0.6/93 MB | 393/951 kB | 0.2/1.9 MBProgress (5): 1.9/3.2 MB | 1.8/1.9 MB | 0.6/93 MB | 393/951 kB | 0.2/1.9 MBProgress (5): 1.9/3.2 MB | 1.8/1.9 MB | 0.6/93 MB | 393/951 kB | 0.2/1.9 MBProgress (5): 1.9/3.2 MB | 1.8/1.9 MB | 0.6/93 MB | 393/951 kB | 0.2/1.9 MBProgress (5): 1.9/3.2 MB | 1.8/1.9 MB | 0.6/93 MB | 409/951 kB | 0.2/1.9 MBProgress (5): 1.9/3.2 MB | 1.8/1.9 MB | 0.6/93 MB | 409/951 kB | 0.3/1.9 MBProgress (5): 1.9/3.2 MB | 1.8/1.9 MB | 0.6/93 MB | 426/951 kB | 0.3/1.9 MBProgress (5): 1.9/3.2 MB | 1.8/1.9 MB | 0.6/93 MB | 426/951 kB | 0.3/1.9 MBProgress (5): 1.9/3.2 MB | 1.8/1.9 MB | 0.6/93 MB | 426/951 kB | 0.3/1.9 MBProgress (5): 1.9/3.2 MB | 1.8/1.9 MB | 0.7/93 MB | 426/951 kB | 0.3/1.9 MBProgress (5): 1.9/3.2 MB | 1.8/1.9 MB | 0.7/93 MB | 426/951 kB | 0.3/1.9 MBProgress (5): 2.0/3.2 MB | 1.8/1.9 MB | 0.7/93 MB | 426/951 kB | 0.3/1.9 MBProgress (5): 2.0/3.2 MB | 1.8/1.9 MB | 0.7/93 MB | 426/951 kB | 0.3/1.9 MBProgress (5): 2.0/3.2 MB | 1.8/1.9 MB | 0.7/93 MB | 426/951 kB | 0.3/1.9 MBProgress (5): 2.0/3.2 MB | 1.8/1.9 MB | 0.7/93 MB | 426/951 kB | 0.3/1.9 MBProgress (5): 2.0/3.2 MB | 1.8/1.9 MB | 0.7/93 MB | 426/951 kB | 0.3/1.9 MBProgress (5): 2.0/3.2 MB | 1.8/1.9 MB | 0.7/93 MB | 426/951 kB | 0.3/1.9 MBProgress (5): 2.0/3.2 MB | 1.8/1.9 MB | 0.7/93 MB | 426/951 kB | 0.3/1.9 MBProgress (5): 2.0/3.2 MB | 1.8/1.9 MB | 0.7/93 MB | 442/951 kB | 0.3/1.9 MBProgress (5): 2.0/3.2 MB | 1.9/1.9 MB | 0.7/93 MB | 442/951 kB | 0.3/1.9 MBProgress (5): 2.0/3.2 MB | 1.9/1.9 MB | 0.7/93 MB | 442/951 kB | 0.3/1.9 MBProgress (5): 2.0/3.2 MB | 1.9/1.9 MB | 0.7/93 MB | 458/951 kB | 0.3/1.9 MBProgress (5): 2.0/3.2 MB | 1.9/1.9 MB | 0.7/93 MB | 458/951 kB | 0.3/1.9 MBProgress (5): 2.0/3.2 MB | 1.9/1.9 MB | 0.7/93 MB | 475/951 kB | 0.3/1.9 MBProgress (5): 2.0/3.2 MB | 1.9/1.9 MB | 0.7/93 MB | 475/951 kB | 0.3/1.9 MBProgress (5): 2.0/3.2 MB | 1.9/1.9 MB | 0.7/93 MB | 475/951 kB | 0.3/1.9 MBProgress (5): 2.0/3.2 MB | 1.9/1.9 MB | 0.7/93 MB | 475/951 kB | 0.3/1.9 MBProgress (5): 2.0/3.2 MB | 1.9/1.9 MB | 0.7/93 MB | 475/951 kB | 0.3/1.9 MBProgress (5): 2.0/3.2 MB | 1.9/1.9 MB | 0.7/93 MB | 475/951 kB | 0.3/1.9 MBProgress (5): 2.0/3.2 MB | 1.9/1.9 MB | 0.7/93 MB | 475/951 kB | 0.3/1.9 MBProgress (5): 2.0/3.2 MB | 1.9/1.9 MB | 0.7/93 MB | 475/951 kB | 0.4/1.9 MBProgress (5): 2.0/3.2 MB | 1.9/1.9 MB | 0.7/93 MB | 475/951 kB | 0.4/1.9 MBProgress (5): 2.0/3.2 MB | 1.9/1.9 MB | 0.7/93 MB | 475/951 kB | 0.4/1.9 MBProgress (5): 2.1/3.2 MB | 1.9/1.9 MB | 0.7/93 MB | 475/951 kB | 0.4/1.9 MBProgress (5): 2.1/3.2 MB | 1.9/1.9 MB | 0.7/93 MB | 475/951 kB | 0.4/1.9 MBProgress (5): 2.1/3.2 MB | 1.9/1.9 MB | 0.7/93 MB | 491/951 kB | 0.4/1.9 MBProgress (5): 2.1/3.2 MB | 1.9 MB | 0.7/93 MB | 491/951 kB | 0.4/1.9 MB    Progress (5): 2.1/3.2 MB | 1.9 MB | 0.7/93 MB | 507/951 kB | 0.4/1.9 MB                                                                       Downloaded from central: https://repo.maven.apache.org/maven2/io/projectreactor/reactor-core/3.6.10/reactor-core-3.6.10.jar (1.9 MB at 1.5 MB/s)
Downloading from central: https://repo.maven.apache.org/maven2/ai/djl/model-zoo/0.32.0/model-zoo-0.32.0.jar
Progress (4): 2.1/3.2 MB | 0.7/93 MB | 524/951 kB | 0.4/1.9 MBProgress (4): 2.1/3.2 MB | 0.7/93 MB | 540/951 kB | 0.4/1.9 MBProgress (4): 2.1/3.2 MB | 0.7/93 MB | 540/951 kB | 0.4/1.9 MBProgress (4): 2.1/3.2 MB | 0.8/93 MB | 540/951 kB | 0.4/1.9 MBProgress (4): 2.1/3.2 MB | 0.8/93 MB | 540/951 kB | 0.4/1.9 MBProgress (4): 2.1/3.2 MB | 0.8/93 MB | 540/951 kB | 0.4/1.9 MBProgress (4): 2.1/3.2 MB | 0.8/93 MB | 540/951 kB | 0.4/1.9 MBProgress (4): 2.1/3.2 MB | 0.8/93 MB | 540/951 kB | 0.4/1.9 MBProgress (4): 2.1/3.2 MB | 0.8/93 MB | 540/951 kB | 0.4/1.9 MBProgress (4): 2.1/3.2 MB | 0.8/93 MB | 540/951 kB | 0.4/1.9 MBProgress (4): 2.1/3.2 MB | 0.8/93 MB | 540/951 kB | 0.4/1.9 MBProgress (4): 2.1/3.2 MB | 0.8/93 MB | 540/951 kB | 0.4/1.9 MBProgress (4): 2.1/3.2 MB | 0.8/93 MB | 557/951 kB | 0.4/1.9 MBProgress (4): 2.1/3.2 MB | 0.8/93 MB | 557/951 kB | 0.4/1.9 MBProgress (4): 2.1/3.2 MB | 0.8/93 MB | 573/951 kB | 0.4/1.9 MBProgress (4): 2.1/3.2 MB | 0.8/93 MB | 573/951 kB | 0.5/1.9 MBProgress (4): 2.1/3.2 MB | 0.8/93 MB | 573/951 kB | 0.5/1.9 MBProgress (4): 2.1/3.2 MB | 0.8/93 MB | 589/951 kB | 0.5/1.9 MBProgress (4): 2.1/3.2 MB | 0.8/93 MB | 589/951 kB | 0.5/1.9 MBProgress (4): 2.2/3.2 MB | 0.8/93 MB | 589/951 kB | 0.5/1.9 MBProgress (4): 2.2/3.2 MB | 0.8/93 MB | 589/951 kB | 0.5/1.9 MBProgress (4): 2.2/3.2 MB | 0.8/93 MB | 589/951 kB | 0.5/1.9 MBProgress (4): 2.2/3.2 MB | 0.8/93 MB | 589/951 kB | 0.5/1.9 MBProgress (4): 2.2/3.2 MB | 0.8/93 MB | 589/951 kB | 0.5/1.9 MBProgress (4): 2.2/3.2 MB | 0.8/93 MB | 589/951 kB | 0.5/1.9 MBProgress (4): 2.2/3.2 MB | 0.8/93 MB | 589/951 kB | 0.5/1.9 MBProgress (4): 2.2/3.2 MB | 0.8/93 MB | 589/951 kB | 0.5/1.9 MBProgress (4): 2.2/3.2 MB | 0.8/93 MB | 589/951 kB | 0.5/1.9 MBProgress (4): 2.2/3.2 MB | 0.8/93 MB | 589/951 kB | 0.5/1.9 MBProgress (4): 2.2/3.2 MB | 0.8/93 MB | 606/951 kB | 0.5/1.9 MBProgress (4): 2.2/3.2 MB | 0.8/93 MB | 606/951 kB | 0.5/1.9 MBProgress (4): 2.2/3.2 MB | 0.8/93 MB | 622/951 kB | 0.5/1.9 MBProgress (4): 2.3/3.2 MB | 0.8/93 MB | 622/951 kB | 0.5/1.9 MBProgress (4): 2.3/3.2 MB | 0.8/93 MB | 639/951 kB | 0.5/1.9 MBProgress (4): 2.3/3.2 MB | 0.9/93 MB | 639/951 kB | 0.5/1.9 MBProgress (4): 2.3/3.2 MB | 0.9/93 MB | 639/951 kB | 0.5/1.9 MBProgress (4): 2.3/3.2 MB | 0.9/93 MB | 639/951 kB | 0.5/1.9 MBProgress (4): 2.3/3.2 MB | 0.9/93 MB | 639/951 kB | 0.5/1.9 MBProgress (4): 2.3/3.2 MB | 0.9/93 MB | 639/951 kB | 0.5/1.9 MBProgress (4): 2.3/3.2 MB | 0.9/93 MB | 639/951 kB | 0.6/1.9 MBProgress (4): 2.3/3.2 MB | 0.9/93 MB | 639/951 kB | 0.6/1.9 MBProgress (4): 2.3/3.2 MB | 0.9/93 MB | 639/951 kB | 0.6/1.9 MBProgress (4): 2.3/3.2 MB | 0.9/93 MB | 639/951 kB | 0.6/1.9 MBProgress (4): 2.3/3.2 MB | 0.9/93 MB | 655/951 kB | 0.6/1.9 MBProgress (4): 2.3/3.2 MB | 0.9/93 MB | 655/951 kB | 0.6/1.9 MBProgress (4): 2.3/3.2 MB | 0.9/93 MB | 671/951 kB | 0.6/1.9 MBProgress (4): 2.3/3.2 MB | 0.9/93 MB | 671/951 kB | 0.6/1.9 MBProgress (4): 2.3/3.2 MB | 0.9/93 MB | 688/951 kB | 0.6/1.9 MBProgress (4): 2.3/3.2 MB | 0.9/93 MB | 688/951 kB | 0.6/1.9 MBProgress (4): 2.3/3.2 MB | 0.9/93 MB | 688/951 kB | 0.6/1.9 MBProgress (4): 2.3/3.2 MB | 0.9/93 MB | 688/951 kB | 0.6/1.9 MBProgress (4): 2.3/3.2 MB | 0.9/93 MB | 688/951 kB | 0.6/1.9 MBProgress (4): 2.3/3.2 MB | 0.9/93 MB | 688/951 kB | 0.6/1.9 MBProgress (4): 2.3/3.2 MB | 0.9/93 MB | 688/951 kB | 0.6/1.9 MBProgress (4): 2.3/3.2 MB | 0.9/93 MB | 688/951 kB | 0.6/1.9 MBProgress (4): 2.3/3.2 MB | 0.9/93 MB | 688/951 kB | 0.6/1.9 MBProgress (4): 2.3/3.2 MB | 0.9/93 MB | 688/951 kB | 0.7/1.9 MBProgress (4): 2.3/3.2 MB | 0.9/93 MB | 704/951 kB | 0.7/1.9 MBProgress (5): 2.3/3.2 MB | 0.9/93 MB | 704/951 kB | 0.7/1.9 MB | 7.7/68 kBProgress (5): 2.3/3.2 MB | 0.9/93 MB | 704/951 kB | 0.7/1.9 MB | 16/68 kB Progress (5): 2.3/3.2 MB | 0.9/93 MB | 720/951 kB | 0.7/1.9 MB | 16/68 kBProgress (5): 2.3/3.2 MB | 0.9/93 MB | 737/951 kB | 0.7/1.9 MB | 16/68 kBProgress (5): 2.3/3.2 MB | 0.9/93 MB | 737/951 kB | 0.7/1.9 MB | 32/68 kBProgress (5): 2.3/3.2 MB | 0.9/93 MB | 753/951 kB | 0.7/1.9 MB | 32/68 kBProgress (5): 2.3/3.2 MB | 0.9/93 MB | 753/951 kB | 0.7/1.9 MB | 48/68 kBProgress (5): 2.3/3.2 MB | 1.0/93 MB | 753/951 kB | 0.7/1.9 MB | 48/68 kBProgress (5): 2.4/3.2 MB | 1.0/93 MB | 753/951 kB | 0.7/1.9 MB | 48/68 kBProgress (5): 2.4/3.2 MB | 1.0/93 MB | 753/951 kB | 0.7/1.9 MB | 48/68 kBProgress (5): 2.4/3.2 MB | 1.0/93 MB | 753/951 kB | 0.7/1.9 MB | 48/68 kBProgress (5): 2.4/3.2 MB | 1.0/93 MB | 753/951 kB | 0.7/1.9 MB | 48/68 kBProgress (5): 2.4/3.2 MB | 1.0/93 MB | 753/951 kB | 0.7/1.9 MB | 48/68 kBProgress (5): 2.4/3.2 MB | 1.0/93 MB | 753/951 kB | 0.7/1.9 MB | 48/68 kBProgress (5): 2.4/3.2 MB | 1.0/93 MB | 753/951 kB | 0.7/1.9 MB | 48/68 kBProgress (5): 2.4/3.2 MB | 1.0/93 MB | 753/951 kB | 0.7/1.9 MB | 48/68 kBProgress (5): 2.4/3.2 MB | 1.0/93 MB | 753/951 kB | 0.7/1.9 MB | 48/68 kBProgress (5): 2.4/3.2 MB | 1.0/93 MB | 753/951 kB | 0.7/1.9 MB | 48/68 kBProgress (5): 2.4/3.2 MB | 1.0/93 MB | 770/951 kB | 0.7/1.9 MB | 48/68 kBProgress (5): 2.4/3.2 MB | 1.0/93 MB | 770/951 kB | 0.7/1.9 MB | 48/68 kBProgress (5): 2.4/3.2 MB | 1.0/93 MB | 786/951 kB | 0.7/1.9 MB | 48/68 kBProgress (5): 2.4/3.2 MB | 1.0/93 MB | 786/951 kB | 0.7/1.9 MB | 48/68 kBProgress (5): 2.4/3.2 MB | 1.0/93 MB | 802/951 kB | 0.7/1.9 MB | 48/68 kBProgress (5): 2.4/3.2 MB | 1.0/93 MB | 802/951 kB | 0.7/1.9 MB | 65/68 kBProgress (5): 2.4/3.2 MB | 1.0/93 MB | 802/951 kB | 0.7/1.9 MB | 68 kB   Progress (5): 2.4/3.2 MB | 1.0/93 MB | 802/951 kB | 0.7/1.9 MB | 68 kB                                                                      Downloaded from central: https://repo.maven.apache.org/maven2/ai/djl/model-zoo/0.32.0/model-zoo-0.32.0.jar (68 kB at 52 kB/s)
Progress (4): 2.4/3.2 MB | 1.0/93 MB | 802/951 kB | 0.7/1.9 MB                                                              Downloading from central: https://repo.maven.apache.org/maven2/ai/djl/huggingface/tokenizers/0.32.0/tokenizers-0.32.0.jar
Progress (4): 2.4/3.2 MB | 1.0/93 MB | 802/951 kB | 0.7/1.9 MBProgress (4): 2.4/3.2 MB | 1.0/93 MB | 802/951 kB | 0.7/1.9 MBProgress (4): 2.4/3.2 MB | 1.0/93 MB | 802/951 kB | 0.7/1.9 MBProgress (4): 2.4/3.2 MB | 1.0/93 MB | 802/951 kB | 0.8/1.9 MBProgress (4): 2.4/3.2 MB | 1.0/93 MB | 802/951 kB | 0.8/1.9 MBProgress (4): 2.5/3.2 MB | 1.0/93 MB | 802/951 kB | 0.8/1.9 MBProgress (4): 2.5/3.2 MB | 1.0/93 MB | 802/951 kB | 0.8/1.9 MBProgress (4): 2.5/3.2 MB | 1.0/93 MB | 802/951 kB | 0.8/1.9 MBProgress (4): 2.5/3.2 MB | 1.0/93 MB | 802/951 kB | 0.8/1.9 MBProgress (4): 2.5/3.2 MB | 1.0/93 MB | 819/951 kB | 0.8/1.9 MBProgress (4): 2.5/3.2 MB | 1.0/93 MB | 819/951 kB | 0.8/1.9 MBProgress (4): 2.5/3.2 MB | 1.0/93 MB | 835/951 kB | 0.8/1.9 MBProgress (4): 2.5/3.2 MB | 1.0/93 MB | 835/951 kB | 0.8/1.9 MBProgress (4): 2.5/3.2 MB | 1.0/93 MB | 852/951 kB | 0.8/1.9 MBProgress (4): 2.5/3.2 MB | 1.0/93 MB | 852/951 kB | 0.8/1.9 MBProgress (4): 2.5/3.2 MB | 1.0/93 MB | 852/951 kB | 0.8/1.9 MBProgress (4): 2.5/3.2 MB | 1.1/93 MB | 852/951 kB | 0.8/1.9 MBProgress (4): 2.5/3.2 MB | 1.1/93 MB | 852/951 kB | 0.8/1.9 MBProgress (4): 2.5/3.2 MB | 1.1/93 MB | 852/951 kB | 0.8/1.9 MBProgress (4): 2.5/3.2 MB | 1.1/93 MB | 852/951 kB | 0.8/1.9 MBProgress (4): 2.5/3.2 MB | 1.1/93 MB | 852/951 kB | 0.8/1.9 MBProgress (4): 2.5/3.2 MB | 1.1/93 MB | 852/951 kB | 0.8/1.9 MBProgress (4): 2.5/3.2 MB | 1.1/93 MB | 852/951 kB | 0.9/1.9 MBProgress (4): 2.5/3.2 MB | 1.1/93 MB | 852/951 kB | 0.9/1.9 MBProgress (4): 2.5/3.2 MB | 1.1/93 MB | 868/951 kB | 0.9/1.9 MBProgress (4): 2.6/3.2 MB | 1.1/93 MB | 868/951 kB | 0.9/1.9 MBProgress (4): 2.6/3.2 MB | 1.1/93 MB | 884/951 kB | 0.9/1.9 MBProgress (4): 2.6/3.2 MB | 1.1/93 MB | 884/951 kB | 0.9/1.9 MBProgress (4): 2.6/3.2 MB | 1.1/93 MB | 901/951 kB | 0.9/1.9 MBProgress (4): 2.6/3.2 MB | 1.1/93 MB | 901/951 kB | 0.9/1.9 MBProgress (4): 2.6/3.2 MB | 1.1/93 MB | 917/951 kB | 0.9/1.9 MBProgress (4): 2.6/3.2 MB | 1.1/93 MB | 917/951 kB | 0.9/1.9 MBProgress (4): 2.6/3.2 MB | 1.1/93 MB | 917/951 kB | 0.9/1.9 MBProgress (4): 2.6/3.2 MB | 1.1/93 MB | 917/951 kB | 0.9/1.9 MBProgress (4): 2.6/3.2 MB | 1.1/93 MB | 917/951 kB | 0.9/1.9 MBProgress (4): 2.6/3.2 MB | 1.1/93 MB | 917/951 kB | 0.9/1.9 MBProgress (4): 2.6/3.2 MB | 1.1/93 MB | 917/951 kB | 0.9/1.9 MBProgress (4): 2.6/3.2 MB | 1.1/93 MB | 917/951 kB | 0.9/1.9 MBProgress (4): 2.6/3.2 MB | 1.1/93 MB | 917/951 kB | 0.9/1.9 MBProgress (4): 2.6/3.2 MB | 1.1/93 MB | 917/951 kB | 0.9/1.9 MBProgress (4): 2.6/3.2 MB | 1.2/93 MB | 917/951 kB | 0.9/1.9 MBProgress (4): 2.6/3.2 MB | 1.2/93 MB | 917/951 kB | 0.9/1.9 MBProgress (4): 2.7/3.2 MB | 1.2/93 MB | 917/951 kB | 0.9/1.9 MBProgress (4): 2.7/3.2 MB | 1.2/93 MB | 917/951 kB | 0.9/1.9 MBProgress (4): 2.7/3.2 MB | 1.2/93 MB | 917/951 kB | 0.9/1.9 MBProgress (4): 2.7/3.2 MB | 1.2/93 MB | 917/951 kB | 0.9/1.9 MBProgress (4): 2.7/3.2 MB | 1.2/93 MB | 917/951 kB | 1.0/1.9 MBProgress (4): 2.7/3.2 MB | 1.2/93 MB | 917/951 kB | 1.0/1.9 MBProgress (4): 2.7/3.2 MB | 1.2/93 MB | 917/951 kB | 1.0/1.9 MBProgress (4): 2.7/3.2 MB | 1.2/93 MB | 917/951 kB | 1.0/1.9 MBProgress (4): 2.7/3.2 MB | 1.2/93 MB | 933/951 kB | 1.0/1.9 MBProgress (4): 2.7/3.2 MB | 1.2/93 MB | 933/951 kB | 1.0/1.9 MBProgress (4): 2.7/3.2 MB | 1.2/93 MB | 950/951 kB | 1.0/1.9 MBProgress (4): 2.7/3.2 MB | 1.2/93 MB | 950/951 kB | 1.0/1.9 MBProgress (4): 2.7/3.2 MB | 1.2/93 MB | 951 kB | 1.0/1.9 MB                                                              Downloaded from central: https://repo.maven.apache.org/maven2/ai/djl/api/0.32.0/api-0.32.0.jar (951 kB at 716 kB/s)
Downloading from central: https://repo.maven.apache.org/maven2/org/springframework/ai/spring-ai-starter-model-transformers/1.1.2/spring-ai-starter-model-transformers-1.1.2.jar
Progress (3): 2.7/3.2 MB | 1.2/93 MB | 1.0/1.9 MBProgress (3): 2.7/3.2 MB | 1.2/93 MB | 1.0/1.9 MBProgress (3): 2.7/3.2 MB | 1.2/93 MB | 1.0/1.9 MBProgress (3): 2.7/3.2 MB | 1.2/93 MB | 1.0/1.9 MBProgress (3): 2.7/3.2 MB | 1.2/93 MB | 1.0/1.9 MBProgress (4): 2.7/3.2 MB | 1.2/93 MB | 1.0/1.9 MB | 0/18 MBProgress (4): 2.7/3.2 MB | 1.2/93 MB | 1.0/1.9 MB | 0/18 MBProgress (4): 2.7/3.2 MB | 1.2/93 MB | 1.0/1.9 MB | 0/18 MBProgress (4): 2.7/3.2 MB | 1.2/93 MB | 1.0/1.9 MB | 0/18 MBProgress (4): 2.7/3.2 MB | 1.2/93 MB | 1.0/1.9 MB | 0/18 MBProgress (4): 2.7/3.2 MB | 1.3/93 MB | 1.0/1.9 MB | 0/18 MBProgress (4): 2.8/3.2 MB | 1.3/93 MB | 1.0/1.9 MB | 0/18 MBProgress (4): 2.8/3.2 MB | 1.3/93 MB | 1.0/1.9 MB | 0/18 MBProgress (4): 2.8/3.2 MB | 1.3/93 MB | 1.0/1.9 MB | 0/18 MBProgress (4): 2.8/3.2 MB | 1.3/93 MB | 1.0/1.9 MB | 0/18 MBProgress (4): 2.8/3.2 MB | 1.3/93 MB | 1.0/1.9 MB | 0/18 MBProgress (4): 2.8/3.2 MB | 1.3/93 MB | 1.1/1.9 MB | 0/18 MBProgress (4): 2.8/3.2 MB | 1.3/93 MB | 1.1/1.9 MB | 0/18 MBProgress (4): 2.8/3.2 MB | 1.3/93 MB | 1.1/1.9 MB | 0/18 MBProgress (4): 2.8/3.2 MB | 1.3/93 MB | 1.1/1.9 MB | 0/18 MBProgress (4): 2.8/3.2 MB | 1.3/93 MB | 1.1/1.9 MB | 0/18 MBProgress (4): 2.8/3.2 MB | 1.3/93 MB | 1.1/1.9 MB | 0.1/18 MBProgress (4): 2.8/3.2 MB | 1.3/93 MB | 1.1/1.9 MB | 0.1/18 MBProgress (4): 2.8/3.2 MB | 1.3/93 MB | 1.1/1.9 MB | 0.1/18 MBProgress (4): 2.8/3.2 MB | 1.3/93 MB | 1.1/1.9 MB | 0.1/18 MBProgress (4): 2.8/3.2 MB | 1.3/93 MB | 1.1/1.9 MB | 0.1/18 MBProgress (4): 2.8/3.2 MB | 1.3/93 MB | 1.1/1.9 MB | 0.1/18 MBProgress (4): 2.8/3.2 MB | 1.3/93 MB | 1.1/1.9 MB | 0.1/18 MBProgress (4): 2.8/3.2 MB | 1.4/93 MB | 1.1/1.9 MB | 0.1/18 MBProgress (4): 2.8/3.2 MB | 1.4/93 MB | 1.1/1.9 MB | 0.1/18 MBProgress (4): 2.8/3.2 MB | 1.4/93 MB | 1.1/1.9 MB | 0.1/18 MBProgress (4): 2.8/3.2 MB | 1.4/93 MB | 1.1/1.9 MB | 0.1/18 MBProgress (4): 2.8/3.2 MB | 1.4/93 MB | 1.1/1.9 MB | 0.1/18 MBProgress (4): 2.8/3.2 MB | 1.4/93 MB | 1.1/1.9 MB | 0.1/18 MBProgress (4): 2.8/3.2 MB | 1.4/93 MB | 1.1/1.9 MB | 0.1/18 MBProgress (4): 2.8/3.2 MB | 1.4/93 MB | 1.1/1.9 MB | 0.1/18 MBProgress (4): 2.9/3.2 MB | 1.4/93 MB | 1.1/1.9 MB | 0.1/18 MBProgress (4): 2.9/3.2 MB | 1.4/93 MB | 1.1/1.9 MB | 0.1/18 MBProgress (4): 2.9/3.2 MB | 1.4/93 MB | 1.1/1.9 MB | 0.1/18 MBProgress (5): 2.9/3.2 MB | 1.4/93 MB | 1.1/1.9 MB | 0.1/18 MB | 2.5 kBProgress (5): 2.9/3.2 MB | 1.4/93 MB | 1.1/1.9 MB | 0.1/18 MB | 2.5 kB                                                                      Downloaded from central: https://repo.maven.apache.org/maven2/org/springframework/ai/spring-ai-starter-model-transformers/1.1.2/spring-ai-starter-model-transformers-1.1.2.jar (2.5 kB at 1.8 kB/s)
Downloading from central: https://repo.maven.apache.org/maven2/org/springframework/ai/spring-ai-autoconfigure-model-transformers/1.1.2/spring-ai-autoconfigure-model-transformers-1.1.2.jar
Progress (4): 2.9/3.2 MB | 1.4/93 MB | 1.1/1.9 MB | 0.1/18 MBProgress (4): 2.9/3.2 MB | 1.4/93 MB | 1.2/1.9 MB | 0.1/18 MBProgress (4): 2.9/3.2 MB | 1.4/93 MB | 1.2/1.9 MB | 0.1/18 MBProgress (4): 2.9/3.2 MB | 1.4/93 MB | 1.2/1.9 MB | 0.1/18 MBProgress (4): 2.9/3.2 MB | 1.4/93 MB | 1.2/1.9 MB | 0.2/18 MBProgress (4): 2.9/3.2 MB | 1.4/93 MB | 1.2/1.9 MB | 0.2/18 MBProgress (4): 2.9/3.2 MB | 1.5/93 MB | 1.2/1.9 MB | 0.2/18 MBProgress (4): 2.9/3.2 MB | 1.5/93 MB | 1.2/1.9 MB | 0.2/18 MBProgress (4): 2.9/3.2 MB | 1.5/93 MB | 1.2/1.9 MB | 0.2/18 MBProgress (4): 2.9/3.2 MB | 1.5/93 MB | 1.2/1.9 MB | 0.2/18 MBProgress (4): 2.9/3.2 MB | 1.5/93 MB | 1.2/1.9 MB | 0.2/18 MBProgress (4): 2.9/3.2 MB | 1.5/93 MB | 1.2/1.9 MB | 0.2/18 MBProgress (4): 2.9/3.2 MB | 1.5/93 MB | 1.2/1.9 MB | 0.2/18 MBProgress (4): 2.9/3.2 MB | 1.5/93 MB | 1.2/1.9 MB | 0.2/18 MBProgress (4): 2.9/3.2 MB | 1.5/93 MB | 1.2/1.9 MB | 0.2/18 MBProgress (4): 2.9/3.2 MB | 1.5/93 MB | 1.2/1.9 MB | 0.2/18 MBProgress (4): 2.9/3.2 MB | 1.5/93 MB | 1.2/1.9 MB | 0.2/18 MBProgress (4): 2.9/3.2 MB | 1.5/93 MB | 1.2/1.9 MB | 0.2/18 MBProgress (4): 2.9/3.2 MB | 1.5/93 MB | 1.2/1.9 MB | 0.2/18 MBProgress (4): 2.9/3.2 MB | 1.5/93 MB | 1.2/1.9 MB | 0.2/18 MBProgress (4): 2.9/3.2 MB | 1.5/93 MB | 1.2/1.9 MB | 0.2/18 MBProgress (4): 2.9/3.2 MB | 1.5/93 MB | 1.2/1.9 MB | 0.2/18 MBProgress (4): 3.0/3.2 MB | 1.5/93 MB | 1.2/1.9 MB | 0.2/18 MBProgress (4): 3.0/3.2 MB | 1.5/93 MB | 1.2/1.9 MB | 0.2/18 MBProgress (4): 3.0/3.2 MB | 1.5/93 MB | 1.2/1.9 MB | 0.2/18 MBProgress (4): 3.0/3.2 MB | 1.5/93 MB | 1.2/1.9 MB | 0.2/18 MBProgress (4): 3.0/3.2 MB | 1.6/93 MB | 1.2/1.9 MB | 0.2/18 MBProgress (4): 3.0/3.2 MB | 1.6/93 MB | 1.3/1.9 MB | 0.2/18 MBProgress (4): 3.0/3.2 MB | 1.6/93 MB | 1.3/1.9 MB | 0.2/18 MBProgress (4): 3.0/3.2 MB | 1.6/93 MB | 1.3/1.9 MB | 0.2/18 MBProgress (4): 3.0/3.2 MB | 1.6/93 MB | 1.3/1.9 MB | 0.2/18 MBProgress (4): 3.0/3.2 MB | 1.6/93 MB | 1.3/1.9 MB | 0.2/18 MBProgress (4): 3.0/3.2 MB | 1.6/93 MB | 1.3/1.9 MB | 0.3/18 MBProgress (4): 3.0/3.2 MB | 1.6/93 MB | 1.3/1.9 MB | 0.3/18 MBProgress (4): 3.0/3.2 MB | 1.6/93 MB | 1.3/1.9 MB | 0.3/18 MBProgress (4): 3.0/3.2 MB | 1.6/93 MB | 1.3/1.9 MB | 0.3/18 MBProgress (4): 3.0/3.2 MB | 1.6/93 MB | 1.3/1.9 MB | 0.3/18 MBProgress (4): 3.0/3.2 MB | 1.6/93 MB | 1.3/1.9 MB | 0.3/18 MBProgress (4): 3.0/3.2 MB | 1.6/93 MB | 1.3/1.9 MB | 0.3/18 MBProgress (4): 3.0/3.2 MB | 1.6/93 MB | 1.3/1.9 MB | 0.3/18 MBProgress (4): 3.0/3.2 MB | 1.6/93 MB | 1.3/1.9 MB | 0.3/18 MBProgress (4): 3.0/3.2 MB | 1.7/93 MB | 1.3/1.9 MB | 0.3/18 MBProgress (4): 3.0/3.2 MB | 1.7/93 MB | 1.3/1.9 MB | 0.3/18 MBProgress (4): 3.0/3.2 MB | 1.7/93 MB | 1.3/1.9 MB | 0.3/18 MBProgress (4): 3.0/3.2 MB | 1.7/93 MB | 1.3/1.9 MB | 0.3/18 MBProgress (5): 3.0/3.2 MB | 1.7/93 MB | 1.3/1.9 MB | 0.3/18 MB | 7.7/12 kBProgress (5): 3.0/3.2 MB | 1.7/93 MB | 1.3/1.9 MB | 0.3/18 MB | 12 kB                                                                         Downloaded from central: https://repo.maven.apache.org/maven2/org/springframework/ai/spring-ai-autoconfigure-model-transformers/1.1.2/spring-ai-autoconfigure-model-transformers-1.1.2.jar (12 kB at 8.5 kB/s)
Downloading from central: https://repo.maven.apache.org/maven2/org/springframework/ai/spring-ai-autoconfigure-model-embedding-observation/1.1.2/spring-ai-autoconfigure-model-embedding-observation-1.1.2.jar
Progress (4): 3.0/3.2 MB | 1.7/93 MB | 1.3/1.9 MB | 0.3/18 MBProgress (4): 3.0/3.2 MB | 1.7/93 MB | 1.3/1.9 MB | 0.3/18 MBProgress (4): 3.0/3.2 MB | 1.7/93 MB | 1.3/1.9 MB | 0.3/18 MBProgress (4): 3.0/3.2 MB | 1.7/93 MB | 1.3/1.9 MB | 0.3/18 MBProgress (4): 3.0/3.2 MB | 1.7/93 MB | 1.3/1.9 MB | 0.3/18 MBProgress (4): 3.0/3.2 MB | 1.7/93 MB | 1.3/1.9 MB | 0.3/18 MBProgress (4): 3.0/3.2 MB | 1.7/93 MB | 1.3/1.9 MB | 0.3/18 MBProgress (4): 3.0/3.2 MB | 1.7/93 MB | 1.3/1.9 MB | 0.3/18 MBProgress (4): 3.1/3.2 MB | 1.7/93 MB | 1.3/1.9 MB | 0.3/18 MBProgress (4): 3.1/3.2 MB | 1.7/93 MB | 1.3/1.9 MB | 0.3/18 MBProgress (4): 3.1/3.2 MB | 1.7/93 MB | 1.4/1.9 MB | 0.3/18 MBProgress (4): 3.1/3.2 MB | 1.7/93 MB | 1.4/1.9 MB | 0.3/18 MBProgress (4): 3.1/3.2 MB | 1.7/93 MB | 1.4/1.9 MB | 0.3/18 MBProgress (4): 3.1/3.2 MB | 1.7/93 MB | 1.4/1.9 MB | 0.3/18 MBProgress (4): 3.1/3.2 MB | 1.7/93 MB | 1.4/1.9 MB | 0.3/18 MBProgress (4): 3.1/3.2 MB | 1.7/93 MB | 1.4/1.9 MB | 0.3/18 MBProgress (4): 3.1/3.2 MB | 1.7/93 MB | 1.4/1.9 MB | 0.4/18 MBProgress (4): 3.1/3.2 MB | 1.7/93 MB | 1.4/1.9 MB | 0.4/18 MBProgress (4): 3.1/3.2 MB | 1.7/93 MB | 1.4/1.9 MB | 0.4/18 MBProgress (4): 3.1/3.2 MB | 1.7/93 MB | 1.4/1.9 MB | 0.4/18 MBProgress (4): 3.1/3.2 MB | 1.7/93 MB | 1.4/1.9 MB | 0.4/18 MBProgress (4): 3.1/3.2 MB | 1.7/93 MB | 1.4/1.9 MB | 0.4/18 MBProgress (4): 3.1/3.2 MB | 1.7/93 MB | 1.4/1.9 MB | 0.4/18 MBProgress (4): 3.1/3.2 MB | 1.7/93 MB | 1.4/1.9 MB | 0.4/18 MBProgress (4): 3.1/3.2 MB | 1.7/93 MB | 1.4/1.9 MB | 0.4/18 MBProgress (4): 3.1/3.2 MB | 1.7/93 MB | 1.4/1.9 MB | 0.4/18 MBProgress (4): 3.1/3.2 MB | 1.8/93 MB | 1.4/1.9 MB | 0.4/18 MBProgress (4): 3.1/3.2 MB | 1.8/93 MB | 1.4/1.9 MB | 0.4/18 MBProgress (4): 3.1/3.2 MB | 1.8/93 MB | 1.4/1.9 MB | 0.4/18 MBProgress (4): 3.1/3.2 MB | 1.8/93 MB | 1.4/1.9 MB | 0.4/18 MBProgress (4): 3.1/3.2 MB | 1.8/93 MB | 1.4/1.9 MB | 0.4/18 MBProgress (4): 3.1/3.2 MB | 1.8/93 MB | 1.4/1.9 MB | 0.4/18 MBProgress (4): 3.1/3.2 MB | 1.8/93 MB | 1.4/1.9 MB | 0.5/18 MBProgress (4): 3.1/3.2 MB | 1.8/93 MB | 1.4/1.9 MB | 0.5/18 MBProgress (4): 3.1/3.2 MB | 1.8/93 MB | 1.4/1.9 MB | 0.5/18 MBProgress (4): 3.1/3.2 MB | 1.8/93 MB | 1.4/1.9 MB | 0.5/18 MBProgress (4): 3.2/3.2 MB | 1.8/93 MB | 1.4/1.9 MB | 0.5/18 MBProgress (4): 3.2/3.2 MB | 1.8/93 MB | 1.4/1.9 MB | 0.5/18 MBProgress (4): 3.2/3.2 MB | 1.8/93 MB | 1.4/1.9 MB | 0.5/18 MBProgress (4): 3.2/3.2 MB | 1.8/93 MB | 1.4/1.9 MB | 0.5/18 MBProgress (4): 3.2/3.2 MB | 1.8/93 MB | 1.5/1.9 MB | 0.5/18 MBProgress (4): 3.2/3.2 MB | 1.8/93 MB | 1.5/1.9 MB | 0.5/18 MBProgress (4): 3.2/3.2 MB | 1.8/93 MB | 1.5/1.9 MB | 0.5/18 MBProgress (4): 3.2/3.2 MB | 1.9/93 MB | 1.5/1.9 MB | 0.5/18 MBProgress (4): 3.2/3.2 MB | 1.9/93 MB | 1.5/1.9 MB | 0.5/18 MBProgress (4): 3.2/3.2 MB | 1.9/93 MB | 1.5/1.9 MB | 0.5/18 MBProgress (4): 3.2/3.2 MB | 1.9/93 MB | 1.5/1.9 MB | 0.5/18 MBProgress (4): 3.2/3.2 MB | 1.9/93 MB | 1.5/1.9 MB | 0.5/18 MBProgress (4): 3.2/3.2 MB | 1.9/93 MB | 1.5/1.9 MB | 0.5/18 MBProgress (5): 3.2/3.2 MB | 1.9/93 MB | 1.5/1.9 MB | 0.5/18 MB | 5.8 kBProgress (5): 3.2/3.2 MB | 1.9/93 MB | 1.5/1.9 MB | 0.5/18 MB | 5.8 kBProgress (5): 3.2/3.2 MB | 1.9/93 MB | 1.5/1.9 MB | 0.5/18 MB | 5.8 kB                                                                      Downloaded from central: https://repo.maven.apache.org/maven2/org/springframework/ai/spring-ai-autoconfigure-model-embedding-observation/1.1.2/spring-ai-autoconfigure-model-embedding-observation-1.1.2.jar (5.8 kB at 4.1 kB/s)
Progress (4): 3.2/3.2 MB | 1.9/93 MB | 1.5/1.9 MB | 0.5/18 MBProgress (4): 3.2/3.2 MB | 1.9/93 MB | 1.5/1.9 MB | 0.5/18 MBProgress (4): 3.2/3.2 MB | 1.9/93 MB | 1.5/1.9 MB | 0.5/18 MBProgress (4): 3.2/3.2 MB | 1.9/93 MB | 1.5/1.9 MB | 0.5/18 MBProgress (4): 3.2/3.2 MB | 1.9/93 MB | 1.5/1.9 MB | 0.5/18 MBProgress (4): 3.2/3.2 MB | 1.9/93 MB | 1.5/1.9 MB | 0.5/18 MB                                                             Downloading from central: https://repo.maven.apache.org/maven2/org/springframework/ai/spring-ai-ollama/1.1.2/spring-ai-ollama-1.1.2.jar
Progress (4): 3.2 MB | 1.9/93 MB | 1.5/1.9 MB | 0.5/18 MB                                                         Downloaded from central: https://repo.maven.apache.org/maven2/com/knuddels/jtokkit/1.1.0/jtokkit-1.1.0.jar (3.2 MB at 2.3 MB/s)
Progress (3): 1.9/93 MB | 1.5/1.9 MB | 0.5/18 MB                                                Downloading from central: https://repo.maven.apache.org/maven2/org/springframework/ai/spring-ai-retry/1.1.2/spring-ai-retry-1.1.2.jar
Progress (3): 1.9/93 MB | 1.5/1.9 MB | 0.5/18 MBProgress (3): 1.9/93 MB | 1.5/1.9 MB | 0.5/18 MBProgress (3): 1.9/93 MB | 1.5/1.9 MB | 0.6/18 MBProgress (3): 1.9/93 MB | 1.5/1.9 MB | 0.6/18 MBProgress (3): 1.9/93 MB | 1.5/1.9 MB | 0.6/18 MBProgress (3): 1.9/93 MB | 1.5/1.9 MB | 0.6/18 MBProgress (3): 1.9/93 MB | 1.6/1.9 MB | 0.6/18 MBProgress (3): 1.9/93 MB | 1.6/1.9 MB | 0.6/18 MBProgress (3): 1.9/93 MB | 1.6/1.9 MB | 0.6/18 MBProgress (3): 1.9/93 MB | 1.6/1.9 MB | 0.6/18 MBProgress (3): 2.0/93 MB | 1.6/1.9 MB | 0.6/18 MBProgress (3): 2.0/93 MB | 1.6/1.9 MB | 0.6/18 MBProgress (3): 2.0/93 MB | 1.6/1.9 MB | 0.6/18 MBProgress (3): 2.0/93 MB | 1.6/1.9 MB | 0.6/18 MBProgress (3): 2.0/93 MB | 1.6/1.9 MB | 0.6/18 MBProgress (3): 2.0/93 MB | 1.6/1.9 MB | 0.6/18 MBProgress (3): 2.0/93 MB | 1.6/1.9 MB | 0.6/18 MBProgress (3): 2.0/93 MB | 1.6/1.9 MB | 0.6/18 MBProgress (3): 2.0/93 MB | 1.6/1.9 MB | 0.7/18 MBProgress (3): 2.0/93 MB | 1.6/1.9 MB | 0.7/18 MBProgress (3): 2.0/93 MB | 1.6/1.9 MB | 0.7/18 MBProgress (3): 2.0/93 MB | 1.6/1.9 MB | 0.7/18 MBProgress (3): 2.0/93 MB | 1.7/1.9 MB | 0.7/18 MBProgress (3): 2.0/93 MB | 1.7/1.9 MB | 0.7/18 MBProgress (3): 2.0/93 MB | 1.7/1.9 MB | 0.7/18 MBProgress (3): 2.0/93 MB | 1.7/1.9 MB | 0.7/18 MBProgress (3): 2.0/93 MB | 1.7/1.9 MB | 0.7/18 MBProgress (3): 2.1/93 MB | 1.7/1.9 MB | 0.7/18 MBProgress (3): 2.1/93 MB | 1.7/1.9 MB | 0.7/18 MBProgress (3): 2.1/93 MB | 1.7/1.9 MB | 0.7/18 MBProgress (3): 2.1/93 MB | 1.7/1.9 MB | 0.7/18 MBProgress (3): 2.1/93 MB | 1.7/1.9 MB | 0.7/18 MBProgress (3): 2.1/93 MB | 1.7/1.9 MB | 0.7/18 MBProgress (3): 2.1/93 MB | 1.7/1.9 MB | 0.7/18 MBProgress (3): 2.1/93 MB | 1.7/1.9 MB | 0.7/18 MBProgress (4): 2.1/93 MB | 1.7/1.9 MB | 0.7/18 MB | 3.4/7.9 kBProgress (4): 2.1/93 MB | 1.7/1.9 MB | 0.7/18 MB | 7.9 kB                                                             Downloaded from central: https://repo.maven.apache.org/maven2/org/springframework/ai/spring-ai-retry/1.1.2/spring-ai-retry-1.1.2.jar (7.9 kB at 5.6 kB/s)
Progress (3): 2.1/93 MB | 1.7/1.9 MB | 0.7/18 MBProgress (4): 2.1/93 MB | 1.7/1.9 MB | 0.7/18 MB | 7.7/94 kBProgress (4): 2.1/93 MB | 1.7/1.9 MB | 0.7/18 MB | 12/94 kB Progress (4): 2.1/93 MB | 1.7/1.9 MB | 0.7/18 MB | 12/94 kBProgress (4): 2.1/93 MB | 1.7/1.9 MB | 0.7/18 MB | 29/94 kB                                                           Downloading from central: https://repo.maven.apache.org/maven2/org/springframework/spring-webflux/6.1.13/spring-webflux-6.1.13.jar
Progress (4): 2.1/93 MB | 1.7/1.9 MB | 0.7/18 MB | 29/94 kBProgress (4): 2.1/93 MB | 1.7/1.9 MB | 0.7/18 MB | 45/94 kBProgress (4): 2.1/93 MB | 1.7/1.9 MB | 0.7/18 MB | 45/94 kBProgress (4): 2.1/93 MB | 1.7/1.9 MB | 0.8/18 MB | 45/94 kBProgress (4): 2.1/93 MB | 1.7/1.9 MB | 0.8/18 MB | 45/94 kBProgress (4): 2.1/93 MB | 1.7/1.9 MB | 0.8/18 MB | 45/94 kBProgress (4): 2.1/93 MB | 1.7/1.9 MB | 0.8/18 MB | 45/94 kBProgress (4): 2.2/93 MB | 1.7/1.9 MB | 0.8/18 MB | 45/94 kBProgress (4): 2.2/93 MB | 1.8/1.9 MB | 0.8/18 MB | 45/94 kBProgress (4): 2.2/93 MB | 1.8/1.9 MB | 0.8/18 MB | 45/94 kBProgress (4): 2.2/93 MB | 1.8/1.9 MB | 0.8/18 MB | 45/94 kBProgress (4): 2.2/93 MB | 1.8/1.9 MB | 0.8/18 MB | 45/94 kBProgress (4): 2.2/93 MB | 1.8/1.9 MB | 0.8/18 MB | 45/94 kBProgress (4): 2.2/93 MB | 1.8/1.9 MB | 0.8/18 MB | 45/94 kBProgress (4): 2.2/93 MB | 1.8/1.9 MB | 0.8/18 MB | 61/94 kBProgress (4): 2.2/93 MB | 1.8/1.9 MB | 0.8/18 MB | 61/94 kBProgress (4): 2.2/93 MB | 1.8/1.9 MB | 0.8/18 MB | 78/94 kBProgress (4): 2.2/93 MB | 1.8/1.9 MB | 0.8/18 MB | 78/94 kBProgress (4): 2.2/93 MB | 1.8/1.9 MB | 0.8/18 MB | 94 kB   Progress (4): 2.2/93 MB | 1.8/1.9 MB | 0.8/18 MB | 94 kB                                                        Downloaded from central: https://repo.maven.apache.org/maven2/org/springframework/ai/spring-ai-ollama/1.1.2/spring-ai-ollama-1.1.2.jar (94 kB at 66 kB/s)
Downloading from central: https://repo.maven.apache.org/maven2/com/fasterxml/jackson/datatype/jackson-datatype-jsr310/2.17.2/jackson-datatype-jsr310-2.17.2.jar
Progress (3): 2.2/93 MB | 1.8/1.9 MB | 0.8/18 MBProgress (3): 2.2/93 MB | 1.8/1.9 MB | 0.8/18 MBProgress (3): 2.2/93 MB | 1.8/1.9 MB | 0.9/18 MBProgress (3): 2.2/93 MB | 1.8/1.9 MB | 0.9/18 MBProgress (3): 2.2/93 MB | 1.8/1.9 MB | 0.9/18 MBProgress (3): 2.2/93 MB | 1.9/1.9 MB | 0.9/18 MBProgress (3): 2.2/93 MB | 1.9/1.9 MB | 0.9/18 MBProgress (3): 2.2/93 MB | 1.9/1.9 MB | 0.9/18 MBProgress (3): 2.2/93 MB | 1.9/1.9 MB | 0.9/18 MBProgress (3): 2.2/93 MB | 1.9 MB | 0.9/18 MB    Progress (3): 2.2/93 MB | 1.9 MB | 0.9/18 MBProgress (3): 2.2/93 MB | 1.9 MB | 0.9/18 MBProgress (3): 2.2/93 MB | 1.9 MB | 0.9/18 MB                                            Downloaded from central: https://repo.maven.apache.org/maven2/net/java/dev/jna/jna/5.14.0/jna-5.14.0.jar (1.9 MB at 1.3 MB/s)
Downloading from central: https://repo.maven.apache.org/maven2/org/apache/tomcat/embed/tomcat-embed-core/10.1.30/tomcat-embed-core-10.1.30.jar
Progress (2): 2.3/93 MB | 0.9/18 MBProgress (2): 2.3/93 MB | 0.9/18 MBProgress (2): 2.3/93 MB | 0.9/18 MBProgress (2): 2.3/93 MB | 0.9/18 MBProgress (2): 2.3/93 MB | 0.9/18 MBProgress (2): 2.3/93 MB | 1.0/18 MBProgress (3): 2.3/93 MB | 1.0/18 MB | 7.7/980 kBProgress (3): 2.3/93 MB | 1.0/18 MB | 16/980 kB Progress (3): 2.3/93 MB | 1.0/18 MB | 29/980 kBProgress (3): 2.3/93 MB | 1.0/18 MB | 45/980 kBProgress (3): 2.3/93 MB | 1.0/18 MB | 45/980 kBProgress (3): 2.3/93 MB | 1.0/18 MB | 45/980 kBProgress (3): 2.3/93 MB | 1.0/18 MB | 45/980 kBProgress (3): 2.3/93 MB | 1.0/18 MB | 45/980 kBProgress (3): 2.3/93 MB | 1.0/18 MB | 45/980 kBProgress (3): 2.3/93 MB | 1.0/18 MB | 45/980 kBProgress (3): 2.4/93 MB | 1.0/18 MB | 45/980 kBProgress (3): 2.4/93 MB | 1.0/18 MB | 45/980 kBProgress (3): 2.4/93 MB | 1.0/18 MB | 61/980 kBProgress (3): 2.4/93 MB | 1.0/18 MB | 61/980 kBProgress (3): 2.4/93 MB | 1.0/18 MB | 78/980 kBProgress (3): 2.4/93 MB | 1.0/18 MB | 78/980 kBProgress (3): 2.4/93 MB | 1.0/18 MB | 94/980 kBProgress (3): 2.4/93 MB | 1.0/18 MB | 111/980 kBProgress (3): 2.4/93 MB | 1.0/18 MB | 111/980 kBProgress (3): 2.4/93 MB | 1.0/18 MB | 111/980 kBProgress (3): 2.4/93 MB | 1.1/18 MB | 111/980 kBProgress (3): 2.4/93 MB | 1.1/18 MB | 111/980 kBProgress (3): 2.4/93 MB | 1.1/18 MB | 111/980 kBProgress (3): 2.4/93 MB | 1.1/18 MB | 127/980 kBProgress (3): 2.4/93 MB | 1.1/18 MB | 127/980 kBProgress (4): 2.4/93 MB | 1.1/18 MB | 127/980 kB | 4.1/132 kBProgress (4): 2.4/93 MB | 1.1/18 MB | 127/980 kB | 4.1/132 kBProgress (4): 2.4/93 MB | 1.1/18 MB | 143/980 kB | 4.1/132 kBProgress (4): 2.4/93 MB | 1.1/18 MB | 143/980 kB | 20/132 kB Progress (4): 2.4/93 MB | 1.1/18 MB | 160/980 kB | 20/132 kBProgress (4): 2.4/93 MB | 1.1/18 MB | 160/980 kB | 37/132 kBProgress (4): 2.4/93 MB | 1.1/18 MB | 160/980 kB | 37/132 kBProgress (4): 2.4/93 MB | 1.1/18 MB | 160/980 kB | 37/132 kBProgress (4): 2.4/93 MB | 1.2/18 MB | 160/980 kB | 37/132 kBProgress (4): 2.4/93 MB | 1.2/18 MB | 160/980 kB | 37/132 kBProgress (4): 2.4/93 MB | 1.2/18 MB | 160/980 kB | 37/132 kBProgress (4): 2.4/93 MB | 1.2/18 MB | 160/980 kB | 37/132 kBProgress (4): 2.4/93 MB | 1.2/18 MB | 176/980 kB | 37/132 kBProgress (4): 2.4/93 MB | 1.2/18 MB | 193/980 kB | 37/132 kBProgress (4): 2.4/93 MB | 1.2/18 MB | 193/980 kB | 53/132 kBProgress (4): 2.4/93 MB | 1.2/18 MB | 209/980 kB | 53/132 kBProgress (4): 2.4/93 MB | 1.2/18 MB | 209/980 kB | 70/132 kBProgress (5): 2.4/93 MB | 1.2/18 MB | 209/980 kB | 70/132 kB | 0/3.6 MBProgress (5): 2.4/93 MB | 1.2/18 MB | 209/980 kB | 70/132 kB | 0/3.6 MBProgress (5): 2.4/93 MB | 1.2/18 MB | 209/980 kB | 86/132 kB | 0/3.6 MBProgress (5): 2.4/93 MB | 1.2/18 MB | 209/980 kB | 86/132 kB | 0/3.6 MBProgress (5): 2.5/93 MB | 1.2/18 MB | 209/980 kB | 86/132 kB | 0/3.6 MBProgress (5): 2.5/93 MB | 1.2/18 MB | 225/980 kB | 86/132 kB | 0/3.6 MBProgress (5): 2.5/93 MB | 1.2/18 MB | 225/980 kB | 86/132 kB | 0/3.6 MBProgress (5): 2.5/93 MB | 1.2/18 MB | 242/980 kB | 86/132 kB | 0/3.6 MBProgress (5): 2.5/93 MB | 1.2/18 MB | 242/980 kB | 86/132 kB | 0/3.6 MBProgress (5): 2.5/93 MB | 1.2/18 MB | 258/980 kB | 86/132 kB | 0/3.6 MBProgress (5): 2.5/93 MB | 1.2/18 MB | 258/980 kB | 86/132 kB | 0/3.6 MBProgress (5): 2.5/93 MB | 1.2/18 MB | 258/980 kB | 86/132 kB | 0/3.6 MBProgress (5): 2.5/93 MB | 1.2/18 MB | 258/980 kB | 86/132 kB | 0/3.6 MBProgress (5): 2.5/93 MB | 1.2/18 MB | 258/980 kB | 86/132 kB | 0/3.6 MBProgress (5): 2.5/93 MB | 1.2/18 MB | 258/980 kB | 102/132 kB | 0/3.6 MBProgress (5): 2.5/93 MB | 1.2/18 MB | 258/980 kB | 102/132 kB | 0/3.6 MBProgress (5): 2.5/93 MB | 1.2/18 MB | 258/980 kB | 119/132 kB | 0/3.6 MBProgress (5): 2.5/93 MB | 1.2/18 MB | 258/980 kB | 119/132 kB | 0.1/3.6 MBProgress (5): 2.5/93 MB | 1.2/18 MB | 258/980 kB | 119/132 kB | 0.1/3.6 MBProgress (5): 2.5/93 MB | 1.2/18 MB | 258/980 kB | 132 kB | 0.1/3.6 MB    Progress (5): 2.5/93 MB | 1.3/18 MB | 258/980 kB | 132 kB | 0.1/3.6 MBProgress (5): 2.5/93 MB | 1.3/18 MB | 274/980 kB | 132 kB | 0.1/3.6 MBProgress (5): 2.5/93 MB | 1.3/18 MB | 291/980 kB | 132 kB | 0.1/3.6 MBProgress (5): 2.5/93 MB | 1.3/18 MB | 307/980 kB | 132 kB | 0.1/3.6 MBProgress (5): 2.5/93 MB | 1.3/18 MB | 307/980 kB | 132 kB | 0.1/3.6 MBProgress (5): 2.5/93 MB | 1.3/18 MB | 307/980 kB | 132 kB | 0.1/3.6 MBProgress (5): 2.5/93 MB | 1.3/18 MB | 307/980 kB | 132 kB | 0.1/3.6 MBProgress (5): 2.5/93 MB | 1.3/18 MB | 307/980 kB | 132 kB | 0.1/3.6 MBProgress (5): 2.5/93 MB | 1.3/18 MB | 307/980 kB | 132 kB | 0.1/3.6 MBProgress (5): 2.6/93 MB | 1.3/18 MB | 307/980 kB | 132 kB | 0.1/3.6 MBProgress (5): 2.6/93 MB | 1.3/18 MB | 307/980 kB | 132 kB | 0.1/3.6 MBProgress (5): 2.6/93 MB | 1.3/18 MB | 324/980 kB | 132 kB | 0.1/3.6 MB                                                                      Downloaded from central: https://repo.maven.apache.org/maven2/com/fasterxml/jackson/datatype/jackson-datatype-jsr310/2.17.2/jackson-datatype-jsr310-2.17.2.jar (132 kB at 90 kB/s)
Downloading from central: https://repo.maven.apache.org/maven2/org/apache/tomcat/tomcat-annotations-api/10.1.30/tomcat-annotations-api-10.1.30.jar
Progress (4): 2.6/93 MB | 1.3/18 MB | 324/980 kB | 0.1/3.6 MBProgress (4): 2.6/93 MB | 1.3/18 MB | 324/980 kB | 0.1/3.6 MBProgress (4): 2.6/93 MB | 1.3/18 MB | 324/980 kB | 0.1/3.6 MBProgress (4): 2.6/93 MB | 1.3/18 MB | 324/980 kB | 0.1/3.6 MBProgress (4): 2.6/93 MB | 1.3/18 MB | 340/980 kB | 0.1/3.6 MBProgress (4): 2.6/93 MB | 1.3/18 MB | 356/980 kB | 0.1/3.6 MBProgress (4): 2.6/93 MB | 1.3/18 MB | 356/980 kB | 0.1/3.6 MBProgress (4): 2.6/93 MB | 1.3/18 MB | 356/980 kB | 0.1/3.6 MBProgress (4): 2.6/93 MB | 1.3/18 MB | 356/980 kB | 0.1/3.6 MBProgress (4): 2.6/93 MB | 1.3/18 MB | 356/980 kB | 0.1/3.6 MBProgress (4): 2.6/93 MB | 1.3/18 MB | 356/980 kB | 0.1/3.6 MBProgress (4): 2.6/93 MB | 1.3/18 MB | 356/980 kB | 0.1/3.6 MBProgress (4): 2.6/93 MB | 1.3/18 MB | 373/980 kB | 0.1/3.6 MBProgress (4): 2.6/93 MB | 1.3/18 MB | 389/980 kB | 0.1/3.6 MBProgress (4): 2.6/93 MB | 1.3/18 MB | 389/980 kB | 0.1/3.6 MBProgress (4): 2.6/93 MB | 1.4/18 MB | 389/980 kB | 0.1/3.6 MBProgress (4): 2.7/93 MB | 1.4/18 MB | 389/980 kB | 0.1/3.6 MBProgress (4): 2.7/93 MB | 1.4/18 MB | 389/980 kB | 0.1/3.6 MBProgress (4): 2.7/93 MB | 1.4/18 MB | 389/980 kB | 0.1/3.6 MBProgress (4): 2.7/93 MB | 1.4/18 MB | 389/980 kB | 0.1/3.6 MBProgress (4): 2.7/93 MB | 1.4/18 MB | 406/980 kB | 0.1/3.6 MBProgress (4): 2.7/93 MB | 1.4/18 MB | 406/980 kB | 0.1/3.6 MBProgress (4): 2.7/93 MB | 1.4/18 MB | 406/980 kB | 0.2/3.6 MBProgress (4): 2.7/93 MB | 1.4/18 MB | 406/980 kB | 0.2/3.6 MBProgress (4): 2.7/93 MB | 1.4/18 MB | 406/980 kB | 0.2/3.6 MBProgress (4): 2.7/93 MB | 1.4/18 MB | 406/980 kB | 0.2/3.6 MBProgress (4): 2.7/93 MB | 1.4/18 MB | 422/980 kB | 0.2/3.6 MBProgress (4): 2.7/93 MB | 1.4/18 MB | 422/980 kB | 0.2/3.6 MBProgress (4): 2.7/93 MB | 1.4/18 MB | 438/980 kB | 0.2/3.6 MBProgress (4): 2.7/93 MB | 1.4/18 MB | 438/980 kB | 0.2/3.6 MBProgress (4): 2.7/93 MB | 1.4/18 MB | 455/980 kB | 0.2/3.6 MBProgress (4): 2.7/93 MB | 1.4/18 MB | 455/980 kB | 0.2/3.6 MBProgress (4): 2.7/93 MB | 1.4/18 MB | 455/980 kB | 0.2/3.6 MBProgress (4): 2.7/93 MB | 1.4/18 MB | 455/980 kB | 0.2/3.6 MBProgress (4): 2.7/93 MB | 1.4/18 MB | 455/980 kB | 0.2/3.6 MBProgress (4): 2.8/93 MB | 1.4/18 MB | 455/980 kB | 0.2/3.6 MBProgress (4): 2.8/93 MB | 1.4/18 MB | 455/980 kB | 0.2/3.6 MBProgress (4): 2.8/93 MB | 1.4/18 MB | 455/980 kB | 0.2/3.6 MBProgress (4): 2.8/93 MB | 1.4/18 MB | 471/980 kB | 0.2/3.6 MBProgress (4): 2.8/93 MB | 1.4/18 MB | 487/980 kB | 0.2/3.6 MBProgress (5): 2.8/93 MB | 1.4/18 MB | 487/980 kB | 0.2/3.6 MB | 7.7/14 kBProgress (5): 2.8/93 MB | 1.4/18 MB | 487/980 kB | 0.2/3.6 MB | 14 kB    Progress (5): 2.8/93 MB | 1.4/18 MB | 487/980 kB | 0.2/3.6 MB | 14 kB                                                                     Downloaded from central: https://repo.maven.apache.org/maven2/org/apache/tomcat/tomcat-annotations-api/10.1.30/tomcat-annotations-api-10.1.30.jar (14 kB at 9.6 kB/s)
Downloading from central: https://repo.maven.apache.org/maven2/org/yaml/snakeyaml/2.0/snakeyaml-2.0.jar
Progress (4): 2.8/93 MB | 1.4/18 MB | 487/980 kB | 0.2/3.6 MBProgress (4): 2.8/93 MB | 1.4/18 MB | 487/980 kB | 0.3/3.6 MBProgress (4): 2.8/93 MB | 1.4/18 MB | 487/980 kB | 0.3/3.6 MBProgress (4): 2.8/93 MB | 1.5/18 MB | 487/980 kB | 0.3/3.6 MBProgress (4): 2.8/93 MB | 1.5/18 MB | 487/980 kB | 0.3/3.6 MBProgress (4): 2.8/93 MB | 1.5/18 MB | 487/980 kB | 0.3/3.6 MBProgress (4): 2.8/93 MB | 1.5/18 MB | 487/980 kB | 0.3/3.6 MBProgress (4): 2.8/93 MB | 1.5/18 MB | 504/980 kB | 0.3/3.6 MBProgress (4): 2.8/93 MB | 1.5/18 MB | 504/980 kB | 0.3/3.6 MBProgress (4): 2.8/93 MB | 1.5/18 MB | 504/980 kB | 0.3/3.6 MBProgress (4): 2.8/93 MB | 1.5/18 MB | 504/980 kB | 0.3/3.6 MBProgress (4): 2.8/93 MB | 1.5/18 MB | 504/980 kB | 0.3/3.6 MBProgress (4): 2.8/93 MB | 1.5/18 MB | 520/980 kB | 0.3/3.6 MBProgress (4): 2.8/93 MB | 1.5/18 MB | 520/980 kB | 0.3/3.6 MBProgress (4): 2.8/93 MB | 1.5/18 MB | 537/980 kB | 0.3/3.6 MBProgress (4): 2.9/93 MB | 1.5/18 MB | 537/980 kB | 0.3/3.6 MBProgress (4): 2.9/93 MB | 1.5/18 MB | 537/980 kB | 0.3/3.6 MBProgress (4): 2.9/93 MB | 1.5/18 MB | 537/980 kB | 0.3/3.6 MBProgress (4): 2.9/93 MB | 1.5/18 MB | 537/980 kB | 0.3/3.6 MBProgress (4): 2.9/93 MB | 1.5/18 MB | 553/980 kB | 0.3/3.6 MBProgress (4): 2.9/93 MB | 1.5/18 MB | 553/980 kB | 0.3/3.6 MBProgress (4): 2.9/93 MB | 1.5/18 MB | 553/980 kB | 0.3/3.6 MBProgress (4): 2.9/93 MB | 1.5/18 MB | 553/980 kB | 0.3/3.6 MBProgress (4): 2.9/93 MB | 1.5/18 MB | 553/980 kB | 0.3/3.6 MBProgress (4): 2.9/93 MB | 1.5/18 MB | 553/980 kB | 0.3/3.6 MBProgress (4): 2.9/93 MB | 1.5/18 MB | 569/980 kB | 0.3/3.6 MBProgress (4): 2.9/93 MB | 1.5/18 MB | 569/980 kB | 0.3/3.6 MBProgress (4): 2.9/93 MB | 1.5/18 MB | 569/980 kB | 0.3/3.6 MBProgress (4): 2.9/93 MB | 1.6/18 MB | 569/980 kB | 0.3/3.6 MBProgress (4): 2.9/93 MB | 1.6/18 MB | 569/980 kB | 0.3/3.6 MBProgress (4): 2.9/93 MB | 1.6/18 MB | 569/980 kB | 0.4/3.6 MBProgress (4): 2.9/93 MB | 1.6/18 MB | 569/980 kB | 0.4/3.6 MBProgress (4): 2.9/93 MB | 1.6/18 MB | 569/980 kB | 0.4/3.6 MBProgress (4): 2.9/93 MB | 1.6/18 MB | 586/980 kB | 0.4/3.6 MBProgress (4): 3.0/93 MB | 1.6/18 MB | 586/980 kB | 0.4/3.6 MBProgress (4): 3.0/93 MB | 1.6/18 MB | 602/980 kB | 0.4/3.6 MBProgress (4): 3.0/93 MB | 1.6/18 MB | 602/980 kB | 0.4/3.6 MBProgress (4): 3.0/93 MB | 1.6/18 MB | 618/980 kB | 0.4/3.6 MBProgress (4): 3.0/93 MB | 1.6/18 MB | 618/980 kB | 0.4/3.6 MBProgress (4): 3.0/93 MB | 1.6/18 MB | 618/980 kB | 0.4/3.6 MBProgress (4): 3.0/93 MB | 1.6/18 MB | 618/980 kB | 0.4/3.6 MBProgress (4): 3.0/93 MB | 1.6/18 MB | 618/980 kB | 0.4/3.6 MBProgress (4): 3.0/93 MB | 1.6/18 MB | 618/980 kB | 0.4/3.6 MBProgress (4): 3.0/93 MB | 1.6/18 MB | 635/980 kB | 0.4/3.6 MBProgress (5): 3.0/93 MB | 1.6/18 MB | 635/980 kB | 0.4/3.6 MB | 7.7/335 kBProgress (5): 3.0/93 MB | 1.6/18 MB | 635/980 kB | 0.4/3.6 MB | 16/335 kB Progress (5): 3.0/93 MB | 1.6/18 MB | 651/980 kB | 0.4/3.6 MB | 16/335 kBProgress (5): 3.0/93 MB | 1.6/18 MB | 651/980 kB | 0.4/3.6 MB | 32/335 kBProgress (5): 3.0/93 MB | 1.6/18 MB | 668/980 kB | 0.4/3.6 MB | 32/335 kBProgress (5): 3.0/93 MB | 1.6/18 MB | 668/980 kB | 0.4/3.6 MB | 32/335 kBProgress (5): 3.0/93 MB | 1.6/18 MB | 668/980 kB | 0.4/3.6 MB | 32/335 kBProgress (5): 3.0/93 MB | 1.6/18 MB | 668/980 kB | 0.4/3.6 MB | 32/335 kBProgress (5): 3.0/93 MB | 1.7/18 MB | 668/980 kB | 0.4/3.6 MB | 32/335 kBProgress (5): 3.0/93 MB | 1.7/18 MB | 668/980 kB | 0.4/3.6 MB | 32/335 kBProgress (5): 3.0/93 MB | 1.7/18 MB | 668/980 kB | 0.4/3.6 MB | 32/335 kBProgress (5): 3.0/93 MB | 1.7/18 MB | 668/980 kB | 0.4/3.6 MB | 48/335 kBProgress (5): 3.0/93 MB | 1.7/18 MB | 668/980 kB | 0.5/3.6 MB | 48/335 kBProgress (5): 3.0/93 MB | 1.7/18 MB | 684/980 kB | 0.5/3.6 MB | 48/335 kBProgress (5): 3.0/93 MB | 1.7/18 MB | 700/980 kB | 0.5/3.6 MB | 48/335 kBProgress (5): 3.0/93 MB | 1.7/18 MB | 700/980 kB | 0.5/3.6 MB | 48/335 kBProgress (5): 3.0/93 MB | 1.7/18 MB | 700/980 kB | 0.5/3.6 MB | 48/335 kBProgress (5): 3.0/93 MB | 1.7/18 MB | 700/980 kB | 0.5/3.6 MB | 48/335 kBProgress (5): 3.0/93 MB | 1.7/18 MB | 700/980 kB | 0.5/3.6 MB | 48/335 kBProgress (5): 3.0/93 MB | 1.7/18 MB | 700/980 kB | 0.5/3.6 MB | 65/335 kBProgress (5): 3.0/93 MB | 1.7/18 MB | 700/980 kB | 0.5/3.6 MB | 65/335 kBProgress (5): 3.0/93 MB | 1.7/18 MB | 700/980 kB | 0.5/3.6 MB | 65/335 kBProgress (5): 3.1/93 MB | 1.7/18 MB | 700/980 kB | 0.5/3.6 MB | 65/335 kBProgress (5): 3.1/93 MB | 1.7/18 MB | 717/980 kB | 0.5/3.6 MB | 65/335 kBProgress (5): 3.1/93 MB | 1.7/18 MB | 717/980 kB | 0.5/3.6 MB | 65/335 kBProgress (5): 3.1/93 MB | 1.7/18 MB | 733/980 kB | 0.5/3.6 MB | 65/335 kBProgress (5): 3.1/93 MB | 1.7/18 MB | 733/980 kB | 0.5/3.6 MB | 65/335 kBProgress (5): 3.1/93 MB | 1.7/18 MB | 733/980 kB | 0.5/3.6 MB | 81/335 kBProgress (5): 3.1/93 MB | 1.7/18 MB | 733/980 kB | 0.5/3.6 MB | 81/335 kBProgress (5): 3.1/93 MB | 1.7/18 MB | 733/980 kB | 0.5/3.6 MB | 98/335 kBProgress (5): 3.1/93 MB | 1.7/18 MB | 733/980 kB | 0.5/3.6 MB | 98/335 kBProgress (5): 3.1/93 MB | 1.7/18 MB | 733/980 kB | 0.5/3.6 MB | 98/335 kBProgress (5): 3.1/93 MB | 1.7/18 MB | 733/980 kB | 0.5/3.6 MB | 114/335 kBProgress (5): 3.1/93 MB | 1.7/18 MB | 733/980 kB | 0.5/3.6 MB | 115/335 kBProgress (5): 3.1/93 MB | 1.7/18 MB | 733/980 kB | 0.5/3.6 MB | 115/335 kBProgress (5): 3.1/93 MB | 1.7/18 MB | 733/980 kB | 0.5/3.6 MB | 131/335 kBProgress (5): 3.1/93 MB | 1.7/18 MB | 733/980 kB | 0.5/3.6 MB | 131/335 kBProgress (5): 3.1/93 MB | 1.7/18 MB | 750/980 kB | 0.5/3.6 MB | 131/335 kBProgress (5): 3.1/93 MB | 1.7/18 MB | 766/980 kB | 0.5/3.6 MB | 131/335 kBProgress (5): 3.1/93 MB | 1.7/18 MB | 782/980 kB | 0.5/3.6 MB | 131/335 kBProgress (5): 3.1/93 MB | 1.7/18 MB | 782/980 kB | 0.5/3.6 MB | 131/335 kBProgress (5): 3.1/93 MB | 1.7/18 MB | 782/980 kB | 0.5/3.6 MB | 131/335 kBProgress (5): 3.1/93 MB | 1.7/18 MB | 782/980 kB | 0.5/3.6 MB | 131/335 kBProgress (5): 3.1/93 MB | 1.7/18 MB | 782/980 kB | 0.6/3.6 MB | 131/335 kBProgress (5): 3.1/93 MB | 1.7/18 MB | 782/980 kB | 0.6/3.6 MB | 131/335 kBProgress (5): 3.1/93 MB | 1.8/18 MB | 782/980 kB | 0.6/3.6 MB | 131/335 kBProgress (5): 3.1/93 MB | 1.8/18 MB | 782/980 kB | 0.6/3.6 MB | 131/335 kBProgress (5): 3.1/93 MB | 1.8/18 MB | 782/980 kB | 0.6/3.6 MB | 131/335 kBProgress (5): 3.1/93 MB | 1.8/18 MB | 782/980 kB | 0.6/3.6 MB | 131/335 kBProgress (5): 3.2/93 MB | 1.8/18 MB | 782/980 kB | 0.6/3.6 MB | 131/335 kBProgress (5): 3.2/93 MB | 1.8/18 MB | 799/980 kB | 0.6/3.6 MB | 131/335 kBProgress (5): 3.2/93 MB | 1.8/18 MB | 799/980 kB | 0.6/3.6 MB | 147/335 kBProgress (5): 3.2/93 MB | 1.8/18 MB | 815/980 kB | 0.6/3.6 MB | 147/335 kBProgress (5): 3.2/93 MB | 1.8/18 MB | 815/980 kB | 0.6/3.6 MB | 164/335 kBProgress (5): 3.2/93 MB | 1.8/18 MB | 831/980 kB | 0.6/3.6 MB | 164/335 kBProgress (5): 3.2/93 MB | 1.8/18 MB | 831/980 kB | 0.6/3.6 MB | 180/335 kBProgress (5): 3.2/93 MB | 1.8/18 MB | 831/980 kB | 0.6/3.6 MB | 180/335 kBProgress (5): 3.2/93 MB | 1.8/18 MB | 831/980 kB | 0.6/3.6 MB | 180/335 kBProgress (5): 3.2/93 MB | 1.8/18 MB | 831/980 kB | 0.6/3.6 MB | 180/335 kBProgress (5): 3.2/93 MB | 1.8/18 MB | 831/980 kB | 0.6/3.6 MB | 180/335 kBProgress (5): 3.2/93 MB | 1.8/18 MB | 831/980 kB | 0.6/3.6 MB | 180/335 kBProgress (5): 3.2/93 MB | 1.8/18 MB | 831/980 kB | 0.6/3.6 MB | 180/335 kBProgress (5): 3.2/93 MB | 1.8/18 MB | 831/980 kB | 0.6/3.6 MB | 180/335 kBProgress (5): 3.2/93 MB | 1.8/18 MB | 831/980 kB | 0.6/3.6 MB | 197/335 kBProgress (5): 3.2/93 MB | 1.8/18 MB | 831/980 kB | 0.6/3.6 MB | 197/335 kBProgress (5): 3.2/93 MB | 1.8/18 MB | 831/980 kB | 0.6/3.6 MB | 213/335 kBProgress (5): 3.2/93 MB | 1.8/18 MB | 848/980 kB | 0.6/3.6 MB | 213/335 kBProgress (5): 3.2/93 MB | 1.8/18 MB | 864/980 kB | 0.6/3.6 MB | 213/335 kBProgress (5): 3.2/93 MB | 1.8/18 MB | 881/980 kB | 0.6/3.6 MB | 213/335 kBProgress (5): 3.2/93 MB | 1.8/18 MB | 881/980 kB | 0.6/3.6 MB | 229/335 kBProgress (5): 3.2/93 MB | 1.8/18 MB | 881/980 kB | 0.6/3.6 MB | 229/335 kBProgress (5): 3.2/93 MB | 1.8/18 MB | 881/980 kB | 0.6/3.6 MB | 246/335 kBProgress (5): 3.2/93 MB | 1.9/18 MB | 881/980 kB | 0.6/3.6 MB | 246/335 kBProgress (5): 3.2/93 MB | 1.9/18 MB | 881/980 kB | 0.6/3.6 MB | 246/335 kBProgress (5): 3.2/93 MB | 1.9/18 MB | 881/980 kB | 0.6/3.6 MB | 246/335 kBProgress (5): 3.2/93 MB | 1.9/18 MB | 881/980 kB | 0.6/3.6 MB | 246/335 kBProgress (5): 3.2/93 MB | 1.9/18 MB | 897/980 kB | 0.6/3.6 MB | 246/335 kBProgress (5): 3.2/93 MB | 1.9/18 MB | 897/980 kB | 0.6/3.6 MB | 246/335 kBProgress (5): 3.2/93 MB | 1.9/18 MB | 913/980 kB | 0.6/3.6 MB | 246/335 kBProgress (5): 3.2/93 MB | 1.9/18 MB | 913/980 kB | 0.6/3.6 MB | 246/335 kBProgress (5): 3.2/93 MB | 1.9/18 MB | 913/980 kB | 0.6/3.6 MB | 246/335 kBProgress (5): 3.2/93 MB | 1.9/18 MB | 913/980 kB | 0.7/3.6 MB | 246/335 kBProgress (5): 3.2/93 MB | 1.9/18 MB | 913/980 kB | 0.7/3.6 MB | 262/335 kBProgress (5): 3.2/93 MB | 1.9/18 MB | 913/980 kB | 0.7/3.6 MB | 262/335 kBProgress (5): 3.2/93 MB | 1.9/18 MB | 913/980 kB | 0.7/3.6 MB | 262/335 kBProgress (5): 3.2/93 MB | 1.9/18 MB | 913/980 kB | 0.7/3.6 MB | 262/335 kBProgress (5): 3.2/93 MB | 1.9/18 MB | 913/980 kB | 0.7/3.6 MB | 279/335 kBProgress (5): 3.2/93 MB | 1.9/18 MB | 930/980 kB | 0.7/3.6 MB | 279/335 kBProgress (5): 3.2/93 MB | 1.9/18 MB | 930/980 kB | 0.7/3.6 MB | 295/335 kBProgress (5): 3.3/93 MB | 1.9/18 MB | 930/980 kB | 0.7/3.6 MB | 295/335 kBProgress (5): 3.3/93 MB | 1.9/18 MB | 946/980 kB | 0.7/3.6 MB | 295/335 kBProgress (5): 3.3/93 MB | 1.9/18 MB | 946/980 kB | 0.7/3.6 MB | 295/335 kBProgress (5): 3.3/93 MB | 1.9/18 MB | 963/980 kB | 0.7/3.6 MB | 295/335 kBProgress (5): 3.3/93 MB | 1.9/18 MB | 963/980 kB | 0.7/3.6 MB | 295/335 kBProgress (5): 3.3/93 MB | 1.9/18 MB | 963/980 kB | 0.7/3.6 MB | 295/335 kBProgress (5): 3.3/93 MB | 1.9/18 MB | 963/980 kB | 0.7/3.6 MB | 295/335 kBProgress (5): 3.3/93 MB | 1.9/18 MB | 963/980 kB | 0.7/3.6 MB | 295/335 kBProgress (5): 3.3/93 MB | 1.9/18 MB | 963/980 kB | 0.7/3.6 MB | 295/335 kBProgress (5): 3.3/93 MB | 1.9/18 MB | 963/980 kB | 0.7/3.6 MB | 311/335 kBProgress (5): 3.3/93 MB | 1.9/18 MB | 963/980 kB | 0.7/3.6 MB | 311/335 kBProgress (5): 3.3/93 MB | 1.9/18 MB | 963/980 kB | 0.7/3.6 MB | 328/335 kBProgress (5): 3.3/93 MB | 1.9/18 MB | 963/980 kB | 0.7/3.6 MB | 328/335 kBProgress (5): 3.3/93 MB | 1.9/18 MB | 963/980 kB | 0.7/3.6 MB | 335 kB    Progress (5): 3.3/93 MB | 1.9/18 MB | 963/980 kB | 0.8/3.6 MB | 335 kBProgress (5): 3.3/93 MB | 2.0/18 MB | 963/980 kB | 0.8/3.6 MB | 335 kBProgress (5): 3.3/93 MB | 2.0/18 MB | 979/980 kB | 0.8/3.6 MB | 335 kBProgress (5): 3.3/93 MB | 2.0/18 MB | 980 kB | 0.8/3.6 MB | 335 kB                                                                      Downloaded from central: https://repo.maven.apache.org/maven2/org/springframework/spring-webflux/6.1.13/spring-webflux-6.1.13.jar (980 kB at 635 kB/s)
Downloading from central: https://repo.maven.apache.org/maven2/ch/qos/logback/logback-classic/1.4.12/logback-classic-1.4.12.jar
Progress (4): 3.3/93 MB | 2.0/18 MB | 0.8/3.6 MB | 335 kBProgress (4): 3.3/93 MB | 2.0/18 MB | 0.8/3.6 MB | 335 kBProgress (4): 3.3/93 MB | 2.0/18 MB | 0.8/3.6 MB | 335 kBProgress (4): 3.4/93 MB | 2.0/18 MB | 0.8/3.6 MB | 335 kBProgress (4): 3.4/93 MB | 2.0/18 MB | 0.8/3.6 MB | 335 kBProgress (4): 3.4/93 MB | 2.0/18 MB | 0.8/3.6 MB | 335 kB                                                         Downloaded from central: https://repo.maven.apache.org/maven2/org/yaml/snakeyaml/2.0/snakeyaml-2.0.jar (335 kB at 217 kB/s)
Downloading from central: https://repo.maven.apache.org/maven2/org/springframework/spring-core/6.1.13/spring-core-6.1.13.jar
Progress (3): 3.4/93 MB | 2.0/18 MB | 0.8/3.6 MBProgress (3): 3.4/93 MB | 2.0/18 MB | 0.8/3.6 MBProgress (3): 3.4/93 MB | 2.0/18 MB | 0.8/3.6 MBProgress (3): 3.4/93 MB | 2.0/18 MB | 0.8/3.6 MBProgress (3): 3.4/93 MB | 2.0/18 MB | 0.8/3.6 MBProgress (3): 3.4/93 MB | 2.0/18 MB | 0.8/3.6 MBProgress (3): 3.4/93 MB | 2.0/18 MB | 0.8/3.6 MBProgress (3): 3.4/93 MB | 2.0/18 MB | 0.8/3.6 MBProgress (3): 3.4/93 MB | 2.1/18 MB | 0.8/3.6 MBProgress (3): 3.4/93 MB | 2.1/18 MB | 0.8/3.6 MBProgress (3): 3.4/93 MB | 2.1/18 MB | 0.8/3.6 MBProgress (3): 3.4/93 MB | 2.1/18 MB | 0.8/3.6 MBProgress (3): 3.4/93 MB | 2.1/18 MB | 0.8/3.6 MBProgress (3): 3.4/93 MB | 2.1/18 MB | 0.9/3.6 MBProgress (3): 3.4/93 MB | 2.1/18 MB | 0.9/3.6 MBProgress (3): 3.4/93 MB | 2.1/18 MB | 0.9/3.6 MBProgress (3): 3.4/93 MB | 2.1/18 MB | 0.9/3.6 MBProgress (3): 3.5/93 MB | 2.1/18 MB | 0.9/3.6 MBProgress (3): 3.5/93 MB | 2.1/18 MB | 0.9/3.6 MBProgress (3): 3.5/93 MB | 2.1/18 MB | 0.9/3.6 MBProgress (3): 3.5/93 MB | 2.1/18 MB | 0.9/3.6 MBProgress (3): 3.5/93 MB | 2.1/18 MB | 0.9/3.6 MBProgress (3): 3.5/93 MB | 2.1/18 MB | 0.9/3.6 MBProgress (3): 3.5/93 MB | 2.1/18 MB | 0.9/3.6 MBProgress (3): 3.5/93 MB | 2.1/18 MB | 0.9/3.6 MBProgress (3): 3.5/93 MB | 2.1/18 MB | 0.9/3.6 MBProgress (3): 3.5/93 MB | 2.1/18 MB | 0.9/3.6 MBProgress (3): 3.5/93 MB | 2.1/18 MB | 0.9/3.6 MBProgress (3): 3.5/93 MB | 2.2/18 MB | 0.9/3.6 MBProgress (3): 3.5/93 MB | 2.2/18 MB | 0.9/3.6 MBProgress (3): 3.5/93 MB | 2.2/18 MB | 0.9/3.6 MBProgress (3): 3.5/93 MB | 2.2/18 MB | 0.9/3.6 MBProgress (3): 3.5/93 MB | 2.2/18 MB | 0.9/3.6 MBProgress (3): 3.6/93 MB | 2.2/18 MB | 0.9/3.6 MBProgress (3): 3.6/93 MB | 2.2/18 MB | 1.0/3.6 MBProgress (3): 3.6/93 MB | 2.2/18 MB | 1.0/3.6 MBProgress (3): 3.6/93 MB | 2.2/18 MB | 1.0/3.6 MBProgress (3): 3.6/93 MB | 2.2/18 MB | 1.0/3.6 MBProgress (3): 3.6/93 MB | 2.2/18 MB | 1.0/3.6 MBProgress (3): 3.6/93 MB | 2.2/18 MB | 1.0/3.6 MBProgress (3): 3.6/93 MB | 2.2/18 MB | 1.0/3.6 MBProgress (3): 3.6/93 MB | 2.2/18 MB | 1.0/3.6 MBProgress (3): 3.6/93 MB | 2.3/18 MB | 1.0/3.6 MBProgress (4): 3.6/93 MB | 2.3/18 MB | 1.0/3.6 MB | 7.7/284 kBProgress (5): 3.6/93 MB | 2.3/18 MB | 1.0/3.6 MB | 7.7/284 kB | 0/1.9 MBProgress (5): 3.6/93 MB | 2.3/18 MB | 1.0/3.6 MB | 12/284 kB | 0/1.9 MB Progress (5): 3.6/93 MB | 2.3/18 MB | 1.0/3.6 MB | 12/284 kB | 0/1.9 MBProgress (5): 3.6/93 MB | 2.3/18 MB | 1.0/3.6 MB | 12/284 kB | 0/1.9 MBProgress (5): 3.6/93 MB | 2.3/18 MB | 1.0/3.6 MB | 29/284 kB | 0/1.9 MBProgress (5): 3.6/93 MB | 2.3/18 MB | 1.0/3.6 MB | 29/284 kB | 0/1.9 MBProgress (5): 3.6/93 MB | 2.3/18 MB | 1.0/3.6 MB | 29/284 kB | 0/1.9 MBProgress (5): 3.6/93 MB | 2.3/18 MB | 1.0/3.6 MB | 29/284 kB | 0/1.9 MBProgress (5): 3.6/93 MB | 2.3/18 MB | 1.0/3.6 MB | 29/284 kB | 0/1.9 MBProgress (5): 3.6/93 MB | 2.3/18 MB | 1.0/3.6 MB | 29/284 kB | 0/1.9 MBProgress (5): 3.6/93 MB | 2.3/18 MB | 1.0/3.6 MB | 29/284 kB | 0/1.9 MBProgress (5): 3.6/93 MB | 2.3/18 MB | 1.0/3.6 MB | 29/284 kB | 0/1.9 MBProgress (5): 3.6/93 MB | 2.3/18 MB | 1.0/3.6 MB | 45/284 kB | 0/1.9 MBProgress (5): 3.6/93 MB | 2.3/18 MB | 1.0/3.6 MB | 45/284 kB | 0.1/1.9 MBProgress (5): 3.6/93 MB | 2.3/18 MB | 1.0/3.6 MB | 61/284 kB | 0.1/1.9 MBProgress (5): 3.6/93 MB | 2.3/18 MB | 1.0/3.6 MB | 61/284 kB | 0.1/1.9 MBProgress (5): 3.6/93 MB | 2.3/18 MB | 1.0/3.6 MB | 78/284 kB | 0.1/1.9 MBProgress (5): 3.6/93 MB | 2.3/18 MB | 1.0/3.6 MB | 78/284 kB | 0.1/1.9 MBProgress (5): 3.6/93 MB | 2.3/18 MB | 1.0/3.6 MB | 78/284 kB | 0.1/1.9 MBProgress (5): 3.6/93 MB | 2.3/18 MB | 1.0/3.6 MB | 78/284 kB | 0.1/1.9 MBProgress (5): 3.6/93 MB | 2.3/18 MB | 1.0/3.6 MB | 78/284 kB | 0.1/1.9 MBProgress (5): 3.6/93 MB | 2.3/18 MB | 1.0/3.6 MB | 78/284 kB | 0.1/1.9 MBProgress (5): 3.6/93 MB | 2.3/18 MB | 1.0/3.6 MB | 78/284 kB | 0.1/1.9 MBProgress (5): 3.6/93 MB | 2.3/18 MB | 1.1/3.6 MB | 78/284 kB | 0.1/1.9 MBProgress (5): 3.6/93 MB | 2.3/18 MB | 1.1/3.6 MB | 78/284 kB | 0.1/1.9 MBProgress (5): 3.6/93 MB | 2.3/18 MB | 1.1/3.6 MB | 78/284 kB | 0.1/1.9 MBProgress (5): 3.7/93 MB | 2.3/18 MB | 1.1/3.6 MB | 78/284 kB | 0.1/1.9 MBProgress (5): 3.7/93 MB | 2.3/18 MB | 1.1/3.6 MB | 94/284 kB | 0.1/1.9 MBProgress (5): 3.7/93 MB | 2.3/18 MB | 1.1/3.6 MB | 94/284 kB | 0.1/1.9 MBProgress (5): 3.7/93 MB | 2.3/18 MB | 1.1/3.6 MB | 98/284 kB | 0.1/1.9 MBProgress (5): 3.7/93 MB | 2.3/18 MB | 1.1/3.6 MB | 98/284 kB | 0.1/1.9 MBProgress (5): 3.7/93 MB | 2.3/18 MB | 1.1/3.6 MB | 115/284 kB | 0.1/1.9 MBProgress (5): 3.7/93 MB | 2.3/18 MB | 1.1/3.6 MB | 115/284 kB | 0.1/1.9 MBProgress (5): 3.7/93 MB | 2.3/18 MB | 1.1/3.6 MB | 115/284 kB | 0.1/1.9 MBProgress (5): 3.7/93 MB | 2.3/18 MB | 1.1/3.6 MB | 115/284 kB | 0.1/1.9 MBProgress (5): 3.7/93 MB | 2.3/18 MB | 1.1/3.6 MB | 115/284 kB | 0.1/1.9 MBProgress (5): 3.7/93 MB | 2.3/18 MB | 1.1/3.6 MB | 115/284 kB | 0.1/1.9 MBProgress (5): 3.7/93 MB | 2.3/18 MB | 1.1/3.6 MB | 115/284 kB | 0.1/1.9 MBProgress (5): 3.7/93 MB | 2.3/18 MB | 1.1/3.6 MB | 115/284 kB | 0.1/1.9 MBProgress (5): 3.7/93 MB | 2.3/18 MB | 1.1/3.6 MB | 115/284 kB | 0.1/1.9 MBProgress (5): 3.7/93 MB | 2.4/18 MB | 1.1/3.6 MB | 115/284 kB | 0.1/1.9 MBProgress (5): 3.7/93 MB | 2.4/18 MB | 1.1/3.6 MB | 115/284 kB | 0.1/1.9 MBProgress (5): 3.7/93 MB | 2.4/18 MB | 1.1/3.6 MB | 115/284 kB | 0.1/1.9 MBProgress (5): 3.7/93 MB | 2.4/18 MB | 1.1/3.6 MB | 115/284 kB | 0.1/1.9 MBProgress (5): 3.7/93 MB | 2.4/18 MB | 1.1/3.6 MB | 131/284 kB | 0.1/1.9 MBProgress (5): 3.7/93 MB | 2.4/18 MB | 1.1/3.6 MB | 131/284 kB | 0.1/1.9 MBProgress (5): 3.7/93 MB | 2.4/18 MB | 1.1/3.6 MB | 147/284 kB | 0.1/1.9 MBProgress (5): 3.7/93 MB | 2.4/18 MB | 1.1/3.6 MB | 147/284 kB | 0.1/1.9 MBProgress (5): 3.7/93 MB | 2.4/18 MB | 1.1/3.6 MB | 164/284 kB | 0.1/1.9 MBProgress (5): 3.7/93 MB | 2.4/18 MB | 1.1/3.6 MB | 164/284 kB | 0.2/1.9 MBProgress (5): 3.7/93 MB | 2.4/18 MB | 1.1/3.6 MB | 164/284 kB | 0.2/1.9 MBProgress (5): 3.7/93 MB | 2.4/18 MB | 1.1/3.6 MB | 164/284 kB | 0.2/1.9 MBProgress (5): 3.7/93 MB | 2.4/18 MB | 1.1/3.6 MB | 164/284 kB | 0.2/1.9 MBProgress (5): 3.7/93 MB | 2.4/18 MB | 1.1/3.6 MB | 164/284 kB | 0.2/1.9 MBProgress (5): 3.7/93 MB | 2.4/18 MB | 1.1/3.6 MB | 164/284 kB | 0.2/1.9 MBProgress (5): 3.8/93 MB | 2.4/18 MB | 1.1/3.6 MB | 164/284 kB | 0.2/1.9 MBProgress (5): 3.8/93 MB | 2.4/18 MB | 1.2/3.6 MB | 164/284 kB | 0.2/1.9 MBProgress (5): 3.8/93 MB | 2.4/18 MB | 1.2/3.6 MB | 164/284 kB | 0.2/1.9 MBProgress (5): 3.8/93 MB | 2.4/18 MB | 1.2/3.6 MB | 164/284 kB | 0.2/1.9 MBProgress (5): 3.8/93 MB | 2.4/18 MB | 1.2/3.6 MB | 164/284 kB | 0.2/1.9 MBProgress (5): 3.8/93 MB | 2.4/18 MB | 1.2/3.6 MB | 164/284 kB | 0.2/1.9 MBProgress (5): 3.8/93 MB | 2.4/18 MB | 1.2/3.6 MB | 180/284 kB | 0.2/1.9 MBProgress (5): 3.8/93 MB | 2.4/18 MB | 1.2/3.6 MB | 180/284 kB | 0.2/1.9 MBProgress (5): 3.8/93 MB | 2.4/18 MB | 1.2/3.6 MB | 197/284 kB | 0.2/1.9 MBProgress (5): 3.8/93 MB | 2.4/18 MB | 1.2/3.6 MB | 197/284 kB | 0.2/1.9 MBProgress (5): 3.8/93 MB | 2.4/18 MB | 1.2/3.6 MB | 213/284 kB | 0.2/1.9 MBProgress (5): 3.8/93 MB | 2.4/18 MB | 1.2/3.6 MB | 213/284 kB | 0.2/1.9 MBProgress (5): 3.8/93 MB | 2.4/18 MB | 1.2/3.6 MB | 229/284 kB | 0.2/1.9 MBProgress (5): 3.8/93 MB | 2.4/18 MB | 1.2/3.6 MB | 229/284 kB | 0.2/1.9 MBProgress (5): 3.8/93 MB | 2.5/18 MB | 1.2/3.6 MB | 229/284 kB | 0.2/1.9 MBProgress (5): 3.8/93 MB | 2.5/18 MB | 1.2/3.6 MB | 229/284 kB | 0.2/1.9 MBProgress (5): 3.8/93 MB | 2.5/18 MB | 1.2/3.6 MB | 229/284 kB | 0.2/1.9 MBProgress (5): 3.8/93 MB | 2.5/18 MB | 1.2/3.6 MB | 229/284 kB | 0.2/1.9 MBProgress (5): 3.8/93 MB | 2.5/18 MB | 1.2/3.6 MB | 246/284 kB | 0.2/1.9 MBProgress (5): 3.8/93 MB | 2.5/18 MB | 1.2/3.6 MB | 246/284 kB | 0.3/1.9 MBProgress (5): 3.8/93 MB | 2.5/18 MB | 1.2/3.6 MB | 262/284 kB | 0.3/1.9 MBProgress (5): 3.8/93 MB | 2.5/18 MB | 1.2/3.6 MB | 262/284 kB | 0.3/1.9 MBProgress (5): 3.8/93 MB | 2.5/18 MB | 1.2/3.6 MB | 262/284 kB | 0.3/1.9 MBProgress (5): 3.8/93 MB | 2.5/18 MB | 1.2/3.6 MB | 279/284 kB | 0.3/1.9 MBProgress (5): 3.8/93 MB | 2.5/18 MB | 1.2/3.6 MB | 279/284 kB | 0.3/1.9 MBProgress (5): 3.8/93 MB | 2.5/18 MB | 1.2/3.6 MB | 279/284 kB | 0.3/1.9 MBProgress (5): 3.8/93 MB | 2.5/18 MB | 1.2/3.6 MB | 279/284 kB | 0.3/1.9 MBProgress (5): 3.8/93 MB | 2.5/18 MB | 1.2/3.6 MB | 279/284 kB | 0.3/1.9 MBProgress (5): 3.8/93 MB | 2.5/18 MB | 1.2/3.6 MB | 279/284 kB | 0.3/1.9 MBProgress (5): 3.8/93 MB | 2.5/18 MB | 1.2/3.6 MB | 279/284 kB | 0.3/1.9 MBProgress (5): 3.8/93 MB | 2.5/18 MB | 1.2/3.6 MB | 279/284 kB | 0.3/1.9 MBProgress (5): 3.8/93 MB | 2.5/18 MB | 1.2/3.6 MB | 279/284 kB | 0.3/1.9 MBProgress (5): 3.9/93 MB | 2.5/18 MB | 1.2/3.6 MB | 279/284 kB | 0.3/1.9 MBProgress (5): 3.9/93 MB | 2.5/18 MB | 1.3/3.6 MB | 279/284 kB | 0.3/1.9 MBProgress (5): 3.9/93 MB | 2.5/18 MB | 1.3/3.6 MB | 279/284 kB | 0.3/1.9 MBProgress (5): 3.9/93 MB | 2.5/18 MB | 1.3/3.6 MB | 284 kB | 0.3/1.9 MB    Progress (5): 3.9/93 MB | 2.5/18 MB | 1.3/3.6 MB | 284 kB | 0.3/1.9 MBProgress (5): 3.9/93 MB | 2.5/18 MB | 1.3/3.6 MB | 284 kB | 0.3/1.9 MBProgress (5): 3.9/93 MB | 2.5/18 MB | 1.3/3.6 MB | 284 kB | 0.3/1.9 MBProgress (5): 3.9/93 MB | 2.5/18 MB | 1.3/3.6 MB | 284 kB | 0.3/1.9 MBProgress (5): 3.9/93 MB | 2.6/18 MB | 1.3/3.6 MB | 284 kB | 0.3/1.9 MB                                                                      Downloaded from central: https://repo.maven.apache.org/maven2/ch/qos/logback/logback-classic/1.4.12/logback-classic-1.4.12.jar (284 kB at 177 kB/s)
Downloading from central: https://repo.maven.apache.org/maven2/org/springframework/spring-jcl/6.1.13/spring-jcl-6.1.13.jar
Progress (4): 3.9/93 MB | 2.6/18 MB | 1.3/3.6 MB | 0.3/1.9 MBProgress (4): 3.9/93 MB | 2.6/18 MB | 1.3/3.6 MB | 0.3/1.9 MBProgress (4): 3.9/93 MB | 2.6/18 MB | 1.3/3.6 MB | 0.3/1.9 MBProgress (4): 3.9/93 MB | 2.6/18 MB | 1.3/3.6 MB | 0.3/1.9 MBProgress (4): 3.9/93 MB | 2.6/18 MB | 1.3/3.6 MB | 0.3/1.9 MBProgress (4): 3.9/93 MB | 2.6/18 MB | 1.3/3.6 MB | 0.3/1.9 MBProgress (4): 3.9/93 MB | 2.6/18 MB | 1.3/3.6 MB | 0.3/1.9 MBProgress (4): 3.9/93 MB | 2.6/18 MB | 1.4/3.6 MB | 0.3/1.9 MBProgress (4): 3.9/93 MB | 2.6/18 MB | 1.4/3.6 MB | 0.3/1.9 MBProgress (4): 3.9/93 MB | 2.6/18 MB | 1.4/3.6 MB | 0.3/1.9 MBProgress (4): 3.9/93 MB | 2.6/18 MB | 1.4/3.6 MB | 0.3/1.9 MBProgress (4): 3.9/93 MB | 2.6/18 MB | 1.4/3.6 MB | 0.3/1.9 MBProgress (4): 3.9/93 MB | 2.6/18 MB | 1.4/3.6 MB | 0.3/1.9 MBProgress (4): 3.9/93 MB | 2.6/18 MB | 1.4/3.6 MB | 0.3/1.9 MBProgress (4): 3.9/93 MB | 2.6/18 MB | 1.4/3.6 MB | 0.3/1.9 MBProgress (4): 3.9/93 MB | 2.6/18 MB | 1.4/3.6 MB | 0.3/1.9 MBProgress (4): 3.9/93 MB | 2.6/18 MB | 1.4/3.6 MB | 0.3/1.9 MBProgress (4): 3.9/93 MB | 2.7/18 MB | 1.4/3.6 MB | 0.3/1.9 MBProgress (4): 3.9/93 MB | 2.7/18 MB | 1.4/3.6 MB | 0.3/1.9 MBProgress (4): 3.9/93 MB | 2.7/18 MB | 1.4/3.6 MB | 0.3/1.9 MBProgress (4): 3.9/93 MB | 2.7/18 MB | 1.4/3.6 MB | 0.3/1.9 MBProgress (4): 4.0/93 MB | 2.7/18 MB | 1.4/3.6 MB | 0.3/1.9 MBProgress (4): 4.0/93 MB | 2.7/18 MB | 1.4/3.6 MB | 0.3/1.9 MBProgress (4): 4.0/93 MB | 2.7/18 MB | 1.4/3.6 MB | 0.3/1.9 MBProgress (4): 4.0/93 MB | 2.7/18 MB | 1.5/3.6 MB | 0.3/1.9 MBProgress (4): 4.0/93 MB | 2.7/18 MB | 1.5/3.6 MB | 0.3/1.9 MBProgress (4): 4.0/93 MB | 2.7/18 MB | 1.5/3.6 MB | 0.3/1.9 MBProgress (4): 4.0/93 MB | 2.7/18 MB | 1.5/3.6 MB | 0.4/1.9 MBProgress (4): 4.0/93 MB | 2.7/18 MB | 1.5/3.6 MB | 0.4/1.9 MBProgress (4): 4.0/93 MB | 2.7/18 MB | 1.5/3.6 MB | 0.4/1.9 MBProgress (4): 4.0/93 MB | 2.7/18 MB | 1.5/3.6 MB | 0.4/1.9 MBProgress (4): 4.0/93 MB | 2.7/18 MB | 1.5/3.6 MB | 0.4/1.9 MBProgress (4): 4.0/93 MB | 2.7/18 MB | 1.5/3.6 MB | 0.4/1.9 MBProgress (4): 4.0/93 MB | 2.7/18 MB | 1.5/3.6 MB | 0.4/1.9 MBProgress (4): 4.0/93 MB | 2.7/18 MB | 1.5/3.6 MB | 0.4/1.9 MBProgress (4): 4.0/93 MB | 2.7/18 MB | 1.5/3.6 MB | 0.4/1.9 MBProgress (4): 4.0/93 MB | 2.7/18 MB | 1.5/3.6 MB | 0.4/1.9 MBProgress (4): 4.0/93 MB | 2.7/18 MB | 1.5/3.6 MB | 0.4/1.9 MBProgress (4): 4.0/93 MB | 2.7/18 MB | 1.5/3.6 MB | 0.4/1.9 MBProgress (4): 4.0/93 MB | 2.7/18 MB | 1.5/3.6 MB | 0.4/1.9 MBProgress (5): 4.0/93 MB | 2.7/18 MB | 1.5/3.6 MB | 0.4/1.9 MB | 7.7/25 kBProgress (5): 4.0/93 MB | 2.7/18 MB | 1.5/3.6 MB | 0.4/1.9 MB | 16/25 kB Progress (5): 4.0/93 MB | 2.7/18 MB | 1.5/3.6 MB | 0.4/1.9 MB | 25 kB   Progress (5): 4.0/93 MB | 2.7/18 MB | 1.5/3.6 MB | 0.4/1.9 MB | 25 kB                                                                     Downloaded from central: https://repo.maven.apache.org/maven2/org/springframework/spring-jcl/6.1.13/spring-jcl-6.1.13.jar (25 kB at 15 kB/s)
Progress (4): 4.0/93 MB | 2.7/18 MB | 1.5/3.6 MB | 0.5/1.9 MBProgress (4): 4.0/93 MB | 2.7/18 MB | 1.5/3.6 MB | 0.5/1.9 MBProgress (4): 4.0/93 MB | 2.7/18 MB | 1.5/3.6 MB | 0.5/1.9 MBProgress (4): 4.0/93 MB | 2.7/18 MB | 1.5/3.6 MB | 0.5/1.9 MBProgress (4): 4.0/93 MB | 2.7/18 MB | 1.5/3.6 MB | 0.5/1.9 MBProgress (4): 4.0/93 MB | 2.8/18 MB | 1.5/3.6 MB | 0.5/1.9 MBProgress (4): 4.0/93 MB | 2.8/18 MB | 1.5/3.6 MB | 0.5/1.9 MBProgress (4): 4.0/93 MB | 2.8/18 MB | 1.5/3.6 MB | 0.5/1.9 MB                                                             Downloading from central: https://repo.maven.apache.org/maven2/org/springframework/boot/spring-boot-starter-validation/3.3.4/spring-boot-starter-validation-3.3.4.jar
Progress (4): 4.0/93 MB | 2.8/18 MB | 1.6/3.6 MB | 0.5/1.9 MBProgress (4): 4.0/93 MB | 2.8/18 MB | 1.6/3.6 MB | 0.5/1.9 MBProgress (4): 4.1/93 MB | 2.8/18 MB | 1.6/3.6 MB | 0.5/1.9 MBProgress (4): 4.1/93 MB | 2.8/18 MB | 1.6/3.6 MB | 0.5/1.9 MBProgress (4): 4.1/93 MB | 2.8/18 MB | 1.6/3.6 MB | 0.5/1.9 MBProgress (4): 4.1/93 MB | 2.8/18 MB | 1.6/3.6 MB | 0.5/1.9 MBProgress (4): 4.1/93 MB | 2.8/18 MB | 1.6/3.6 MB | 0.5/1.9 MBProgress (4): 4.1/93 MB | 2.8/18 MB | 1.6/3.6 MB | 0.5/1.9 MBProgress (4): 4.1/93 MB | 2.8/18 MB | 1.6/3.6 MB | 0.5/1.9 MBProgress (4): 4.1/93 MB | 2.8/18 MB | 1.6/3.6 MB | 0.5/1.9 MBProgress (4): 4.1/93 MB | 2.8/18 MB | 1.6/3.6 MB | 0.5/1.9 MBProgress (4): 4.1/93 MB | 2.8/18 MB | 1.6/3.6 MB | 0.5/1.9 MBProgress (4): 4.1/93 MB | 2.8/18 MB | 1.6/3.6 MB | 0.5/1.9 MBProgress (4): 4.1/93 MB | 2.8/18 MB | 1.6/3.6 MB | 0.5/1.9 MBProgress (4): 4.1/93 MB | 2.8/18 MB | 1.6/3.6 MB | 0.5/1.9 MBProgress (4): 4.1/93 MB | 2.9/18 MB | 1.6/3.6 MB | 0.5/1.9 MBProgress (4): 4.1/93 MB | 2.9/18 MB | 1.6/3.6 MB | 0.5/1.9 MBProgress (4): 4.1/93 MB | 2.9/18 MB | 1.6/3.6 MB | 0.5/1.9 MBProgress (4): 4.1/93 MB | 2.9/18 MB | 1.6/3.6 MB | 0.5/1.9 MBProgress (4): 4.1/93 MB | 2.9/18 MB | 1.6/3.6 MB | 0.5/1.9 MBProgress (4): 4.1/93 MB | 2.9/18 MB | 1.6/3.6 MB | 0.5/1.9 MBProgress (4): 4.1/93 MB | 2.9/18 MB | 1.6/3.6 MB | 0.5/1.9 MBProgress (4): 4.1/93 MB | 2.9/18 MB | 1.7/3.6 MB | 0.5/1.9 MBProgress (4): 4.1/93 MB | 2.9/18 MB | 1.7/3.6 MB | 0.5/1.9 MBProgress (4): 4.1/93 MB | 2.9/18 MB | 1.7/3.6 MB | 0.5/1.9 MBProgress (4): 4.1/93 MB | 2.9/18 MB | 1.7/3.6 MB | 0.5/1.9 MBProgress (4): 4.1/93 MB | 2.9/18 MB | 1.7/3.6 MB | 0.5/1.9 MBProgress (4): 4.1/93 MB | 2.9/18 MB | 1.7/3.6 MB | 0.5/1.9 MBProgress (4): 4.1/93 MB | 2.9/18 MB | 1.7/3.6 MB | 0.5/1.9 MBProgress (4): 4.1/93 MB | 2.9/18 MB | 1.7/3.6 MB | 0.6/1.9 MBProgress (4): 4.1/93 MB | 2.9/18 MB | 1.7/3.6 MB | 0.6/1.9 MBProgress (4): 4.1/93 MB | 2.9/18 MB | 1.7/3.6 MB | 0.6/1.9 MBProgress (4): 4.1/93 MB | 2.9/18 MB | 1.7/3.6 MB | 0.6/1.9 MBProgress (4): 4.1/93 MB | 3.0/18 MB | 1.7/3.6 MB | 0.6/1.9 MBProgress (4): 4.1/93 MB | 3.0/18 MB | 1.7/3.6 MB | 0.6/1.9 MBProgress (4): 4.1/93 MB | 3.0/18 MB | 1.7/3.6 MB | 0.6/1.9 MBProgress (4): 4.1/93 MB | 3.0/18 MB | 1.7/3.6 MB | 0.6/1.9 MBProgress (4): 4.1/93 MB | 3.0/18 MB | 1.7/3.6 MB | 0.6/1.9 MBProgress (4): 4.1/93 MB | 3.0/18 MB | 1.7/3.6 MB | 0.6/1.9 MBProgress (4): 4.1/93 MB | 3.0/18 MB | 1.7/3.6 MB | 0.6/1.9 MBProgress (4): 4.2/93 MB | 3.0/18 MB | 1.7/3.6 MB | 0.6/1.9 MBProgress (4): 4.2/93 MB | 3.0/18 MB | 1.7/3.6 MB | 0.6/1.9 MBProgress (5): 4.2/93 MB | 3.0/18 MB | 1.7/3.6 MB | 0.6/1.9 MB | 4.8 kBProgress (5): 4.2/93 MB | 3.0/18 MB | 1.7/3.6 MB | 0.6/1.9 MB | 4.8 kB                                                                      Downloaded from central: https://repo.maven.apache.org/maven2/org/springframework/boot/spring-boot-starter-validation/3.3.4/spring-boot-starter-validation-3.3.4.jar (4.8 kB at 2.9 kB/s)
Downloading from central: https://repo.maven.apache.org/maven2/org/apache/tomcat/embed/tomcat-embed-el/10.1.30/tomcat-embed-el-10.1.30.jar
Progress (4): 4.2/93 MB | 3.0/18 MB | 1.7/3.6 MB | 0.6/1.9 MBProgress (4): 4.2/93 MB | 3.0/18 MB | 1.8/3.6 MB | 0.6/1.9 MBProgress (4): 4.2/93 MB | 3.0/18 MB | 1.8/3.6 MB | 0.6/1.9 MBProgress (4): 4.2/93 MB | 3.0/18 MB | 1.8/3.6 MB | 0.6/1.9 MBProgress (4): 4.2/93 MB | 3.0/18 MB | 1.8/3.6 MB | 0.6/1.9 MBProgress (4): 4.2/93 MB | 3.0/18 MB | 1.8/3.6 MB | 0.6/1.9 MBProgress (4): 4.2/93 MB | 3.0/18 MB | 1.8/3.6 MB | 0.6/1.9 MBProgress (4): 4.2/93 MB | 3.0/18 MB | 1.8/3.6 MB | 0.6/1.9 MBProgress (4): 4.2/93 MB | 3.0/18 MB | 1.8/3.6 MB | 0.7/1.9 MBProgress (4): 4.2/93 MB | 3.1/18 MB | 1.8/3.6 MB | 0.7/1.9 MBProgress (4): 4.2/93 MB | 3.1/18 MB | 1.8/3.6 MB | 0.7/1.9 MBProgress (4): 4.2/93 MB | 3.1/18 MB | 1.8/3.6 MB | 0.7/1.9 MBProgress (4): 4.2/93 MB | 3.1/18 MB | 1.8/3.6 MB | 0.7/1.9 MBProgress (4): 4.2/93 MB | 3.1/18 MB | 1.8/3.6 MB | 0.7/1.9 MBProgress (4): 4.2/93 MB | 3.1/18 MB | 1.8/3.6 MB | 0.7/1.9 MBProgress (4): 4.2/93 MB | 3.1/18 MB | 1.8/3.6 MB | 0.7/1.9 MBProgress (4): 4.2/93 MB | 3.1/18 MB | 1.8/3.6 MB | 0.7/1.9 MBProgress (4): 4.2/93 MB | 3.1/18 MB | 1.8/3.6 MB | 0.7/1.9 MBProgress (4): 4.2/93 MB | 3.1/18 MB | 1.8/3.6 MB | 0.7/1.9 MBProgress (4): 4.2/93 MB | 3.1/18 MB | 1.8/3.6 MB | 0.7/1.9 MBProgress (4): 4.2/93 MB | 3.1/18 MB | 1.8/3.6 MB | 0.7/1.9 MBProgress (4): 4.2/93 MB | 3.1/18 MB | 1.9/3.6 MB | 0.7/1.9 MBProgress (4): 4.3/93 MB | 3.1/18 MB | 1.9/3.6 MB | 0.7/1.9 MBProgress (4): 4.3/93 MB | 3.1/18 MB | 1.9/3.6 MB | 0.7/1.9 MBProgress (4): 4.3/93 MB | 3.1/18 MB | 1.9/3.6 MB | 0.7/1.9 MBProgress (4): 4.3/93 MB | 3.1/18 MB | 1.9/3.6 MB | 0.7/1.9 MBProgress (4): 4.3/93 MB | 3.1/18 MB | 1.9/3.6 MB | 0.7/1.9 MBProgress (4): 4.3/93 MB | 3.1/18 MB | 1.9/3.6 MB | 0.7/1.9 MBProgress (4): 4.3/93 MB | 3.1/18 MB | 1.9/3.6 MB | 0.7/1.9 MBProgress (4): 4.3/93 MB | 3.1/18 MB | 1.9/3.6 MB | 0.7/1.9 MBProgress (4): 4.3/93 MB | 3.1/18 MB | 1.9/3.6 MB | 0.7/1.9 MBProgress (4): 4.3/93 MB | 3.1/18 MB | 1.9/3.6 MB | 0.7/1.9 MBProgress (4): 4.3/93 MB | 3.1/18 MB | 1.9/3.6 MB | 0.7/1.9 MBProgress (4): 4.3/93 MB | 3.2/18 MB | 1.9/3.6 MB | 0.7/1.9 MBProgress (4): 4.3/93 MB | 3.2/18 MB | 1.9/3.6 MB | 0.7/1.9 MBProgress (4): 4.3/93 MB | 3.2/18 MB | 1.9/3.6 MB | 0.7/1.9 MBProgress (4): 4.3/93 MB | 3.2/18 MB | 1.9/3.6 MB | 0.7/1.9 MBProgress (4): 4.3/93 MB | 3.2/18 MB | 1.9/3.6 MB | 0.7/1.9 MBProgress (4): 4.3/93 MB | 3.2/18 MB | 1.9/3.6 MB | 0.7/1.9 MBProgress (4): 4.3/93 MB | 3.2/18 MB | 1.9/3.6 MB | 0.7/1.9 MBProgress (4): 4.3/93 MB | 3.2/18 MB | 1.9/3.6 MB | 0.7/1.9 MBProgress (4): 4.3/93 MB | 3.2/18 MB | 1.9/3.6 MB | 0.7/1.9 MBProgress (4): 4.3/93 MB | 3.2/18 MB | 1.9/3.6 MB | 0.7/1.9 MBProgress (4): 4.3/93 MB | 3.2/18 MB | 1.9/3.6 MB | 0.7/1.9 MBProgress (4): 4.3/93 MB | 3.2/18 MB | 1.9/3.6 MB | 0.7/1.9 MBProgress (4): 4.4/93 MB | 3.2/18 MB | 1.9/3.6 MB | 0.7/1.9 MBProgress (4): 4.4/93 MB | 3.2/18 MB | 1.9/3.6 MB | 0.7/1.9 MBProgress (5): 4.4/93 MB | 3.2/18 MB | 1.9/3.6 MB | 0.7/1.9 MB | 7.7/262 kBProgress (5): 4.4/93 MB | 3.2/18 MB | 1.9/3.6 MB | 0.7/1.9 MB | 12/262 kB Progress (5): 4.4/93 MB | 3.2/18 MB | 1.9/3.6 MB | 0.7/1.9 MB | 29/262 kBProgress (5): 4.4/93 MB | 3.2/18 MB | 1.9/3.6 MB | 0.7/1.9 MB | 45/262 kBProgress (5): 4.4/93 MB | 3.2/18 MB | 1.9/3.6 MB | 0.7/1.9 MB | 45/262 kBProgress (5): 4.4/93 MB | 3.2/18 MB | 2.0/3.6 MB | 0.7/1.9 MB | 45/262 kBProgress (5): 4.4/93 MB | 3.2/18 MB | 2.0/3.6 MB | 0.8/1.9 MB | 45/262 kBProgress (5): 4.4/93 MB | 3.2/18 MB | 2.0/3.6 MB | 0.8/1.9 MB | 45/262 kBProgress (5): 4.4/93 MB | 3.2/18 MB | 2.0/3.6 MB | 0.8/1.9 MB | 45/262 kBProgress (5): 4.4/93 MB | 3.2/18 MB | 2.0/3.6 MB | 0.8/1.9 MB | 45/262 kBProgress (5): 4.4/93 MB | 3.3/18 MB | 2.0/3.6 MB | 0.8/1.9 MB | 45/262 kBProgress (5): 4.4/93 MB | 3.3/18 MB | 2.0/3.6 MB | 0.8/1.9 MB | 45/262 kBProgress (5): 4.4/93 MB | 3.3/18 MB | 2.0/3.6 MB | 0.8/1.9 MB | 45/262 kBProgress (5): 4.4/93 MB | 3.3/18 MB | 2.0/3.6 MB | 0.8/1.9 MB | 45/262 kBProgress (5): 4.4/93 MB | 3.3/18 MB | 2.0/3.6 MB | 0.8/1.9 MB | 45/262 kBProgress (5): 4.4/93 MB | 3.3/18 MB | 2.0/3.6 MB | 0.8/1.9 MB | 45/262 kBProgress (5): 4.4/93 MB | 3.3/18 MB | 2.0/3.6 MB | 0.8/1.9 MB | 45/262 kBProgress (5): 4.4/93 MB | 3.3/18 MB | 2.0/3.6 MB | 0.8/1.9 MB | 45/262 kBProgress (5): 4.4/93 MB | 3.3/18 MB | 2.0/3.6 MB | 0.8/1.9 MB | 45/262 kBProgress (5): 4.4/93 MB | 3.3/18 MB | 2.0/3.6 MB | 0.8/1.9 MB | 61/262 kBProgress (5): 4.4/93 MB | 3.3/18 MB | 2.0/3.6 MB | 0.8/1.9 MB | 61/262 kBProgress (5): 4.4/93 MB | 3.3/18 MB | 2.0/3.6 MB | 0.8/1.9 MB | 78/262 kBProgress (5): 4.4/93 MB | 3.3/18 MB | 2.0/3.6 MB | 0.8/1.9 MB | 78/262 kBProgress (5): 4.4/93 MB | 3.3/18 MB | 2.0/3.6 MB | 0.8/1.9 MB | 94/262 kBProgress (5): 4.4/93 MB | 3.3/18 MB | 2.0/3.6 MB | 0.8/1.9 MB | 94/262 kBProgress (5): 4.4/93 MB | 3.3/18 MB | 2.0/3.6 MB | 0.8/1.9 MB | 94/262 kBProgress (5): 4.4/93 MB | 3.3/18 MB | 2.0/3.6 MB | 0.8/1.9 MB | 94/262 kBProgress (5): 4.4/93 MB | 3.3/18 MB | 2.0/3.6 MB | 0.8/1.9 MB | 94/262 kBProgress (5): 4.4/93 MB | 3.4/18 MB | 2.0/3.6 MB | 0.8/1.9 MB | 94/262 kBProgress (5): 4.4/93 MB | 3.4/18 MB | 2.0/3.6 MB | 0.8/1.9 MB | 94/262 kBProgress (5): 4.4/93 MB | 3.4/18 MB | 2.1/3.6 MB | 0.8/1.9 MB | 94/262 kBProgress (5): 4.4/93 MB | 3.4/18 MB | 2.1/3.6 MB | 0.8/1.9 MB | 94/262 kBProgress (5): 4.4/93 MB | 3.4/18 MB | 2.1/3.6 MB | 0.8/1.9 MB | 94/262 kBProgress (5): 4.4/93 MB | 3.4/18 MB | 2.1/3.6 MB | 0.8/1.9 MB | 111/262 kBProgress (5): 4.4/93 MB | 3.4/18 MB | 2.1/3.6 MB | 0.8/1.9 MB | 111/262 kBProgress (5): 4.4/93 MB | 3.4/18 MB | 2.1/3.6 MB | 0.8/1.9 MB | 111/262 kBProgress (5): 4.4/93 MB | 3.4/18 MB | 2.1/3.6 MB | 0.8/1.9 MB | 127/262 kBProgress (5): 4.5/93 MB | 3.4/18 MB | 2.1/3.6 MB | 0.8/1.9 MB | 127/262 kBProgress (5): 4.5/93 MB | 3.4/18 MB | 2.1/3.6 MB | 0.8/1.9 MB | 143/262 kBProgress (5): 4.5/93 MB | 3.4/18 MB | 2.1/3.6 MB | 0.8/1.9 MB | 143/262 kBProgress (5): 4.5/93 MB | 3.4/18 MB | 2.1/3.6 MB | 0.8/1.9 MB | 160/262 kBProgress (5): 4.5/93 MB | 3.4/18 MB | 2.1/3.6 MB | 0.8/1.9 MB | 160/262 kBProgress (5): 4.5/93 MB | 3.4/18 MB | 2.1/3.6 MB | 0.8/1.9 MB | 176/262 kBProgress (5): 4.5/93 MB | 3.4/18 MB | 2.1/3.6 MB | 0.9/1.9 MB | 176/262 kBProgress (5): 4.5/93 MB | 3.4/18 MB | 2.1/3.6 MB | 0.9/1.9 MB | 176/262 kBProgress (5): 4.5/93 MB | 3.4/18 MB | 2.1/3.6 MB | 0.9/1.9 MB | 176/262 kBProgress (5): 4.5/93 MB | 3.4/18 MB | 2.1/3.6 MB | 0.9/1.9 MB | 176/262 kBProgress (5): 4.5/93 MB | 3.4/18 MB | 2.1/3.6 MB | 0.9/1.9 MB | 176/262 kBProgress (5): 4.5/93 MB | 3.4/18 MB | 2.1/3.6 MB | 0.9/1.9 MB | 176/262 kBProgress (5): 4.5/93 MB | 3.4/18 MB | 2.1/3.6 MB | 0.9/1.9 MB | 176/262 kBProgress (5): 4.5/93 MB | 3.4/18 MB | 2.1/3.6 MB | 0.9/1.9 MB | 176/262 kBProgress (5): 4.5/93 MB | 3.4/18 MB | 2.1/3.6 MB | 0.9/1.9 MB | 176/262 kBProgress (5): 4.5/93 MB | 3.4/18 MB | 2.1/3.6 MB | 0.9/1.9 MB | 176/262 kBProgress (5): 4.5/93 MB | 3.4/18 MB | 2.1/3.6 MB | 0.9/1.9 MB | 176/262 kBProgress (5): 4.5/93 MB | 3.4/18 MB | 2.1/3.6 MB | 0.9/1.9 MB | 176/262 kBProgress (5): 4.5/93 MB | 3.4/18 MB | 2.1/3.6 MB | 0.9/1.9 MB | 176/262 kBProgress (5): 4.5/93 MB | 3.4/18 MB | 2.1/3.6 MB | 0.9/1.9 MB | 193/262 kBProgress (5): 4.5/93 MB | 3.4/18 MB | 2.1/3.6 MB | 0.9/1.9 MB | 193/262 kBProgress (5): 4.5/93 MB | 3.4/18 MB | 2.1/3.6 MB | 0.9/1.9 MB | 209/262 kBProgress (5): 4.5/93 MB | 3.4/18 MB | 2.1/3.6 MB | 0.9/1.9 MB | 209/262 kBProgress (5): 4.6/93 MB | 3.4/18 MB | 2.1/3.6 MB | 0.9/1.9 MB | 209/262 kBProgress (5): 4.6/93 MB | 3.4/18 MB | 2.1/3.6 MB | 0.9/1.9 MB | 209/262 kBProgress (5): 4.6/93 MB | 3.4/18 MB | 2.1/3.6 MB | 0.9/1.9 MB | 209/262 kBProgress (5): 4.6/93 MB | 3.4/18 MB | 2.1/3.6 MB | 1.0/1.9 MB | 209/262 kBProgress (5): 4.6/93 MB | 3.4/18 MB | 2.1/3.6 MB | 1.0/1.9 MB | 209/262 kBProgress (5): 4.6/93 MB | 3.4/18 MB | 2.2/3.6 MB | 1.0/1.9 MB | 209/262 kBProgress (5): 4.6/93 MB | 3.4/18 MB | 2.2/3.6 MB | 1.0/1.9 MB | 209/262 kBProgress (5): 4.6/93 MB | 3.4/18 MB | 2.2/3.6 MB | 1.0/1.9 MB | 209/262 kBProgress (5): 4.6/93 MB | 3.4/18 MB | 2.2/3.6 MB | 1.0/1.9 MB | 209/262 kBProgress (5): 4.6/93 MB | 3.4/18 MB | 2.2/3.6 MB | 1.0/1.9 MB | 209/262 kBProgress (5): 4.6/93 MB | 3.4/18 MB | 2.2/3.6 MB | 1.0/1.9 MB | 209/262 kBProgress (5): 4.6/93 MB | 3.5/18 MB | 2.2/3.6 MB | 1.0/1.9 MB | 209/262 kBProgress (5): 4.6/93 MB | 3.5/18 MB | 2.2/3.6 MB | 1.0/1.9 MB | 209/262 kBProgress (5): 4.6/93 MB | 3.5/18 MB | 2.2/3.6 MB | 1.0/1.9 MB | 209/262 kBProgress (5): 4.6/93 MB | 3.5/18 MB | 2.2/3.6 MB | 1.0/1.9 MB | 209/262 kBProgress (5): 4.6/93 MB | 3.5/18 MB | 2.2/3.6 MB | 1.0/1.9 MB | 225/262 kBProgress (5): 4.6/93 MB | 3.5/18 MB | 2.2/3.6 MB | 1.0/1.9 MB | 225/262 kBProgress (5): 4.6/93 MB | 3.5/18 MB | 2.2/3.6 MB | 1.0/1.9 MB | 242/262 kBProgress (5): 4.6/93 MB | 3.5/18 MB | 2.2/3.6 MB | 1.0/1.9 MB | 242/262 kBProgress (5): 4.6/93 MB | 3.5/18 MB | 2.2/3.6 MB | 1.0/1.9 MB | 258/262 kBProgress (5): 4.6/93 MB | 3.5/18 MB | 2.2/3.6 MB | 1.0/1.9 MB | 262 kB    Progress (5): 4.6/93 MB | 3.5/18 MB | 2.2/3.6 MB | 1.0/1.9 MB | 262 kB                                                                      Downloaded from central: https://repo.maven.apache.org/maven2/org/apache/tomcat/embed/tomcat-embed-el/10.1.30/tomcat-embed-el-10.1.30.jar (262 kB at 155 kB/s)
Progress (4): 4.6/93 MB | 3.5/18 MB | 2.2/3.6 MB | 1.0/1.9 MBProgress (4): 4.6/93 MB | 3.5/18 MB | 2.2/3.6 MB | 1.0/1.9 MBProgress (4): 4.6/93 MB | 3.5/18 MB | 2.2/3.6 MB | 1.0/1.9 MBProgress (4): 4.7/93 MB | 3.5/18 MB | 2.2/3.6 MB | 1.0/1.9 MBProgress (4): 4.7/93 MB | 3.5/18 MB | 2.2/3.6 MB | 1.0/1.9 MB                                                             Downloading from central: https://repo.maven.apache.org/maven2/org/hibernate/validator/hibernate-validator/8.0.1.Final/hibernate-validator-8.0.1.Final.jar
Progress (4): 4.7/93 MB | 3.5/18 MB | 2.2/3.6 MB | 1.0/1.9 MBProgress (4): 4.7/93 MB | 3.5/18 MB | 2.2/3.6 MB | 1.0/1.9 MBProgress (4): 4.7/93 MB | 3.6/18 MB | 2.2/3.6 MB | 1.0/1.9 MBProgress (4): 4.7/93 MB | 3.6/18 MB | 2.2/3.6 MB | 1.0/1.9 MBProgress (4): 4.7/93 MB | 3.6/18 MB | 2.2/3.6 MB | 1.0/1.9 MBProgress (4): 4.7/93 MB | 3.6/18 MB | 2.3/3.6 MB | 1.0/1.9 MBProgress (4): 4.7/93 MB | 3.6/18 MB | 2.3/3.6 MB | 1.1/1.9 MBProgress (4): 4.7/93 MB | 3.6/18 MB | 2.3/3.6 MB | 1.1/1.9 MBProgress (4): 4.7/93 MB | 3.6/18 MB | 2.3/3.6 MB | 1.1/1.9 MBProgress (4): 4.7/93 MB | 3.6/18 MB | 2.3/3.6 MB | 1.1/1.9 MBProgress (4): 4.7/93 MB | 3.6/18 MB | 2.3/3.6 MB | 1.1/1.9 MBProgress (4): 4.7/93 MB | 3.6/18 MB | 2.3/3.6 MB | 1.1/1.9 MBProgress (4): 4.7/93 MB | 3.6/18 MB | 2.3/3.6 MB | 1.1/1.9 MBProgress (4): 4.7/93 MB | 3.6/18 MB | 2.3/3.6 MB | 1.1/1.9 MBProgress (4): 4.7/93 MB | 3.6/18 MB | 2.3/3.6 MB | 1.1/1.9 MBProgress (4): 4.7/93 MB | 3.6/18 MB | 2.3/3.6 MB | 1.1/1.9 MBProgress (4): 4.7/93 MB | 3.6/18 MB | 2.3/3.6 MB | 1.1/1.9 MBProgress (4): 4.7/93 MB | 3.6/18 MB | 2.3/3.6 MB | 1.1/1.9 MBProgress (4): 4.7/93 MB | 3.6/18 MB | 2.3/3.6 MB | 1.1/1.9 MBProgress (4): 4.7/93 MB | 3.6/18 MB | 2.3/3.6 MB | 1.1/1.9 MBProgress (4): 4.7/93 MB | 3.6/18 MB | 2.3/3.6 MB | 1.1/1.9 MBProgress (4): 4.7/93 MB | 3.6/18 MB | 2.3/3.6 MB | 1.1/1.9 MBProgress (4): 4.7/93 MB | 3.6/18 MB | 2.3/3.6 MB | 1.1/1.9 MBProgress (4): 4.7/93 MB | 3.6/18 MB | 2.3/3.6 MB | 1.1/1.9 MBProgress (4): 4.7/93 MB | 3.6/18 MB | 2.3/3.6 MB | 1.1/1.9 MBProgress (4): 4.7/93 MB | 3.6/18 MB | 2.3/3.6 MB | 1.1/1.9 MBProgress (4): 4.7/93 MB | 3.7/18 MB | 2.3/3.6 MB | 1.1/1.9 MBProgress (4): 4.7/93 MB | 3.7/18 MB | 2.3/3.6 MB | 1.1/1.9 MBProgress (4): 4.7/93 MB | 3.7/18 MB | 2.3/3.6 MB | 1.1/1.9 MBProgress (4): 4.8/93 MB | 3.7/18 MB | 2.3/3.6 MB | 1.1/1.9 MBProgress (4): 4.8/93 MB | 3.7/18 MB | 2.3/3.6 MB | 1.1/1.9 MBProgress (4): 4.8/93 MB | 3.7/18 MB | 2.3/3.6 MB | 1.2/1.9 MBProgress (4): 4.8/93 MB | 3.7/18 MB | 2.3/3.6 MB | 1.2/1.9 MBProgress (4): 4.8/93 MB | 3.7/18 MB | 2.4/3.6 MB | 1.2/1.9 MBProgress (4): 4.8/93 MB | 3.7/18 MB | 2.4/3.6 MB | 1.2/1.9 MBProgress (4): 4.8/93 MB | 3.7/18 MB | 2.4/3.6 MB | 1.2/1.9 MBProgress (4): 4.8/93 MB | 3.7/18 MB | 2.4/3.6 MB | 1.2/1.9 MBProgress (4): 4.8/93 MB | 3.7/18 MB | 2.4/3.6 MB | 1.2/1.9 MBProgress (4): 4.8/93 MB | 3.7/18 MB | 2.4/3.6 MB | 1.2/1.9 MBProgress (4): 4.8/93 MB | 3.7/18 MB | 2.4/3.6 MB | 1.2/1.9 MBProgress (4): 4.8/93 MB | 3.7/18 MB | 2.4/3.6 MB | 1.2/1.9 MBProgress (4): 4.8/93 MB | 3.7/18 MB | 2.4/3.6 MB | 1.2/1.9 MBProgress (4): 4.8/93 MB | 3.7/18 MB | 2.4/3.6 MB | 1.2/1.9 MBProgress (4): 4.8/93 MB | 3.7/18 MB | 2.4/3.6 MB | 1.2/1.9 MBProgress (4): 4.8/93 MB | 3.7/18 MB | 2.4/3.6 MB | 1.2/1.9 MBProgress (4): 4.8/93 MB | 3.8/18 MB | 2.4/3.6 MB | 1.2/1.9 MBProgress (4): 4.8/93 MB | 3.8/18 MB | 2.4/3.6 MB | 1.2/1.9 MBProgress (4): 4.8/93 MB | 3.8/18 MB | 2.4/3.6 MB | 1.2/1.9 MBProgress (4): 4.8/93 MB | 3.8/18 MB | 2.4/3.6 MB | 1.2/1.9 MBProgress (4): 4.8/93 MB | 3.8/18 MB | 2.4/3.6 MB | 1.2/1.9 MBProgress (4): 4.8/93 MB | 3.8/18 MB | 2.4/3.6 MB | 1.2/1.9 MBProgress (5): 4.8/93 MB | 3.8/18 MB | 2.4/3.6 MB | 1.2/1.9 MB | 0/1.3 MBProgress (5): 4.8/93 MB | 3.8/18 MB | 2.4/3.6 MB | 1.2/1.9 MB | 0/1.3 MBProgress (5): 4.8/93 MB | 3.8/18 MB | 2.4/3.6 MB | 1.2/1.9 MB | 0/1.3 MBProgress (5): 4.8/93 MB | 3.8/18 MB | 2.4/3.6 MB | 1.2/1.9 MB | 0/1.3 MBProgress (5): 4.8/93 MB | 3.8/18 MB | 2.4/3.6 MB | 1.3/1.9 MB | 0/1.3 MBProgress (5): 4.8/93 MB | 3.8/18 MB | 2.4/3.6 MB | 1.3/1.9 MB | 0/1.3 MBProgress (5): 4.8/93 MB | 3.8/18 MB | 2.4/3.6 MB | 1.3/1.9 MB | 0/1.3 MBProgress (5): 4.8/93 MB | 3.8/18 MB | 2.4/3.6 MB | 1.3/1.9 MB | 0/1.3 MBProgress (5): 4.8/93 MB | 3.8/18 MB | 2.4/3.6 MB | 1.3/1.9 MB | 0/1.3 MBProgress (5): 4.8/93 MB | 3.8/18 MB | 2.4/3.6 MB | 1.3/1.9 MB | 0/1.3 MBProgress (5): 4.8/93 MB | 3.8/18 MB | 2.4/3.6 MB | 1.3/1.9 MB | 0/1.3 MBProgress (5): 4.8/93 MB | 3.8/18 MB | 2.5/3.6 MB | 1.3/1.9 MB | 0/1.3 MBProgress (5): 4.8/93 MB | 3.8/18 MB | 2.5/3.6 MB | 1.3/1.9 MB | 0/1.3 MBProgress (5): 4.8/93 MB | 3.8/18 MB | 2.5/3.6 MB | 1.3/1.9 MB | 0/1.3 MBProgress (5): 4.8/93 MB | 3.8/18 MB | 2.5/3.6 MB | 1.3/1.9 MB | 0/1.3 MBProgress (5): 4.8/93 MB | 3.8/18 MB | 2.5/3.6 MB | 1.3/1.9 MB | 0.1/1.3 MBProgress (5): 4.8/93 MB | 3.8/18 MB | 2.5/3.6 MB | 1.3/1.9 MB | 0.1/1.3 MBProgress (5): 4.8/93 MB | 3.8/18 MB | 2.5/3.6 MB | 1.3/1.9 MB | 0.1/1.3 MBProgress (5): 4.8/93 MB | 3.8/18 MB | 2.5/3.6 MB | 1.3/1.9 MB | 0.1/1.3 MBProgress (5): 4.9/93 MB | 3.8/18 MB | 2.5/3.6 MB | 1.3/1.9 MB | 0.1/1.3 MBProgress (5): 4.9/93 MB | 3.8/18 MB | 2.5/3.6 MB | 1.3/1.9 MB | 0.1/1.3 MBProgress (5): 4.9/93 MB | 3.8/18 MB | 2.5/3.6 MB | 1.3/1.9 MB | 0.1/1.3 MBProgress (5): 4.9/93 MB | 3.8/18 MB | 2.5/3.6 MB | 1.3/1.9 MB | 0.1/1.3 MBProgress (5): 4.9/93 MB | 3.8/18 MB | 2.5/3.6 MB | 1.3/1.9 MB | 0.1/1.3 MBProgress (5): 4.9/93 MB | 3.9/18 MB | 2.5/3.6 MB | 1.3/1.9 MB | 0.1/1.3 MBProgress (5): 4.9/93 MB | 3.9/18 MB | 2.5/3.6 MB | 1.3/1.9 MB | 0.1/1.3 MBProgress (5): 4.9/93 MB | 3.9/18 MB | 2.5/3.6 MB | 1.3/1.9 MB | 0.1/1.3 MBProgress (5): 4.9/93 MB | 3.9/18 MB | 2.5/3.6 MB | 1.3/1.9 MB | 0.1/1.3 MBProgress (5): 4.9/93 MB | 3.9/18 MB | 2.5/3.6 MB | 1.3/1.9 MB | 0.1/1.3 MBProgress (5): 4.9/93 MB | 3.9/18 MB | 2.5/3.6 MB | 1.3/1.9 MB | 0.1/1.3 MBProgress (5): 4.9/93 MB | 3.9/18 MB | 2.6/3.6 MB | 1.3/1.9 MB | 0.1/1.3 MBProgress (5): 4.9/93 MB | 3.9/18 MB | 2.6/3.6 MB | 1.4/1.9 MB | 0.1/1.3 MBProgress (5): 4.9/93 MB | 3.9/18 MB | 2.6/3.6 MB | 1.4/1.9 MB | 0.1/1.3 MBProgress (5): 4.9/93 MB | 3.9/18 MB | 2.6/3.6 MB | 1.4/1.9 MB | 0.1/1.3 MBProgress (5): 4.9/93 MB | 3.9/18 MB | 2.6/3.6 MB | 1.4/1.9 MB | 0.1/1.3 MBProgress (5): 4.9/93 MB | 3.9/18 MB | 2.6/3.6 MB | 1.4/1.9 MB | 0.1/1.3 MBProgress (5): 4.9/93 MB | 3.9/18 MB | 2.6/3.6 MB | 1.4/1.9 MB | 0.1/1.3 MBProgress (5): 4.9/93 MB | 3.9/18 MB | 2.6/3.6 MB | 1.4/1.9 MB | 0.1/1.3 MBProgress (5): 4.9/93 MB | 3.9/18 MB | 2.6/3.6 MB | 1.4/1.9 MB | 0.1/1.3 MBProgress (5): 4.9/93 MB | 3.9/18 MB | 2.6/3.6 MB | 1.4/1.9 MB | 0.1/1.3 MBProgress (5): 4.9/93 MB | 3.9/18 MB | 2.6/3.6 MB | 1.4/1.9 MB | 0.1/1.3 MBProgress (5): 4.9/93 MB | 3.9/18 MB | 2.6/3.6 MB | 1.4/1.9 MB | 0.1/1.3 MBProgress (5): 4.9/93 MB | 3.9/18 MB | 2.6/3.6 MB | 1.4/1.9 MB | 0.1/1.3 MBProgress (5): 4.9/93 MB | 3.9/18 MB | 2.6/3.6 MB | 1.4/1.9 MB | 0.1/1.3 MBProgress (5): 4.9/93 MB | 3.9/18 MB | 2.6/3.6 MB | 1.4/1.9 MB | 0.1/1.3 MBProgress (5): 4.9/93 MB | 3.9/18 MB | 2.6/3.6 MB | 1.4/1.9 MB | 0.1/1.3 MBProgress (5): 4.9/93 MB | 3.9/18 MB | 2.6/3.6 MB | 1.4/1.9 MB | 0.1/1.3 MBProgress (5): 4.9/93 MB | 3.9/18 MB | 2.6/3.6 MB | 1.4/1.9 MB | 0.1/1.3 MBProgress (5): 4.9/93 MB | 3.9/18 MB | 2.7/3.6 MB | 1.4/1.9 MB | 0.1/1.3 MBProgress (5): 4.9/93 MB | 3.9/18 MB | 2.7/3.6 MB | 1.4/1.9 MB | 0.1/1.3 MBProgress (5): 4.9/93 MB | 3.9/18 MB | 2.7/3.6 MB | 1.4/1.9 MB | 0.1/1.3 MBProgress (5): 4.9/93 MB | 3.9/18 MB | 2.7/3.6 MB | 1.4/1.9 MB | 0.2/1.3 MBProgress (5): 4.9/93 MB | 3.9/18 MB | 2.7/3.6 MB | 1.4/1.9 MB | 0.2/1.3 MBProgress (5): 4.9/93 MB | 3.9/18 MB | 2.7/3.6 MB | 1.4/1.9 MB | 0.2/1.3 MBProgress (5): 4.9/93 MB | 3.9/18 MB | 2.7/3.6 MB | 1.4/1.9 MB | 0.2/1.3 MBProgress (5): 4.9/93 MB | 3.9/18 MB | 2.7/3.6 MB | 1.4/1.9 MB | 0.2/1.3 MBProgress (5): 4.9/93 MB | 3.9/18 MB | 2.7/3.6 MB | 1.4/1.9 MB | 0.2/1.3 MBProgress (5): 4.9/93 MB | 3.9/18 MB | 2.7/3.6 MB | 1.4/1.9 MB | 0.2/1.3 MBProgress (5): 5.0/93 MB | 3.9/18 MB | 2.7/3.6 MB | 1.4/1.9 MB | 0.2/1.3 MBProgress (5): 5.0/93 MB | 3.9/18 MB | 2.7/3.6 MB | 1.4/1.9 MB | 0.2/1.3 MBProgress (5): 5.0/93 MB | 3.9/18 MB | 2.7/3.6 MB | 1.4/1.9 MB | 0.2/1.3 MBProgress (5): 5.0/93 MB | 3.9/18 MB | 2.7/3.6 MB | 1.4/1.9 MB | 0.2/1.3 MBProgress (5): 5.0/93 MB | 4.0/18 MB | 2.7/3.6 MB | 1.4/1.9 MB | 0.2/1.3 MBProgress (5): 5.0/93 MB | 4.0/18 MB | 2.7/3.6 MB | 1.4/1.9 MB | 0.2/1.3 MBProgress (5): 5.0/93 MB | 4.0/18 MB | 2.7/3.6 MB | 1.4/1.9 MB | 0.2/1.3 MBProgress (5): 5.0/93 MB | 4.0/18 MB | 2.8/3.6 MB | 1.4/1.9 MB | 0.2/1.3 MBProgress (5): 5.0/93 MB | 4.0/18 MB | 2.8/3.6 MB | 1.4/1.9 MB | 0.2/1.3 MBProgress (5): 5.0/93 MB | 4.0/18 MB | 2.8/3.6 MB | 1.4/1.9 MB | 0.2/1.3 MBProgress (5): 5.0/93 MB | 4.0/18 MB | 2.8/3.6 MB | 1.4/1.9 MB | 0.2/1.3 MBProgress (5): 5.0/93 MB | 4.0/18 MB | 2.8/3.6 MB | 1.5/1.9 MB | 0.2/1.3 MBProgress (5): 5.0/93 MB | 4.0/18 MB | 2.8/3.6 MB | 1.5/1.9 MB | 0.2/1.3 MBProgress (5): 5.0/93 MB | 4.0/18 MB | 2.8/3.6 MB | 1.5/1.9 MB | 0.2/1.3 MBProgress (5): 5.0/93 MB | 4.0/18 MB | 2.8/3.6 MB | 1.5/1.9 MB | 0.2/1.3 MBProgress (5): 5.0/93 MB | 4.0/18 MB | 2.8/3.6 MB | 1.5/1.9 MB | 0.2/1.3 MBProgress (5): 5.0/93 MB | 4.0/18 MB | 2.8/3.6 MB | 1.5/1.9 MB | 0.2/1.3 MBProgress (5): 5.0/93 MB | 4.0/18 MB | 2.8/3.6 MB | 1.5/1.9 MB | 0.2/1.3 MBProgress (5): 5.0/93 MB | 4.0/18 MB | 2.8/3.6 MB | 1.5/1.9 MB | 0.2/1.3 MBProgress (5): 5.0/93 MB | 4.0/18 MB | 2.8/3.6 MB | 1.5/1.9 MB | 0.2/1.3 MBProgress (5): 5.0/93 MB | 4.0/18 MB | 2.8/3.6 MB | 1.5/1.9 MB | 0.2/1.3 MBProgress (5): 5.0/93 MB | 4.0/18 MB | 2.8/3.6 MB | 1.5/1.9 MB | 0.2/1.3 MBProgress (5): 5.0/93 MB | 4.0/18 MB | 2.8/3.6 MB | 1.5/1.9 MB | 0.3/1.3 MBProgress (5): 5.0/93 MB | 4.0/18 MB | 2.8/3.6 MB | 1.5/1.9 MB | 0.3/1.3 MBProgress (5): 5.0/93 MB | 4.0/18 MB | 2.8/3.6 MB | 1.5/1.9 MB | 0.3/1.3 MBProgress (5): 5.0/93 MB | 4.0/18 MB | 2.8/3.6 MB | 1.5/1.9 MB | 0.3/1.3 MBProgress (5): 5.0/93 MB | 4.0/18 MB | 2.9/3.6 MB | 1.5/1.9 MB | 0.3/1.3 MBProgress (5): 5.0/93 MB | 4.0/18 MB | 2.9/3.6 MB | 1.5/1.9 MB | 0.3/1.3 MBProgress (5): 5.0/93 MB | 4.0/18 MB | 2.9/3.6 MB | 1.5/1.9 MB | 0.3/1.3 MBProgress (5): 5.0/93 MB | 4.0/18 MB | 2.9/3.6 MB | 1.5/1.9 MB | 0.3/1.3 MBProgress (5): 5.0/93 MB | 4.0/18 MB | 2.9/3.6 MB | 1.5/1.9 MB | 0.3/1.3 MBProgress (5): 5.0/93 MB | 4.0/18 MB | 2.9/3.6 MB | 1.5/1.9 MB | 0.3/1.3 MBProgress (5): 5.0/93 MB | 4.0/18 MB | 2.9/3.6 MB | 1.5/1.9 MB | 0.3/1.3 MBProgress (5): 5.0/93 MB | 4.0/18 MB | 2.9/3.6 MB | 1.5/1.9 MB | 0.3/1.3 MBProgress (5): 5.0/93 MB | 4.0/18 MB | 2.9/3.6 MB | 1.5/1.9 MB | 0.3/1.3 MBProgress (5): 5.0/93 MB | 4.0/18 MB | 2.9/3.6 MB | 1.5/1.9 MB | 0.3/1.3 MBProgress (5): 5.1/93 MB | 4.0/18 MB | 2.9/3.6 MB | 1.5/1.9 MB | 0.3/1.3 MBProgress (5): 5.1/93 MB | 4.0/18 MB | 2.9/3.6 MB | 1.5/1.9 MB | 0.3/1.3 MBProgress (5): 5.1/93 MB | 4.0/18 MB | 2.9/3.6 MB | 1.5/1.9 MB | 0.3/1.3 MBProgress (5): 5.1/93 MB | 4.0/18 MB | 2.9/3.6 MB | 1.5/1.9 MB | 0.3/1.3 MBProgress (5): 5.1/93 MB | 4.0/18 MB | 2.9/3.6 MB | 1.5/1.9 MB | 0.3/1.3 MBProgress (5): 5.1/93 MB | 4.0/18 MB | 2.9/3.6 MB | 1.5/1.9 MB | 0.3/1.3 MBProgress (5): 5.1/93 MB | 4.0/18 MB | 2.9/3.6 MB | 1.5/1.9 MB | 0.3/1.3 MBProgress (5): 5.1/93 MB | 4.0/18 MB | 2.9/3.6 MB | 1.5/1.9 MB | 0.3/1.3 MBProgress (5): 5.1/93 MB | 4.0/18 MB | 2.9/3.6 MB | 1.5/1.9 MB | 0.3/1.3 MBProgress (5): 5.1/93 MB | 4.1/18 MB | 2.9/3.6 MB | 1.5/1.9 MB | 0.3/1.3 MBProgress (5): 5.1/93 MB | 4.1/18 MB | 2.9/3.6 MB | 1.5/1.9 MB | 0.3/1.3 MBProgress (5): 5.1/93 MB | 4.1/18 MB | 2.9/3.6 MB | 1.5/1.9 MB | 0.3/1.3 MBProgress (5): 5.1/93 MB | 4.1/18 MB | 2.9/3.6 MB | 1.5/1.9 MB | 0.3/1.3 MBProgress (5): 5.1/93 MB | 4.1/18 MB | 2.9/3.6 MB | 1.5/1.9 MB | 0.3/1.3 MBProgress (5): 5.1/93 MB | 4.1/18 MB | 2.9/3.6 MB | 1.5/1.9 MB | 0.3/1.3 MBProgress (5): 5.1/93 MB | 4.1/18 MB | 2.9/3.6 MB | 1.5/1.9 MB | 0.3/1.3 MBProgress (5): 5.1/93 MB | 4.1/18 MB | 2.9/3.6 MB | 1.5/1.9 MB | 0.3/1.3 MBProgress (5): 5.1/93 MB | 4.1/18 MB | 2.9/3.6 MB | 1.5/1.9 MB | 0.3/1.3 MBProgress (5): 5.1/93 MB | 4.1/18 MB | 2.9/3.6 MB | 1.6/1.9 MB | 0.3/1.3 MBProgress (5): 5.1/93 MB | 4.1/18 MB | 2.9/3.6 MB | 1.6/1.9 MB | 0.3/1.3 MBProgress (5): 5.1/93 MB | 4.1/18 MB | 2.9/3.6 MB | 1.6/1.9 MB | 0.3/1.3 MBProgress (5): 5.1/93 MB | 4.1/18 MB | 2.9/3.6 MB | 1.6/1.9 MB | 0.3/1.3 MBProgress (5): 5.1/93 MB | 4.1/18 MB | 2.9/3.6 MB | 1.6/1.9 MB | 0.3/1.3 MBProgress (5): 5.1/93 MB | 4.1/18 MB | 2.9/3.6 MB | 1.6/1.9 MB | 0.3/1.3 MBProgress (5): 5.2/93 MB | 4.1/18 MB | 2.9/3.6 MB | 1.6/1.9 MB | 0.3/1.3 MBProgress (5): 5.2/93 MB | 4.1/18 MB | 2.9/3.6 MB | 1.6/1.9 MB | 0.4/1.3 MBProgress (5): 5.2/93 MB | 4.1/18 MB | 2.9/3.6 MB | 1.6/1.9 MB | 0.4/1.3 MBProgress (5): 5.2/93 MB | 4.1/18 MB | 2.9/3.6 MB | 1.6/1.9 MB | 0.4/1.3 MBProgress (5): 5.2/93 MB | 4.1/18 MB | 2.9/3.6 MB | 1.6/1.9 MB | 0.4/1.3 MBProgress (5): 5.2/93 MB | 4.2/18 MB | 2.9/3.6 MB | 1.6/1.9 MB | 0.4/1.3 MBProgress (5): 5.2/93 MB | 4.2/18 MB | 3.0/3.6 MB | 1.6/1.9 MB | 0.4/1.3 MBProgress (5): 5.2/93 MB | 4.2/18 MB | 3.0/3.6 MB | 1.6/1.9 MB | 0.4/1.3 MBProgress (5): 5.2/93 MB | 4.2/18 MB | 3.0/3.6 MB | 1.6/1.9 MB | 0.4/1.3 MBProgress (5): 5.2/93 MB | 4.2/18 MB | 3.0/3.6 MB | 1.6/1.9 MB | 0.4/1.3 MBProgress (5): 5.2/93 MB | 4.2/18 MB | 3.0/3.6 MB | 1.6/1.9 MB | 0.4/1.3 MBProgress (5): 5.2/93 MB | 4.2/18 MB | 3.0/3.6 MB | 1.6/1.9 MB | 0.4/1.3 MBProgress (5): 5.2/93 MB | 4.2/18 MB | 3.0/3.6 MB | 1.6/1.9 MB | 0.4/1.3 MBProgress (5): 5.2/93 MB | 4.2/18 MB | 3.0/3.6 MB | 1.6/1.9 MB | 0.4/1.3 MBProgress (5): 5.2/93 MB | 4.2/18 MB | 3.0/3.6 MB | 1.6/1.9 MB | 0.4/1.3 MBProgress (5): 5.2/93 MB | 4.2/18 MB | 3.0/3.6 MB | 1.6/1.9 MB | 0.4/1.3 MBProgress (5): 5.2/93 MB | 4.2/18 MB | 3.0/3.6 MB | 1.6/1.9 MB | 0.4/1.3 MBProgress (5): 5.2/93 MB | 4.2/18 MB | 3.0/3.6 MB | 1.6/1.9 MB | 0.4/1.3 MBProgress (5): 5.2/93 MB | 4.2/18 MB | 3.0/3.6 MB | 1.6/1.9 MB | 0.4/1.3 MBProgress (5): 5.2/93 MB | 4.2/18 MB | 3.0/3.6 MB | 1.6/1.9 MB | 0.4/1.3 MBProgress (5): 5.2/93 MB | 4.2/18 MB | 3.0/3.6 MB | 1.6/1.9 MB | 0.4/1.3 MBProgress (5): 5.2/93 MB | 4.2/18 MB | 3.0/3.6 MB | 1.7/1.9 MB | 0.4/1.3 MBProgress (5): 5.2/93 MB | 4.2/18 MB | 3.0/3.6 MB | 1.7/1.9 MB | 0.4/1.3 MBProgress (5): 5.2/93 MB | 4.2/18 MB | 3.0/3.6 MB | 1.7/1.9 MB | 0.4/1.3 MBProgress (5): 5.2/93 MB | 4.2/18 MB | 3.0/3.6 MB | 1.7/1.9 MB | 0.4/1.3 MBProgress (5): 5.2/93 MB | 4.2/18 MB | 3.0/3.6 MB | 1.7/1.9 MB | 0.4/1.3 MBProgress (5): 5.2/93 MB | 4.2/18 MB | 3.0/3.6 MB | 1.7/1.9 MB | 0.4/1.3 MBProgress (5): 5.2/93 MB | 4.2/18 MB | 3.0/3.6 MB | 1.7/1.9 MB | 0.4/1.3 MBProgress (5): 5.2/93 MB | 4.2/18 MB | 3.0/3.6 MB | 1.7/1.9 MB | 0.4/1.3 MBProgress (5): 5.3/93 MB | 4.2/18 MB | 3.0/3.6 MB | 1.7/1.9 MB | 0.4/1.3 MBProgress (5): 5.3/93 MB | 4.2/18 MB | 3.0/3.6 MB | 1.7/1.9 MB | 0.4/1.3 MBProgress (5): 5.3/93 MB | 4.2/18 MB | 3.1/3.6 MB | 1.7/1.9 MB | 0.4/1.3 MBProgress (5): 5.3/93 MB | 4.2/18 MB | 3.1/3.6 MB | 1.7/1.9 MB | 0.4/1.3 MBProgress (5): 5.3/93 MB | 4.2/18 MB | 3.1/3.6 MB | 1.7/1.9 MB | 0.5/1.3 MBProgress (5): 5.3/93 MB | 4.2/18 MB | 3.1/3.6 MB | 1.7/1.9 MB | 0.5/1.3 MBProgress (5): 5.3/93 MB | 4.2/18 MB | 3.1/3.6 MB | 1.7/1.9 MB | 0.5/1.3 MBProgress (5): 5.3/93 MB | 4.2/18 MB | 3.1/3.6 MB | 1.7/1.9 MB | 0.5/1.3 MBProgress (5): 5.3/93 MB | 4.2/18 MB | 3.1/3.6 MB | 1.7/1.9 MB | 0.5/1.3 MBProgress (5): 5.3/93 MB | 4.2/18 MB | 3.1/3.6 MB | 1.7/1.9 MB | 0.5/1.3 MBProgress (5): 5.3/93 MB | 4.2/18 MB | 3.1/3.6 MB | 1.7/1.9 MB | 0.5/1.3 MBProgress (5): 5.3/93 MB | 4.2/18 MB | 3.1/3.6 MB | 1.7/1.9 MB | 0.5/1.3 MBProgress (5): 5.3/93 MB | 4.2/18 MB | 3.1/3.6 MB | 1.7/1.9 MB | 0.5/1.3 MBProgress (5): 5.3/93 MB | 4.2/18 MB | 3.1/3.6 MB | 1.7/1.9 MB | 0.5/1.3 MBProgress (5): 5.3/93 MB | 4.3/18 MB | 3.1/3.6 MB | 1.7/1.9 MB | 0.5/1.3 MBProgress (5): 5.3/93 MB | 4.3/18 MB | 3.1/3.6 MB | 1.7/1.9 MB | 0.5/1.3 MBProgress (5): 5.3/93 MB | 4.3/18 MB | 3.1/3.6 MB | 1.7/1.9 MB | 0.5/1.3 MBProgress (5): 5.3/93 MB | 4.3/18 MB | 3.1/3.6 MB | 1.7/1.9 MB | 0.5/1.3 MBProgress (5): 5.3/93 MB | 4.3/18 MB | 3.1/3.6 MB | 1.7/1.9 MB | 0.5/1.3 MBProgress (5): 5.3/93 MB | 4.3/18 MB | 3.1/3.6 MB | 1.7/1.9 MB | 0.5/1.3 MBProgress (5): 5.3/93 MB | 4.3/18 MB | 3.1/3.6 MB | 1.7/1.9 MB | 0.5/1.3 MBProgress (5): 5.3/93 MB | 4.3/18 MB | 3.1/3.6 MB | 1.7/1.9 MB | 0.5/1.3 MBProgress (5): 5.3/93 MB | 4.3/18 MB | 3.1/3.6 MB | 1.7/1.9 MB | 0.5/1.3 MBProgress (5): 5.3/93 MB | 4.3/18 MB | 3.1/3.6 MB | 1.8/1.9 MB | 0.5/1.3 MBProgress (5): 5.3/93 MB | 4.3/18 MB | 3.1/3.6 MB | 1.8/1.9 MB | 0.5/1.3 MBProgress (5): 5.3/93 MB | 4.3/18 MB | 3.1/3.6 MB | 1.8/1.9 MB | 0.5/1.3 MBProgress (5): 5.3/93 MB | 4.3/18 MB | 3.1/3.6 MB | 1.8/1.9 MB | 0.5/1.3 MBProgress (5): 5.3/93 MB | 4.3/18 MB | 3.1/3.6 MB | 1.8/1.9 MB | 0.6/1.3 MBProgress (5): 5.3/93 MB | 4.3/18 MB | 3.1/3.6 MB | 1.8/1.9 MB | 0.6/1.3 MBProgress (5): 5.3/93 MB | 4.3/18 MB | 3.1/3.6 MB | 1.8/1.9 MB | 0.6/1.3 MBProgress (5): 5.3/93 MB | 4.3/18 MB | 3.1/3.6 MB | 1.8/1.9 MB | 0.6/1.3 MBProgress (5): 5.3/93 MB | 4.3/18 MB | 3.1/3.6 MB | 1.8/1.9 MB | 0.6/1.3 MBProgress (5): 5.4/93 MB | 4.3/18 MB | 3.1/3.6 MB | 1.8/1.9 MB | 0.6/1.3 MBProgress (5): 5.4/93 MB | 4.3/18 MB | 3.1/3.6 MB | 1.8/1.9 MB | 0.6/1.3 MBProgress (5): 5.4/93 MB | 4.3/18 MB | 3.1/3.6 MB | 1.8/1.9 MB | 0.6/1.3 MBProgress (5): 5.4/93 MB | 4.3/18 MB | 3.1/3.6 MB | 1.8/1.9 MB | 0.6/1.3 MBProgress (5): 5.4/93 MB | 4.3/18 MB | 3.1/3.6 MB | 1.8/1.9 MB | 0.6/1.3 MBProgress (5): 5.4/93 MB | 4.3/18 MB | 3.1/3.6 MB | 1.8/1.9 MB | 0.6/1.3 MBProgress (5): 5.4/93 MB | 4.4/18 MB | 3.1/3.6 MB | 1.8/1.9 MB | 0.6/1.3 MBProgress (5): 5.4/93 MB | 4.4/18 MB | 3.1/3.6 MB | 1.8/1.9 MB | 0.6/1.3 MBProgress (5): 5.4/93 MB | 4.4/18 MB | 3.1/3.6 MB | 1.8/1.9 MB | 0.6/1.3 MBProgress (5): 5.4/93 MB | 4.4/18 MB | 3.1/3.6 MB | 1.8/1.9 MB | 0.6/1.3 MBProgress (5): 5.4/93 MB | 4.4/18 MB | 3.1/3.6 MB | 1.8/1.9 MB | 0.6/1.3 MBProgress (5): 5.4/93 MB | 4.4/18 MB | 3.1/3.6 MB | 1.8/1.9 MB | 0.6/1.3 MBProgress (5): 5.4/93 MB | 4.4/18 MB | 3.1/3.6 MB | 1.8/1.9 MB | 0.6/1.3 MBProgress (5): 5.4/93 MB | 4.4/18 MB | 3.2/3.6 MB | 1.8/1.9 MB | 0.6/1.3 MBProgress (5): 5.4/93 MB | 4.4/18 MB | 3.2/3.6 MB | 1.8/1.9 MB | 0.6/1.3 MBProgress (5): 5.4/93 MB | 4.4/18 MB | 3.2/3.6 MB | 1.8/1.9 MB | 0.6/1.3 MBProgress (5): 5.4/93 MB | 4.4/18 MB | 3.2/3.6 MB | 1.8/1.9 MB | 0.6/1.3 MBProgress (5): 5.4/93 MB | 4.4/18 MB | 3.2/3.6 MB | 1.8/1.9 MB | 0.6/1.3 MBProgress (5): 5.4/93 MB | 4.4/18 MB | 3.2/3.6 MB | 1.8/1.9 MB | 0.6/1.3 MBProgress (5): 5.4/93 MB | 4.4/18 MB | 3.2/3.6 MB | 1.8/1.9 MB | 0.6/1.3 MBProgress (5): 5.4/93 MB | 4.4/18 MB | 3.2/3.6 MB | 1.8/1.9 MB | 0.6/1.3 MBProgress (5): 5.4/93 MB | 4.4/18 MB | 3.2/3.6 MB | 1.8/1.9 MB | 0.6/1.3 MBProgress (5): 5.4/93 MB | 4.4/18 MB | 3.2/3.6 MB | 1.8/1.9 MB | 0.6/1.3 MBProgress (5): 5.4/93 MB | 4.4/18 MB | 3.2/3.6 MB | 1.9/1.9 MB | 0.6/1.3 MBProgress (5): 5.4/93 MB | 4.4/18 MB | 3.2/3.6 MB | 1.9/1.9 MB | 0.6/1.3 MBProgress (5): 5.4/93 MB | 4.4/18 MB | 3.2/3.6 MB | 1.9/1.9 MB | 0.6/1.3 MBProgress (5): 5.4/93 MB | 4.4/18 MB | 3.2/3.6 MB | 1.9/1.9 MB | 0.6/1.3 MBProgress (5): 5.4/93 MB | 4.4/18 MB | 3.2/3.6 MB | 1.9/1.9 MB | 0.6/1.3 MBProgress (5): 5.4/93 MB | 4.4/18 MB | 3.2/3.6 MB | 1.9/1.9 MB | 0.6/1.3 MBProgress (5): 5.4/93 MB | 4.5/18 MB | 3.2/3.6 MB | 1.9/1.9 MB | 0.6/1.3 MBProgress (5): 5.4/93 MB | 4.5/18 MB | 3.2/3.6 MB | 1.9/1.9 MB | 0.6/1.3 MBProgress (5): 5.4/93 MB | 4.5/18 MB | 3.2/3.6 MB | 1.9/1.9 MB | 0.6/1.3 MBProgress (5): 5.4/93 MB | 4.5/18 MB | 3.2/3.6 MB | 1.9 MB | 0.6/1.3 MB    Progress (5): 5.4/93 MB | 4.5/18 MB | 3.2/3.6 MB | 1.9 MB | 0.6/1.3 MB                                                                      Downloaded from central: https://repo.maven.apache.org/maven2/org/springframework/spring-core/6.1.13/spring-core-6.1.13.jar (1.9 MB at 1.0 MB/s)
Progress (4): 5.4/93 MB | 4.5/18 MB | 3.2/3.6 MB | 0.7/1.3 MBProgress (4): 5.5/93 MB | 4.5/18 MB | 3.2/3.6 MB | 0.7/1.3 MBProgress (4): 5.5/93 MB | 4.5/18 MB | 3.2/3.6 MB | 0.7/1.3 MBProgress (4): 5.5/93 MB | 4.5/18 MB | 3.2/3.6 MB | 0.7/1.3 MBProgress (4): 5.5/93 MB | 4.5/18 MB | 3.3/3.6 MB | 0.7/1.3 MB                                                             Downloading from central: https://repo.maven.apache.org/maven2/jakarta/validation/jakarta.validation-api/3.0.2/jakarta.validation-api-3.0.2.jar
Progress (4): 5.5/93 MB | 4.5/18 MB | 3.3/3.6 MB | 0.7/1.3 MBProgress (4): 5.5/93 MB | 4.5/18 MB | 3.3/3.6 MB | 0.7/1.3 MBProgress (4): 5.5/93 MB | 4.5/18 MB | 3.3/3.6 MB | 0.7/1.3 MBProgress (4): 5.5/93 MB | 4.5/18 MB | 3.3/3.6 MB | 0.7/1.3 MBProgress (4): 5.5/93 MB | 4.5/18 MB | 3.3/3.6 MB | 0.7/1.3 MBProgress (4): 5.5/93 MB | 4.5/18 MB | 3.3/3.6 MB | 0.7/1.3 MBProgress (4): 5.5/93 MB | 4.5/18 MB | 3.3/3.6 MB | 0.7/1.3 MBProgress (4): 5.5/93 MB | 4.5/18 MB | 3.3/3.6 MB | 0.7/1.3 MBProgress (4): 5.5/93 MB | 4.5/18 MB | 3.3/3.6 MB | 0.7/1.3 MBProgress (4): 5.5/93 MB | 4.5/18 MB | 3.3/3.6 MB | 0.7/1.3 MBProgress (4): 5.5/93 MB | 4.5/18 MB | 3.3/3.6 MB | 0.8/1.3 MBProgress (4): 5.5/93 MB | 4.5/18 MB | 3.3/3.6 MB | 0.8/1.3 MBProgress (4): 5.5/93 MB | 4.5/18 MB | 3.3/3.6 MB | 0.8/1.3 MBProgress (4): 5.5/93 MB | 4.5/18 MB | 3.3/3.6 MB | 0.8/1.3 MBProgress (4): 5.5/93 MB | 4.5/18 MB | 3.3/3.6 MB | 0.8/1.3 MBProgress (4): 5.5/93 MB | 4.5/18 MB | 3.3/3.6 MB | 0.8/1.3 MBProgress (4): 5.5/93 MB | 4.5/18 MB | 3.3/3.6 MB | 0.8/1.3 MBProgress (4): 5.5/93 MB | 4.5/18 MB | 3.3/3.6 MB | 0.8/1.3 MBProgress (4): 5.5/93 MB | 4.5/18 MB | 3.3/3.6 MB | 0.8/1.3 MBProgress (4): 5.5/93 MB | 4.5/18 MB | 3.3/3.6 MB | 0.8/1.3 MBProgress (4): 5.5/93 MB | 4.6/18 MB | 3.3/3.6 MB | 0.8/1.3 MBProgress (4): 5.5/93 MB | 4.6/18 MB | 3.3/3.6 MB | 0.8/1.3 MBProgress (4): 5.5/93 MB | 4.6/18 MB | 3.3/3.6 MB | 0.8/1.3 MBProgress (4): 5.5/93 MB | 4.6/18 MB | 3.3/3.6 MB | 0.8/1.3 MBProgress (4): 5.5/93 MB | 4.6/18 MB | 3.3/3.6 MB | 0.8/1.3 MBProgress (4): 5.5/93 MB | 4.6/18 MB | 3.3/3.6 MB | 0.8/1.3 MBProgress (4): 5.5/93 MB | 4.6/18 MB | 3.3/3.6 MB | 0.8/1.3 MBProgress (4): 5.6/93 MB | 4.6/18 MB | 3.3/3.6 MB | 0.8/1.3 MBProgress (4): 5.6/93 MB | 4.6/18 MB | 3.3/3.6 MB | 0.8/1.3 MBProgress (4): 5.6/93 MB | 4.6/18 MB | 3.3/3.6 MB | 0.8/1.3 MBProgress (4): 5.6/93 MB | 4.6/18 MB | 3.3/3.6 MB | 0.8/1.3 MBProgress (4): 5.6/93 MB | 4.6/18 MB | 3.3/3.6 MB | 0.8/1.3 MBProgress (4): 5.6/93 MB | 4.6/18 MB | 3.3/3.6 MB | 0.9/1.3 MBProgress (4): 5.6/93 MB | 4.6/18 MB | 3.4/3.6 MB | 0.9/1.3 MBProgress (4): 5.6/93 MB | 4.6/18 MB | 3.4/3.6 MB | 0.9/1.3 MBProgress (4): 5.6/93 MB | 4.6/18 MB | 3.4/3.6 MB | 0.9/1.3 MBProgress (4): 5.6/93 MB | 4.7/18 MB | 3.4/3.6 MB | 0.9/1.3 MBProgress (4): 5.6/93 MB | 4.7/18 MB | 3.4/3.6 MB | 0.9/1.3 MBProgress (4): 5.6/93 MB | 4.7/18 MB | 3.4/3.6 MB | 0.9/1.3 MBProgress (4): 5.6/93 MB | 4.7/18 MB | 3.4/3.6 MB | 0.9/1.3 MBProgress (4): 5.6/93 MB | 4.7/18 MB | 3.4/3.6 MB | 0.9/1.3 MBProgress (4): 5.6/93 MB | 4.7/18 MB | 3.4/3.6 MB | 0.9/1.3 MBProgress (4): 5.6/93 MB | 4.7/18 MB | 3.4/3.6 MB | 0.9/1.3 MBProgress (4): 5.6/93 MB | 4.7/18 MB | 3.4/3.6 MB | 0.9/1.3 MBProgress (4): 5.6/93 MB | 4.7/18 MB | 3.4/3.6 MB | 1.0/1.3 MBProgress (4): 5.6/93 MB | 4.7/18 MB | 3.4/3.6 MB | 1.0/1.3 MBProgress (4): 5.6/93 MB | 4.7/18 MB | 3.4/3.6 MB | 1.0/1.3 MBProgress (4): 5.6/93 MB | 4.7/18 MB | 3.4/3.6 MB | 1.0/1.3 MBProgress (4): 5.6/93 MB | 4.7/18 MB | 3.4/3.6 MB | 1.0/1.3 MBProgress (4): 5.6/93 MB | 4.7/18 MB | 3.4/3.6 MB | 1.0/1.3 MBProgress (4): 5.6/93 MB | 4.7/18 MB | 3.4/3.6 MB | 1.0/1.3 MBProgress (4): 5.6/93 MB | 4.7/18 MB | 3.4/3.6 MB | 1.0/1.3 MBProgress (4): 5.6/93 MB | 4.7/18 MB | 3.4/3.6 MB | 1.0/1.3 MBProgress (4): 5.6/93 MB | 4.7/18 MB | 3.4/3.6 MB | 1.0/1.3 MBProgress (4): 5.6/93 MB | 4.7/18 MB | 3.4/3.6 MB | 1.0/1.3 MBProgress (4): 5.7/93 MB | 4.7/18 MB | 3.4/3.6 MB | 1.0/1.3 MBProgress (5): 5.7/93 MB | 4.7/18 MB | 3.4/3.6 MB | 1.0/1.3 MB | 7.5/93 kBProgress (5): 5.7/93 MB | 4.7/18 MB | 3.4/3.6 MB | 1.0/1.3 MB | 24/93 kB Progress (5): 5.7/93 MB | 4.7/18 MB | 3.4/3.6 MB | 1.0/1.3 MB | 24/93 kBProgress (5): 5.7/93 MB | 4.7/18 MB | 3.4/3.6 MB | 1.0/1.3 MB | 24/93 kBProgress (5): 5.7/93 MB | 4.7/18 MB | 3.4/3.6 MB | 1.0/1.3 MB | 24/93 kBProgress (5): 5.7/93 MB | 4.7/18 MB | 3.4/3.6 MB | 1.0/1.3 MB | 24/93 kBProgress (5): 5.7/93 MB | 4.7/18 MB | 3.4/3.6 MB | 1.0/1.3 MB | 40/93 kBProgress (5): 5.7/93 MB | 4.7/18 MB | 3.4/3.6 MB | 1.0/1.3 MB | 40/93 kBProgress (5): 5.7/93 MB | 4.7/18 MB | 3.4/3.6 MB | 1.0/1.3 MB | 40/93 kBProgress (5): 5.7/93 MB | 4.7/18 MB | 3.4/3.6 MB | 1.0/1.3 MB | 40/93 kBProgress (5): 5.7/93 MB | 4.7/18 MB | 3.4/3.6 MB | 1.0/1.3 MB | 40/93 kBProgress (5): 5.7/93 MB | 4.8/18 MB | 3.4/3.6 MB | 1.0/1.3 MB | 40/93 kBProgress (5): 5.7/93 MB | 4.8/18 MB | 3.4/3.6 MB | 1.0/1.3 MB | 40/93 kBProgress (5): 5.7/93 MB | 4.8/18 MB | 3.5/3.6 MB | 1.0/1.3 MB | 40/93 kBProgress (5): 5.7/93 MB | 4.8/18 MB | 3.5/3.6 MB | 1.0/1.3 MB | 57/93 kBProgress (5): 5.7/93 MB | 4.8/18 MB | 3.5/3.6 MB | 1.0/1.3 MB | 57/93 kBProgress (5): 5.7/93 MB | 4.8/18 MB | 3.5/3.6 MB | 1.0/1.3 MB | 73/93 kBProgress (5): 5.7/93 MB | 4.8/18 MB | 3.5/3.6 MB | 1.0/1.3 MB | 73/93 kBProgress (5): 5.7/93 MB | 4.8/18 MB | 3.5/3.6 MB | 1.0/1.3 MB | 89/93 kBProgress (5): 5.7/93 MB | 4.8/18 MB | 3.5/3.6 MB | 1.0/1.3 MB | 93 kB   Progress (5): 5.7/93 MB | 4.8/18 MB | 3.5/3.6 MB | 1.0/1.3 MB | 93 kBProgress (5): 5.7/93 MB | 4.8/18 MB | 3.5/3.6 MB | 1.0/1.3 MB | 93 kBProgress (5): 5.7/93 MB | 4.8/18 MB | 3.5/3.6 MB | 1.0/1.3 MB | 93 kBProgress (5): 5.7/93 MB | 4.8/18 MB | 3.5/3.6 MB | 1.0/1.3 MB | 93 kBProgress (5): 5.7/93 MB | 4.8/18 MB | 3.5/3.6 MB | 1.0/1.3 MB | 93 kBProgress (5): 5.7/93 MB | 4.8/18 MB | 3.5/3.6 MB | 1.0/1.3 MB | 93 kBProgress (5): 5.7/93 MB | 4.8/18 MB | 3.5/3.6 MB | 1.0/1.3 MB | 93 kBProgress (5): 5.7/93 MB | 4.8/18 MB | 3.5/3.6 MB | 1.0/1.3 MB | 93 kBProgress (5): 5.7/93 MB | 4.8/18 MB | 3.5/3.6 MB | 1.0/1.3 MB | 93 kBProgress (5): 5.7/93 MB | 4.8/18 MB | 3.5/3.6 MB | 1.0/1.3 MB | 93 kB                                                                     Downloaded from central: https://repo.maven.apache.org/maven2/jakarta/validation/jakarta.validation-api/3.0.2/jakarta.validation-api-3.0.2.jar (93 kB at 51 kB/s)
Downloading from central: https://repo.maven.apache.org/maven2/org/jboss/logging/jboss-logging/3.5.3.Final/jboss-logging-3.5.3.Final.jar
Progress (4): 5.7/93 MB | 4.8/18 MB | 3.5/3.6 MB | 1.1/1.3 MBProgress (4): 5.8/93 MB | 4.8/18 MB | 3.5/3.6 MB | 1.1/1.3 MBProgress (4): 5.8/93 MB | 4.8/18 MB | 3.5/3.6 MB | 1.1/1.3 MBProgress (4): 5.8/93 MB | 4.8/18 MB | 3.5/3.6 MB | 1.1/1.3 MBProgress (4): 5.8/93 MB | 4.8/18 MB | 3.5/3.6 MB | 1.1/1.3 MBProgress (4): 5.8/93 MB | 4.8/18 MB | 3.5/3.6 MB | 1.1/1.3 MBProgress (4): 5.8/93 MB | 4.8/18 MB | 3.5/3.6 MB | 1.1/1.3 MBProgress (4): 5.8/93 MB | 4.8/18 MB | 3.5/3.6 MB | 1.1/1.3 MBProgress (4): 5.8/93 MB | 4.8/18 MB | 3.6/3.6 MB | 1.1/1.3 MBProgress (4): 5.8/93 MB | 4.8/18 MB | 3.6 MB | 1.1/1.3 MB    Progress (4): 5.8/93 MB | 4.9/18 MB | 3.6 MB | 1.1/1.3 MBProgress (4): 5.8/93 MB | 4.9/18 MB | 3.6 MB | 1.1/1.3 MBProgress (4): 5.8/93 MB | 4.9/18 MB | 3.6 MB | 1.1/1.3 MBProgress (4): 5.8/93 MB | 4.9/18 MB | 3.6 MB | 1.1/1.3 MBProgress (4): 5.8/93 MB | 4.9/18 MB | 3.6 MB | 1.1/1.3 MBProgress (4): 5.8/93 MB | 4.9/18 MB | 3.6 MB | 1.1/1.3 MBProgress (4): 5.8/93 MB | 4.9/18 MB | 3.6 MB | 1.1/1.3 MBProgress (4): 5.8/93 MB | 4.9/18 MB | 3.6 MB | 1.1/1.3 MBProgress (4): 5.8/93 MB | 4.9/18 MB | 3.6 MB | 1.2/1.3 MBProgress (4): 5.8/93 MB | 4.9/18 MB | 3.6 MB | 1.2/1.3 MBProgress (4): 5.8/93 MB | 4.9/18 MB | 3.6 MB | 1.2/1.3 MBProgress (4): 5.8/93 MB | 4.9/18 MB | 3.6 MB | 1.2/1.3 MBProgress (4): 5.8/93 MB | 4.9/18 MB | 3.6 MB | 1.2/1.3 MBProgress (4): 5.8/93 MB | 4.9/18 MB | 3.6 MB | 1.2/1.3 MB                                                         Downloaded from central: https://repo.maven.apache.org/maven2/org/apache/tomcat/embed/tomcat-embed-core/10.1.30/tomcat-embed-core-10.1.30.jar (3.6 MB at 1.9 MB/s)
Downloading from central: https://repo.maven.apache.org/maven2/com/fasterxml/classmate/1.7.0/classmate-1.7.0.jar
Progress (3): 5.8/93 MB | 4.9/18 MB | 1.2/1.3 MBProgress (3): 5.8/93 MB | 5.0/18 MB | 1.2/1.3 MBProgress (3): 5.8/93 MB | 5.0/18 MB | 1.2/1.3 MBProgress (3): 5.8/93 MB | 5.0/18 MB | 1.2/1.3 MBProgress (3): 5.8/93 MB | 5.0/18 MB | 1.2/1.3 MBProgress (3): 5.8/93 MB | 5.0/18 MB | 1.2/1.3 MBProgress (3): 5.8/93 MB | 5.0/18 MB | 1.2/1.3 MBProgress (3): 5.8/93 MB | 5.0/18 MB | 1.2/1.3 MBProgress (3): 5.8/93 MB | 5.0/18 MB | 1.2/1.3 MBProgress (3): 5.9/93 MB | 5.0/18 MB | 1.2/1.3 MBProgress (3): 5.9/93 MB | 5.0/18 MB | 1.3/1.3 MBProgress (3): 5.9/93 MB | 5.0/18 MB | 1.3/1.3 MBProgress (3): 5.9/93 MB | 5.0/18 MB | 1.3/1.3 MBProgress (3): 5.9/93 MB | 5.0/18 MB | 1.3/1.3 MBProgress (3): 5.9/93 MB | 5.0/18 MB | 1.3/1.3 MBProgress (3): 5.9/93 MB | 5.0/18 MB | 1.3/1.3 MBProgress (3): 5.9/93 MB | 5.1/18 MB | 1.3/1.3 MBProgress (3): 5.9/93 MB | 5.1/18 MB | 1.3/1.3 MBProgress (3): 5.9/93 MB | 5.1/18 MB | 1.3/1.3 MBProgress (3): 5.9/93 MB | 5.1/18 MB | 1.3/1.3 MBProgress (3): 5.9/93 MB | 5.1/18 MB | 1.3 MB                                                Downloaded from central: https://repo.maven.apache.org/maven2/org/hibernate/validator/hibernate-validator/8.0.1.Final/hibernate-validator-8.0.1.Final.jar (1.3 MB at 710 kB/s)
Progress (2): 5.9/93 MB | 5.1/18 MBProgress (2): 5.9/93 MB | 5.1/18 MBProgress (2): 5.9/93 MB | 5.1/18 MBProgress (2): 5.9/93 MB | 5.1/18 MBProgress (3): 5.9/93 MB | 5.1/18 MB | 7.7/59 kBProgress (3): 5.9/93 MB | 5.1/18 MB | 16/59 kB Progress (3): 5.9/93 MB | 5.1/18 MB | 16/59 kBProgress (3): 5.9/93 MB | 5.1/18 MB | 32/59 kBProgress (3): 5.9/93 MB | 5.1/18 MB | 32/59 kBProgress (3): 5.9/93 MB | 5.1/18 MB | 48/59 kBProgress (3): 5.9/93 MB | 5.1/18 MB | 48/59 kB                                              Downloading from central: https://repo.maven.apache.org/maven2/org/springframework/spring-context/6.1.13/spring-context-6.1.13.jar
Progress (3): 5.9/93 MB | 5.1/18 MB | 48/59 kBProgress (3): 6.0/93 MB | 5.1/18 MB | 48/59 kBProgress (3): 6.0/93 MB | 5.1/18 MB | 48/59 kBProgress (3): 6.0/93 MB | 5.1/18 MB | 48/59 kBProgress (3): 6.0/93 MB | 5.1/18 MB | 59 kB                                              Downloaded from central: https://repo.maven.apache.org/maven2/org/jboss/logging/jboss-logging/3.5.3.Final/jboss-logging-3.5.3.Final.jar (59 kB at 32 kB/s)
Downloading from central: https://repo.maven.apache.org/maven2/org/springframework/spring-beans/6.1.13/spring-beans-6.1.13.jar
Progress (2): 6.0/93 MB | 5.2/18 MBProgress (3): 6.0/93 MB | 5.2/18 MB | 7.7/69 kBProgress (3): 6.0/93 MB | 5.2/18 MB | 16/69 kB Progress (3): 6.0/93 MB | 5.2/18 MB | 32/69 kBProgress (3): 6.0/93 MB | 5.2/18 MB | 48/69 kBProgress (3): 6.0/93 MB | 5.2/18 MB | 48/69 kBProgress (3): 6.0/93 MB | 5.2/18 MB | 48/69 kBProgress (3): 6.0/93 MB | 5.2/18 MB | 48/69 kBProgress (3): 6.0/93 MB | 5.2/18 MB | 48/69 kBProgress (3): 6.0/93 MB | 5.2/18 MB | 48/69 kBProgress (3): 6.0/93 MB | 5.2/18 MB | 48/69 kBProgress (3): 6.0/93 MB | 5.2/18 MB | 48/69 kBProgress (3): 6.0/93 MB | 5.2/18 MB | 48/69 kBProgress (3): 6.0/93 MB | 5.2/18 MB | 65/69 kBProgress (3): 6.0/93 MB | 5.2/18 MB | 69 kB                                              Downloaded from central: https://repo.maven.apache.org/maven2/com/fasterxml/classmate/1.7.0/classmate-1.7.0.jar (69 kB at 37 kB/s)
Progress (2): 6.0/93 MB | 5.2/18 MBProgress (2): 6.0/93 MB | 5.3/18 MBProgress (2): 6.1/93 MB | 5.3/18 MBProgress (2): 6.1/93 MB | 5.3/18 MBProgress (2): 6.1/93 MB | 5.3/18 MBProgress (2): 6.1/93 MB | 5.3/18 MB                                   Downloading from central: https://repo.maven.apache.org/maven2/org/springframework/spring-expression/6.1.13/spring-expression-6.1.13.jar
Progress (2): 6.1/93 MB | 5.3/18 MBProgress (2): 6.1/93 MB | 5.3/18 MBProgress (2): 6.1/93 MB | 5.3/18 MBProgress (2): 6.1/93 MB | 5.4/18 MBProgress (2): 6.1/93 MB | 5.4/18 MBProgress (2): 6.1/93 MB | 5.4/18 MBProgress (2): 6.1/93 MB | 5.4/18 MBProgress (2): 6.1/93 MB | 5.4/18 MBProgress (2): 6.1/93 MB | 5.4/18 MBProgress (2): 6.1/93 MB | 5.4/18 MBProgress (2): 6.1/93 MB | 5.4/18 MBProgress (3): 6.1/93 MB | 5.4/18 MB | 0/1.3 MBProgress (3): 6.1/93 MB | 5.4/18 MB | 0/1.3 MBProgress (3): 6.1/93 MB | 5.4/18 MB | 0/1.3 MBProgress (3): 6.1/93 MB | 5.4/18 MB | 0/1.3 MBProgress (3): 6.1/93 MB | 5.4/18 MB | 0/1.3 MBProgress (3): 6.1/93 MB | 5.4/18 MB | 0/1.3 MBProgress (3): 6.2/93 MB | 5.4/18 MB | 0/1.3 MBProgress (3): 6.2/93 MB | 5.5/18 MB | 0/1.3 MBProgress (3): 6.2/93 MB | 5.5/18 MB | 0.1/1.3 MBProgress (3): 6.2/93 MB | 5.5/18 MB | 0.1/1.3 MBProgress (3): 6.2/93 MB | 5.5/18 MB | 0.1/1.3 MBProgress (3): 6.2/93 MB | 5.5/18 MB | 0.1/1.3 MBProgress (3): 6.2/93 MB | 5.5/18 MB | 0.1/1.3 MBProgress (3): 6.2/93 MB | 5.5/18 MB | 0.1/1.3 MBProgress (4): 6.2/93 MB | 5.5/18 MB | 0.1/1.3 MB | 7.7/862 kBProgress (4): 6.2/93 MB | 5.5/18 MB | 0.1/1.3 MB | 16/862 kB Progress (4): 6.2/93 MB | 5.5/18 MB | 0.1/1.3 MB | 16/862 kBProgress (4): 6.2/93 MB | 5.5/18 MB | 0.1/1.3 MB | 32/862 kBProgress (4): 6.2/93 MB | 5.5/18 MB | 0.1/1.3 MB | 32/862 kBProgress (4): 6.2/93 MB | 5.5/18 MB | 0.1/1.3 MB | 32/862 kBProgress (4): 6.2/93 MB | 5.5/18 MB | 0.1/1.3 MB | 32/862 kBProgress (4): 6.2/93 MB | 5.5/18 MB | 0.1/1.3 MB | 32/862 kBProgress (4): 6.2/93 MB | 5.5/18 MB | 0.1/1.3 MB | 32/862 kBProgress (4): 6.2/93 MB | 5.5/18 MB | 0.1/1.3 MB | 32/862 kBProgress (4): 6.2/93 MB | 5.5/18 MB | 0.1/1.3 MB | 32/862 kBProgress (4): 6.2/93 MB | 5.6/18 MB | 0.1/1.3 MB | 32/862 kBProgress (4): 6.2/93 MB | 5.6/18 MB | 0.1/1.3 MB | 32/862 kBProgress (4): 6.2/93 MB | 5.6/18 MB | 0.1/1.3 MB | 49/862 kBProgress (4): 6.2/93 MB | 5.6/18 MB | 0.2/1.3 MB | 49/862 kBProgress (4): 6.2/93 MB | 5.6/18 MB | 0.2/1.3 MB | 65/862 kBProgress (4): 6.2/93 MB | 5.6/18 MB | 0.2/1.3 MB | 65/862 kBProgress (4): 6.2/93 MB | 5.6/18 MB | 0.2/1.3 MB | 65/862 kBProgress (4): 6.2/93 MB | 5.6/18 MB | 0.2/1.3 MB | 65/862 kBProgress (4): 6.2/93 MB | 5.6/18 MB | 0.2/1.3 MB | 65/862 kBProgress (4): 6.2/93 MB | 5.6/18 MB | 0.2/1.3 MB | 81/862 kBProgress (4): 6.2/93 MB | 5.6/18 MB | 0.2/1.3 MB | 81/862 kBProgress (4): 6.2/93 MB | 5.6/18 MB | 0.2/1.3 MB | 98/862 kBProgress (4): 6.2/93 MB | 5.6/18 MB | 0.2/1.3 MB | 98/862 kBProgress (4): 6.2/93 MB | 5.6/18 MB | 0.2/1.3 MB | 98/862 kBProgress (4): 6.2/93 MB | 5.6/18 MB | 0.2/1.3 MB | 98/862 kBProgress (5): 6.2/93 MB | 5.6/18 MB | 0.2/1.3 MB | 98/862 kB | 7.7/304 kBProgress (5): 6.2/93 MB | 5.6/18 MB | 0.2/1.3 MB | 98/862 kB | 16/304 kB Progress (5): 6.2/93 MB | 5.6/18 MB | 0.2/1.3 MB | 98/862 kB | 16/304 kBProgress (5): 6.2/93 MB | 5.6/18 MB | 0.2/1.3 MB | 98/862 kB | 32/304 kBProgress (5): 6.2/93 MB | 5.6/18 MB | 0.2/1.3 MB | 98/862 kB | 32/304 kBProgress (5): 6.2/93 MB | 5.6/18 MB | 0.2/1.3 MB | 114/862 kB | 32/304 kBProgress (5): 6.2/93 MB | 5.6/18 MB | 0.2/1.3 MB | 114/862 kB | 32/304 kBProgress (5): 6.2/93 MB | 5.7/18 MB | 0.2/1.3 MB | 114/862 kB | 32/304 kBProgress (5): 6.3/93 MB | 5.7/18 MB | 0.2/1.3 MB | 114/862 kB | 32/304 kBProgress (5): 6.3/93 MB | 5.7/18 MB | 0.2/1.3 MB | 114/862 kB | 32/304 kBProgress (5): 6.3/93 MB | 5.7/18 MB | 0.2/1.3 MB | 114/862 kB | 32/304 kBProgress (5): 6.3/93 MB | 5.7/18 MB | 0.2/1.3 MB | 114/862 kB | 32/304 kBProgress (5): 6.3/93 MB | 5.7/18 MB | 0.2/1.3 MB | 114/862 kB | 32/304 kBProgress (5): 6.3/93 MB | 5.7/18 MB | 0.2/1.3 MB | 114/862 kB | 49/304 kBProgress (5): 6.3/93 MB | 5.7/18 MB | 0.2/1.3 MB | 114/862 kB | 49/304 kBProgress (5): 6.3/93 MB | 5.7/18 MB | 0.2/1.3 MB | 114/862 kB | 65/304 kBProgress (5): 6.3/93 MB | 5.7/18 MB | 0.3/1.3 MB | 114/862 kB | 65/304 kBProgress (5): 6.3/93 MB | 5.7/18 MB | 0.3/1.3 MB | 114/862 kB | 81/304 kBProgress (5): 6.3/93 MB | 5.7/18 MB | 0.3/1.3 MB | 114/862 kB | 81/304 kBProgress (5): 6.3/93 MB | 5.7/18 MB | 0.3/1.3 MB | 131/862 kB | 81/304 kBProgress (5): 6.3/93 MB | 5.7/18 MB | 0.3/1.3 MB | 147/862 kB | 81/304 kBProgress (5): 6.3/93 MB | 5.7/18 MB | 0.3/1.3 MB | 147/862 kB | 81/304 kBProgress (5): 6.3/93 MB | 5.7/18 MB | 0.3/1.3 MB | 147/862 kB | 81/304 kBProgress (5): 6.3/93 MB | 5.7/18 MB | 0.3/1.3 MB | 147/862 kB | 81/304 kBProgress (5): 6.3/93 MB | 5.7/18 MB | 0.3/1.3 MB | 147/862 kB | 81/304 kBProgress (5): 6.3/93 MB | 5.7/18 MB | 0.3/1.3 MB | 147/862 kB | 81/304 kBProgress (5): 6.3/93 MB | 5.7/18 MB | 0.3/1.3 MB | 147/862 kB | 81/304 kBProgress (5): 6.3/93 MB | 5.7/18 MB | 0.3/1.3 MB | 147/862 kB | 81/304 kBProgress (5): 6.3/93 MB | 5.7/18 MB | 0.3/1.3 MB | 147/862 kB | 81/304 kBProgress (5): 6.3/93 MB | 5.7/18 MB | 0.3/1.3 MB | 147/862 kB | 81/304 kBProgress (5): 6.3/93 MB | 5.7/18 MB | 0.3/1.3 MB | 147/862 kB | 81/304 kBProgress (5): 6.3/93 MB | 5.7/18 MB | 0.3/1.3 MB | 147/862 kB | 81/304 kBProgress (5): 6.3/93 MB | 5.7/18 MB | 0.3/1.3 MB | 163/862 kB | 81/304 kBProgress (5): 6.3/93 MB | 5.7/18 MB | 0.3/1.3 MB | 163/862 kB | 81/304 kBProgress (5): 6.3/93 MB | 5.7/18 MB | 0.3/1.3 MB | 180/862 kB | 81/304 kBProgress (5): 6.3/93 MB | 5.7/18 MB | 0.3/1.3 MB | 180/862 kB | 98/304 kBProgress (5): 6.3/93 MB | 5.7/18 MB | 0.3/1.3 MB | 196/862 kB | 98/304 kBProgress (5): 6.3/93 MB | 5.7/18 MB | 0.3/1.3 MB | 196/862 kB | 98/304 kBProgress (5): 6.3/93 MB | 5.7/18 MB | 0.3/1.3 MB | 213/862 kB | 98/304 kBProgress (5): 6.3/93 MB | 5.7/18 MB | 0.3/1.3 MB | 213/862 kB | 114/304 kBProgress (5): 6.3/93 MB | 5.7/18 MB | 0.4/1.3 MB | 213/862 kB | 114/304 kBProgress (5): 6.3/93 MB | 5.7/18 MB | 0.4/1.3 MB | 213/862 kB | 131/304 kBProgress (5): 6.3/93 MB | 5.7/18 MB | 0.4/1.3 MB | 213/862 kB | 131/304 kBProgress (5): 6.4/93 MB | 5.7/18 MB | 0.4/1.3 MB | 213/862 kB | 131/304 kBProgress (5): 6.4/93 MB | 5.8/18 MB | 0.4/1.3 MB | 213/862 kB | 131/304 kBProgress (5): 6.4/93 MB | 5.8/18 MB | 0.4/1.3 MB | 213/862 kB | 131/304 kBProgress (5): 6.4/93 MB | 5.8/18 MB | 0.4/1.3 MB | 213/862 kB | 131/304 kBProgress (5): 6.4/93 MB | 5.8/18 MB | 0.4/1.3 MB | 213/862 kB | 131/304 kBProgress (5): 6.4/93 MB | 5.8/18 MB | 0.4/1.3 MB | 213/862 kB | 131/304 kBProgress (5): 6.4/93 MB | 5.8/18 MB | 0.4/1.3 MB | 213/862 kB | 131/304 kBProgress (5): 6.4/93 MB | 5.8/18 MB | 0.4/1.3 MB | 213/862 kB | 131/304 kBProgress (5): 6.4/93 MB | 5.8/18 MB | 0.4/1.3 MB | 229/862 kB | 131/304 kBProgress (5): 6.4/93 MB | 5.8/18 MB | 0.4/1.3 MB | 229/862 kB | 131/304 kBProgress (5): 6.4/93 MB | 5.8/18 MB | 0.4/1.3 MB | 245/862 kB | 131/304 kBProgress (5): 6.4/93 MB | 5.8/18 MB | 0.4/1.3 MB | 245/862 kB | 131/304 kBProgress (5): 6.4/93 MB | 5.8/18 MB | 0.4/1.3 MB | 262/862 kB | 131/304 kBProgress (5): 6.4/93 MB | 5.8/18 MB | 0.4/1.3 MB | 262/862 kB | 131/304 kBProgress (5): 6.4/93 MB | 5.8/18 MB | 0.4/1.3 MB | 278/862 kB | 131/304 kBProgress (5): 6.4/93 MB | 5.8/18 MB | 0.4/1.3 MB | 278/862 kB | 147/304 kBProgress (5): 6.4/93 MB | 5.8/18 MB | 0.4/1.3 MB | 278/862 kB | 147/304 kBProgress (5): 6.4/93 MB | 5.8/18 MB | 0.4/1.3 MB | 278/862 kB | 163/304 kBProgress (5): 6.4/93 MB | 5.9/18 MB | 0.4/1.3 MB | 278/862 kB | 163/304 kBProgress (5): 6.4/93 MB | 5.9/18 MB | 0.4/1.3 MB | 278/862 kB | 163/304 kBProgress (5): 6.4/93 MB | 5.9/18 MB | 0.4/1.3 MB | 278/862 kB | 180/304 kBProgress (5): 6.4/93 MB | 5.9/18 MB | 0.4/1.3 MB | 278/862 kB | 180/304 kBProgress (5): 6.4/93 MB | 5.9/18 MB | 0.5/1.3 MB | 278/862 kB | 180/304 kBProgress (5): 6.4/93 MB | 5.9/18 MB | 0.5/1.3 MB | 278/862 kB | 180/304 kBProgress (5): 6.4/93 MB | 5.9/18 MB | 0.5/1.3 MB | 278/862 kB | 180/304 kBProgress (5): 6.4/93 MB | 5.9/18 MB | 0.5/1.3 MB | 278/862 kB | 180/304 kBProgress (5): 6.4/93 MB | 5.9/18 MB | 0.5/1.3 MB | 278/862 kB | 180/304 kBProgress (5): 6.4/93 MB | 5.9/18 MB | 0.5/1.3 MB | 278/862 kB | 196/304 kBProgress (5): 6.4/93 MB | 5.9/18 MB | 0.5/1.3 MB | 278/862 kB | 196/304 kBProgress (5): 6.4/93 MB | 5.9/18 MB | 0.5/1.3 MB | 278/862 kB | 213/304 kBProgress (5): 6.4/93 MB | 5.9/18 MB | 0.5/1.3 MB | 278/862 kB | 213/304 kBProgress (5): 6.4/93 MB | 5.9/18 MB | 0.5/1.3 MB | 278/862 kB | 213/304 kBProgress (5): 6.4/93 MB | 5.9/18 MB | 0.5/1.3 MB | 278/862 kB | 229/304 kBProgress (5): 6.4/93 MB | 5.9/18 MB | 0.5/1.3 MB | 294/862 kB | 229/304 kBProgress (5): 6.4/93 MB | 5.9/18 MB | 0.5/1.3 MB | 311/862 kB | 229/304 kBProgress (5): 6.5/93 MB | 5.9/18 MB | 0.5/1.3 MB | 311/862 kB | 229/304 kBProgress (5): 6.5/93 MB | 5.9/18 MB | 0.5/1.3 MB | 311/862 kB | 229/304 kBProgress (5): 6.5/93 MB | 5.9/18 MB | 0.5/1.3 MB | 311/862 kB | 229/304 kBProgress (5): 6.5/93 MB | 5.9/18 MB | 0.5/1.3 MB | 311/862 kB | 229/304 kBProgress (5): 6.5/93 MB | 5.9/18 MB | 0.5/1.3 MB | 311/862 kB | 229/304 kBProgress (5): 6.5/93 MB | 5.9/18 MB | 0.5/1.3 MB | 311/862 kB | 229/304 kBProgress (5): 6.5/93 MB | 5.9/18 MB | 0.5/1.3 MB | 311/862 kB | 229/304 kBProgress (5): 6.5/93 MB | 5.9/18 MB | 0.6/1.3 MB | 311/862 kB | 229/304 kBProgress (5): 6.5/93 MB | 5.9/18 MB | 0.6/1.3 MB | 311/862 kB | 229/304 kBProgress (5): 6.5/93 MB | 5.9/18 MB | 0.6/1.3 MB | 311/862 kB | 245/304 kBProgress (5): 6.5/93 MB | 5.9/18 MB | 0.6/1.3 MB | 311/862 kB | 245/304 kBProgress (5): 6.5/93 MB | 5.9/18 MB | 0.6/1.3 MB | 311/862 kB | 262/304 kBProgress (5): 6.5/93 MB | 6.0/18 MB | 0.6/1.3 MB | 311/862 kB | 262/304 kBProgress (5): 6.5/93 MB | 6.0/18 MB | 0.6/1.3 MB | 311/862 kB | 262/304 kBProgress (5): 6.5/93 MB | 6.0/18 MB | 0.6/1.3 MB | 311/862 kB | 262/304 kBProgress (5): 6.5/93 MB | 6.0/18 MB | 0.6/1.3 MB | 311/862 kB | 262/304 kBProgress (5): 6.5/93 MB | 6.0/18 MB | 0.6/1.3 MB | 327/862 kB | 262/304 kBProgress (5): 6.5/93 MB | 6.0/18 MB | 0.6/1.3 MB | 344/862 kB | 262/304 kBProgress (5): 6.5/93 MB | 6.0/18 MB | 0.6/1.3 MB | 344/862 kB | 262/304 kBProgress (5): 6.5/93 MB | 6.0/18 MB | 0.6/1.3 MB | 344/862 kB | 262/304 kBProgress (5): 6.5/93 MB | 6.0/18 MB | 0.6/1.3 MB | 360/862 kB | 262/304 kBProgress (5): 6.5/93 MB | 6.0/18 MB | 0.6/1.3 MB | 376/862 kB | 262/304 kBProgress (5): 6.5/93 MB | 6.0/18 MB | 0.6/1.3 MB | 376/862 kB | 278/304 kBProgress (5): 6.5/93 MB | 6.0/18 MB | 0.6/1.3 MB | 376/862 kB | 294/304 kBProgress (5): 6.5/93 MB | 6.0/18 MB | 0.6/1.3 MB | 376/862 kB | 294/304 kBProgress (5): 6.5/93 MB | 6.0/18 MB | 0.6/1.3 MB | 376/862 kB | 294/304 kBProgress (5): 6.5/93 MB | 6.0/18 MB | 0.6/1.3 MB | 376/862 kB | 294/304 kBProgress (5): 6.5/93 MB | 6.0/18 MB | 0.6/1.3 MB | 376/862 kB | 304 kB    Progress (5): 6.5/93 MB | 6.0/18 MB | 0.6/1.3 MB | 376/862 kB | 304 kBProgress (5): 6.5/93 MB | 6.0/18 MB | 0.6/1.3 MB | 376/862 kB | 304 kBProgress (5): 6.5/93 MB | 6.0/18 MB | 0.6/1.3 MB | 376/862 kB | 304 kBProgress (5): 6.5/93 MB | 6.0/18 MB | 0.6/1.3 MB | 376/862 kB | 304 kBProgress (5): 6.6/93 MB | 6.0/18 MB | 0.6/1.3 MB | 376/862 kB | 304 kBProgress (5): 6.6/93 MB | 6.1/18 MB | 0.6/1.3 MB | 376/862 kB | 304 kBProgress (5): 6.6/93 MB | 6.1/18 MB | 0.6/1.3 MB | 376/862 kB | 304 kB                                                                      Downloaded from central: https://repo.maven.apache.org/maven2/org/springframework/spring-expression/6.1.13/spring-expression-6.1.13.jar (304 kB at 156 kB/s)
Progress (4): 6.6/93 MB | 6.1/18 MB | 0.6/1.3 MB | 393/862 kBProgress (4): 6.6/93 MB | 6.1/18 MB | 0.6/1.3 MB | 409/862 kBProgress (4): 6.6/93 MB | 6.1/18 MB | 0.6/1.3 MB | 409/862 kBProgress (4): 6.6/93 MB | 6.1/18 MB | 0.6/1.3 MB | 426/862 kBProgress (4): 6.6/93 MB | 6.1/18 MB | 0.7/1.3 MB | 426/862 kB                                                             Downloading from central: https://repo.maven.apache.org/maven2/io/micrometer/micrometer-observation/1.13.4/micrometer-observation-1.13.4.jar
Progress (4): 6.6/93 MB | 6.1/18 MB | 0.7/1.3 MB | 426/862 kBProgress (4): 6.6/93 MB | 6.1/18 MB | 0.7/1.3 MB | 426/862 kBProgress (4): 6.6/93 MB | 6.1/18 MB | 0.7/1.3 MB | 426/862 kBProgress (4): 6.6/93 MB | 6.1/18 MB | 0.7/1.3 MB | 426/862 kBProgress (4): 6.6/93 MB | 6.1/18 MB | 0.7/1.3 MB | 426/862 kBProgress (4): 6.6/93 MB | 6.1/18 MB | 0.7/1.3 MB | 442/862 kBProgress (4): 6.6/93 MB | 6.1/18 MB | 0.7/1.3 MB | 458/862 kBProgress (4): 6.6/93 MB | 6.1/18 MB | 0.7/1.3 MB | 458/862 kBProgress (4): 6.6/93 MB | 6.1/18 MB | 0.7/1.3 MB | 458/862 kBProgress (4): 6.6/93 MB | 6.1/18 MB | 0.7/1.3 MB | 458/862 kBProgress (4): 6.6/93 MB | 6.1/18 MB | 0.7/1.3 MB | 458/862 kBProgress (4): 6.6/93 MB | 6.1/18 MB | 0.7/1.3 MB | 475/862 kBProgress (4): 6.6/93 MB | 6.1/18 MB | 0.7/1.3 MB | 475/862 kBProgress (4): 6.6/93 MB | 6.1/18 MB | 0.7/1.3 MB | 475/862 kBProgress (4): 6.6/93 MB | 6.1/18 MB | 0.7/1.3 MB | 475/862 kBProgress (4): 6.7/93 MB | 6.1/18 MB | 0.7/1.3 MB | 475/862 kBProgress (4): 6.7/93 MB | 6.1/18 MB | 0.7/1.3 MB | 475/862 kBProgress (4): 6.7/93 MB | 6.1/18 MB | 0.7/1.3 MB | 475/862 kBProgress (4): 6.7/93 MB | 6.1/18 MB | 0.8/1.3 MB | 475/862 kBProgress (4): 6.7/93 MB | 6.1/18 MB | 0.8/1.3 MB | 475/862 kBProgress (4): 6.7/93 MB | 6.1/18 MB | 0.8/1.3 MB | 491/862 kBProgress (4): 6.7/93 MB | 6.1/18 MB | 0.8/1.3 MB | 491/862 kBProgress (4): 6.7/93 MB | 6.1/18 MB | 0.8/1.3 MB | 507/862 kBProgress (4): 6.7/93 MB | 6.2/18 MB | 0.8/1.3 MB | 507/862 kBProgress (4): 6.7/93 MB | 6.2/18 MB | 0.8/1.3 MB | 524/862 kBProgress (4): 6.7/93 MB | 6.2/18 MB | 0.8/1.3 MB | 524/862 kBProgress (4): 6.7/93 MB | 6.2/18 MB | 0.8/1.3 MB | 540/862 kBProgress (4): 6.7/93 MB | 6.2/18 MB | 0.8/1.3 MB | 540/862 kBProgress (4): 6.7/93 MB | 6.2/18 MB | 0.8/1.3 MB | 540/862 kBProgress (4): 6.7/93 MB | 6.2/18 MB | 0.8/1.3 MB | 557/862 kBProgress (4): 6.7/93 MB | 6.2/18 MB | 0.8/1.3 MB | 557/862 kBProgress (4): 6.7/93 MB | 6.2/18 MB | 0.8/1.3 MB | 557/862 kBProgress (4): 6.7/93 MB | 6.2/18 MB | 0.8/1.3 MB | 573/862 kBProgress (4): 6.7/93 MB | 6.2/18 MB | 0.8/1.3 MB | 573/862 kBProgress (4): 6.7/93 MB | 6.2/18 MB | 0.8/1.3 MB | 589/862 kBProgress (4): 6.7/93 MB | 6.2/18 MB | 0.8/1.3 MB | 589/862 kBProgress (4): 6.7/93 MB | 6.2/18 MB | 0.8/1.3 MB | 589/862 kBProgress (4): 6.8/93 MB | 6.2/18 MB | 0.8/1.3 MB | 589/862 kBProgress (4): 6.8/93 MB | 6.2/18 MB | 0.8/1.3 MB | 606/862 kBProgress (4): 6.8/93 MB | 6.2/18 MB | 0.8/1.3 MB | 606/862 kBProgress (4): 6.8/93 MB | 6.2/18 MB | 0.8/1.3 MB | 622/862 kBProgress (4): 6.8/93 MB | 6.2/18 MB | 0.8/1.3 MB | 622/862 kBProgress (4): 6.8/93 MB | 6.2/18 MB | 0.8/1.3 MB | 622/862 kBProgress (4): 6.8/93 MB | 6.2/18 MB | 0.8/1.3 MB | 622/862 kBProgress (4): 6.8/93 MB | 6.2/18 MB | 0.8/1.3 MB | 622/862 kBProgress (4): 6.8/93 MB | 6.2/18 MB | 0.8/1.3 MB | 622/862 kBProgress (4): 6.8/93 MB | 6.2/18 MB | 0.8/1.3 MB | 622/862 kBProgress (4): 6.8/93 MB | 6.2/18 MB | 0.8/1.3 MB | 622/862 kBProgress (4): 6.8/93 MB | 6.3/18 MB | 0.8/1.3 MB | 622/862 kBProgress (4): 6.8/93 MB | 6.3/18 MB | 0.8/1.3 MB | 622/862 kBProgress (4): 6.8/93 MB | 6.3/18 MB | 0.9/1.3 MB | 622/862 kBProgress (4): 6.8/93 MB | 6.3/18 MB | 0.9/1.3 MB | 622/862 kBProgress (4): 6.8/93 MB | 6.3/18 MB | 0.9/1.3 MB | 622/862 kBProgress (4): 6.8/93 MB | 6.3/18 MB | 0.9/1.3 MB | 639/862 kBProgress (4): 6.8/93 MB | 6.3/18 MB | 0.9/1.3 MB | 655/862 kBProgress (4): 6.8/93 MB | 6.3/18 MB | 0.9/1.3 MB | 655/862 kBProgress (4): 6.8/93 MB | 6.3/18 MB | 0.9/1.3 MB | 655/862 kBProgress (4): 6.8/93 MB | 6.3/18 MB | 0.9/1.3 MB | 655/862 kBProgress (4): 6.8/93 MB | 6.3/18 MB | 0.9/1.3 MB | 655/862 kBProgress (4): 6.8/93 MB | 6.3/18 MB | 0.9/1.3 MB | 655/862 kBProgress (4): 6.8/93 MB | 6.3/18 MB | 0.9/1.3 MB | 671/862 kBProgress (4): 6.8/93 MB | 6.3/18 MB | 0.9/1.3 MB | 671/862 kBProgress (4): 6.8/93 MB | 6.3/18 MB | 0.9/1.3 MB | 671/862 kBProgress (4): 6.8/93 MB | 6.3/18 MB | 0.9/1.3 MB | 671/862 kBProgress (4): 6.8/93 MB | 6.3/18 MB | 0.9/1.3 MB | 688/862 kBProgress (4): 6.8/93 MB | 6.3/18 MB | 0.9/1.3 MB | 688/862 kBProgress (4): 6.8/93 MB | 6.3/18 MB | 0.9/1.3 MB | 688/862 kBProgress (4): 6.9/93 MB | 6.3/18 MB | 0.9/1.3 MB | 688/862 kBProgress (4): 6.9/93 MB | 6.3/18 MB | 0.9/1.3 MB | 688/862 kBProgress (4): 6.9/93 MB | 6.3/18 MB | 0.9/1.3 MB | 704/862 kBProgress (4): 6.9/93 MB | 6.3/18 MB | 0.9/1.3 MB | 720/862 kBProgress (4): 6.9/93 MB | 6.3/18 MB | 0.9/1.3 MB | 720/862 kBProgress (4): 6.9/93 MB | 6.3/18 MB | 1.0/1.3 MB | 720/862 kBProgress (4): 6.9/93 MB | 6.4/18 MB | 1.0/1.3 MB | 720/862 kBProgress (4): 6.9/93 MB | 6.4/18 MB | 1.0/1.3 MB | 720/862 kBProgress (4): 6.9/93 MB | 6.4/18 MB | 1.0/1.3 MB | 720/862 kBProgress (4): 6.9/93 MB | 6.4/18 MB | 1.0/1.3 MB | 737/862 kBProgress (4): 6.9/93 MB | 6.4/18 MB | 1.0/1.3 MB | 737/862 kBProgress (4): 6.9/93 MB | 6.4/18 MB | 1.0/1.3 MB | 737/862 kBProgress (4): 6.9/93 MB | 6.4/18 MB | 1.0/1.3 MB | 737/862 kBProgress (4): 6.9/93 MB | 6.4/18 MB | 1.0/1.3 MB | 737/862 kBProgress (4): 6.9/93 MB | 6.4/18 MB | 1.0/1.3 MB | 737/862 kBProgress (4): 6.9/93 MB | 6.4/18 MB | 1.0/1.3 MB | 753/862 kBProgress (4): 6.9/93 MB | 6.4/18 MB | 1.0/1.3 MB | 753/862 kBProgress (4): 6.9/93 MB | 6.4/18 MB | 1.0/1.3 MB | 770/862 kBProgress (4): 6.9/93 MB | 6.4/18 MB | 1.0/1.3 MB | 770/862 kBProgress (4): 6.9/93 MB | 6.4/18 MB | 1.0/1.3 MB | 786/862 kBProgress (4): 6.9/93 MB | 6.4/18 MB | 1.0/1.3 MB | 786/862 kBProgress (4): 6.9/93 MB | 6.4/18 MB | 1.0/1.3 MB | 786/862 kBProgress (4): 6.9/93 MB | 6.4/18 MB | 1.0/1.3 MB | 786/862 kBProgress (4): 6.9/93 MB | 6.4/18 MB | 1.0/1.3 MB | 786/862 kBProgress (4): 7.0/93 MB | 6.4/18 MB | 1.0/1.3 MB | 786/862 kBProgress (4): 7.0/93 MB | 6.4/18 MB | 1.0/1.3 MB | 786/862 kBProgress (4): 7.0/93 MB | 6.4/18 MB | 1.0/1.3 MB | 786/862 kBProgress (4): 7.0/93 MB | 6.4/18 MB | 1.0/1.3 MB | 786/862 kBProgress (4): 7.0/93 MB | 6.4/18 MB | 1.0/1.3 MB | 786/862 kBProgress (4): 7.0/93 MB | 6.4/18 MB | 1.0/1.3 MB | 786/862 kBProgress (4): 7.0/93 MB | 6.5/18 MB | 1.0/1.3 MB | 786/862 kBProgress (5): 7.0/93 MB | 6.5/18 MB | 1.0/1.3 MB | 786/862 kB | 7.3/72 kBProgress (5): 7.0/93 MB | 6.5/18 MB | 1.0/1.3 MB | 802/862 kB | 7.3/72 kBProgress (5): 7.0/93 MB | 6.5/18 MB | 1.0/1.3 MB | 802/862 kB | 7.3/72 kBProgress (5): 7.0/93 MB | 6.5/18 MB | 1.0/1.3 MB | 819/862 kB | 7.3/72 kBProgress (5): 7.0/93 MB | 6.5/18 MB | 1.0/1.3 MB | 835/862 kB | 7.3/72 kBProgress (5): 7.0/93 MB | 6.5/18 MB | 1.1/1.3 MB | 835/862 kB | 7.3/72 kBProgress (5): 7.0/93 MB | 6.5/18 MB | 1.1/1.3 MB | 835/862 kB | 24/72 kB Progress (5): 7.0/93 MB | 6.5/18 MB | 1.1/1.3 MB | 835/862 kB | 24/72 kBProgress (5): 7.0/93 MB | 6.5/18 MB | 1.1/1.3 MB | 835/862 kB | 24/72 kBProgress (5): 7.0/93 MB | 6.5/18 MB | 1.1/1.3 MB | 835/862 kB | 40/72 kBProgress (5): 7.0/93 MB | 6.5/18 MB | 1.1/1.3 MB | 835/862 kB | 40/72 kBProgress (5): 7.0/93 MB | 6.5/18 MB | 1.1/1.3 MB | 835/862 kB | 40/72 kBProgress (5): 7.0/93 MB | 6.5/18 MB | 1.1/1.3 MB | 835/862 kB | 40/72 kBProgress (5): 7.0/93 MB | 6.5/18 MB | 1.1/1.3 MB | 835/862 kB | 40/72 kBProgress (5): 7.0/93 MB | 6.5/18 MB | 1.1/1.3 MB | 835/862 kB | 56/72 kBProgress (5): 7.0/93 MB | 6.5/18 MB | 1.1/1.3 MB | 835/862 kB | 72 kB   Progress (5): 7.0/93 MB | 6.6/18 MB | 1.1/1.3 MB | 835/862 kB | 72 kBProgress (5): 7.0/93 MB | 6.6/18 MB | 1.1/1.3 MB | 835/862 kB | 72 kBProgress (5): 7.0/93 MB | 6.6/18 MB | 1.1/1.3 MB | 835/862 kB | 72 kBProgress (5): 7.0/93 MB | 6.6/18 MB | 1.1/1.3 MB | 835/862 kB | 72 kBProgress (5): 7.0/93 MB | 6.6/18 MB | 1.1/1.3 MB | 835/862 kB | 72 kBProgress (5): 7.1/93 MB | 6.6/18 MB | 1.1/1.3 MB | 835/862 kB | 72 kBProgress (5): 7.1/93 MB | 6.6/18 MB | 1.1/1.3 MB | 852/862 kB | 72 kBProgress (5): 7.1/93 MB | 6.6/18 MB | 1.1/1.3 MB | 852/862 kB | 72 kBProgress (5): 7.1/93 MB | 6.6/18 MB | 1.1/1.3 MB | 862 kB | 72 kB    Progress (5): 7.1/93 MB | 6.6/18 MB | 1.1/1.3 MB | 862 kB | 72 kB                                                                 Downloaded from central: https://repo.maven.apache.org/maven2/org/springframework/spring-beans/6.1.13/spring-beans-6.1.13.jar (862 kB at 428 kB/s)
Downloading from central: https://repo.maven.apache.org/maven2/io/micrometer/micrometer-commons/1.13.4/micrometer-commons-1.13.4.jar
Progress (4): 7.1/93 MB | 6.6/18 MB | 1.1/1.3 MB | 72 kB                                                        Downloaded from central: https://repo.maven.apache.org/maven2/io/micrometer/micrometer-observation/1.13.4/micrometer-observation-1.13.4.jar (72 kB at 36 kB/s)
Downloading from central: https://repo.maven.apache.org/maven2/org/springframework/security/spring-security-web/6.3.0/spring-security-web-6.3.0.jar
Progress (3): 7.1/93 MB | 6.6/18 MB | 1.1/1.3 MBProgress (3): 7.1/93 MB | 6.6/18 MB | 1.1/1.3 MBProgress (3): 7.1/93 MB | 6.6/18 MB | 1.1/1.3 MBProgress (3): 7.1/93 MB | 6.6/18 MB | 1.1/1.3 MBProgress (3): 7.1/93 MB | 6.6/18 MB | 1.1/1.3 MBProgress (3): 7.1/93 MB | 6.6/18 MB | 1.1/1.3 MBProgress (3): 7.1/93 MB | 6.6/18 MB | 1.2/1.3 MBProgress (3): 7.1/93 MB | 6.6/18 MB | 1.2/1.3 MBProgress (3): 7.1/93 MB | 6.6/18 MB | 1.2/1.3 MBProgress (3): 7.1/93 MB | 6.6/18 MB | 1.2/1.3 MBProgress (3): 7.1/93 MB | 6.6/18 MB | 1.2/1.3 MBProgress (3): 7.1/93 MB | 6.6/18 MB | 1.2/1.3 MBProgress (3): 7.1/93 MB | 6.6/18 MB | 1.2/1.3 MBProgress (3): 7.1/93 MB | 6.7/18 MB | 1.2/1.3 MBProgress (3): 7.2/93 MB | 6.7/18 MB | 1.2/1.3 MBProgress (3): 7.2/93 MB | 6.7/18 MB | 1.2/1.3 MBProgress (3): 7.2/93 MB | 6.7/18 MB | 1.2/1.3 MBProgress (3): 7.2/93 MB | 6.7/18 MB | 1.2/1.3 MBProgress (3): 7.2/93 MB | 6.7/18 MB | 1.2/1.3 MBProgress (3): 7.2/93 MB | 6.7/18 MB | 1.2/1.3 MBProgress (3): 7.2/93 MB | 6.7/18 MB | 1.2/1.3 MBProgress (3): 7.2/93 MB | 6.7/18 MB | 1.3/1.3 MBProgress (3): 7.2/93 MB | 6.7/18 MB | 1.3/1.3 MBProgress (3): 7.2/93 MB | 6.7/18 MB | 1.3/1.3 MBProgress (3): 7.2/93 MB | 6.7/18 MB | 1.3/1.3 MBProgress (3): 7.2/93 MB | 6.7/18 MB | 1.3/1.3 MBProgress (3): 7.2/93 MB | 6.7/18 MB | 1.3/1.3 MBProgress (3): 7.3/93 MB | 6.7/18 MB | 1.3/1.3 MBProgress (3): 7.3/93 MB | 6.7/18 MB | 1.3/1.3 MBProgress (3): 7.3/93 MB | 6.7/18 MB | 1.3/1.3 MBProgress (3): 7.3/93 MB | 6.7/18 MB | 1.3 MB    Progress (3): 7.3/93 MB | 6.7/18 MB | 1.3 MBProgress (3): 7.3/93 MB | 6.7/18 MB | 1.3 MBProgress (3): 7.3/93 MB | 6.7/18 MB | 1.3 MB                                            Downloaded from central: https://repo.maven.apache.org/maven2/org/springframework/spring-context/6.1.13/spring-context-6.1.13.jar (1.3 MB at 643 kB/s)
Progress (2): 7.3/93 MB | 6.7/18 MBProgress (2): 7.3/93 MB | 6.8/18 MB                                   Downloading from central: https://repo.maven.apache.org/maven2/org/apache/tomcat/embed/tomcat-embed-websocket/11.0.0-M26/tomcat-embed-websocket-11.0.0-M26.jar
Progress (3): 7.3/93 MB | 6.8/18 MB | 7.7/48 kBProgress (3): 7.3/93 MB | 6.8/18 MB | 16/48 kB Progress (3): 7.3/93 MB | 6.8/18 MB | 16/48 kBProgress (3): 7.3/93 MB | 6.8/18 MB | 32/48 kBProgress (3): 7.3/93 MB | 6.8/18 MB | 32/48 kBProgress (3): 7.3/93 MB | 6.8/18 MB | 32/48 kBProgress (3): 7.3/93 MB | 6.8/18 MB | 32/48 kBProgress (3): 7.3/93 MB | 6.8/18 MB | 32/48 kBProgress (3): 7.4/93 MB | 6.8/18 MB | 32/48 kBProgress (3): 7.4/93 MB | 6.8/18 MB | 32/48 kBProgress (3): 7.4/93 MB | 6.8/18 MB | 32/48 kBProgress (3): 7.4/93 MB | 6.8/18 MB | 32/48 kBProgress (4): 7.4/93 MB | 6.8/18 MB | 32/48 kB | 7.7/804 kBProgress (4): 7.4/93 MB | 6.8/18 MB | 32/48 kB | 16/804 kB Progress (4): 7.4/93 MB | 6.9/18 MB | 32/48 kB | 16/804 kBProgress (4): 7.4/93 MB | 6.9/18 MB | 32/48 kB | 32/804 kBProgress (4): 7.4/93 MB | 6.9/18 MB | 32/48 kB | 32/804 kBProgress (4): 7.4/93 MB | 6.9/18 MB | 48 kB | 32/804 kB                                                          Downloaded from central: https://repo.maven.apache.org/maven2/io/micrometer/micrometer-commons/1.13.4/micrometer-commons-1.13.4.jar (48 kB at 23 kB/s)
Downloading from central: https://repo.maven.apache.org/maven2/ch/qos/logback/logback-core/1.5.8/logback-core-1.5.8.jar
Progress (3): 7.4/93 MB | 6.9/18 MB | 32/804 kBProgress (3): 7.4/93 MB | 6.9/18 MB | 49/804 kBProgress (3): 7.4/93 MB | 6.9/18 MB | 49/804 kBProgress (3): 7.4/93 MB | 6.9/18 MB | 49/804 kBProgress (3): 7.4/93 MB | 6.9/18 MB | 65/804 kBProgress (3): 7.4/93 MB | 6.9/18 MB | 65/804 kBProgress (3): 7.4/93 MB | 6.9/18 MB | 81/804 kBProgress (3): 7.4/93 MB | 6.9/18 MB | 81/804 kBProgress (3): 7.4/93 MB | 6.9/18 MB | 81/804 kBProgress (3): 7.4/93 MB | 6.9/18 MB | 81/804 kBProgress (3): 7.4/93 MB | 7.0/18 MB | 81/804 kBProgress (3): 7.4/93 MB | 7.0/18 MB | 81/804 kBProgress (3): 7.4/93 MB | 7.0/18 MB | 81/804 kBProgress (3): 7.4/93 MB | 7.0/18 MB | 81/804 kBProgress (3): 7.4/93 MB | 7.0/18 MB | 81/804 kBProgress (3): 7.4/93 MB | 7.0/18 MB | 81/804 kBProgress (3): 7.4/93 MB | 7.0/18 MB | 98/804 kBProgress (3): 7.4/93 MB | 7.0/18 MB | 114/804 kBProgress (3): 7.4/93 MB | 7.0/18 MB | 114/804 kBProgress (4): 7.4/93 MB | 7.0/18 MB | 114/804 kB | 4.1/280 kBProgress (4): 7.4/93 MB | 7.0/18 MB | 131/804 kB | 4.1/280 kBProgress (4): 7.4/93 MB | 7.0/18 MB | 131/804 kB | 20/280 kB Progress (4): 7.4/93 MB | 7.0/18 MB | 131/804 kB | 20/280 kBProgress (4): 7.5/93 MB | 7.0/18 MB | 131/804 kB | 20/280 kBProgress (4): 7.5/93 MB | 7.0/18 MB | 131/804 kB | 20/280 kBProgress (4): 7.5/93 MB | 7.0/18 MB | 131/804 kB | 20/280 kBProgress (4): 7.5/93 MB | 7.0/18 MB | 131/804 kB | 37/280 kBProgress (4): 7.5/93 MB | 7.0/18 MB | 131/804 kB | 37/280 kBProgress (4): 7.5/93 MB | 7.1/18 MB | 131/804 kB | 37/280 kBProgress (4): 7.5/93 MB | 7.1/18 MB | 131/804 kB | 53/280 kBProgress (4): 7.5/93 MB | 7.1/18 MB | 147/804 kB | 53/280 kBProgress (4): 7.5/93 MB | 7.1/18 MB | 163/804 kB | 53/280 kBProgress (4): 7.5/93 MB | 7.1/18 MB | 163/804 kB | 70/280 kBProgress (4): 7.5/93 MB | 7.1/18 MB | 163/804 kB | 86/280 kBProgress (4): 7.5/93 MB | 7.1/18 MB | 180/804 kB | 86/280 kBProgress (4): 7.5/93 MB | 7.1/18 MB | 180/804 kB | 86/280 kBProgress (4): 7.5/93 MB | 7.1/18 MB | 180/804 kB | 86/280 kBProgress (4): 7.5/93 MB | 7.1/18 MB | 180/804 kB | 86/280 kBProgress (4): 7.5/93 MB | 7.1/18 MB | 180/804 kB | 86/280 kBProgress (4): 7.5/93 MB | 7.1/18 MB | 180/804 kB | 86/280 kBProgress (4): 7.5/93 MB | 7.1/18 MB | 180/804 kB | 86/280 kBProgress (4): 7.5/93 MB | 7.1/18 MB | 180/804 kB | 102/280 kBProgress (4): 7.5/93 MB | 7.1/18 MB | 196/804 kB | 102/280 kBProgress (4): 7.5/93 MB | 7.1/18 MB | 196/804 kB | 102/280 kBProgress (4): 7.5/93 MB | 7.1/18 MB | 196/804 kB | 102/280 kBProgress (4): 7.5/93 MB | 7.1/18 MB | 213/804 kB | 102/280 kBProgress (4): 7.5/93 MB | 7.2/18 MB | 213/804 kB | 102/280 kBProgress (4): 7.5/93 MB | 7.2/18 MB | 229/804 kB | 102/280 kBProgress (4): 7.6/93 MB | 7.2/18 MB | 229/804 kB | 102/280 kBProgress (4): 7.6/93 MB | 7.2/18 MB | 229/804 kB | 119/280 kBProgress (4): 7.6/93 MB | 7.2/18 MB | 229/804 kB | 119/280 kBProgress (4): 7.6/93 MB | 7.2/18 MB | 229/804 kB | 127/280 kBProgress (4): 7.6/93 MB | 7.2/18 MB | 229/804 kB | 143/280 kBProgress (4): 7.6/93 MB | 7.2/18 MB | 245/804 kB | 143/280 kBProgress (4): 7.6/93 MB | 7.2/18 MB | 245/804 kB | 143/280 kBProgress (4): 7.6/93 MB | 7.2/18 MB | 262/804 kB | 143/280 kBProgress (4): 7.6/93 MB | 7.2/18 MB | 262/804 kB | 143/280 kBProgress (4): 7.6/93 MB | 7.2/18 MB | 278/804 kB | 143/280 kBProgress (4): 7.6/93 MB | 7.2/18 MB | 278/804 kB | 160/280 kBProgress (4): 7.6/93 MB | 7.2/18 MB | 278/804 kB | 160/280 kBProgress (4): 7.6/93 MB | 7.2/18 MB | 278/804 kB | 176/280 kBProgress (4): 7.6/93 MB | 7.2/18 MB | 278/804 kB | 176/280 kBProgress (4): 7.6/93 MB | 7.2/18 MB | 278/804 kB | 176/280 kBProgress (5): 7.6/93 MB | 7.2/18 MB | 278/804 kB | 176/280 kB | 7.7/619 kBProgress (5): 7.6/93 MB | 7.2/18 MB | 278/804 kB | 176/280 kB | 16/619 kB Progress (5): 7.6/93 MB | 7.2/18 MB | 278/804 kB | 176/280 kB | 32/619 kBProgress (5): 7.6/93 MB | 7.2/18 MB | 278/804 kB | 193/280 kB | 32/619 kBProgress (5): 7.6/93 MB | 7.2/18 MB | 278/804 kB | 209/280 kB | 32/619 kBProgress (5): 7.6/93 MB | 7.2/18 MB | 278/804 kB | 209/280 kB | 32/619 kBProgress (5): 7.6/93 MB | 7.2/18 MB | 278/804 kB | 209/280 kB | 32/619 kBProgress (5): 7.6/93 MB | 7.2/18 MB | 278/804 kB | 209/280 kB | 32/619 kBProgress (5): 7.6/93 MB | 7.2/18 MB | 278/804 kB | 209/280 kB | 32/619 kBProgress (5): 7.6/93 MB | 7.2/18 MB | 294/804 kB | 209/280 kB | 32/619 kBProgress (5): 7.6/93 MB | 7.2/18 MB | 294/804 kB | 225/280 kB | 32/619 kBProgress (5): 7.6/93 MB | 7.2/18 MB | 294/804 kB | 225/280 kB | 49/619 kBProgress (5): 7.6/93 MB | 7.2/18 MB | 311/804 kB | 225/280 kB | 49/619 kBProgress (5): 7.6/93 MB | 7.2/18 MB | 311/804 kB | 225/280 kB | 65/619 kBProgress (5): 7.6/93 MB | 7.3/18 MB | 311/804 kB | 225/280 kB | 65/619 kBProgress (5): 7.6/93 MB | 7.3/18 MB | 311/804 kB | 225/280 kB | 81/619 kBProgress (5): 7.6/93 MB | 7.3/18 MB | 311/804 kB | 225/280 kB | 81/619 kBProgress (5): 7.6/93 MB | 7.3/18 MB | 311/804 kB | 225/280 kB | 81/619 kBProgress (5): 7.6/93 MB | 7.3/18 MB | 311/804 kB | 242/280 kB | 81/619 kBProgress (5): 7.7/93 MB | 7.3/18 MB | 311/804 kB | 242/280 kB | 81/619 kBProgress (5): 7.7/93 MB | 7.3/18 MB | 311/804 kB | 258/280 kB | 81/619 kBProgress (5): 7.7/93 MB | 7.3/18 MB | 327/804 kB | 258/280 kB | 81/619 kBProgress (5): 7.7/93 MB | 7.3/18 MB | 327/804 kB | 274/280 kB | 81/619 kBProgress (5): 7.7/93 MB | 7.3/18 MB | 327/804 kB | 280 kB | 81/619 kB    Progress (5): 7.7/93 MB | 7.3/18 MB | 327/804 kB | 280 kB | 81/619 kBProgress (5): 7.7/93 MB | 7.3/18 MB | 327/804 kB | 280 kB | 98/619 kBProgress (5): 7.7/93 MB | 7.3/18 MB | 327/804 kB | 280 kB | 98/619 kBProgress (5): 7.7/93 MB | 7.3/18 MB | 327/804 kB | 280 kB | 98/619 kBProgress (5): 7.7/93 MB | 7.3/18 MB | 327/804 kB | 280 kB | 114/619 kB                                                                      Downloaded from central: https://repo.maven.apache.org/maven2/org/apache/tomcat/embed/tomcat-embed-websocket/11.0.0-M26/tomcat-embed-websocket-11.0.0-M26.jar (280 kB at 135 kB/s)
Progress (4): 7.7/93 MB | 7.3/18 MB | 344/804 kB | 114/619 kB                                                             Downloading from central: https://repo.maven.apache.org/maven2/org/springframework/spring-web/6.1.13/spring-web-6.1.13.jar
Progress (4): 7.7/93 MB | 7.3/18 MB | 344/804 kB | 114/619 kBProgress (4): 7.7/93 MB | 7.3/18 MB | 344/804 kB | 114/619 kBProgress (4): 7.7/93 MB | 7.3/18 MB | 344/804 kB | 114/619 kBProgress (4): 7.7/93 MB | 7.3/18 MB | 360/804 kB | 114/619 kBProgress (4): 7.7/93 MB | 7.4/18 MB | 360/804 kB | 114/619 kBProgress (4): 7.7/93 MB | 7.4/18 MB | 376/804 kB | 114/619 kBProgress (4): 7.7/93 MB | 7.4/18 MB | 376/804 kB | 114/619 kBProgress (4): 7.7/93 MB | 7.4/18 MB | 376/804 kB | 131/619 kBProgress (4): 7.7/93 MB | 7.4/18 MB | 376/804 kB | 147/619 kBProgress (4): 7.7/93 MB | 7.4/18 MB | 376/804 kB | 147/619 kBProgress (4): 7.7/93 MB | 7.4/18 MB | 393/804 kB | 147/619 kBProgress (4): 7.7/93 MB | 7.4/18 MB | 393/804 kB | 147/619 kBProgress (4): 7.7/93 MB | 7.4/18 MB | 393/804 kB | 147/619 kBProgress (4): 7.7/93 MB | 7.4/18 MB | 409/804 kB | 147/619 kBProgress (4): 7.7/93 MB | 7.4/18 MB | 409/804 kB | 147/619 kBProgress (4): 7.7/93 MB | 7.4/18 MB | 409/804 kB | 163/619 kBProgress (4): 7.7/93 MB | 7.4/18 MB | 409/804 kB | 163/619 kBProgress (4): 7.7/93 MB | 7.4/18 MB | 409/804 kB | 163/619 kBProgress (4): 7.7/93 MB | 7.4/18 MB | 409/804 kB | 163/619 kBProgress (4): 7.7/93 MB | 7.4/18 MB | 409/804 kB | 180/619 kBProgress (4): 7.7/93 MB | 7.5/18 MB | 409/804 kB | 180/619 kBProgress (4): 7.7/93 MB | 7.5/18 MB | 426/804 kB | 180/619 kBProgress (4): 7.7/93 MB | 7.5/18 MB | 426/804 kB | 180/619 kBProgress (4): 7.7/93 MB | 7.5/18 MB | 426/804 kB | 180/619 kBProgress (4): 7.7/93 MB | 7.5/18 MB | 426/804 kB | 196/619 kBProgress (4): 7.8/93 MB | 7.5/18 MB | 426/804 kB | 196/619 kBProgress (4): 7.8/93 MB | 7.5/18 MB | 426/804 kB | 196/619 kBProgress (4): 7.8/93 MB | 7.5/18 MB | 426/804 kB | 196/619 kBProgress (4): 7.8/93 MB | 7.5/18 MB | 442/804 kB | 196/619 kBProgress (4): 7.8/93 MB | 7.5/18 MB | 442/804 kB | 196/619 kBProgress (4): 7.8/93 MB | 7.5/18 MB | 442/804 kB | 213/619 kBProgress (4): 7.8/93 MB | 7.5/18 MB | 442/804 kB | 229/619 kBProgress (4): 7.8/93 MB | 7.5/18 MB | 442/804 kB | 229/619 kBProgress (4): 7.8/93 MB | 7.5/18 MB | 458/804 kB | 229/619 kBProgress (4): 7.8/93 MB | 7.5/18 MB | 458/804 kB | 229/619 kBProgress (4): 7.8/93 MB | 7.6/18 MB | 458/804 kB | 229/619 kBProgress (4): 7.8/93 MB | 7.6/18 MB | 475/804 kB | 229/619 kBProgress (4): 7.8/93 MB | 7.6/18 MB | 475/804 kB | 229/619 kBProgress (4): 7.8/93 MB | 7.6/18 MB | 491/804 kB | 229/619 kBProgress (5): 7.8/93 MB | 7.6/18 MB | 491/804 kB | 229/619 kB | 0/1.9 MBProgress (5): 7.8/93 MB | 7.6/18 MB | 491/804 kB | 229/619 kB | 0/1.9 MBProgress (5): 7.8/93 MB | 7.6/18 MB | 491/804 kB | 229/619 kB | 0/1.9 MBProgress (5): 7.8/93 MB | 7.6/18 MB | 491/804 kB | 245/619 kB | 0/1.9 MBProgress (5): 7.8/93 MB | 7.6/18 MB | 491/804 kB | 262/619 kB | 0/1.9 MBProgress (5): 7.8/93 MB | 7.6/18 MB | 491/804 kB | 262/619 kB | 0/1.9 MBProgress (5): 7.8/93 MB | 7.6/18 MB | 491/804 kB | 262/619 kB | 0/1.9 MBProgress (5): 7.8/93 MB | 7.6/18 MB | 491/804 kB | 262/619 kB | 0/1.9 MBProgress (5): 7.8/93 MB | 7.6/18 MB | 491/804 kB | 262/619 kB | 0/1.9 MBProgress (5): 7.8/93 MB | 7.6/18 MB | 491/804 kB | 262/619 kB | 0/1.9 MBProgress (5): 7.8/93 MB | 7.6/18 MB | 491/804 kB | 262/619 kB | 0/1.9 MBProgress (5): 7.8/93 MB | 7.6/18 MB | 507/804 kB | 262/619 kB | 0/1.9 MBProgress (5): 7.8/93 MB | 7.6/18 MB | 507/804 kB | 262/619 kB | 0/1.9 MBProgress (5): 7.8/93 MB | 7.6/18 MB | 524/804 kB | 262/619 kB | 0/1.9 MBProgress (5): 7.8/93 MB | 7.6/18 MB | 524/804 kB | 262/619 kB | 0.1/1.9 MBProgress (5): 7.8/93 MB | 7.6/18 MB | 524/804 kB | 278/619 kB | 0.1/1.9 MBProgress (5): 7.8/93 MB | 7.6/18 MB | 524/804 kB | 278/619 kB | 0.1/1.9 MBProgress (5): 7.8/93 MB | 7.6/18 MB | 524/804 kB | 294/619 kB | 0.1/1.9 MBProgress (5): 7.8/93 MB | 7.6/18 MB | 524/804 kB | 294/619 kB | 0.1/1.9 MBProgress (5): 7.8/93 MB | 7.6/18 MB | 524/804 kB | 294/619 kB | 0.1/1.9 MBProgress (5): 7.8/93 MB | 7.7/18 MB | 524/804 kB | 294/619 kB | 0.1/1.9 MBProgress (5): 7.8/93 MB | 7.7/18 MB | 524/804 kB | 294/619 kB | 0.1/1.9 MBProgress (5): 7.8/93 MB | 7.7/18 MB | 524/804 kB | 311/619 kB | 0.1/1.9 MBProgress (5): 7.9/93 MB | 7.7/18 MB | 524/804 kB | 311/619 kB | 0.1/1.9 MBProgress (5): 7.9/93 MB | 7.7/18 MB | 524/804 kB | 311/619 kB | 0.1/1.9 MBProgress (5): 7.9/93 MB | 7.7/18 MB | 524/804 kB | 311/619 kB | 0.1/1.9 MBProgress (5): 7.9/93 MB | 7.7/18 MB | 524/804 kB | 311/619 kB | 0.1/1.9 MBProgress (5): 7.9/93 MB | 7.7/18 MB | 524/804 kB | 311/619 kB | 0.1/1.9 MBProgress (5): 7.9/93 MB | 7.7/18 MB | 540/804 kB | 311/619 kB | 0.1/1.9 MBProgress (5): 7.9/93 MB | 7.7/18 MB | 540/804 kB | 311/619 kB | 0.1/1.9 MBProgress (5): 7.9/93 MB | 7.7/18 MB | 557/804 kB | 311/619 kB | 0.1/1.9 MBProgress (5): 7.9/93 MB | 7.7/18 MB | 557/804 kB | 327/619 kB | 0.1/1.9 MBProgress (5): 7.9/93 MB | 7.7/18 MB | 557/804 kB | 327/619 kB | 0.1/1.9 MBProgress (5): 7.9/93 MB | 7.7/18 MB | 557/804 kB | 344/619 kB | 0.1/1.9 MBProgress (5): 7.9/93 MB | 7.7/18 MB | 557/804 kB | 344/619 kB | 0.1/1.9 MBProgress (5): 7.9/93 MB | 7.7/18 MB | 557/804 kB | 360/619 kB | 0.1/1.9 MBProgress (5): 7.9/93 MB | 7.7/18 MB | 557/804 kB | 360/619 kB | 0.2/1.9 MBProgress (5): 7.9/93 MB | 7.7/18 MB | 557/804 kB | 360/619 kB | 0.2/1.9 MBProgress (5): 7.9/93 MB | 7.7/18 MB | 573/804 kB | 360/619 kB | 0.2/1.9 MBProgress (5): 7.9/93 MB | 7.7/18 MB | 573/804 kB | 360/619 kB | 0.2/1.9 MBProgress (5): 7.9/93 MB | 7.7/18 MB | 573/804 kB | 360/619 kB | 0.2/1.9 MBProgress (5): 7.9/93 MB | 7.7/18 MB | 573/804 kB | 360/619 kB | 0.2/1.9 MBProgress (5): 7.9/93 MB | 7.7/18 MB | 573/804 kB | 360/619 kB | 0.2/1.9 MBProgress (5): 7.9/93 MB | 7.7/18 MB | 573/804 kB | 360/619 kB | 0.2/1.9 MBProgress (5): 7.9/93 MB | 7.7/18 MB | 573/804 kB | 360/619 kB | 0.2/1.9 MBProgress (5): 7.9/93 MB | 7.7/18 MB | 573/804 kB | 360/619 kB | 0.2/1.9 MBProgress (5): 7.9/93 MB | 7.7/18 MB | 589/804 kB | 360/619 kB | 0.2/1.9 MBProgress (5): 7.9/93 MB | 7.7/18 MB | 589/804 kB | 360/619 kB | 0.2/1.9 MBProgress (5): 7.9/93 MB | 7.7/18 MB | 606/804 kB | 360/619 kB | 0.2/1.9 MBProgress (5): 7.9/93 MB | 7.7/18 MB | 606/804 kB | 360/619 kB | 0.2/1.9 MBProgress (5): 7.9/93 MB | 7.8/18 MB | 606/804 kB | 360/619 kB | 0.2/1.9 MBProgress (5): 7.9/93 MB | 7.8/18 MB | 622/804 kB | 360/619 kB | 0.2/1.9 MBProgress (5): 7.9/93 MB | 7.8/18 MB | 622/804 kB | 360/619 kB | 0.2/1.9 MBProgress (5): 7.9/93 MB | 7.8/18 MB | 639/804 kB | 360/619 kB | 0.2/1.9 MBProgress (5): 7.9/93 MB | 7.8/18 MB | 639/804 kB | 376/619 kB | 0.2/1.9 MBProgress (5): 7.9/93 MB | 7.8/18 MB | 639/804 kB | 393/619 kB | 0.2/1.9 MBProgress (5): 7.9/93 MB | 7.8/18 MB | 639/804 kB | 409/619 kB | 0.2/1.9 MBProgress (5): 7.9/93 MB | 7.8/18 MB | 639/804 kB | 409/619 kB | 0.2/1.9 MBProgress (5): 8.0/93 MB | 7.8/18 MB | 639/804 kB | 409/619 kB | 0.2/1.9 MBProgress (5): 8.0/93 MB | 7.8/18 MB | 639/804 kB | 409/619 kB | 0.2/1.9 MBProgress (5): 8.0/93 MB | 7.8/18 MB | 639/804 kB | 409/619 kB | 0.3/1.9 MBProgress (5): 8.0/93 MB | 7.8/18 MB | 639/804 kB | 409/619 kB | 0.3/1.9 MBProgress (5): 8.0/93 MB | 7.8/18 MB | 639/804 kB | 409/619 kB | 0.3/1.9 MBProgress (5): 8.0/93 MB | 7.8/18 MB | 639/804 kB | 409/619 kB | 0.3/1.9 MBProgress (5): 8.0/93 MB | 7.8/18 MB | 639/804 kB | 409/619 kB | 0.3/1.9 MBProgress (5): 8.0/93 MB | 7.8/18 MB | 639/804 kB | 409/619 kB | 0.3/1.9 MBProgress (5): 8.0/93 MB | 7.8/18 MB | 639/804 kB | 409/619 kB | 0.3/1.9 MBProgress (5): 8.0/93 MB | 7.8/18 MB | 639/804 kB | 426/619 kB | 0.3/1.9 MBProgress (5): 8.0/93 MB | 7.8/18 MB | 639/804 kB | 426/619 kB | 0.3/1.9 MBProgress (5): 8.0/93 MB | 7.8/18 MB | 639/804 kB | 442/619 kB | 0.3/1.9 MBProgress (5): 8.0/93 MB | 7.9/18 MB | 639/804 kB | 442/619 kB | 0.3/1.9 MBProgress (5): 8.0/93 MB | 7.9/18 MB | 639/804 kB | 458/619 kB | 0.3/1.9 MBProgress (5): 8.0/93 MB | 7.9/18 MB | 639/804 kB | 458/619 kB | 0.3/1.9 MBProgress (5): 8.0/93 MB | 7.9/18 MB | 639/804 kB | 475/619 kB | 0.3/1.9 MBProgress (5): 8.0/93 MB | 7.9/18 MB | 655/804 kB | 475/619 kB | 0.3/1.9 MBProgress (5): 8.0/93 MB | 7.9/18 MB | 671/804 kB | 475/619 kB | 0.3/1.9 MBProgress (5): 8.0/93 MB | 7.9/18 MB | 671/804 kB | 475/619 kB | 0.3/1.9 MBProgress (5): 8.0/93 MB | 7.9/18 MB | 688/804 kB | 475/619 kB | 0.3/1.9 MBProgress (5): 8.0/93 MB | 7.9/18 MB | 688/804 kB | 475/619 kB | 0.3/1.9 MBProgress (5): 8.0/93 MB | 7.9/18 MB | 688/804 kB | 475/619 kB | 0.3/1.9 MBProgress (5): 8.0/93 MB | 7.9/18 MB | 688/804 kB | 475/619 kB | 0.3/1.9 MBProgress (5): 8.0/93 MB | 7.9/18 MB | 688/804 kB | 475/619 kB | 0.3/1.9 MBProgress (5): 8.0/93 MB | 7.9/18 MB | 688/804 kB | 475/619 kB | 0.3/1.9 MBProgress (5): 8.0/93 MB | 7.9/18 MB | 688/804 kB | 475/619 kB | 0.3/1.9 MBProgress (5): 8.0/93 MB | 7.9/18 MB | 688/804 kB | 491/619 kB | 0.3/1.9 MBProgress (5): 8.0/93 MB | 7.9/18 MB | 688/804 kB | 491/619 kB | 0.3/1.9 MBProgress (5): 8.0/93 MB | 7.9/18 MB | 688/804 kB | 491/619 kB | 0.4/1.9 MBProgress (5): 8.0/93 MB | 7.9/18 MB | 704/804 kB | 491/619 kB | 0.4/1.9 MBProgress (5): 8.0/93 MB | 7.9/18 MB | 704/804 kB | 491/619 kB | 0.4/1.9 MBProgress (5): 8.0/93 MB | 7.9/18 MB | 720/804 kB | 491/619 kB | 0.4/1.9 MBProgress (5): 8.0/93 MB | 7.9/18 MB | 720/804 kB | 491/619 kB | 0.4/1.9 MBProgress (5): 8.0/93 MB | 7.9/18 MB | 737/804 kB | 491/619 kB | 0.4/1.9 MBProgress (5): 8.0/93 MB | 7.9/18 MB | 737/804 kB | 491/619 kB | 0.4/1.9 MBProgress (5): 8.0/93 MB | 7.9/18 MB | 753/804 kB | 491/619 kB | 0.4/1.9 MBProgress (5): 8.0/93 MB | 7.9/18 MB | 753/804 kB | 491/619 kB | 0.4/1.9 MBProgress (5): 8.0/93 MB | 7.9/18 MB | 753/804 kB | 507/619 kB | 0.4/1.9 MBProgress (5): 8.0/93 MB | 7.9/18 MB | 753/804 kB | 507/619 kB | 0.4/1.9 MBProgress (5): 8.0/93 MB | 7.9/18 MB | 753/804 kB | 524/619 kB | 0.4/1.9 MBProgress (5): 8.1/93 MB | 7.9/18 MB | 753/804 kB | 524/619 kB | 0.4/1.9 MBProgress (5): 8.1/93 MB | 8.0/18 MB | 753/804 kB | 524/619 kB | 0.4/1.9 MBProgress (5): 8.1/93 MB | 8.0/18 MB | 753/804 kB | 524/619 kB | 0.4/1.9 MBProgress (5): 8.1/93 MB | 8.0/18 MB | 753/804 kB | 524/619 kB | 0.4/1.9 MBProgress (5): 8.1/93 MB | 8.0/18 MB | 753/804 kB | 524/619 kB | 0.4/1.9 MBProgress (5): 8.1/93 MB | 8.0/18 MB | 753/804 kB | 524/619 kB | 0.4/1.9 MBProgress (5): 8.1/93 MB | 8.0/18 MB | 753/804 kB | 524/619 kB | 0.4/1.9 MBProgress (5): 8.1/93 MB | 8.0/18 MB | 753/804 kB | 524/619 kB | 0.4/1.9 MBProgress (5): 8.1/93 MB | 8.0/18 MB | 753/804 kB | 540/619 kB | 0.4/1.9 MBProgress (5): 8.1/93 MB | 8.0/18 MB | 753/804 kB | 540/619 kB | 0.4/1.9 MBProgress (5): 8.1/93 MB | 8.0/18 MB | 770/804 kB | 540/619 kB | 0.4/1.9 MBProgress (5): 8.1/93 MB | 8.0/18 MB | 770/804 kB | 557/619 kB | 0.4/1.9 MBProgress (5): 8.1/93 MB | 8.0/18 MB | 770/804 kB | 557/619 kB | 0.4/1.9 MBProgress (5): 8.1/93 MB | 8.0/18 MB | 770/804 kB | 557/619 kB | 0.4/1.9 MBProgress (5): 8.1/93 MB | 8.0/18 MB | 770/804 kB | 557/619 kB | 0.5/1.9 MBProgress (5): 8.1/93 MB | 8.0/18 MB | 770/804 kB | 573/619 kB | 0.5/1.9 MBProgress (5): 8.1/93 MB | 8.0/18 MB | 770/804 kB | 573/619 kB | 0.5/1.9 MBProgress (5): 8.1/93 MB | 8.0/18 MB | 786/804 kB | 573/619 kB | 0.5/1.9 MBProgress (5): 8.1/93 MB | 8.0/18 MB | 786/804 kB | 573/619 kB | 0.5/1.9 MBProgress (5): 8.1/93 MB | 8.0/18 MB | 786/804 kB | 573/619 kB | 0.5/1.9 MBProgress (5): 8.1/93 MB | 8.0/18 MB | 786/804 kB | 589/619 kB | 0.5/1.9 MBProgress (5): 8.1/93 MB | 8.0/18 MB | 802/804 kB | 589/619 kB | 0.5/1.9 MBProgress (5): 8.2/93 MB | 8.0/18 MB | 802/804 kB | 589/619 kB | 0.5/1.9 MBProgress (5): 8.2/93 MB | 8.0/18 MB | 802/804 kB | 589/619 kB | 0.5/1.9 MBProgress (5): 8.2/93 MB | 8.0/18 MB | 802/804 kB | 589/619 kB | 0.5/1.9 MBProgress (5): 8.2/93 MB | 8.0/18 MB | 802/804 kB | 606/619 kB | 0.5/1.9 MBProgress (5): 8.2/93 MB | 8.0/18 MB | 802/804 kB | 606/619 kB | 0.5/1.9 MBProgress (5): 8.2/93 MB | 8.0/18 MB | 802/804 kB | 606/619 kB | 0.5/1.9 MBProgress (5): 8.2/93 MB | 8.0/18 MB | 802/804 kB | 606/619 kB | 0.5/1.9 MBProgress (5): 8.2/93 MB | 8.0/18 MB | 802/804 kB | 619 kB | 0.5/1.9 MB    Progress (5): 8.2/93 MB | 8.1/18 MB | 802/804 kB | 619 kB | 0.5/1.9 MBProgress (5): 8.2/93 MB | 8.1/18 MB | 802/804 kB | 619 kB | 0.5/1.9 MBProgress (5): 8.2/93 MB | 8.1/18 MB | 802/804 kB | 619 kB | 0.5/1.9 MBProgress (5): 8.2/93 MB | 8.1/18 MB | 804 kB | 619 kB | 0.5/1.9 MB                                                                      Downloaded from central: https://repo.maven.apache.org/maven2/org/springframework/security/spring-security-web/6.3.0/spring-security-web-6.3.0.jar (804 kB at 373 kB/s)
Downloading from central: https://repo.maven.apache.org/maven2/org/springframework/boot/spring-boot/3.3.4/spring-boot-3.3.4.jar
Progress (4): 8.2/93 MB | 8.1/18 MB | 619 kB | 0.5/1.9 MB                                                         Downloaded from central: https://repo.maven.apache.org/maven2/ch/qos/logback/logback-core/1.5.8/logback-core-1.5.8.jar (619 kB at 287 kB/s)
Downloading from central: https://repo.maven.apache.org/maven2/org/springframework/security/spring-security-core/6.3.0/spring-security-core-6.3.0.jar
Progress (3): 8.2/93 MB | 8.1/18 MB | 0.5/1.9 MBProgress (3): 8.2/93 MB | 8.1/18 MB | 0.5/1.9 MBProgress (3): 8.2/93 MB | 8.1/18 MB | 0.6/1.9 MBProgress (3): 8.2/93 MB | 8.1/18 MB | 0.6/1.9 MBProgress (3): 8.2/93 MB | 8.1/18 MB | 0.6/1.9 MBProgress (3): 8.2/93 MB | 8.1/18 MB | 0.6/1.9 MBProgress (3): 8.2/93 MB | 8.1/18 MB | 0.6/1.9 MBProgress (3): 8.2/93 MB | 8.1/18 MB | 0.6/1.9 MBProgress (3): 8.3/93 MB | 8.1/18 MB | 0.6/1.9 MBProgress (3): 8.3/93 MB | 8.1/18 MB | 0.6/1.9 MBProgress (3): 8.3/93 MB | 8.1/18 MB | 0.6/1.9 MBProgress (3): 8.3/93 MB | 8.1/18 MB | 0.6/1.9 MBProgress (3): 8.3/93 MB | 8.2/18 MB | 0.6/1.9 MBProgress (3): 8.3/93 MB | 8.2/18 MB | 0.6/1.9 MBProgress (3): 8.3/93 MB | 8.2/18 MB | 0.6/1.9 MBProgress (3): 8.3/93 MB | 8.2/18 MB | 0.6/1.9 MBProgress (3): 8.3/93 MB | 8.2/18 MB | 0.6/1.9 MBProgress (3): 8.3/93 MB | 8.2/18 MB | 0.6/1.9 MBProgress (3): 8.3/93 MB | 8.2/18 MB | 0.6/1.9 MBProgress (3): 8.3/93 MB | 8.2/18 MB | 0.6/1.9 MBProgress (3): 8.3/93 MB | 8.2/18 MB | 0.6/1.9 MBProgress (3): 8.3/93 MB | 8.2/18 MB | 0.6/1.9 MBProgress (3): 8.3/93 MB | 8.2/18 MB | 0.7/1.9 MBProgress (3): 8.3/93 MB | 8.2/18 MB | 0.7/1.9 MBProgress (3): 8.3/93 MB | 8.2/18 MB | 0.7/1.9 MBProgress (3): 8.4/93 MB | 8.2/18 MB | 0.7/1.9 MBProgress (3): 8.4/93 MB | 8.2/18 MB | 0.7/1.9 MBProgress (3): 8.4/93 MB | 8.2/18 MB | 0.7/1.9 MBProgress (3): 8.4/93 MB | 8.2/18 MB | 0.7/1.9 MBProgress (3): 8.4/93 MB | 8.2/18 MB | 0.7/1.9 MBProgress (3): 8.4/93 MB | 8.2/18 MB | 0.7/1.9 MBProgress (3): 8.4/93 MB | 8.2/18 MB | 0.7/1.9 MBProgress (3): 8.4/93 MB | 8.3/18 MB | 0.7/1.9 MBProgress (3): 8.4/93 MB | 8.3/18 MB | 0.7/1.9 MBProgress (3): 8.4/93 MB | 8.3/18 MB | 0.7/1.9 MBProgress (3): 8.4/93 MB | 8.3/18 MB | 0.7/1.9 MBProgress (3): 8.4/93 MB | 8.3/18 MB | 0.7/1.9 MBProgress (3): 8.4/93 MB | 8.3/18 MB | 0.7/1.9 MBProgress (3): 8.4/93 MB | 8.3/18 MB | 0.7/1.9 MBProgress (3): 8.4/93 MB | 8.3/18 MB | 0.7/1.9 MBProgress (3): 8.4/93 MB | 8.3/18 MB | 0.7/1.9 MBProgress (3): 8.4/93 MB | 8.3/18 MB | 0.8/1.9 MBProgress (3): 8.4/93 MB | 8.3/18 MB | 0.8/1.9 MBProgress (4): 8.4/93 MB | 8.3/18 MB | 0.8/1.9 MB | 7.7/559 kBProgress (4): 8.4/93 MB | 8.3/18 MB | 0.8/1.9 MB | 16/559 kB Progress (4): 8.4/93 MB | 8.3/18 MB | 0.8/1.9 MB | 16/559 kBProgress (4): 8.4/93 MB | 8.3/18 MB | 0.8/1.9 MB | 32/559 kBProgress (4): 8.4/93 MB | 8.3/18 MB | 0.8/1.9 MB | 32/559 kBProgress (4): 8.4/93 MB | 8.3/18 MB | 0.8/1.9 MB | 48/559 kBProgress (4): 8.4/93 MB | 8.3/18 MB | 0.8/1.9 MB | 48/559 kBProgress (5): 8.4/93 MB | 8.3/18 MB | 0.8/1.9 MB | 48/559 kB | 0/1.6 MBProgress (5): 8.4/93 MB | 8.3/18 MB | 0.8/1.9 MB | 48/559 kB | 0/1.6 MBProgress (5): 8.4/93 MB | 8.4/18 MB | 0.8/1.9 MB | 48/559 kB | 0/1.6 MBProgress (5): 8.5/93 MB | 8.4/18 MB | 0.8/1.9 MB | 48/559 kB | 0/1.6 MBProgress (5): 8.5/93 MB | 8.4/18 MB | 0.8/1.9 MB | 48/559 kB | 0/1.6 MBProgress (5): 8.5/93 MB | 8.4/18 MB | 0.8/1.9 MB | 48/559 kB | 0/1.6 MBProgress (5): 8.5/93 MB | 8.4/18 MB | 0.8/1.9 MB | 48/559 kB | 0/1.6 MBProgress (5): 8.5/93 MB | 8.4/18 MB | 0.8/1.9 MB | 48/559 kB | 0/1.6 MBProgress (5): 8.5/93 MB | 8.4/18 MB | 0.8/1.9 MB | 48/559 kB | 0/1.6 MBProgress (5): 8.5/93 MB | 8.4/18 MB | 0.8/1.9 MB | 48/559 kB | 0/1.6 MBProgress (5): 8.5/93 MB | 8.4/18 MB | 0.8/1.9 MB | 48/559 kB | 0/1.6 MBProgress (5): 8.5/93 MB | 8.4/18 MB | 0.8/1.9 MB | 48/559 kB | 0/1.6 MBProgress (5): 8.5/93 MB | 8.4/18 MB | 0.8/1.9 MB | 48/559 kB | 0/1.6 MBProgress (5): 8.5/93 MB | 8.4/18 MB | 0.8/1.9 MB | 48/559 kB | 0/1.6 MBProgress (5): 8.5/93 MB | 8.4/18 MB | 0.8/1.9 MB | 65/559 kB | 0/1.6 MBProgress (5): 8.5/93 MB | 8.4/18 MB | 0.8/1.9 MB | 65/559 kB | 0.1/1.6 MBProgress (5): 8.5/93 MB | 8.4/18 MB | 0.8/1.9 MB | 65/559 kB | 0.1/1.6 MBProgress (5): 8.5/93 MB | 8.4/18 MB | 0.8/1.9 MB | 65/559 kB | 0.1/1.6 MBProgress (5): 8.5/93 MB | 8.4/18 MB | 0.8/1.9 MB | 65/559 kB | 0.1/1.6 MBProgress (5): 8.5/93 MB | 8.4/18 MB | 0.8/1.9 MB | 65/559 kB | 0.1/1.6 MBProgress (5): 8.5/93 MB | 8.4/18 MB | 0.8/1.9 MB | 65/559 kB | 0.1/1.6 MBProgress (5): 8.5/93 MB | 8.4/18 MB | 0.8/1.9 MB | 65/559 kB | 0.1/1.6 MBProgress (5): 8.6/93 MB | 8.4/18 MB | 0.8/1.9 MB | 65/559 kB | 0.1/1.6 MBProgress (5): 8.6/93 MB | 8.5/18 MB | 0.8/1.9 MB | 65/559 kB | 0.1/1.6 MBProgress (5): 8.6/93 MB | 8.5/18 MB | 0.8/1.9 MB | 81/559 kB | 0.1/1.6 MBProgress (5): 8.6/93 MB | 8.5/18 MB | 0.8/1.9 MB | 81/559 kB | 0.1/1.6 MBProgress (5): 8.6/93 MB | 8.5/18 MB | 0.8/1.9 MB | 81/559 kB | 0.1/1.6 MBProgress (5): 8.6/93 MB | 8.5/18 MB | 0.9/1.9 MB | 81/559 kB | 0.1/1.6 MBProgress (5): 8.6/93 MB | 8.5/18 MB | 0.9/1.9 MB | 81/559 kB | 0.1/1.6 MBProgress (5): 8.6/93 MB | 8.5/18 MB | 0.9/1.9 MB | 81/559 kB | 0.1/1.6 MBProgress (5): 8.6/93 MB | 8.5/18 MB | 0.9/1.9 MB | 98/559 kB | 0.1/1.6 MBProgress (5): 8.6/93 MB | 8.5/18 MB | 0.9/1.9 MB | 114/559 kB | 0.1/1.6 MBProgress (5): 8.6/93 MB | 8.5/18 MB | 0.9/1.9 MB | 114/559 kB | 0.1/1.6 MBProgress (5): 8.6/93 MB | 8.5/18 MB | 0.9/1.9 MB | 114/559 kB | 0.1/1.6 MBProgress (5): 8.6/93 MB | 8.5/18 MB | 0.9/1.9 MB | 114/559 kB | 0.1/1.6 MBProgress (5): 8.6/93 MB | 8.5/18 MB | 0.9/1.9 MB | 130/559 kB | 0.1/1.6 MBProgress (5): 8.6/93 MB | 8.5/18 MB | 0.9/1.9 MB | 130/559 kB | 0.1/1.6 MBProgress (5): 8.6/93 MB | 8.5/18 MB | 0.9/1.9 MB | 147/559 kB | 0.1/1.6 MBProgress (5): 8.6/93 MB | 8.5/18 MB | 0.9/1.9 MB | 147/559 kB | 0.1/1.6 MBProgress (5): 8.6/93 MB | 8.5/18 MB | 0.9/1.9 MB | 147/559 kB | 0.1/1.6 MBProgress (5): 8.6/93 MB | 8.5/18 MB | 0.9/1.9 MB | 147/559 kB | 0.1/1.6 MBProgress (5): 8.6/93 MB | 8.5/18 MB | 0.9/1.9 MB | 147/559 kB | 0.1/1.6 MBProgress (5): 8.6/93 MB | 8.5/18 MB | 0.9/1.9 MB | 147/559 kB | 0.1/1.6 MBProgress (5): 8.6/93 MB | 8.5/18 MB | 0.9/1.9 MB | 147/559 kB | 0.2/1.6 MBProgress (5): 8.6/93 MB | 8.5/18 MB | 0.9/1.9 MB | 147/559 kB | 0.2/1.6 MBProgress (5): 8.6/93 MB | 8.5/18 MB | 0.9/1.9 MB | 163/559 kB | 0.2/1.6 MBProgress (5): 8.6/93 MB | 8.5/18 MB | 0.9/1.9 MB | 164/559 kB | 0.2/1.6 MBProgress (5): 8.6/93 MB | 8.5/18 MB | 0.9/1.9 MB | 180/559 kB | 0.2/1.6 MBProgress (5): 8.6/93 MB | 8.5/18 MB | 0.9/1.9 MB | 197/559 kB | 0.2/1.6 MBProgress (5): 8.6/93 MB | 8.5/18 MB | 0.9/1.9 MB | 197/559 kB | 0.2/1.6 MBProgress (5): 8.6/93 MB | 8.5/18 MB | 0.9/1.9 MB | 197/559 kB | 0.2/1.6 MBProgress (5): 8.6/93 MB | 8.5/18 MB | 0.9/1.9 MB | 197/559 kB | 0.2/1.6 MBProgress (5): 8.6/93 MB | 8.5/18 MB | 0.9/1.9 MB | 197/559 kB | 0.2/1.6 MBProgress (5): 8.6/93 MB | 8.5/18 MB | 1.0/1.9 MB | 197/559 kB | 0.2/1.6 MBProgress (5): 8.7/93 MB | 8.5/18 MB | 1.0/1.9 MB | 197/559 kB | 0.2/1.6 MBProgress (5): 8.7/93 MB | 8.5/18 MB | 1.0/1.9 MB | 197/559 kB | 0.2/1.6 MBProgress (5): 8.7/93 MB | 8.5/18 MB | 1.0/1.9 MB | 213/559 kB | 0.2/1.6 MBProgress (5): 8.7/93 MB | 8.5/18 MB | 1.0/1.9 MB | 229/559 kB | 0.2/1.6 MBProgress (5): 8.7/93 MB | 8.5/18 MB | 1.0/1.9 MB | 229/559 kB | 0.2/1.6 MBProgress (5): 8.7/93 MB | 8.5/18 MB | 1.0/1.9 MB | 246/559 kB | 0.2/1.6 MBProgress (5): 8.7/93 MB | 8.5/18 MB | 1.0/1.9 MB | 246/559 kB | 0.2/1.6 MBProgress (5): 8.7/93 MB | 8.5/18 MB | 1.0/1.9 MB | 262/559 kB | 0.2/1.6 MBProgress (5): 8.7/93 MB | 8.5/18 MB | 1.0/1.9 MB | 262/559 kB | 0.2/1.6 MBProgress (5): 8.7/93 MB | 8.5/18 MB | 1.0/1.9 MB | 262/559 kB | 0.2/1.6 MBProgress (5): 8.7/93 MB | 8.5/18 MB | 1.0/1.9 MB | 262/559 kB | 0.2/1.6 MBProgress (5): 8.7/93 MB | 8.5/18 MB | 1.0/1.9 MB | 262/559 kB | 0.2/1.6 MBProgress (5): 8.7/93 MB | 8.5/18 MB | 1.0/1.9 MB | 262/559 kB | 0.2/1.6 MBProgress (5): 8.7/93 MB | 8.5/18 MB | 1.0/1.9 MB | 279/559 kB | 0.2/1.6 MBProgress (5): 8.7/93 MB | 8.5/18 MB | 1.0/1.9 MB | 295/559 kB | 0.2/1.6 MBProgress (5): 8.7/93 MB | 8.5/18 MB | 1.0/1.9 MB | 295/559 kB | 0.2/1.6 MBProgress (5): 8.7/93 MB | 8.5/18 MB | 1.0/1.9 MB | 311/559 kB | 0.2/1.6 MBProgress (5): 8.7/93 MB | 8.5/18 MB | 1.0/1.9 MB | 311/559 kB | 0.2/1.6 MBProgress (5): 8.7/93 MB | 8.5/18 MB | 1.0/1.9 MB | 311/559 kB | 0.2/1.6 MBProgress (5): 8.7/93 MB | 8.5/18 MB | 1.0/1.9 MB | 311/559 kB | 0.2/1.6 MBProgress (5): 8.7/93 MB | 8.5/18 MB | 1.0/1.9 MB | 311/559 kB | 0.2/1.6 MBProgress (5): 8.7/93 MB | 8.5/18 MB | 1.0/1.9 MB | 311/559 kB | 0.2/1.6 MBProgress (5): 8.7/93 MB | 8.5/18 MB | 1.0/1.9 MB | 311/559 kB | 0.3/1.6 MBProgress (5): 8.7/93 MB | 8.5/18 MB | 1.1/1.9 MB | 311/559 kB | 0.3/1.6 MBProgress (5): 8.7/93 MB | 8.5/18 MB | 1.1/1.9 MB | 311/559 kB | 0.3/1.6 MBProgress (5): 8.7/93 MB | 8.5/18 MB | 1.1/1.9 MB | 311/559 kB | 0.3/1.6 MBProgress (5): 8.7/93 MB | 8.6/18 MB | 1.1/1.9 MB | 311/559 kB | 0.3/1.6 MBProgress (5): 8.7/93 MB | 8.6/18 MB | 1.1/1.9 MB | 328/559 kB | 0.3/1.6 MBProgress (5): 8.7/93 MB | 8.6/18 MB | 1.1/1.9 MB | 344/559 kB | 0.3/1.6 MBProgress (5): 8.7/93 MB | 8.6/18 MB | 1.1/1.9 MB | 360/559 kB | 0.3/1.6 MBProgress (5): 8.7/93 MB | 8.6/18 MB | 1.1/1.9 MB | 360/559 kB | 0.3/1.6 MBProgress (5): 8.7/93 MB | 8.6/18 MB | 1.1/1.9 MB | 360/559 kB | 0.3/1.6 MBProgress (5): 8.7/93 MB | 8.6/18 MB | 1.1/1.9 MB | 360/559 kB | 0.3/1.6 MBProgress (5): 8.7/93 MB | 8.6/18 MB | 1.1/1.9 MB | 360/559 kB | 0.3/1.6 MBProgress (5): 8.7/93 MB | 8.6/18 MB | 1.1/1.9 MB | 360/559 kB | 0.3/1.6 MBProgress (5): 8.7/93 MB | 8.6/18 MB | 1.1/1.9 MB | 360/559 kB | 0.3/1.6 MBProgress (5): 8.7/93 MB | 8.6/18 MB | 1.1/1.9 MB | 360/559 kB | 0.3/1.6 MBProgress (5): 8.7/93 MB | 8.6/18 MB | 1.1/1.9 MB | 360/559 kB | 0.3/1.6 MBProgress (5): 8.7/93 MB | 8.6/18 MB | 1.1/1.9 MB | 360/559 kB | 0.3/1.6 MBProgress (5): 8.7/93 MB | 8.6/18 MB | 1.1/1.9 MB | 360/559 kB | 0.3/1.6 MBProgress (5): 8.7/93 MB | 8.6/18 MB | 1.1/1.9 MB | 360/559 kB | 0.3/1.6 MBProgress (5): 8.7/93 MB | 8.6/18 MB | 1.1/1.9 MB | 377/559 kB | 0.3/1.6 MBProgress (5): 8.8/93 MB | 8.6/18 MB | 1.1/1.9 MB | 377/559 kB | 0.3/1.6 MBProgress (5): 8.8/93 MB | 8.6/18 MB | 1.1/1.9 MB | 393/559 kB | 0.3/1.6 MBProgress (5): 8.8/93 MB | 8.6/18 MB | 1.1/1.9 MB | 393/559 kB | 0.3/1.6 MBProgress (5): 8.8/93 MB | 8.6/18 MB | 1.1/1.9 MB | 410/559 kB | 0.3/1.6 MBProgress (5): 8.8/93 MB | 8.6/18 MB | 1.1/1.9 MB | 410/559 kB | 0.3/1.6 MBProgress (5): 8.8/93 MB | 8.6/18 MB | 1.1/1.9 MB | 410/559 kB | 0.3/1.6 MBProgress (5): 8.8/93 MB | 8.6/18 MB | 1.1/1.9 MB | 410/559 kB | 0.3/1.6 MBProgress (5): 8.8/93 MB | 8.6/18 MB | 1.1/1.9 MB | 410/559 kB | 0.3/1.6 MBProgress (5): 8.8/93 MB | 8.6/18 MB | 1.1/1.9 MB | 410/559 kB | 0.3/1.6 MBProgress (5): 8.8/93 MB | 8.6/18 MB | 1.1/1.9 MB | 410/559 kB | 0.3/1.6 MBProgress (5): 8.8/93 MB | 8.6/18 MB | 1.1/1.9 MB | 410/559 kB | 0.3/1.6 MBProgress (5): 8.8/93 MB | 8.6/18 MB | 1.1/1.9 MB | 410/559 kB | 0.3/1.6 MBProgress (5): 8.8/93 MB | 8.6/18 MB | 1.1/1.9 MB | 410/559 kB | 0.4/1.6 MBProgress (5): 8.8/93 MB | 8.6/18 MB | 1.1/1.9 MB | 426/559 kB | 0.4/1.6 MBProgress (5): 8.8/93 MB | 8.6/18 MB | 1.2/1.9 MB | 426/559 kB | 0.4/1.6 MBProgress (5): 8.8/93 MB | 8.6/18 MB | 1.2/1.9 MB | 426/559 kB | 0.4/1.6 MBProgress (5): 8.8/93 MB | 8.6/18 MB | 1.2/1.9 MB | 426/559 kB | 0.4/1.6 MBProgress (5): 8.8/93 MB | 8.6/18 MB | 1.2/1.9 MB | 426/559 kB | 0.4/1.6 MBProgress (5): 8.8/93 MB | 8.6/18 MB | 1.2/1.9 MB | 426/559 kB | 0.4/1.6 MBProgress (5): 8.8/93 MB | 8.7/18 MB | 1.2/1.9 MB | 426/559 kB | 0.4/1.6 MBProgress (5): 8.8/93 MB | 8.7/18 MB | 1.2/1.9 MB | 426/559 kB | 0.4/1.6 MBProgress (5): 8.8/93 MB | 8.7/18 MB | 1.2/1.9 MB | 442/559 kB | 0.4/1.6 MBProgress (5): 8.8/93 MB | 8.7/18 MB | 1.2/1.9 MB | 442/559 kB | 0.4/1.6 MBProgress (5): 8.8/93 MB | 8.7/18 MB | 1.2/1.9 MB | 459/559 kB | 0.4/1.6 MBProgress (5): 8.8/93 MB | 8.7/18 MB | 1.2/1.9 MB | 459/559 kB | 0.4/1.6 MBProgress (5): 8.8/93 MB | 8.7/18 MB | 1.2/1.9 MB | 459/559 kB | 0.4/1.6 MBProgress (5): 8.8/93 MB | 8.7/18 MB | 1.2/1.9 MB | 459/559 kB | 0.4/1.6 MBProgress (5): 8.8/93 MB | 8.7/18 MB | 1.2/1.9 MB | 459/559 kB | 0.4/1.6 MBProgress (5): 8.8/93 MB | 8.7/18 MB | 1.2/1.9 MB | 459/559 kB | 0.4/1.6 MBProgress (5): 8.8/93 MB | 8.7/18 MB | 1.2/1.9 MB | 459/559 kB | 0.4/1.6 MBProgress (5): 8.9/93 MB | 8.7/18 MB | 1.2/1.9 MB | 459/559 kB | 0.4/1.6 MBProgress (5): 8.9/93 MB | 8.7/18 MB | 1.2/1.9 MB | 475/559 kB | 0.4/1.6 MBProgress (5): 8.9/93 MB | 8.7/18 MB | 1.2/1.9 MB | 492/559 kB | 0.4/1.6 MBProgress (5): 8.9/93 MB | 8.7/18 MB | 1.2/1.9 MB | 492/559 kB | 0.4/1.6 MBProgress (5): 8.9/93 MB | 8.7/18 MB | 1.2/1.9 MB | 492/559 kB | 0.4/1.6 MBProgress (5): 8.9/93 MB | 8.7/18 MB | 1.2/1.9 MB | 492/559 kB | 0.4/1.6 MBProgress (5): 8.9/93 MB | 8.7/18 MB | 1.2/1.9 MB | 492/559 kB | 0.4/1.6 MBProgress (5): 8.9/93 MB | 8.7/18 MB | 1.3/1.9 MB | 492/559 kB | 0.4/1.6 MBProgress (5): 8.9/93 MB | 8.7/18 MB | 1.3/1.9 MB | 492/559 kB | 0.4/1.6 MBProgress (5): 8.9/93 MB | 8.7/18 MB | 1.3/1.9 MB | 492/559 kB | 0.4/1.6 MBProgress (5): 8.9/93 MB | 8.7/18 MB | 1.3/1.9 MB | 492/559 kB | 0.4/1.6 MBProgress (5): 8.9/93 MB | 8.7/18 MB | 1.3/1.9 MB | 492/559 kB | 0.4/1.6 MBProgress (5): 8.9/93 MB | 8.7/18 MB | 1.3/1.9 MB | 492/559 kB | 0.5/1.6 MBProgress (5): 8.9/93 MB | 8.7/18 MB | 1.3/1.9 MB | 508/559 kB | 0.5/1.6 MBProgress (5): 8.9/93 MB | 8.7/18 MB | 1.3/1.9 MB | 508/559 kB | 0.5/1.6 MBProgress (5): 8.9/93 MB | 8.7/18 MB | 1.3/1.9 MB | 524/559 kB | 0.5/1.6 MBProgress (5): 8.9/93 MB | 8.7/18 MB | 1.3/1.9 MB | 524/559 kB | 0.5/1.6 MBProgress (5): 8.9/93 MB | 8.7/18 MB | 1.3/1.9 MB | 541/559 kB | 0.5/1.6 MBProgress (5): 8.9/93 MB | 8.7/18 MB | 1.3/1.9 MB | 541/559 kB | 0.5/1.6 MBProgress (5): 8.9/93 MB | 8.7/18 MB | 1.3/1.9 MB | 541/559 kB | 0.5/1.6 MBProgress (5): 8.9/93 MB | 8.7/18 MB | 1.3/1.9 MB | 541/559 kB | 0.5/1.6 MBProgress (5): 8.9/93 MB | 8.8/18 MB | 1.3/1.9 MB | 541/559 kB | 0.5/1.6 MBProgress (5): 8.9/93 MB | 8.8/18 MB | 1.3/1.9 MB | 541/559 kB | 0.5/1.6 MBProgress (5): 8.9/93 MB | 8.8/18 MB | 1.3/1.9 MB | 541/559 kB | 0.5/1.6 MBProgress (5): 8.9/93 MB | 8.8/18 MB | 1.3/1.9 MB | 541/559 kB | 0.5/1.6 MBProgress (5): 8.9/93 MB | 8.8/18 MB | 1.3/1.9 MB | 541/559 kB | 0.5/1.6 MBProgress (5): 8.9/93 MB | 8.8/18 MB | 1.3/1.9 MB | 557/559 kB | 0.5/1.6 MBProgress (5): 8.9/93 MB | 8.8/18 MB | 1.3/1.9 MB | 559 kB | 0.5/1.6 MB    Progress (5): 8.9/93 MB | 8.8/18 MB | 1.3/1.9 MB | 559 kB | 0.5/1.6 MBProgress (5): 9.0/93 MB | 8.8/18 MB | 1.3/1.9 MB | 559 kB | 0.5/1.6 MB                                                                      Downloaded from central: https://repo.maven.apache.org/maven2/org/springframework/security/spring-security-core/6.3.0/spring-security-core-6.3.0.jar (559 kB at 249 kB/s)
Downloading from central: https://repo.maven.apache.org/maven2/org/springframework/security/spring-security-crypto/6.3.3/spring-security-crypto-6.3.3.jar
Progress (4): 9.0/93 MB | 8.8/18 MB | 1.3/1.9 MB | 0.5/1.6 MBProgress (4): 9.0/93 MB | 8.8/18 MB | 1.3/1.9 MB | 0.5/1.6 MBProgress (4): 9.0/93 MB | 8.8/18 MB | 1.3/1.9 MB | 0.5/1.6 MBProgress (4): 9.0/93 MB | 8.8/18 MB | 1.3/1.9 MB | 0.6/1.6 MBProgress (4): 9.0/93 MB | 8.8/18 MB | 1.3/1.9 MB | 0.6/1.6 MBProgress (4): 9.0/93 MB | 8.8/18 MB | 1.3/1.9 MB | 0.6/1.6 MBProgress (4): 9.0/93 MB | 8.8/18 MB | 1.3/1.9 MB | 0.6/1.6 MBProgress (4): 9.0/93 MB | 8.8/18 MB | 1.3/1.9 MB | 0.6/1.6 MBProgress (4): 9.0/93 MB | 8.8/18 MB | 1.3/1.9 MB | 0.6/1.6 MBProgress (4): 9.0/93 MB | 8.8/18 MB | 1.3/1.9 MB | 0.6/1.6 MBProgress (4): 9.0/93 MB | 8.8/18 MB | 1.3/1.9 MB | 0.6/1.6 MBProgress (4): 9.0/93 MB | 8.8/18 MB | 1.4/1.9 MB | 0.6/1.6 MBProgress (4): 9.0/93 MB | 8.8/18 MB | 1.4/1.9 MB | 0.6/1.6 MBProgress (4): 9.0/93 MB | 8.8/18 MB | 1.4/1.9 MB | 0.6/1.6 MBProgress (4): 9.0/93 MB | 8.8/18 MB | 1.4/1.9 MB | 0.6/1.6 MBProgress (4): 9.0/93 MB | 8.8/18 MB | 1.4/1.9 MB | 0.6/1.6 MBProgress (4): 9.0/93 MB | 8.8/18 MB | 1.4/1.9 MB | 0.6/1.6 MBProgress (4): 9.0/93 MB | 8.8/18 MB | 1.4/1.9 MB | 0.6/1.6 MBProgress (4): 9.0/93 MB | 8.9/18 MB | 1.4/1.9 MB | 0.6/1.6 MBProgress (4): 9.0/93 MB | 8.9/18 MB | 1.4/1.9 MB | 0.6/1.6 MBProgress (4): 9.0/93 MB | 8.9/18 MB | 1.4/1.9 MB | 0.6/1.6 MBProgress (4): 9.0/93 MB | 8.9/18 MB | 1.4/1.9 MB | 0.6/1.6 MBProgress (4): 9.0/93 MB | 8.9/18 MB | 1.4/1.9 MB | 0.6/1.6 MBProgress (4): 9.0/93 MB | 8.9/18 MB | 1.4/1.9 MB | 0.6/1.6 MBProgress (4): 9.0/93 MB | 8.9/18 MB | 1.4/1.9 MB | 0.6/1.6 MBProgress (4): 9.0/93 MB | 8.9/18 MB | 1.4/1.9 MB | 0.6/1.6 MBProgress (4): 9.0/93 MB | 8.9/18 MB | 1.4/1.9 MB | 0.6/1.6 MBProgress (4): 9.0/93 MB | 8.9/18 MB | 1.4/1.9 MB | 0.6/1.6 MBProgress (4): 9.1/93 MB | 8.9/18 MB | 1.4/1.9 MB | 0.6/1.6 MBProgress (4): 9.1/93 MB | 8.9/18 MB | 1.5/1.9 MB | 0.6/1.6 MBProgress (4): 9.1/93 MB | 8.9/18 MB | 1.5/1.9 MB | 0.6/1.6 MBProgress (4): 9.1/93 MB | 8.9/18 MB | 1.5/1.9 MB | 0.6/1.6 MBProgress (4): 9.1/93 MB | 8.9/18 MB | 1.5/1.9 MB | 0.6/1.6 MBProgress (4): 9.1/93 MB | 8.9/18 MB | 1.5/1.9 MB | 0.6/1.6 MBProgress (4): 9.1/93 MB | 8.9/18 MB | 1.5/1.9 MB | 0.6/1.6 MBProgress (4): 9.1/93 MB | 8.9/18 MB | 1.5/1.9 MB | 0.6/1.6 MBProgress (4): 9.1/93 MB | 8.9/18 MB | 1.5/1.9 MB | 0.6/1.6 MBProgress (4): 9.1/93 MB | 8.9/18 MB | 1.5/1.9 MB | 0.7/1.6 MBProgress (4): 9.1/93 MB | 8.9/18 MB | 1.5/1.9 MB | 0.7/1.6 MBProgress (4): 9.1/93 MB | 8.9/18 MB | 1.5/1.9 MB | 0.7/1.6 MBProgress (4): 9.1/93 MB | 8.9/18 MB | 1.5/1.9 MB | 0.7/1.6 MBProgress (4): 9.1/93 MB | 8.9/18 MB | 1.5/1.9 MB | 0.7/1.6 MBProgress (4): 9.1/93 MB | 8.9/18 MB | 1.5/1.9 MB | 0.7/1.6 MBProgress (4): 9.1/93 MB | 9.0/18 MB | 1.5/1.9 MB | 0.7/1.6 MBProgress (4): 9.1/93 MB | 9.0/18 MB | 1.5/1.9 MB | 0.7/1.6 MBProgress (4): 9.1/93 MB | 9.0/18 MB | 1.5/1.9 MB | 0.7/1.6 MBProgress (4): 9.1/93 MB | 9.0/18 MB | 1.5/1.9 MB | 0.7/1.6 MBProgress (4): 9.1/93 MB | 9.0/18 MB | 1.5/1.9 MB | 0.7/1.6 MBProgress (4): 9.1/93 MB | 9.0/18 MB | 1.5/1.9 MB | 0.7/1.6 MBProgress (4): 9.1/93 MB | 9.0/18 MB | 1.5/1.9 MB | 0.7/1.6 MBProgress (5): 9.1/93 MB | 9.0/18 MB | 1.5/1.9 MB | 0.7/1.6 MB | 7.5/100 kBProgress (5): 9.1/93 MB | 9.0/18 MB | 1.5/1.9 MB | 0.7/1.6 MB | 7.5/100 kBProgress (5): 9.1/93 MB | 9.0/18 MB | 1.5/1.9 MB | 0.7/1.6 MB | 24/100 kB Progress (5): 9.1/93 MB | 9.0/18 MB | 1.5/1.9 MB | 0.7/1.6 MB | 24/100 kBProgress (5): 9.1/93 MB | 9.0/18 MB | 1.5/1.9 MB | 0.7/1.6 MB | 24/100 kBProgress (5): 9.1/93 MB | 9.0/18 MB | 1.6/1.9 MB | 0.7/1.6 MB | 24/100 kBProgress (5): 9.1/93 MB | 9.0/18 MB | 1.6/1.9 MB | 0.7/1.6 MB | 24/100 kBProgress (5): 9.1/93 MB | 9.0/18 MB | 1.6/1.9 MB | 0.7/1.6 MB | 40/100 kBProgress (5): 9.2/93 MB | 9.0/18 MB | 1.6/1.9 MB | 0.7/1.6 MB | 40/100 kBProgress (5): 9.2/93 MB | 9.0/18 MB | 1.6/1.9 MB | 0.7/1.6 MB | 57/100 kBProgress (5): 9.2/93 MB | 9.0/18 MB | 1.6/1.9 MB | 0.7/1.6 MB | 57/100 kBProgress (5): 9.2/93 MB | 9.0/18 MB | 1.6/1.9 MB | 0.7/1.6 MB | 73/100 kBProgress (5): 9.2/93 MB | 9.0/18 MB | 1.6/1.9 MB | 0.7/1.6 MB | 73/100 kBProgress (5): 9.2/93 MB | 9.0/18 MB | 1.6/1.9 MB | 0.7/1.6 MB | 73/100 kBProgress (5): 9.2/93 MB | 9.0/18 MB | 1.6/1.9 MB | 0.7/1.6 MB | 73/100 kBProgress (5): 9.2/93 MB | 9.0/18 MB | 1.6/1.9 MB | 0.7/1.6 MB | 73/100 kBProgress (5): 9.2/93 MB | 9.0/18 MB | 1.6/1.9 MB | 0.7/1.6 MB | 73/100 kBProgress (5): 9.2/93 MB | 9.0/18 MB | 1.6/1.9 MB | 0.8/1.6 MB | 73/100 kBProgress (5): 9.2/93 MB | 9.1/18 MB | 1.6/1.9 MB | 0.8/1.6 MB | 73/100 kBProgress (5): 9.2/93 MB | 9.1/18 MB | 1.6/1.9 MB | 0.8/1.6 MB | 73/100 kBProgress (5): 9.2/93 MB | 9.1/18 MB | 1.6/1.9 MB | 0.8/1.6 MB | 73/100 kBProgress (5): 9.2/93 MB | 9.1/18 MB | 1.6/1.9 MB | 0.8/1.6 MB | 73/100 kBProgress (5): 9.2/93 MB | 9.1/18 MB | 1.6/1.9 MB | 0.8/1.6 MB | 89/100 kBProgress (5): 9.2/93 MB | 9.1/18 MB | 1.6/1.9 MB | 0.8/1.6 MB | 89/100 kBProgress (5): 9.2/93 MB | 9.1/18 MB | 1.6/1.9 MB | 0.8/1.6 MB | 89/100 kBProgress (5): 9.2/93 MB | 9.1/18 MB | 1.6/1.9 MB | 0.8/1.6 MB | 89/100 kBProgress (5): 9.2/93 MB | 9.1/18 MB | 1.6/1.9 MB | 0.8/1.6 MB | 89/100 kBProgress (5): 9.2/93 MB | 9.1/18 MB | 1.6/1.9 MB | 0.8/1.6 MB | 89/100 kBProgress (5): 9.2/93 MB | 9.1/18 MB | 1.6/1.9 MB | 0.8/1.6 MB | 89/100 kBProgress (5): 9.2/93 MB | 9.1/18 MB | 1.6/1.9 MB | 0.8/1.6 MB | 89/100 kBProgress (5): 9.2/93 MB | 9.1/18 MB | 1.6/1.9 MB | 0.8/1.6 MB | 89/100 kBProgress (5): 9.2/93 MB | 9.1/18 MB | 1.6/1.9 MB | 0.8/1.6 MB | 89/100 kBProgress (5): 9.2/93 MB | 9.1/18 MB | 1.6/1.9 MB | 0.8/1.6 MB | 100 kB   Progress (5): 9.2/93 MB | 9.1/18 MB | 1.6/1.9 MB | 0.8/1.6 MB | 100 kB                                                                      Downloaded from central: https://repo.maven.apache.org/maven2/org/springframework/security/spring-security-crypto/6.3.3/spring-security-crypto-6.3.3.jar (100 kB at 44 kB/s)
Downloading from central: https://repo.maven.apache.org/maven2/org/springframework/security/kerberos/spring-security-kerberos-core/1.0.1.RELEASE/spring-security-kerberos-core-1.0.1.RELEASE.jar
Progress (4): 9.2/93 MB | 9.1/18 MB | 1.6/1.9 MB | 0.8/1.6 MBProgress (4): 9.2/93 MB | 9.1/18 MB | 1.7/1.9 MB | 0.8/1.6 MBProgress (4): 9.2/93 MB | 9.1/18 MB | 1.7/1.9 MB | 0.8/1.6 MBProgress (4): 9.2/93 MB | 9.1/18 MB | 1.7/1.9 MB | 0.8/1.6 MBProgress (4): 9.2/93 MB | 9.1/18 MB | 1.7/1.9 MB | 0.8/1.6 MBProgress (4): 9.3/93 MB | 9.1/18 MB | 1.7/1.9 MB | 0.8/1.6 MBProgress (4): 9.3/93 MB | 9.1/18 MB | 1.7/1.9 MB | 0.8/1.6 MBProgress (4): 9.3/93 MB | 9.2/18 MB | 1.7/1.9 MB | 0.8/1.6 MBProgress (4): 9.3/93 MB | 9.2/18 MB | 1.7/1.9 MB | 0.8/1.6 MBProgress (4): 9.3/93 MB | 9.2/18 MB | 1.7/1.9 MB | 0.8/1.6 MBProgress (4): 9.3/93 MB | 9.2/18 MB | 1.7/1.9 MB | 0.8/1.6 MBProgress (4): 9.3/93 MB | 9.2/18 MB | 1.7/1.9 MB | 0.8/1.6 MBProgress (4): 9.3/93 MB | 9.2/18 MB | 1.7/1.9 MB | 0.9/1.6 MBProgress (4): 9.3/93 MB | 9.2/18 MB | 1.7/1.9 MB | 0.9/1.6 MBProgress (4): 9.3/93 MB | 9.2/18 MB | 1.7/1.9 MB | 0.9/1.6 MBProgress (4): 9.3/93 MB | 9.2/18 MB | 1.7/1.9 MB | 0.9/1.6 MBProgress (4): 9.3/93 MB | 9.2/18 MB | 1.7/1.9 MB | 0.9/1.6 MBProgress (4): 9.3/93 MB | 9.2/18 MB | 1.7/1.9 MB | 0.9/1.6 MBProgress (4): 9.3/93 MB | 9.2/18 MB | 1.7/1.9 MB | 0.9/1.6 MBProgress (4): 9.3/93 MB | 9.2/18 MB | 1.7/1.9 MB | 0.9/1.6 MBProgress (4): 9.3/93 MB | 9.2/18 MB | 1.8/1.9 MB | 0.9/1.6 MBProgress (4): 9.3/93 MB | 9.2/18 MB | 1.8/1.9 MB | 0.9/1.6 MBProgress (4): 9.3/93 MB | 9.2/18 MB | 1.8/1.9 MB | 0.9/1.6 MBProgress (4): 9.3/93 MB | 9.2/18 MB | 1.8/1.9 MB | 0.9/1.6 MBProgress (4): 9.3/93 MB | 9.2/18 MB | 1.8/1.9 MB | 0.9/1.6 MBProgress (4): 9.3/93 MB | 9.2/18 MB | 1.8/1.9 MB | 0.9/1.6 MBProgress (4): 9.4/93 MB | 9.2/18 MB | 1.8/1.9 MB | 0.9/1.6 MBProgress (4): 9.4/93 MB | 9.3/18 MB | 1.8/1.9 MB | 0.9/1.6 MBProgress (4): 9.4/93 MB | 9.3/18 MB | 1.8/1.9 MB | 0.9/1.6 MBProgress (4): 9.4/93 MB | 9.3/18 MB | 1.8/1.9 MB | 0.9/1.6 MBProgress (4): 9.4/93 MB | 9.3/18 MB | 1.8/1.9 MB | 0.9/1.6 MBProgress (4): 9.4/93 MB | 9.3/18 MB | 1.8/1.9 MB | 0.9/1.6 MBProgress (4): 9.4/93 MB | 9.3/18 MB | 1.8/1.9 MB | 0.9/1.6 MBProgress (4): 9.4/93 MB | 9.3/18 MB | 1.8/1.9 MB | 0.9/1.6 MBProgress (4): 9.4/93 MB | 9.3/18 MB | 1.8/1.9 MB | 0.9/1.6 MBProgress (4): 9.4/93 MB | 9.3/18 MB | 1.8/1.9 MB | 0.9/1.6 MBProgress (4): 9.4/93 MB | 9.3/18 MB | 1.8/1.9 MB | 0.9/1.6 MBProgress (4): 9.4/93 MB | 9.3/18 MB | 1.8/1.9 MB | 0.9/1.6 MBProgress (4): 9.4/93 MB | 9.3/18 MB | 1.8/1.9 MB | 0.9/1.6 MBProgress (4): 9.4/93 MB | 9.3/18 MB | 1.8/1.9 MB | 0.9/1.6 MBProgress (4): 9.4/93 MB | 9.3/18 MB | 1.8/1.9 MB | 0.9/1.6 MBProgress (4): 9.4/93 MB | 9.3/18 MB | 1.9/1.9 MB | 0.9/1.6 MBProgress (4): 9.4/93 MB | 9.3/18 MB | 1.9/1.9 MB | 0.9/1.6 MBProgress (4): 9.4/93 MB | 9.3/18 MB | 1.9/1.9 MB | 0.9/1.6 MBProgress (4): 9.4/93 MB | 9.3/18 MB | 1.9/1.9 MB | 0.9/1.6 MBProgress (4): 9.4/93 MB | 9.3/18 MB | 1.9/1.9 MB | 0.9/1.6 MBProgress (4): 9.4/93 MB | 9.3/18 MB | 1.9/1.9 MB | 1.0/1.6 MBProgress (4): 9.4/93 MB | 9.3/18 MB | 1.9/1.9 MB | 1.0/1.6 MBProgress (5): 9.4/93 MB | 9.3/18 MB | 1.9/1.9 MB | 1.0/1.6 MB | 7.7/21 kBProgress (5): 9.4/93 MB | 9.3/18 MB | 1.9/1.9 MB | 1.0/1.6 MB | 16/21 kB Progress (5): 9.4/93 MB | 9.4/18 MB | 1.9/1.9 MB | 1.0/1.6 MB | 16/21 kBProgress (5): 9.4/93 MB | 9.4/18 MB | 1.9/1.9 MB | 1.0/1.6 MB | 16/21 kBProgress (5): 9.4/93 MB | 9.4/18 MB | 1.9/1.9 MB | 1.0/1.6 MB | 16/21 kBProgress (5): 9.4/93 MB | 9.4/18 MB | 1.9/1.9 MB | 1.0/1.6 MB | 16/21 kBProgress (5): 9.4/93 MB | 9.4/18 MB | 1.9/1.9 MB | 1.0/1.6 MB | 16/21 kBProgress (5): 9.4/93 MB | 9.4/18 MB | 1.9 MB | 1.0/1.6 MB | 16/21 kB    Progress (5): 9.4/93 MB | 9.4/18 MB | 1.9 MB | 1.0/1.6 MB | 21 kB   Progress (5): 9.5/93 MB | 9.4/18 MB | 1.9 MB | 1.0/1.6 MB | 21 kB                                                                 Downloaded from central: https://repo.maven.apache.org/maven2/org/springframework/security/kerberos/spring-security-kerberos-core/1.0.1.RELEASE/spring-security-kerberos-core-1.0.1.RELEASE.jar (21 kB at 9.0 kB/s)
Progress (4): 9.5/93 MB | 9.4/18 MB | 1.9 MB | 1.0/1.6 MBProgress (4): 9.5/93 MB | 9.4/18 MB | 1.9 MB | 1.0/1.6 MBProgress (4): 9.5/93 MB | 9.4/18 MB | 1.9 MB | 1.0/1.6 MBProgress (4): 9.5/93 MB | 9.4/18 MB | 1.9 MB | 1.0/1.6 MB                                                         Downloading from central: https://repo.maven.apache.org/maven2/org/springframework/security/kerberos/spring-security-kerberos-web/1.0.1.RELEASE/spring-security-kerberos-web-1.0.1.RELEASE.jar
Progress (4): 9.5/93 MB | 9.4/18 MB | 1.9 MB | 1.0/1.6 MB                                                         Downloaded from central: https://repo.maven.apache.org/maven2/org/springframework/spring-web/6.1.13/spring-web-6.1.13.jar (1.9 MB at 827 kB/s)
Downloading from central: https://repo.maven.apache.org/maven2/org/springframework/security/kerberos/spring-security-kerberos-client/2.1.1/spring-security-kerberos-client-2.1.1.jar
Progress (3): 9.5/93 MB | 9.4/18 MB | 1.0/1.6 MBProgress (3): 9.5/93 MB | 9.4/18 MB | 1.0/1.6 MBProgress (3): 9.5/93 MB | 9.4/18 MB | 1.0/1.6 MBProgress (3): 9.5/93 MB | 9.4/18 MB | 1.0/1.6 MBProgress (3): 9.5/93 MB | 9.4/18 MB | 1.0/1.6 MBProgress (3): 9.5/93 MB | 9.5/18 MB | 1.0/1.6 MBProgress (3): 9.5/93 MB | 9.5/18 MB | 1.0/1.6 MBProgress (3): 9.5/93 MB | 9.5/18 MB | 1.0/1.6 MBProgress (3): 9.5/93 MB | 9.5/18 MB | 1.1/1.6 MBProgress (3): 9.5/93 MB | 9.5/18 MB | 1.1/1.6 MBProgress (3): 9.5/93 MB | 9.5/18 MB | 1.1/1.6 MBProgress (3): 9.5/93 MB | 9.5/18 MB | 1.1/1.6 MBProgress (3): 9.5/93 MB | 9.5/18 MB | 1.1/1.6 MBProgress (3): 9.5/93 MB | 9.5/18 MB | 1.1/1.6 MBProgress (3): 9.5/93 MB | 9.5/18 MB | 1.1/1.6 MBProgress (3): 9.5/93 MB | 9.5/18 MB | 1.1/1.6 MBProgress (3): 9.5/93 MB | 9.6/18 MB | 1.1/1.6 MBProgress (3): 9.5/93 MB | 9.6/18 MB | 1.1/1.6 MBProgress (3): 9.5/93 MB | 9.6/18 MB | 1.1/1.6 MBProgress (3): 9.5/93 MB | 9.6/18 MB | 1.1/1.6 MBProgress (3): 9.5/93 MB | 9.6/18 MB | 1.1/1.6 MBProgress (3): 9.5/93 MB | 9.6/18 MB | 1.1/1.6 MBProgress (3): 9.5/93 MB | 9.6/18 MB | 1.1/1.6 MBProgress (3): 9.5/93 MB | 9.6/18 MB | 1.1/1.6 MBProgress (3): 9.5/93 MB | 9.6/18 MB | 1.1/1.6 MBProgress (3): 9.5/93 MB | 9.6/18 MB | 1.1/1.6 MBProgress (3): 9.5/93 MB | 9.6/18 MB | 1.1/1.6 MBProgress (3): 9.6/93 MB | 9.6/18 MB | 1.1/1.6 MBProgress (3): 9.6/93 MB | 9.7/18 MB | 1.1/1.6 MBProgress (3): 9.6/93 MB | 9.7/18 MB | 1.1/1.6 MBProgress (3): 9.6/93 MB | 9.7/18 MB | 1.1/1.6 MBProgress (3): 9.6/93 MB | 9.7/18 MB | 1.1/1.6 MBProgress (3): 9.6/93 MB | 9.7/18 MB | 1.1/1.6 MBProgress (3): 9.6/93 MB | 9.7/18 MB | 1.1/1.6 MBProgress (3): 9.6/93 MB | 9.7/18 MB | 1.1/1.6 MBProgress (3): 9.6/93 MB | 9.7/18 MB | 1.1/1.6 MBProgress (3): 9.6/93 MB | 9.7/18 MB | 1.1/1.6 MBProgress (3): 9.6/93 MB | 9.7/18 MB | 1.1/1.6 MBProgress (3): 9.6/93 MB | 9.8/18 MB | 1.1/1.6 MBProgress (3): 9.6/93 MB | 9.8/18 MB | 1.2/1.6 MBProgress (3): 9.6/93 MB | 9.8/18 MB | 1.2/1.6 MBProgress (3): 9.6/93 MB | 9.8/18 MB | 1.2/1.6 MBProgress (3): 9.6/93 MB | 9.8/18 MB | 1.2/1.6 MBProgress (3): 9.6/93 MB | 9.8/18 MB | 1.2/1.6 MBProgress (3): 9.6/93 MB | 9.8/18 MB | 1.2/1.6 MBProgress (3): 9.6/93 MB | 9.8/18 MB | 1.2/1.6 MBProgress (3): 9.6/93 MB | 9.8/18 MB | 1.2/1.6 MBProgress (3): 9.6/93 MB | 9.8/18 MB | 1.2/1.6 MBProgress (3): 9.6/93 MB | 9.8/18 MB | 1.2/1.6 MBProgress (3): 9.7/93 MB | 9.8/18 MB | 1.2/1.6 MBProgress (3): 9.7/93 MB | 9.8/18 MB | 1.2/1.6 MBProgress (4): 9.7/93 MB | 9.8/18 MB | 1.2/1.6 MB | 7.7/14 kBProgress (4): 9.7/93 MB | 9.8/18 MB | 1.2/1.6 MB | 14 kB    Progress (5): 9.7/93 MB | 9.8/18 MB | 1.2/1.6 MB | 14 kB | 7.1 kB                                                                 Downloaded from central: https://repo.maven.apache.org/maven2/org/springframework/security/kerberos/spring-security-kerberos-web/1.0.1.RELEASE/spring-security-kerberos-web-1.0.1.RELEASE.jar (7.1 kB at 3.0 kB/s)
Downloaded from central: https://repo.maven.apache.org/maven2/org/springframework/security/kerberos/spring-security-kerberos-client/2.1.1/spring-security-kerberos-client-2.1.1.jar (14 kB at 6.1 kB/s)
Progress (3): 9.7/93 MB | 9.8/18 MB | 1.2/1.6 MBProgress (3): 9.7/93 MB | 9.9/18 MB | 1.2/1.6 MB                                                Downloading from central: https://repo.maven.apache.org/maven2/org/springframework/retry/spring-retry/2.0.9/spring-retry-2.0.9.jar
Progress (3): 9.7/93 MB | 9.9/18 MB | 1.2/1.6 MBProgress (3): 9.7/93 MB | 9.9/18 MB | 1.2/1.6 MB                                                Downloading from central: https://repo.maven.apache.org/maven2/org/springframework/boot/spring-boot-starter-web/3.3.4/spring-boot-starter-web-3.3.4.jar
Progress (3): 9.7/93 MB | 9.9/18 MB | 1.2/1.6 MBProgress (3): 9.7/93 MB | 9.9/18 MB | 1.2/1.6 MBProgress (3): 9.7/93 MB | 9.9/18 MB | 1.2/1.6 MBProgress (3): 9.7/93 MB | 9.9/18 MB | 1.2/1.6 MBProgress (3): 9.7/93 MB | 9.9/18 MB | 1.2/1.6 MBProgress (3): 9.7/93 MB | 9.9/18 MB | 1.2/1.6 MBProgress (3): 9.7/93 MB | 9.9/18 MB | 1.2/1.6 MBProgress (3): 9.7/93 MB | 10.0/18 MB | 1.2/1.6 MBProgress (3): 9.7/93 MB | 10.0/18 MB | 1.2/1.6 MBProgress (3): 9.7/93 MB | 10.0/18 MB | 1.2/1.6 MBProgress (3): 9.7/93 MB | 10.0/18 MB | 1.2/1.6 MBProgress (3): 9.7/93 MB | 10.0/18 MB | 1.2/1.6 MBProgress (3): 9.7/93 MB | 10.0/18 MB | 1.3/1.6 MBProgress (3): 9.7/93 MB | 10/18 MB | 1.3/1.6 MB  Progress (3): 9.7/93 MB | 10/18 MB | 1.3/1.6 MBProgress (3): 9.7/93 MB | 10/18 MB | 1.3/1.6 MBProgress (3): 9.7/93 MB | 10/18 MB | 1.3/1.6 MBProgress (3): 9.7/93 MB | 10/18 MB | 1.3/1.6 MBProgress (3): 9.7/93 MB | 10/18 MB | 1.3/1.6 MBProgress (3): 9.7/93 MB | 10/18 MB | 1.3/1.6 MBProgress (3): 9.7/93 MB | 10/18 MB | 1.3/1.6 MBProgress (3): 9.7/93 MB | 10/18 MB | 1.3/1.6 MBProgress (3): 9.7/93 MB | 10/18 MB | 1.3/1.6 MBProgress (3): 9.7/93 MB | 10/18 MB | 1.3/1.6 MBProgress (3): 9.7/93 MB | 10/18 MB | 1.3/1.6 MBProgress (3): 9.8/93 MB | 10/18 MB | 1.3/1.6 MBProgress (3): 9.8/93 MB | 10/18 MB | 1.3/1.6 MBProgress (3): 9.8/93 MB | 10/18 MB | 1.3/1.6 MBProgress (3): 9.8/93 MB | 10/18 MB | 1.3/1.6 MBProgress (3): 9.8/93 MB | 10/18 MB | 1.3/1.6 MBProgress (3): 9.8/93 MB | 10/18 MB | 1.3/1.6 MBProgress (3): 9.8/93 MB | 10/18 MB | 1.3/1.6 MBProgress (3): 9.8/93 MB | 10/18 MB | 1.3/1.6 MBProgress (3): 9.8/93 MB | 10/18 MB | 1.3/1.6 MBProgress (3): 9.8/93 MB | 10/18 MB | 1.3/1.6 MBProgress (3): 9.8/93 MB | 10/18 MB | 1.3/1.6 MBProgress (3): 9.8/93 MB | 10/18 MB | 1.3/1.6 MBProgress (3): 9.8/93 MB | 10/18 MB | 1.3/1.6 MBProgress (3): 9.8/93 MB | 10/18 MB | 1.3/1.6 MBProgress (3): 9.8/93 MB | 10/18 MB | 1.3/1.6 MBProgress (3): 9.8/93 MB | 10/18 MB | 1.3/1.6 MBProgress (3): 9.8/93 MB | 10/18 MB | 1.3/1.6 MBProgress (4): 9.8/93 MB | 10/18 MB | 1.3/1.6 MB | 4.8 kB                                                        Downloaded from central: https://repo.maven.apache.org/maven2/org/springframework/boot/spring-boot-starter-web/3.3.4/spring-boot-starter-web-3.3.4.jar (4.8 kB at 2.1 kB/s)
Progress (3): 9.8/93 MB | 10/18 MB | 1.3/1.6 MB                                               Downloading from central: https://repo.maven.apache.org/maven2/org/springframework/boot/spring-boot-starter-json/3.3.4/spring-boot-starter-json-3.3.4.jar
Progress (3): 9.8/93 MB | 10/18 MB | 1.3/1.6 MBProgress (3): 9.8/93 MB | 10/18 MB | 1.4/1.6 MBProgress (3): 9.8/93 MB | 10/18 MB | 1.4/1.6 MBProgress (3): 9.8/93 MB | 10/18 MB | 1.4/1.6 MBProgress (4): 9.8/93 MB | 10/18 MB | 1.4/1.6 MB | 7.7/156 kBProgress (4): 9.8/93 MB | 10/18 MB | 1.4/1.6 MB | 12/156 kB Progress (4): 9.8/93 MB | 10/18 MB | 1.4/1.6 MB | 16/156 kBProgress (4): 9.8/93 MB | 10/18 MB | 1.4/1.6 MB | 33/156 kBProgress (4): 9.8/93 MB | 10/18 MB | 1.4/1.6 MB | 49/156 kBProgress (4): 9.8/93 MB | 10/18 MB | 1.4/1.6 MB | 49/156 kBProgress (4): 9.8/93 MB | 10/18 MB | 1.4/1.6 MB | 49/156 kBProgress (4): 9.8/93 MB | 10/18 MB | 1.4/1.6 MB | 49/156 kBProgress (4): 9.8/93 MB | 10/18 MB | 1.4/1.6 MB | 49/156 kBProgress (4): 9.8/93 MB | 10/18 MB | 1.4/1.6 MB | 49/156 kBProgress (4): 9.8/93 MB | 10/18 MB | 1.4/1.6 MB | 49/156 kBProgress (4): 9.9/93 MB | 10/18 MB | 1.4/1.6 MB | 49/156 kBProgress (4): 9.9/93 MB | 10/18 MB | 1.4/1.6 MB | 49/156 kBProgress (4): 9.9/93 MB | 10/18 MB | 1.4/1.6 MB | 49/156 kBProgress (4): 9.9/93 MB | 10/18 MB | 1.4/1.6 MB | 49/156 kBProgress (4): 9.9/93 MB | 10/18 MB | 1.5/1.6 MB | 49/156 kBProgress (4): 9.9/93 MB | 10/18 MB | 1.5/1.6 MB | 49/156 kBProgress (4): 9.9/93 MB | 10/18 MB | 1.5/1.6 MB | 49/156 kBProgress (4): 9.9/93 MB | 10/18 MB | 1.5/1.6 MB | 49/156 kBProgress (4): 9.9/93 MB | 10/18 MB | 1.5/1.6 MB | 49/156 kBProgress (4): 9.9/93 MB | 10/18 MB | 1.5/1.6 MB | 49/156 kBProgress (4): 9.9/93 MB | 10/18 MB | 1.5/1.6 MB | 66/156 kBProgress (4): 9.9/93 MB | 10/18 MB | 1.5/1.6 MB | 82/156 kBProgress (4): 9.9/93 MB | 10/18 MB | 1.5/1.6 MB | 82/156 kBProgress (4): 9.9/93 MB | 10/18 MB | 1.5/1.6 MB | 82/156 kBProgress (4): 9.9/93 MB | 10/18 MB | 1.5/1.6 MB | 98/156 kBProgress (4): 9.9/93 MB | 10/18 MB | 1.5/1.6 MB | 98/156 kBProgress (4): 9.9/93 MB | 10/18 MB | 1.5/1.6 MB | 115/156 kBProgress (4): 9.9/93 MB | 10/18 MB | 1.5/1.6 MB | 115/156 kBProgress (4): 9.9/93 MB | 10/18 MB | 1.5/1.6 MB | 115/156 kBProgress (5): 9.9/93 MB | 10/18 MB | 1.5/1.6 MB | 115/156 kB | 4.7 kB                                                                     Downloaded from central: https://repo.maven.apache.org/maven2/org/springframework/boot/spring-boot-starter-json/3.3.4/spring-boot-starter-json-3.3.4.jar (4.7 kB at 2.0 kB/s)
Progress (4): 9.9/93 MB | 10/18 MB | 1.5/1.6 MB | 115/156 kBProgress (4): 9.9/93 MB | 10/18 MB | 1.5/1.6 MB | 115/156 kBProgress (4): 9.9/93 MB | 10/18 MB | 1.6/1.6 MB | 115/156 kBProgress (4): 9.9/93 MB | 10/18 MB | 1.6/1.6 MB | 115/156 kBProgress (4): 9.9/93 MB | 10/18 MB | 1.6/1.6 MB | 115/156 kBProgress (4): 9.9/93 MB | 10/18 MB | 1.6/1.6 MB | 115/156 kBProgress (4): 9.9/93 MB | 10/18 MB | 1.6/1.6 MB | 115/156 kBProgress (4): 9.9/93 MB | 10/18 MB | 1.6/1.6 MB | 115/156 kB                                                            Downloading from central: https://repo.maven.apache.org/maven2/com/fasterxml/jackson/datatype/jackson-datatype-jdk8/2.17.2/jackson-datatype-jdk8-2.17.2.jar
Progress (4): 9.9/93 MB | 10/18 MB | 1.6/1.6 MB | 131/156 kBProgress (4): 9.9/93 MB | 10/18 MB | 1.6/1.6 MB | 131/156 kBProgress (4): 9.9/93 MB | 10/18 MB | 1.6/1.6 MB | 147/156 kBProgress (4): 10.0/93 MB | 10/18 MB | 1.6/1.6 MB | 147/156 kBProgress (4): 10.0/93 MB | 10/18 MB | 1.6/1.6 MB | 151/156 kBProgress (4): 10.0/93 MB | 10/18 MB | 1.6/1.6 MB | 156 kB    Progress (4): 10.0/93 MB | 10/18 MB | 1.6/1.6 MB | 156 kB                                                         Downloaded from central: https://repo.maven.apache.org/maven2/org/springframework/retry/spring-retry/2.0.9/spring-retry-2.0.9.jar (156 kB at 66 kB/s)
Downloading from central: https://repo.maven.apache.org/maven2/com/fasterxml/jackson/module/jackson-module-parameter-names/2.17.2/jackson-module-parameter-names-2.17.2.jar
Progress (3): 10.0/93 MB | 10/18 MB | 1.6/1.6 MBProgress (3): 10.0/93 MB | 10/18 MB | 1.6/1.6 MBProgress (3): 10.0/93 MB | 10/18 MB | 1.6/1.6 MBProgress (3): 10.0/93 MB | 10/18 MB | 1.6/1.6 MBProgress (3): 10.0/93 MB | 10/18 MB | 1.6/1.6 MBProgress (3): 10/93 MB | 10/18 MB | 1.6/1.6 MB  Progress (3): 10/93 MB | 10/18 MB | 1.6/1.6 MBProgress (3): 10/93 MB | 10/18 MB | 1.6 MB    Progress (3): 10/93 MB | 10/18 MB | 1.6 MB                                          Downloaded from central: https://repo.maven.apache.org/maven2/org/springframework/boot/spring-boot/3.3.4/spring-boot-3.3.4.jar (1.6 MB at 688 kB/s)
Downloading from central: https://repo.maven.apache.org/maven2/org/springframework/spring-webmvc/6.1.13/spring-webmvc-6.1.13.jar
Progress (2): 10/93 MB | 10/18 MBProgress (2): 10/93 MB | 10/18 MBProgress (2): 10/93 MB | 10/18 MBProgress (2): 10/93 MB | 10/18 MBProgress (2): 10/93 MB | 11/18 MBProgress (2): 10/93 MB | 11/18 MBProgress (2): 10/93 MB | 11/18 MBProgress (2): 10/93 MB | 11/18 MBProgress (2): 10/93 MB | 11/18 MBProgress (2): 10/93 MB | 11/18 MBProgress (2): 10/93 MB | 11/18 MBProgress (2): 10/93 MB | 11/18 MBProgress (3): 10/93 MB | 11/18 MB | 7.7/36 kBProgress (3): 10/93 MB | 11/18 MB | 16/36 kB Progress (3): 10/93 MB | 11/18 MB | 16/36 kBProgress (3): 10/93 MB | 11/18 MB | 24/36 kBProgress (3): 10/93 MB | 11/18 MB | 24/36 kBProgress (3): 10/93 MB | 11/18 MB | 24/36 kBProgress (3): 10/93 MB | 11/18 MB | 24/36 kBProgress (3): 10/93 MB | 11/18 MB | 36 kB   Progress (3): 10/93 MB | 11/18 MB | 36 kBProgress (3): 10/93 MB | 11/18 MB | 36 kB                                         Downloaded from central: https://repo.maven.apache.org/maven2/com/fasterxml/jackson/datatype/jackson-datatype-jdk8/2.17.2/jackson-datatype-jdk8-2.17.2.jar (36 kB at 15 kB/s)
Downloading from central: https://repo.maven.apache.org/maven2/org/springframework/boot/spring-boot-starter-tomcat/3.3.4/spring-boot-starter-tomcat-3.3.4.jar
Progress (2): 10/93 MB | 11/18 MBProgress (3): 10/93 MB | 11/18 MB | 7.7/10 kBProgress (3): 10/93 MB | 11/18 MB | 10 kB    Progress (3): 10/93 MB | 11/18 MB | 10 kB                                         Downloaded from central: https://repo.maven.apache.org/maven2/com/fasterxml/jackson/module/jackson-module-parameter-names/2.17.2/jackson-module-parameter-names-2.17.2.jar (10 kB at 4.3 kB/s)
Downloading from central: https://repo.maven.apache.org/maven2/org/springframework/boot/spring-boot-starter-test/3.3.4/spring-boot-starter-test-3.3.4.jar
Progress (2): 10/93 MB | 11/18 MBProgress (2): 10/93 MB | 11/18 MBProgress (2): 10/93 MB | 11/18 MBProgress (2): 10/93 MB | 11/18 MBProgress (2): 10/93 MB | 11/18 MBProgress (3): 10/93 MB | 11/18 MB | 0/1.0 MBProgress (3): 10/93 MB | 11/18 MB | 0/1.0 MBProgress (3): 10/93 MB | 11/18 MB | 0/1.0 MBProgress (3): 10/93 MB | 11/18 MB | 0/1.0 MBProgress (3): 10/93 MB | 11/18 MB | 0/1.0 MBProgress (3): 10/93 MB | 11/18 MB | 0/1.0 MBProgress (3): 10/93 MB | 11/18 MB | 0/1.0 MBProgress (3): 10/93 MB | 11/18 MB | 0/1.0 MBProgress (3): 10/93 MB | 11/18 MB | 0/1.0 MBProgress (3): 10/93 MB | 11/18 MB | 0/1.0 MBProgress (3): 10/93 MB | 11/18 MB | 0/1.0 MBProgress (3): 10/93 MB | 11/18 MB | 0.1/1.0 MBProgress (3): 10/93 MB | 11/18 MB | 0.1/1.0 MBProgress (3): 10/93 MB | 11/18 MB | 0.1/1.0 MBProgress (3): 10/93 MB | 11/18 MB | 0.1/1.0 MBProgress (3): 10/93 MB | 11/18 MB | 0.1/1.0 MBProgress (3): 10/93 MB | 11/18 MB | 0.1/1.0 MBProgress (3): 10/93 MB | 11/18 MB | 0.1/1.0 MBProgress (4): 10/93 MB | 11/18 MB | 0.1/1.0 MB | 4.8 kBProgress (4): 10/93 MB | 11/18 MB | 0.1/1.0 MB | 4.8 kB                                                       Downloaded from central: https://repo.maven.apache.org/maven2/org/springframework/boot/spring-boot-starter-tomcat/3.3.4/spring-boot-starter-tomcat-3.3.4.jar (4.8 kB at 2.0 kB/s)
Downloading from central: https://repo.maven.apache.org/maven2/org/springframework/boot/spring-boot-test/3.3.4/spring-boot-test-3.3.4.jar
Progress (3): 10/93 MB | 11/18 MB | 0.1/1.0 MBProgress (3): 10/93 MB | 11/18 MB | 0.1/1.0 MBProgress (3): 10/93 MB | 11/18 MB | 0.1/1.0 MBProgress (3): 10/93 MB | 11/18 MB | 0.1/1.0 MBProgress (3): 10/93 MB | 11/18 MB | 0.1/1.0 MBProgress (3): 10/93 MB | 11/18 MB | 0.1/1.0 MBProgress (3): 10/93 MB | 11/18 MB | 0.2/1.0 MBProgress (3): 10/93 MB | 11/18 MB | 0.2/1.0 MBProgress (3): 10/93 MB | 11/18 MB | 0.2/1.0 MBProgress (3): 10/93 MB | 11/18 MB | 0.2/1.0 MBProgress (3): 10/93 MB | 11/18 MB | 0.2/1.0 MBProgress (3): 10/93 MB | 11/18 MB | 0.2/1.0 MBProgress (3): 10/93 MB | 11/18 MB | 0.2/1.0 MBProgress (3): 10/93 MB | 11/18 MB | 0.2/1.0 MBProgress (3): 10/93 MB | 11/18 MB | 0.2/1.0 MBProgress (3): 10/93 MB | 11/18 MB | 0.2/1.0 MBProgress (3): 10/93 MB | 11/18 MB | 0.2/1.0 MBProgress (3): 10/93 MB | 11/18 MB | 0.2/1.0 MBProgress (3): 10/93 MB | 11/18 MB | 0.2/1.0 MBProgress (4): 10/93 MB | 11/18 MB | 0.2/1.0 MB | 4.8 kB                                                       Downloaded from central: https://repo.maven.apache.org/maven2/org/springframework/boot/spring-boot-starter-test/3.3.4/spring-boot-starter-test-3.3.4.jar (4.8 kB at 2.0 kB/s)
Downloading from central: https://repo.maven.apache.org/maven2/org/springframework/boot/spring-boot-test-autoconfigure/3.3.4/spring-boot-test-autoconfigure-3.3.4.jar
Progress (3): 10/93 MB | 11/18 MB | 0.2/1.0 MBProgress (3): 10/93 MB | 11/18 MB | 0.2/1.0 MBProgress (3): 10/93 MB | 11/18 MB | 0.2/1.0 MBProgress (3): 10/93 MB | 11/18 MB | 0.2/1.0 MBProgress (3): 10/93 MB | 11/18 MB | 0.2/1.0 MBProgress (3): 10/93 MB | 11/18 MB | 0.2/1.0 MBProgress (3): 10/93 MB | 11/18 MB | 0.2/1.0 MBProgress (3): 10/93 MB | 11/18 MB | 0.2/1.0 MBProgress (3): 10/93 MB | 11/18 MB | 0.3/1.0 MBProgress (3): 10/93 MB | 11/18 MB | 0.3/1.0 MBProgress (3): 10/93 MB | 11/18 MB | 0.3/1.0 MBProgress (3): 10/93 MB | 11/18 MB | 0.3/1.0 MBProgress (3): 10/93 MB | 11/18 MB | 0.3/1.0 MBProgress (3): 10/93 MB | 11/18 MB | 0.3/1.0 MBProgress (3): 10/93 MB | 11/18 MB | 0.3/1.0 MBProgress (3): 11/93 MB | 11/18 MB | 0.3/1.0 MBProgress (3): 11/93 MB | 11/18 MB | 0.3/1.0 MBProgress (3): 11/93 MB | 11/18 MB | 0.3/1.0 MBProgress (3): 11/93 MB | 11/18 MB | 0.3/1.0 MBProgress (3): 11/93 MB | 11/18 MB | 0.3/1.0 MBProgress (3): 11/93 MB | 11/18 MB | 0.3/1.0 MBProgress (3): 11/93 MB | 11/18 MB | 0.3/1.0 MBProgress (3): 11/93 MB | 11/18 MB | 0.4/1.0 MBProgress (3): 11/93 MB | 11/18 MB | 0.4/1.0 MBProgress (3): 11/93 MB | 11/18 MB | 0.4/1.0 MBProgress (3): 11/93 MB | 11/18 MB | 0.4/1.0 MBProgress (3): 11/93 MB | 11/18 MB | 0.4/1.0 MBProgress (3): 11/93 MB | 11/18 MB | 0.4/1.0 MBProgress (3): 11/93 MB | 11/18 MB | 0.4/1.0 MBProgress (3): 11/93 MB | 11/18 MB | 0.4/1.0 MBProgress (3): 11/93 MB | 11/18 MB | 0.4/1.0 MBProgress (3): 11/93 MB | 11/18 MB | 0.4/1.0 MBProgress (3): 11/93 MB | 11/18 MB | 0.4/1.0 MBProgress (3): 11/93 MB | 11/18 MB | 0.4/1.0 MBProgress (3): 11/93 MB | 11/18 MB | 0.4/1.0 MBProgress (3): 11/93 MB | 11/18 MB | 0.4/1.0 MBProgress (3): 11/93 MB | 11/18 MB | 0.4/1.0 MBProgress (3): 11/93 MB | 11/18 MB | 0.4/1.0 MBProgress (3): 11/93 MB | 11/18 MB | 0.4/1.0 MBProgress (3): 11/93 MB | 11/18 MB | 0.4/1.0 MBProgress (3): 11/93 MB | 11/18 MB | 0.5/1.0 MBProgress (3): 11/93 MB | 11/18 MB | 0.5/1.0 MBProgress (4): 11/93 MB | 11/18 MB | 0.5/1.0 MB | 8.2/249 kBProgress (4): 11/93 MB | 11/18 MB | 0.5/1.0 MB | 25/249 kB Progress (5): 11/93 MB | 11/18 MB | 0.5/1.0 MB | 25/249 kB | 4.1/219 kBProgress (5): 11/93 MB | 11/18 MB | 0.5/1.0 MB | 25/249 kB | 20/219 kB Progress (5): 11/93 MB | 11/18 MB | 0.5/1.0 MB | 25/249 kB | 20/219 kBProgress (5): 11/93 MB | 11/18 MB | 0.5/1.0 MB | 25/249 kB | 20/219 kBProgress (5): 11/93 MB | 11/18 MB | 0.5/1.0 MB | 25/249 kB | 37/219 kBProgress (5): 11/93 MB | 11/18 MB | 0.5/1.0 MB | 25/249 kB | 37/219 kBProgress (5): 11/93 MB | 11/18 MB | 0.5/1.0 MB | 25/249 kB | 37/219 kBProgress (5): 11/93 MB | 11/18 MB | 0.5/1.0 MB | 25/249 kB | 37/219 kBProgress (5): 11/93 MB | 11/18 MB | 0.5/1.0 MB | 25/249 kB | 37/219 kBProgress (5): 11/93 MB | 11/18 MB | 0.5/1.0 MB | 41/249 kB | 37/219 kBProgress (5): 11/93 MB | 11/18 MB | 0.5/1.0 MB | 41/249 kB | 37/219 kBProgress (5): 11/93 MB | 11/18 MB | 0.5/1.0 MB | 57/249 kB | 37/219 kBProgress (5): 11/93 MB | 11/18 MB | 0.5/1.0 MB | 57/249 kB | 37/219 kBProgress (5): 11/93 MB | 11/18 MB | 0.5/1.0 MB | 57/249 kB | 53/219 kBProgress (5): 11/93 MB | 11/18 MB | 0.5/1.0 MB | 74/249 kB | 53/219 kBProgress (5): 11/93 MB | 11/18 MB | 0.5/1.0 MB | 74/249 kB | 53/219 kBProgress (5): 11/93 MB | 11/18 MB | 0.5/1.0 MB | 74/249 kB | 53/219 kBProgress (5): 11/93 MB | 11/18 MB | 0.5/1.0 MB | 74/249 kB | 53/219 kBProgress (5): 11/93 MB | 11/18 MB | 0.5/1.0 MB | 74/249 kB | 53/219 kBProgress (5): 11/93 MB | 11/18 MB | 0.5/1.0 MB | 74/249 kB | 53/219 kBProgress (5): 11/93 MB | 11/18 MB | 0.5/1.0 MB | 74/249 kB | 53/219 kBProgress (5): 11/93 MB | 11/18 MB | 0.5/1.0 MB | 74/249 kB | 70/219 kBProgress (5): 11/93 MB | 11/18 MB | 0.5/1.0 MB | 74/249 kB | 70/219 kBProgress (5): 11/93 MB | 11/18 MB | 0.5/1.0 MB | 74/249 kB | 70/219 kBProgress (5): 11/93 MB | 11/18 MB | 0.5/1.0 MB | 74/249 kB | 70/219 kBProgress (5): 11/93 MB | 11/18 MB | 0.5/1.0 MB | 90/249 kB | 70/219 kBProgress (5): 11/93 MB | 11/18 MB | 0.6/1.0 MB | 90/249 kB | 70/219 kBProgress (5): 11/93 MB | 11/18 MB | 0.6/1.0 MB | 106/249 kB | 70/219 kBProgress (5): 11/93 MB | 11/18 MB | 0.6/1.0 MB | 123/249 kB | 70/219 kBProgress (5): 11/93 MB | 11/18 MB | 0.6/1.0 MB | 123/249 kB | 86/219 kBProgress (5): 11/93 MB | 11/18 MB | 0.6/1.0 MB | 123/249 kB | 86/219 kBProgress (5): 11/93 MB | 11/18 MB | 0.6/1.0 MB | 123/249 kB | 102/219 kBProgress (5): 11/93 MB | 11/18 MB | 0.6/1.0 MB | 123/249 kB | 115/219 kBProgress (5): 11/93 MB | 11/18 MB | 0.6/1.0 MB | 123/249 kB | 115/219 kBProgress (5): 11/93 MB | 11/18 MB | 0.6/1.0 MB | 123/249 kB | 131/219 kBProgress (5): 11/93 MB | 11/18 MB | 0.6/1.0 MB | 123/249 kB | 131/219 kBProgress (5): 11/93 MB | 11/18 MB | 0.6/1.0 MB | 131/249 kB | 131/219 kBProgress (5): 11/93 MB | 11/18 MB | 0.6/1.0 MB | 147/249 kB | 131/219 kBProgress (5): 11/93 MB | 11/18 MB | 0.6/1.0 MB | 147/249 kB | 131/219 kBProgress (5): 11/93 MB | 11/18 MB | 0.6/1.0 MB | 147/249 kB | 131/219 kBProgress (5): 11/93 MB | 11/18 MB | 0.6/1.0 MB | 147/249 kB | 131/219 kBProgress (5): 11/93 MB | 11/18 MB | 0.6/1.0 MB | 147/249 kB | 131/219 kBProgress (5): 11/93 MB | 11/18 MB | 0.6/1.0 MB | 147/249 kB | 131/219 kBProgress (5): 11/93 MB | 11/18 MB | 0.6/1.0 MB | 147/249 kB | 131/219 kBProgress (5): 11/93 MB | 11/18 MB | 0.6/1.0 MB | 147/249 kB | 131/219 kBProgress (5): 11/93 MB | 11/18 MB | 0.6/1.0 MB | 147/249 kB | 131/219 kBProgress (5): 11/93 MB | 11/18 MB | 0.6/1.0 MB | 147/249 kB | 131/219 kBProgress (5): 11/93 MB | 11/18 MB | 0.6/1.0 MB | 147/249 kB | 147/219 kBProgress (5): 11/93 MB | 11/18 MB | 0.6/1.0 MB | 147/249 kB | 151/219 kBProgress (5): 11/93 MB | 11/18 MB | 0.6/1.0 MB | 147/249 kB | 151/219 kBProgress (5): 11/93 MB | 11/18 MB | 0.6/1.0 MB | 147/249 kB | 168/219 kBProgress (5): 11/93 MB | 11/18 MB | 0.6/1.0 MB | 164/249 kB | 168/219 kBProgress (5): 11/93 MB | 11/18 MB | 0.6/1.0 MB | 164/249 kB | 180/219 kBProgress (5): 11/93 MB | 11/18 MB | 0.6/1.0 MB | 180/249 kB | 180/219 kBProgress (5): 11/93 MB | 11/18 MB | 0.6/1.0 MB | 180/249 kB | 180/219 kBProgress (5): 11/93 MB | 11/18 MB | 0.6/1.0 MB | 180/249 kB | 180/219 kBProgress (5): 11/93 MB | 11/18 MB | 0.6/1.0 MB | 180/249 kB | 180/219 kBProgress (5): 11/93 MB | 11/18 MB | 0.6/1.0 MB | 180/249 kB | 180/219 kBProgress (5): 11/93 MB | 11/18 MB | 0.6/1.0 MB | 180/249 kB | 180/219 kBProgress (5): 11/93 MB | 11/18 MB | 0.6/1.0 MB | 180/249 kB | 180/219 kBProgress (5): 11/93 MB | 11/18 MB | 0.7/1.0 MB | 180/249 kB | 180/219 kBProgress (5): 11/93 MB | 11/18 MB | 0.7/1.0 MB | 180/249 kB | 180/219 kBProgress (5): 11/93 MB | 11/18 MB | 0.7/1.0 MB | 180/249 kB | 197/219 kBProgress (5): 11/93 MB | 11/18 MB | 0.7/1.0 MB | 197/249 kB | 197/219 kBProgress (5): 11/93 MB | 11/18 MB | 0.7/1.0 MB | 197/249 kB | 213/219 kBProgress (5): 11/93 MB | 11/18 MB | 0.7/1.0 MB | 213/249 kB | 213/219 kBProgress (5): 11/93 MB | 11/18 MB | 0.7/1.0 MB | 213/249 kB | 219 kB    Progress (5): 11/93 MB | 11/18 MB | 0.7/1.0 MB | 213/249 kB | 219 kB                                                                    Downloaded from central: https://repo.maven.apache.org/maven2/org/springframework/boot/spring-boot-test-autoconfigure/3.3.4/spring-boot-test-autoconfigure-3.3.4.jar (219 kB at 90 kB/s)
Progress (4): 11/93 MB | 11/18 MB | 0.7/1.0 MB | 229/249 kBProgress (4): 11/93 MB | 11/18 MB | 0.7/1.0 MB | 229/249 kBProgress (4): 11/93 MB | 11/18 MB | 0.7/1.0 MB | 246/249 kBProgress (4): 11/93 MB | 11/18 MB | 0.7/1.0 MB | 249 kB                                                           Downloading from central: https://repo.maven.apache.org/maven2/com/jayway/jsonpath/json-path/2.9.0/json-path-2.9.0.jar
Downloaded from central: https://repo.maven.apache.org/maven2/org/springframework/boot/spring-boot-test/3.3.4/spring-boot-test-3.3.4.jar (249 kB at 102 kB/s)
Progress (3): 11/93 MB | 11/18 MB | 0.7/1.0 MBProgress (3): 11/93 MB | 11/18 MB | 0.7/1.0 MBProgress (3): 11/93 MB | 11/18 MB | 0.7/1.0 MBProgress (3): 11/93 MB | 11/18 MB | 0.7/1.0 MBProgress (3): 11/93 MB | 11/18 MB | 0.7/1.0 MB                                              Downloading from central: https://repo.maven.apache.org/maven2/jakarta/xml/bind/jakarta.xml.bind-api/4.0.2/jakarta.xml.bind-api-4.0.2.jar
Progress (3): 11/93 MB | 11/18 MB | 0.7/1.0 MBProgress (3): 11/93 MB | 11/18 MB | 0.7/1.0 MBProgress (3): 11/93 MB | 11/18 MB | 0.7/1.0 MBProgress (3): 11/93 MB | 11/18 MB | 0.7/1.0 MBProgress (3): 11/93 MB | 11/18 MB | 0.7/1.0 MBProgress (3): 11/93 MB | 11/18 MB | 0.7/1.0 MBProgress (3): 11/93 MB | 11/18 MB | 0.8/1.0 MBProgress (3): 11/93 MB | 11/18 MB | 0.8/1.0 MBProgress (3): 11/93 MB | 11/18 MB | 0.8/1.0 MBProgress (3): 11/93 MB | 11/18 MB | 0.8/1.0 MBProgress (3): 11/93 MB | 11/18 MB | 0.8/1.0 MBProgress (3): 11/93 MB | 11/18 MB | 0.8/1.0 MBProgress (3): 11/93 MB | 11/18 MB | 0.8/1.0 MBProgress (3): 11/93 MB | 11/18 MB | 0.8/1.0 MBProgress (3): 11/93 MB | 11/18 MB | 0.8/1.0 MBProgress (3): 11/93 MB | 11/18 MB | 0.8/1.0 MBProgress (3): 11/93 MB | 11/18 MB | 0.8/1.0 MBProgress (3): 11/93 MB | 11/18 MB | 0.8/1.0 MBProgress (3): 11/93 MB | 11/18 MB | 0.8/1.0 MBProgress (3): 11/93 MB | 11/18 MB | 0.8/1.0 MBProgress (3): 11/93 MB | 11/18 MB | 0.8/1.0 MBProgress (3): 11/93 MB | 11/18 MB | 0.8/1.0 MBProgress (3): 11/93 MB | 11/18 MB | 0.8/1.0 MBProgress (3): 11/93 MB | 11/18 MB | 0.9/1.0 MBProgress (3): 11/93 MB | 11/18 MB | 0.9/1.0 MBProgress (3): 11/93 MB | 11/18 MB | 0.9/1.0 MBProgress (3): 11/93 MB | 12/18 MB | 0.9/1.0 MBProgress (3): 11/93 MB | 12/18 MB | 0.9/1.0 MBProgress (3): 11/93 MB | 12/18 MB | 0.9/1.0 MBProgress (3): 11/93 MB | 12/18 MB | 0.9/1.0 MBProgress (3): 11/93 MB | 12/18 MB | 0.9/1.0 MBProgress (3): 11/93 MB | 12/18 MB | 0.9/1.0 MBProgress (3): 11/93 MB | 12/18 MB | 0.9/1.0 MBProgress (3): 11/93 MB | 12/18 MB | 0.9/1.0 MBProgress (3): 11/93 MB | 12/18 MB | 0.9/1.0 MBProgress (3): 11/93 MB | 12/18 MB | 0.9/1.0 MBProgress (3): 11/93 MB | 12/18 MB | 0.9/1.0 MBProgress (3): 11/93 MB | 12/18 MB | 0.9/1.0 MBProgress (3): 11/93 MB | 12/18 MB | 0.9/1.0 MBProgress (3): 11/93 MB | 12/18 MB | 0.9/1.0 MBProgress (3): 11/93 MB | 12/18 MB | 0.9/1.0 MBProgress (3): 11/93 MB | 12/18 MB | 0.9/1.0 MBProgress (3): 11/93 MB | 12/18 MB | 0.9/1.0 MBProgress (4): 11/93 MB | 12/18 MB | 0.9/1.0 MB | 16/277 kBProgress (5): 11/93 MB | 12/18 MB | 0.9/1.0 MB | 16/277 kB | 7.7/131 kBProgress (5): 11/93 MB | 12/18 MB | 0.9/1.0 MB | 16/277 kB | 16/131 kB Progress (5): 11/93 MB | 12/18 MB | 0.9/1.0 MB | 16/277 kB | 24/131 kBProgress (5): 11/93 MB | 12/18 MB | 1.0/1.0 MB | 16/277 kB | 24/131 kBProgress (5): 11/93 MB | 12/18 MB | 1.0/1.0 MB | 16/277 kB | 41/131 kBProgress (5): 11/93 MB | 12/18 MB | 1.0/1.0 MB | 16/277 kB | 41/131 kBProgress (5): 11/93 MB | 12/18 MB | 1.0/1.0 MB | 16/277 kB | 41/131 kBProgress (5): 11/93 MB | 12/18 MB | 1.0/1.0 MB | 16/277 kB | 41/131 kBProgress (5): 11/93 MB | 12/18 MB | 1.0/1.0 MB | 16/277 kB | 41/131 kBProgress (5): 11/93 MB | 12/18 MB | 1.0/1.0 MB | 16/277 kB | 41/131 kBProgress (5): 11/93 MB | 12/18 MB | 1.0/1.0 MB | 16/277 kB | 41/131 kBProgress (5): 11/93 MB | 12/18 MB | 1.0/1.0 MB | 16/277 kB | 41/131 kBProgress (5): 11/93 MB | 12/18 MB | 1.0/1.0 MB | 33/277 kB | 41/131 kBProgress (5): 11/93 MB | 12/18 MB | 1.0/1.0 MB | 33/277 kB | 41/131 kBProgress (5): 11/93 MB | 12/18 MB | 1.0/1.0 MB | 49/277 kB | 41/131 kBProgress (5): 11/93 MB | 12/18 MB | 1.0/1.0 MB | 49/277 kB | 41/131 kBProgress (5): 11/93 MB | 12/18 MB | 1.0/1.0 MB | 66/277 kB | 41/131 kBProgress (5): 11/93 MB | 12/18 MB | 1.0/1.0 MB | 66/277 kB | 41/131 kBProgress (5): 11/93 MB | 12/18 MB | 1.0/1.0 MB | 82/277 kB | 41/131 kBProgress (5): 11/93 MB | 12/18 MB | 1.0/1.0 MB | 82/277 kB | 57/131 kBProgress (5): 11/93 MB | 12/18 MB | 1.0/1.0 MB | 82/277 kB | 57/131 kBProgress (5): 11/93 MB | 12/18 MB | 1.0/1.0 MB | 82/277 kB | 73/131 kBProgress (5): 11/93 MB | 12/18 MB | 1.0/1.0 MB | 82/277 kB | 73/131 kBProgress (5): 11/93 MB | 12/18 MB | 1.0/1.0 MB | 82/277 kB | 90/131 kBProgress (5): 11/93 MB | 12/18 MB | 1.0 MB | 82/277 kB | 90/131 kB    Progress (5): 11/93 MB | 12/18 MB | 1.0 MB | 82/277 kB | 106/131 kB                                                                   Downloaded from central: https://repo.maven.apache.org/maven2/org/springframework/spring-webmvc/6.1.13/spring-webmvc-6.1.13.jar (1.0 MB at 422 kB/s)
Downloading from central: https://repo.maven.apache.org/maven2/net/minidev/json-smart/2.5.1/json-smart-2.5.1.jar
Progress (4): 11/93 MB | 12/18 MB | 82/277 kB | 106/131 kBProgress (4): 11/93 MB | 12/18 MB | 82/277 kB | 106/131 kBProgress (4): 11/93 MB | 12/18 MB | 82/277 kB | 106/131 kBProgress (4): 11/93 MB | 12/18 MB | 82/277 kB | 106/131 kBProgress (4): 11/93 MB | 12/18 MB | 90/277 kB | 106/131 kBProgress (4): 11/93 MB | 12/18 MB | 98/277 kB | 106/131 kBProgress (4): 11/93 MB | 12/18 MB | 98/277 kB | 106/131 kBProgress (4): 11/93 MB | 12/18 MB | 115/277 kB | 106/131 kBProgress (4): 11/93 MB | 12/18 MB | 115/277 kB | 106/131 kBProgress (4): 11/93 MB | 12/18 MB | 131/277 kB | 106/131 kBProgress (4): 11/93 MB | 12/18 MB | 131/277 kB | 106/131 kBProgress (4): 11/93 MB | 12/18 MB | 131/277 kB | 106/131 kBProgress (4): 11/93 MB | 12/18 MB | 131/277 kB | 106/131 kBProgress (4): 11/93 MB | 12/18 MB | 131/277 kB | 122/131 kBProgress (4): 11/93 MB | 12/18 MB | 131/277 kB | 131 kB    Progress (4): 11/93 MB | 12/18 MB | 147/277 kB | 131 kB                                                       Downloaded from central: https://repo.maven.apache.org/maven2/jakarta/xml/bind/jakarta.xml.bind-api/4.0.2/jakarta.xml.bind-api-4.0.2.jar (131 kB at 53 kB/s)
Downloading from central: https://repo.maven.apache.org/maven2/net/minidev/accessors-smart/2.5.1/accessors-smart-2.5.1.jar
Progress (3): 11/93 MB | 12/18 MB | 147/277 kBProgress (3): 11/93 MB | 12/18 MB | 147/277 kBProgress (3): 11/93 MB | 12/18 MB | 147/277 kBProgress (3): 11/93 MB | 12/18 MB | 164/277 kBProgress (3): 11/93 MB | 12/18 MB | 164/277 kBProgress (3): 11/93 MB | 12/18 MB | 180/277 kBProgress (3): 11/93 MB | 12/18 MB | 180/277 kBProgress (3): 11/93 MB | 12/18 MB | 197/277 kBProgress (3): 11/93 MB | 12/18 MB | 197/277 kBProgress (3): 11/93 MB | 12/18 MB | 197/277 kBProgress (3): 11/93 MB | 12/18 MB | 213/277 kBProgress (3): 11/93 MB | 12/18 MB | 229/277 kBProgress (3): 11/93 MB | 12/18 MB | 229/277 kBProgress (3): 11/93 MB | 12/18 MB | 229/277 kBProgress (3): 11/93 MB | 12/18 MB | 246/277 kBProgress (3): 11/93 MB | 12/18 MB | 246/277 kBProgress (3): 11/93 MB | 12/18 MB | 246/277 kBProgress (3): 11/93 MB | 12/18 MB | 246/277 kBProgress (3): 11/93 MB | 12/18 MB | 262/277 kBProgress (3): 11/93 MB | 12/18 MB | 262/277 kBProgress (3): 11/93 MB | 12/18 MB | 277 kB    Progress (3): 11/93 MB | 12/18 MB | 277 kB                                          Downloaded from central: https://repo.maven.apache.org/maven2/com/jayway/jsonpath/json-path/2.9.0/json-path-2.9.0.jar (277 kB at 111 kB/s)
Progress (2): 11/93 MB | 12/18 MB                                 Downloading from central: https://repo.maven.apache.org/maven2/org/ow2/asm/asm/9.6/asm-9.6.jar
Progress (2): 11/93 MB | 12/18 MBProgress (2): 11/93 MB | 12/18 MBProgress (2): 11/93 MB | 12/18 MBProgress (2): 11/93 MB | 12/18 MBProgress (2): 11/93 MB | 12/18 MBProgress (2): 11/93 MB | 12/18 MBProgress (2): 11/93 MB | 12/18 MBProgress (3): 11/93 MB | 12/18 MB | 7.7/122 kBProgress (3): 11/93 MB | 12/18 MB | 16/122 kB Progress (3): 11/93 MB | 12/18 MB | 16/122 kBProgress (3): 11/93 MB | 12/18 MB | 25/122 kBProgress (3): 11/93 MB | 12/18 MB | 25/122 kBProgress (3): 11/93 MB | 12/18 MB | 41/122 kBProgress (3): 11/93 MB | 12/18 MB | 41/122 kBProgress (3): 11/93 MB | 12/18 MB | 41/122 kBProgress (3): 11/93 MB | 12/18 MB | 41/122 kBProgress (3): 11/93 MB | 12/18 MB | 57/122 kBProgress (3): 11/93 MB | 12/18 MB | 57/122 kBProgress (3): 11/93 MB | 12/18 MB | 74/122 kBProgress (3): 12/93 MB | 12/18 MB | 74/122 kBProgress (3): 12/93 MB | 12/18 MB | 90/122 kBProgress (3): 12/93 MB | 12/18 MB | 90/122 kBProgress (3): 12/93 MB | 12/18 MB | 90/122 kBProgress (3): 12/93 MB | 12/18 MB | 90/122 kBProgress (3): 12/93 MB | 12/18 MB | 90/122 kBProgress (3): 12/93 MB | 12/18 MB | 106/122 kBProgress (3): 12/93 MB | 12/18 MB | 106/122 kBProgress (3): 12/93 MB | 12/18 MB | 106/122 kBProgress (3): 12/93 MB | 12/18 MB | 106/122 kBProgress (3): 12/93 MB | 12/18 MB | 106/122 kBProgress (3): 12/93 MB | 12/18 MB | 106/122 kBProgress (3): 12/93 MB | 12/18 MB | 122 kB    Progress (3): 12/93 MB | 12/18 MB | 122 kB                                          Downloaded from central: https://repo.maven.apache.org/maven2/net/minidev/json-smart/2.5.1/json-smart-2.5.1.jar (122 kB at 49 kB/s)
Downloading from central: https://repo.maven.apache.org/maven2/org/assertj/assertj-core/3.25.3/assertj-core-3.25.3.jar
Progress (3): 12/93 MB | 12/18 MB | 7.7/30 kBProgress (3): 12/93 MB | 12/18 MB | 16/30 kB Progress (3): 12/93 MB | 12/18 MB | 30 kB                                            Downloaded from central: https://repo.maven.apache.org/maven2/net/minidev/accessors-smart/2.5.1/accessors-smart-2.5.1.jar (30 kB at 12 kB/s)
Progress (2): 12/93 MB | 12/18 MBProgress (2): 12/93 MB | 12/18 MB                                 Downloading from central: https://repo.maven.apache.org/maven2/net/bytebuddy/byte-buddy/1.14.19/byte-buddy-1.14.19.jar
Progress (2): 12/93 MB | 12/18 MBProgress (3): 12/93 MB | 12/18 MB | 7.7/124 kBProgress (3): 12/93 MB | 12/18 MB | 16/124 kB Progress (3): 12/93 MB | 12/18 MB | 16/124 kBProgress (3): 12/93 MB | 12/18 MB | 32/124 kBProgress (3): 12/93 MB | 12/18 MB | 32/124 kBProgress (3): 12/93 MB | 12/18 MB | 32/124 kBProgress (3): 12/93 MB | 12/18 MB | 32/124 kBProgress (3): 12/93 MB | 12/18 MB | 49/124 kBProgress (3): 12/93 MB | 12/18 MB | 49/124 kBProgress (3): 12/93 MB | 12/18 MB | 49/124 kBProgress (3): 12/93 MB | 12/18 MB | 49/124 kBProgress (3): 12/93 MB | 12/18 MB | 49/124 kBProgress (3): 12/93 MB | 12/18 MB | 65/124 kBProgress (3): 12/93 MB | 12/18 MB | 65/124 kBProgress (3): 12/93 MB | 12/18 MB | 81/124 kBProgress (3): 12/93 MB | 12/18 MB | 81/124 kBProgress (3): 12/93 MB | 12/18 MB | 98/124 kBProgress (3): 12/93 MB | 12/18 MB | 98/124 kBProgress (3): 12/93 MB | 12/18 MB | 114/124 kBProgress (3): 12/93 MB | 12/18 MB | 114/124 kBProgress (3): 12/93 MB | 12/18 MB | 124 kB    Progress (3): 12/93 MB | 12/18 MB | 124 kB                                          Downloaded from central: https://repo.maven.apache.org/maven2/org/ow2/asm/asm/9.6/asm-9.6.jar (124 kB at 49 kB/s)
Progress (2): 12/93 MB | 12/18 MBProgress (2): 12/93 MB | 12/18 MB                                 Downloading from central: https://repo.maven.apache.org/maven2/org/awaitility/awaitility/4.2.2/awaitility-4.2.2.jar
Progress (2): 12/93 MB | 12/18 MBProgress (2): 12/93 MB | 12/18 MBProgress (2): 12/93 MB | 12/18 MBProgress (2): 12/93 MB | 12/18 MBProgress (2): 12/93 MB | 12/18 MBProgress (2): 12/93 MB | 12/18 MBProgress (2): 12/93 MB | 12/18 MBProgress (2): 12/93 MB | 12/18 MBProgress (2): 12/93 MB | 12/18 MBProgress (3): 12/93 MB | 12/18 MB | 0/4.2 MBProgress (3): 12/93 MB | 12/18 MB | 0/4.2 MBProgress (3): 12/93 MB | 12/18 MB | 0/4.2 MBProgress (4): 12/93 MB | 12/18 MB | 0/4.2 MB | 0/1.4 MBProgress (4): 12/93 MB | 12/18 MB | 0/4.2 MB | 0/1.4 MBProgress (4): 12/93 MB | 12/18 MB | 0/4.2 MB | 0/1.4 MBProgress (4): 12/93 MB | 12/18 MB | 0/4.2 MB | 0/1.4 MBProgress (4): 12/93 MB | 12/18 MB | 0/4.2 MB | 0/1.4 MBProgress (4): 12/93 MB | 12/18 MB | 0/4.2 MB | 0/1.4 MBProgress (4): 12/93 MB | 12/18 MB | 0/4.2 MB | 0/1.4 MBProgress (4): 12/93 MB | 12/18 MB | 0/4.2 MB | 0/1.4 MBProgress (4): 12/93 MB | 12/18 MB | 0/4.2 MB | 0/1.4 MBProgress (4): 12/93 MB | 12/18 MB | 0/4.2 MB | 0.1/1.4 MBProgress (4): 12/93 MB | 12/18 MB | 0/4.2 MB | 0.1/1.4 MBProgress (4): 12/93 MB | 12/18 MB | 0/4.2 MB | 0.1/1.4 MBProgress (4): 12/93 MB | 12/18 MB | 0/4.2 MB | 0.1/1.4 MBProgress (4): 12/93 MB | 12/18 MB | 0.1/4.2 MB | 0.1/1.4 MBProgress (4): 12/93 MB | 12/18 MB | 0.1/4.2 MB | 0.1/1.4 MBProgress (4): 12/93 MB | 12/18 MB | 0.1/4.2 MB | 0.1/1.4 MBProgress (4): 12/93 MB | 12/18 MB | 0.1/4.2 MB | 0.1/1.4 MBProgress (4): 12/93 MB | 12/18 MB | 0.1/4.2 MB | 0.1/1.4 MBProgress (4): 12/93 MB | 12/18 MB | 0.1/4.2 MB | 0.1/1.4 MBProgress (4): 12/93 MB | 12/18 MB | 0.1/4.2 MB | 0.1/1.4 MBProgress (4): 12/93 MB | 12/18 MB | 0.1/4.2 MB | 0.1/1.4 MBProgress (4): 12/93 MB | 12/18 MB | 0.1/4.2 MB | 0.1/1.4 MBProgress (4): 12/93 MB | 12/18 MB | 0.1/4.2 MB | 0.1/1.4 MBProgress (4): 12/93 MB | 12/18 MB | 0.1/4.2 MB | 0.1/1.4 MBProgress (4): 12/93 MB | 12/18 MB | 0.1/4.2 MB | 0.1/1.4 MBProgress (4): 12/93 MB | 12/18 MB | 0.1/4.2 MB | 0.1/1.4 MBProgress (4): 12/93 MB | 12/18 MB | 0.1/4.2 MB | 0.1/1.4 MBProgress (4): 12/93 MB | 12/18 MB | 0.1/4.2 MB | 0.1/1.4 MBProgress (4): 12/93 MB | 12/18 MB | 0.1/4.2 MB | 0.1/1.4 MBProgress (4): 12/93 MB | 12/18 MB | 0.1/4.2 MB | 0.1/1.4 MBProgress (4): 12/93 MB | 12/18 MB | 0.1/4.2 MB | 0.1/1.4 MBProgress (4): 12/93 MB | 12/18 MB | 0.1/4.2 MB | 0.1/1.4 MBProgress (4): 12/93 MB | 12/18 MB | 0.1/4.2 MB | 0.1/1.4 MBProgress (4): 12/93 MB | 12/18 MB | 0.1/4.2 MB | 0.1/1.4 MBProgress (4): 12/93 MB | 12/18 MB | 0.1/4.2 MB | 0.1/1.4 MBProgress (4): 12/93 MB | 12/18 MB | 0.1/4.2 MB | 0.1/1.4 MBProgress (4): 12/93 MB | 12/18 MB | 0.1/4.2 MB | 0.1/1.4 MBProgress (5): 12/93 MB | 12/18 MB | 0.1/4.2 MB | 0.1/1.4 MB | 7.7/97 kBProgress (5): 12/93 MB | 12/18 MB | 0.1/4.2 MB | 0.1/1.4 MB | 16/97 kB Progress (5): 12/93 MB | 12/18 MB | 0.1/4.2 MB | 0.1/1.4 MB | 16/97 kBProgress (5): 12/93 MB | 12/18 MB | 0.1/4.2 MB | 0.1/1.4 MB | 16/97 kBProgress (5): 12/93 MB | 12/18 MB | 0.1/4.2 MB | 0.1/1.4 MB | 32/97 kBProgress (5): 12/93 MB | 12/18 MB | 0.1/4.2 MB | 0.2/1.4 MB | 32/97 kBProgress (5): 12/93 MB | 12/18 MB | 0.1/4.2 MB | 0.2/1.4 MB | 32/97 kBProgress (5): 12/93 MB | 12/18 MB | 0.1/4.2 MB | 0.2/1.4 MB | 32/97 kBProgress (5): 12/93 MB | 12/18 MB | 0.1/4.2 MB | 0.2/1.4 MB | 32/97 kBProgress (5): 12/93 MB | 12/18 MB | 0.1/4.2 MB | 0.2/1.4 MB | 32/97 kBProgress (5): 12/93 MB | 12/18 MB | 0.1/4.2 MB | 0.2/1.4 MB | 32/97 kBProgress (5): 12/93 MB | 12/18 MB | 0.1/4.2 MB | 0.2/1.4 MB | 32/97 kBProgress (5): 12/93 MB | 12/18 MB | 0.1/4.2 MB | 0.2/1.4 MB | 32/97 kBProgress (5): 12/93 MB | 12/18 MB | 0.1/4.2 MB | 0.2/1.4 MB | 32/97 kBProgress (5): 12/93 MB | 12/18 MB | 0.1/4.2 MB | 0.2/1.4 MB | 32/97 kBProgress (5): 12/93 MB | 12/18 MB | 0.1/4.2 MB | 0.2/1.4 MB | 32/97 kBProgress (5): 12/93 MB | 12/18 MB | 0.1/4.2 MB | 0.2/1.4 MB | 32/97 kBProgress (5): 12/93 MB | 12/18 MB | 0.2/4.2 MB | 0.2/1.4 MB | 32/97 kBProgress (5): 12/93 MB | 12/18 MB | 0.2/4.2 MB | 0.2/1.4 MB | 32/97 kBProgress (5): 12/93 MB | 12/18 MB | 0.2/4.2 MB | 0.2/1.4 MB | 32/97 kBProgress (5): 12/93 MB | 12/18 MB | 0.2/4.2 MB | 0.2/1.4 MB | 32/97 kBProgress (5): 12/93 MB | 12/18 MB | 0.2/4.2 MB | 0.2/1.4 MB | 32/97 kBProgress (5): 12/93 MB | 13/18 MB | 0.2/4.2 MB | 0.2/1.4 MB | 32/97 kBProgress (5): 12/93 MB | 13/18 MB | 0.2/4.2 MB | 0.2/1.4 MB | 49/97 kBProgress (5): 12/93 MB | 13/18 MB | 0.2/4.2 MB | 0.2/1.4 MB | 49/97 kBProgress (5): 12/93 MB | 13/18 MB | 0.2/4.2 MB | 0.2/1.4 MB | 65/97 kBProgress (5): 12/93 MB | 13/18 MB | 0.2/4.2 MB | 0.2/1.4 MB | 81/97 kBProgress (5): 12/93 MB | 13/18 MB | 0.2/4.2 MB | 0.2/1.4 MB | 81/97 kBProgress (5): 12/93 MB | 13/18 MB | 0.2/4.2 MB | 0.2/1.4 MB | 81/97 kBProgress (5): 12/93 MB | 13/18 MB | 0.2/4.2 MB | 0.2/1.4 MB | 81/97 kBProgress (5): 12/93 MB | 13/18 MB | 0.2/4.2 MB | 0.2/1.4 MB | 81/97 kBProgress (5): 12/93 MB | 13/18 MB | 0.2/4.2 MB | 0.2/1.4 MB | 81/97 kBProgress (5): 12/93 MB | 13/18 MB | 0.2/4.2 MB | 0.3/1.4 MB | 81/97 kBProgress (5): 12/93 MB | 13/18 MB | 0.2/4.2 MB | 0.3/1.4 MB | 81/97 kBProgress (5): 12/93 MB | 13/18 MB | 0.2/4.2 MB | 0.3/1.4 MB | 81/97 kBProgress (5): 12/93 MB | 13/18 MB | 0.2/4.2 MB | 0.3/1.4 MB | 81/97 kBProgress (5): 12/93 MB | 13/18 MB | 0.2/4.2 MB | 0.3/1.4 MB | 81/97 kBProgress (5): 12/93 MB | 13/18 MB | 0.2/4.2 MB | 0.3/1.4 MB | 81/97 kBProgress (5): 12/93 MB | 13/18 MB | 0.2/4.2 MB | 0.3/1.4 MB | 81/97 kBProgress (5): 12/93 MB | 13/18 MB | 0.2/4.2 MB | 0.3/1.4 MB | 81/97 kBProgress (5): 12/93 MB | 13/18 MB | 0.2/4.2 MB | 0.3/1.4 MB | 81/97 kBProgress (5): 12/93 MB | 13/18 MB | 0.2/4.2 MB | 0.3/1.4 MB | 97 kB   Progress (5): 12/93 MB | 13/18 MB | 0.2/4.2 MB | 0.3/1.4 MB | 97 kB                                                                   Downloaded from central: https://repo.maven.apache.org/maven2/org/awaitility/awaitility/4.2.2/awaitility-4.2.2.jar (97 kB at 38 kB/s)
Progress (4): 12/93 MB | 13/18 MB | 0.2/4.2 MB | 0.3/1.4 MBProgress (4): 12/93 MB | 13/18 MB | 0.2/4.2 MB | 0.3/1.4 MBProgress (4): 12/93 MB | 13/18 MB | 0.2/4.2 MB | 0.3/1.4 MBProgress (4): 12/93 MB | 13/18 MB | 0.2/4.2 MB | 0.3/1.4 MBProgress (4): 12/93 MB | 13/18 MB | 0.2/4.2 MB | 0.3/1.4 MBProgress (4): 12/93 MB | 13/18 MB | 0.2/4.2 MB | 0.3/1.4 MB                                                           Downloading from central: https://repo.maven.apache.org/maven2/org/hamcrest/hamcrest/2.2/hamcrest-2.2.jar
Progress (4): 12/93 MB | 13/18 MB | 0.2/4.2 MB | 0.3/1.4 MBProgress (4): 12/93 MB | 13/18 MB | 0.2/4.2 MB | 0.3/1.4 MBProgress (4): 12/93 MB | 13/18 MB | 0.2/4.2 MB | 0.3/1.4 MBProgress (4): 12/93 MB | 13/18 MB | 0.2/4.2 MB | 0.3/1.4 MBProgress (4): 12/93 MB | 13/18 MB | 0.2/4.2 MB | 0.3/1.4 MBProgress (4): 12/93 MB | 13/18 MB | 0.2/4.2 MB | 0.3/1.4 MBProgress (4): 12/93 MB | 13/18 MB | 0.2/4.2 MB | 0.3/1.4 MBProgress (4): 12/93 MB | 13/18 MB | 0.2/4.2 MB | 0.3/1.4 MBProgress (4): 12/93 MB | 13/18 MB | 0.2/4.2 MB | 0.3/1.4 MBProgress (4): 12/93 MB | 13/18 MB | 0.2/4.2 MB | 0.3/1.4 MBProgress (4): 12/93 MB | 13/18 MB | 0.2/4.2 MB | 0.3/1.4 MBProgress (4): 12/93 MB | 13/18 MB | 0.2/4.2 MB | 0.3/1.4 MBProgress (4): 12/93 MB | 13/18 MB | 0.3/4.2 MB | 0.3/1.4 MBProgress (4): 12/93 MB | 13/18 MB | 0.3/4.2 MB | 0.3/1.4 MBProgress (4): 12/93 MB | 13/18 MB | 0.3/4.2 MB | 0.3/1.4 MBProgress (4): 12/93 MB | 13/18 MB | 0.3/4.2 MB | 0.3/1.4 MBProgress (4): 12/93 MB | 13/18 MB | 0.3/4.2 MB | 0.3/1.4 MBProgress (4): 12/93 MB | 13/18 MB | 0.3/4.2 MB | 0.3/1.4 MBProgress (4): 12/93 MB | 13/18 MB | 0.3/4.2 MB | 0.4/1.4 MBProgress (4): 12/93 MB | 13/18 MB | 0.3/4.2 MB | 0.4/1.4 MBProgress (4): 12/93 MB | 13/18 MB | 0.3/4.2 MB | 0.4/1.4 MBProgress (4): 12/93 MB | 13/18 MB | 0.3/4.2 MB | 0.4/1.4 MBProgress (4): 12/93 MB | 13/18 MB | 0.3/4.2 MB | 0.4/1.4 MBProgress (4): 12/93 MB | 13/18 MB | 0.3/4.2 MB | 0.4/1.4 MBProgress (4): 12/93 MB | 13/18 MB | 0.3/4.2 MB | 0.4/1.4 MBProgress (4): 12/93 MB | 13/18 MB | 0.3/4.2 MB | 0.4/1.4 MBProgress (4): 12/93 MB | 13/18 MB | 0.3/4.2 MB | 0.4/1.4 MBProgress (4): 12/93 MB | 13/18 MB | 0.3/4.2 MB | 0.4/1.4 MBProgress (4): 12/93 MB | 13/18 MB | 0.3/4.2 MB | 0.4/1.4 MBProgress (4): 12/93 MB | 13/18 MB | 0.3/4.2 MB | 0.4/1.4 MBProgress (4): 12/93 MB | 13/18 MB | 0.3/4.2 MB | 0.4/1.4 MBProgress (4): 12/93 MB | 13/18 MB | 0.3/4.2 MB | 0.4/1.4 MBProgress (4): 12/93 MB | 13/18 MB | 0.3/4.2 MB | 0.4/1.4 MBProgress (4): 12/93 MB | 13/18 MB | 0.3/4.2 MB | 0.4/1.4 MBProgress (4): 12/93 MB | 13/18 MB | 0.3/4.2 MB | 0.4/1.4 MBProgress (4): 12/93 MB | 13/18 MB | 0.3/4.2 MB | 0.4/1.4 MBProgress (4): 12/93 MB | 13/18 MB | 0.3/4.2 MB | 0.4/1.4 MBProgress (4): 12/93 MB | 13/18 MB | 0.3/4.2 MB | 0.4/1.4 MBProgress (4): 12/93 MB | 13/18 MB | 0.3/4.2 MB | 0.4/1.4 MBProgress (4): 12/93 MB | 13/18 MB | 0.4/4.2 MB | 0.4/1.4 MBProgress (4): 12/93 MB | 13/18 MB | 0.4/4.2 MB | 0.4/1.4 MBProgress (4): 12/93 MB | 13/18 MB | 0.4/4.2 MB | 0.4/1.4 MBProgress (4): 12/93 MB | 13/18 MB | 0.4/4.2 MB | 0.4/1.4 MBProgress (4): 12/93 MB | 13/18 MB | 0.4/4.2 MB | 0.4/1.4 MBProgress (4): 12/93 MB | 13/18 MB | 0.4/4.2 MB | 0.4/1.4 MBProgress (4): 12/93 MB | 13/18 MB | 0.4/4.2 MB | 0.4/1.4 MBProgress (4): 12/93 MB | 13/18 MB | 0.4/4.2 MB | 0.4/1.4 MBProgress (4): 12/93 MB | 13/18 MB | 0.4/4.2 MB | 0.4/1.4 MBProgress (5): 12/93 MB | 13/18 MB | 0.4/4.2 MB | 0.4/1.4 MB | 7.7/123 kBProgress (5): 12/93 MB | 13/18 MB | 0.4/4.2 MB | 0.4/1.4 MB | 16/123 kB Progress (5): 12/93 MB | 13/18 MB | 0.4/4.2 MB | 0.4/1.4 MB | 16/123 kBProgress (5): 12/93 MB | 13/18 MB | 0.4/4.2 MB | 0.4/1.4 MB | 32/123 kBProgress (5): 12/93 MB | 13/18 MB | 0.4/4.2 MB | 0.4/1.4 MB | 32/123 kBProgress (5): 12/93 MB | 13/18 MB | 0.4/4.2 MB | 0.4/1.4 MB | 49/123 kBProgress (5): 12/93 MB | 13/18 MB | 0.4/4.2 MB | 0.4/1.4 MB | 49/123 kBProgress (5): 12/93 MB | 13/18 MB | 0.4/4.2 MB | 0.5/1.4 MB | 49/123 kBProgress (5): 12/93 MB | 13/18 MB | 0.4/4.2 MB | 0.5/1.4 MB | 49/123 kBProgress (5): 12/93 MB | 13/18 MB | 0.4/4.2 MB | 0.5/1.4 MB | 49/123 kBProgress (5): 12/93 MB | 13/18 MB | 0.4/4.2 MB | 0.5/1.4 MB | 49/123 kBProgress (5): 12/93 MB | 13/18 MB | 0.4/4.2 MB | 0.5/1.4 MB | 49/123 kBProgress (5): 12/93 MB | 13/18 MB | 0.4/4.2 MB | 0.5/1.4 MB | 49/123 kBProgress (5): 12/93 MB | 13/18 MB | 0.4/4.2 MB | 0.5/1.4 MB | 49/123 kBProgress (5): 12/93 MB | 13/18 MB | 0.4/4.2 MB | 0.5/1.4 MB | 49/123 kBProgress (5): 12/93 MB | 13/18 MB | 0.4/4.2 MB | 0.5/1.4 MB | 49/123 kBProgress (5): 12/93 MB | 13/18 MB | 0.4/4.2 MB | 0.5/1.4 MB | 49/123 kBProgress (5): 12/93 MB | 13/18 MB | 0.4/4.2 MB | 0.5/1.4 MB | 49/123 kBProgress (5): 12/93 MB | 13/18 MB | 0.4/4.2 MB | 0.5/1.4 MB | 49/123 kBProgress (5): 12/93 MB | 13/18 MB | 0.4/4.2 MB | 0.5/1.4 MB | 49/123 kBProgress (5): 12/93 MB | 13/18 MB | 0.4/4.2 MB | 0.5/1.4 MB | 49/123 kBProgress (5): 12/93 MB | 13/18 MB | 0.4/4.2 MB | 0.5/1.4 MB | 49/123 kBProgress (5): 12/93 MB | 13/18 MB | 0.4/4.2 MB | 0.5/1.4 MB | 49/123 kBProgress (5): 12/93 MB | 13/18 MB | 0.4/4.2 MB | 0.5/1.4 MB | 49/123 kBProgress (5): 12/93 MB | 13/18 MB | 0.5/4.2 MB | 0.5/1.4 MB | 49/123 kBProgress (5): 12/93 MB | 13/18 MB | 0.5/4.2 MB | 0.5/1.4 MB | 49/123 kBProgress (5): 12/93 MB | 13/18 MB | 0.5/4.2 MB | 0.5/1.4 MB | 65/123 kBProgress (5): 12/93 MB | 13/18 MB | 0.5/4.2 MB | 0.5/1.4 MB | 81/123 kBProgress (5): 12/93 MB | 13/18 MB | 0.5/4.2 MB | 0.5/1.4 MB | 81/123 kBProgress (5): 12/93 MB | 13/18 MB | 0.5/4.2 MB | 0.5/1.4 MB | 98/123 kBProgress (5): 12/93 MB | 13/18 MB | 0.5/4.2 MB | 0.5/1.4 MB | 98/123 kBProgress (5): 12/93 MB | 13/18 MB | 0.5/4.2 MB | 0.5/1.4 MB | 98/123 kBProgress (5): 13/93 MB | 13/18 MB | 0.5/4.2 MB | 0.5/1.4 MB | 98/123 kBProgress (5): 13/93 MB | 13/18 MB | 0.5/4.2 MB | 0.5/1.4 MB | 98/123 kBProgress (5): 13/93 MB | 13/18 MB | 0.5/4.2 MB | 0.5/1.4 MB | 98/123 kBProgress (5): 13/93 MB | 13/18 MB | 0.5/4.2 MB | 0.6/1.4 MB | 98/123 kBProgress (5): 13/93 MB | 13/18 MB | 0.5/4.2 MB | 0.6/1.4 MB | 98/123 kBProgress (5): 13/93 MB | 13/18 MB | 0.5/4.2 MB | 0.6/1.4 MB | 98/123 kBProgress (5): 13/93 MB | 13/18 MB | 0.5/4.2 MB | 0.6/1.4 MB | 98/123 kBProgress (5): 13/93 MB | 13/18 MB | 0.5/4.2 MB | 0.6/1.4 MB | 98/123 kBProgress (5): 13/93 MB | 13/18 MB | 0.5/4.2 MB | 0.6/1.4 MB | 98/123 kBProgress (5): 13/93 MB | 13/18 MB | 0.5/4.2 MB | 0.6/1.4 MB | 114/123 kBProgress (5): 13/93 MB | 13/18 MB | 0.5/4.2 MB | 0.6/1.4 MB | 123 kB    Progress (5): 13/93 MB | 13/18 MB | 0.5/4.2 MB | 0.6/1.4 MB | 123 kBProgress (5): 13/93 MB | 13/18 MB | 0.5/4.2 MB | 0.6/1.4 MB | 123 kB                                                                    Downloaded from central: https://repo.maven.apache.org/maven2/org/hamcrest/hamcrest/2.2/hamcrest-2.2.jar (123 kB at 47 kB/s)
Progress (4): 13/93 MB | 13/18 MB | 0.5/4.2 MB | 0.6/1.4 MBProgress (4): 13/93 MB | 13/18 MB | 0.5/4.2 MB | 0.6/1.4 MB                                                           Downloading from central: https://repo.maven.apache.org/maven2/org/junit/jupiter/junit-jupiter/5.10.3/junit-jupiter-5.10.3.jar
Progress (4): 13/93 MB | 13/18 MB | 0.5/4.2 MB | 0.6/1.4 MBProgress (4): 13/93 MB | 13/18 MB | 0.6/4.2 MB | 0.6/1.4 MBProgress (4): 13/93 MB | 13/18 MB | 0.6/4.2 MB | 0.6/1.4 MBProgress (4): 13/93 MB | 13/18 MB | 0.6/4.2 MB | 0.6/1.4 MBProgress (4): 13/93 MB | 13/18 MB | 0.6/4.2 MB | 0.6/1.4 MBProgress (4): 13/93 MB | 13/18 MB | 0.6/4.2 MB | 0.6/1.4 MBProgress (4): 13/93 MB | 13/18 MB | 0.6/4.2 MB | 0.6/1.4 MBProgress (4): 13/93 MB | 13/18 MB | 0.6/4.2 MB | 0.6/1.4 MBProgress (4): 13/93 MB | 13/18 MB | 0.6/4.2 MB | 0.7/1.4 MBProgress (4): 13/93 MB | 13/18 MB | 0.6/4.2 MB | 0.7/1.4 MBProgress (4): 13/93 MB | 13/18 MB | 0.6/4.2 MB | 0.7/1.4 MBProgress (4): 13/93 MB | 13/18 MB | 0.6/4.2 MB | 0.7/1.4 MBProgress (4): 13/93 MB | 13/18 MB | 0.6/4.2 MB | 0.7/1.4 MBProgress (4): 13/93 MB | 13/18 MB | 0.6/4.2 MB | 0.7/1.4 MBProgress (4): 13/93 MB | 13/18 MB | 0.6/4.2 MB | 0.7/1.4 MBProgress (4): 13/93 MB | 13/18 MB | 0.6/4.2 MB | 0.7/1.4 MBProgress (4): 13/93 MB | 13/18 MB | 0.6/4.2 MB | 0.7/1.4 MBProgress (4): 13/93 MB | 13/18 MB | 0.6/4.2 MB | 0.7/1.4 MBProgress (4): 13/93 MB | 13/18 MB | 0.6/4.2 MB | 0.7/1.4 MBProgress (4): 13/93 MB | 13/18 MB | 0.6/4.2 MB | 0.7/1.4 MBProgress (4): 13/93 MB | 13/18 MB | 0.6/4.2 MB | 0.7/1.4 MBProgress (4): 13/93 MB | 13/18 MB | 0.6/4.2 MB | 0.7/1.4 MBProgress (4): 13/93 MB | 13/18 MB | 0.6/4.2 MB | 0.7/1.4 MBProgress (4): 13/93 MB | 13/18 MB | 0.6/4.2 MB | 0.7/1.4 MBProgress (4): 13/93 MB | 13/18 MB | 0.6/4.2 MB | 0.7/1.4 MBProgress (4): 13/93 MB | 13/18 MB | 0.7/4.2 MB | 0.7/1.4 MBProgress (4): 13/93 MB | 13/18 MB | 0.7/4.2 MB | 0.7/1.4 MBProgress (4): 13/93 MB | 13/18 MB | 0.7/4.2 MB | 0.7/1.4 MBProgress (4): 13/93 MB | 13/18 MB | 0.7/4.2 MB | 0.7/1.4 MBProgress (4): 13/93 MB | 13/18 MB | 0.7/4.2 MB | 0.8/1.4 MBProgress (4): 13/93 MB | 13/18 MB | 0.7/4.2 MB | 0.8/1.4 MBProgress (4): 13/93 MB | 13/18 MB | 0.7/4.2 MB | 0.8/1.4 MBProgress (4): 13/93 MB | 13/18 MB | 0.7/4.2 MB | 0.8/1.4 MBProgress (4): 13/93 MB | 13/18 MB | 0.7/4.2 MB | 0.8/1.4 MBProgress (4): 13/93 MB | 13/18 MB | 0.7/4.2 MB | 0.8/1.4 MBProgress (4): 13/93 MB | 13/18 MB | 0.7/4.2 MB | 0.8/1.4 MBProgress (4): 13/93 MB | 13/18 MB | 0.7/4.2 MB | 0.8/1.4 MBProgress (4): 13/93 MB | 13/18 MB | 0.7/4.2 MB | 0.8/1.4 MBProgress (4): 13/93 MB | 13/18 MB | 0.7/4.2 MB | 0.8/1.4 MBProgress (4): 13/93 MB | 13/18 MB | 0.7/4.2 MB | 0.8/1.4 MBProgress (4): 13/93 MB | 13/18 MB | 0.7/4.2 MB | 0.8/1.4 MBProgress (4): 13/93 MB | 13/18 MB | 0.7/4.2 MB | 0.8/1.4 MBProgress (5): 13/93 MB | 13/18 MB | 0.7/4.2 MB | 0.8/1.4 MB | 6.4 kBProgress (5): 13/93 MB | 13/18 MB | 0.7/4.2 MB | 0.8/1.4 MB | 6.4 kB                                                                    Downloaded from central: https://repo.maven.apache.org/maven2/org/junit/jupiter/junit-jupiter/5.10.3/junit-jupiter-5.10.3.jar (6.4 kB at 2.4 kB/s)
Progress (4): 13/93 MB | 13/18 MB | 0.7/4.2 MB | 0.8/1.4 MBProgress (4): 13/93 MB | 13/18 MB | 0.7/4.2 MB | 0.8/1.4 MBProgress (4): 13/93 MB | 13/18 MB | 0.7/4.2 MB | 0.8/1.4 MBProgress (4): 13/93 MB | 13/18 MB | 0.7/4.2 MB | 0.9/1.4 MBProgress (4): 13/93 MB | 13/18 MB | 0.8/4.2 MB | 0.9/1.4 MBProgress (4): 13/93 MB | 13/18 MB | 0.8/4.2 MB | 0.9/1.4 MB                                                           Downloading from central: https://repo.maven.apache.org/maven2/org/junit/jupiter/junit-jupiter-api/5.10.3/junit-jupiter-api-5.10.3.jar
Progress (4): 13/93 MB | 13/18 MB | 0.8/4.2 MB | 0.9/1.4 MBProgress (4): 13/93 MB | 13/18 MB | 0.8/4.2 MB | 0.9/1.4 MBProgress (4): 13/93 MB | 13/18 MB | 0.8/4.2 MB | 0.9/1.4 MBProgress (4): 13/93 MB | 13/18 MB | 0.8/4.2 MB | 0.9/1.4 MBProgress (4): 13/93 MB | 13/18 MB | 0.8/4.2 MB | 0.9/1.4 MBProgress (4): 13/93 MB | 13/18 MB | 0.8/4.2 MB | 0.9/1.4 MBProgress (4): 13/93 MB | 13/18 MB | 0.8/4.2 MB | 0.9/1.4 MBProgress (4): 13/93 MB | 13/18 MB | 0.8/4.2 MB | 0.9/1.4 MBProgress (4): 13/93 MB | 13/18 MB | 0.8/4.2 MB | 0.9/1.4 MBProgress (4): 13/93 MB | 13/18 MB | 0.8/4.2 MB | 0.9/1.4 MBProgress (4): 13/93 MB | 13/18 MB | 0.8/4.2 MB | 0.9/1.4 MBProgress (4): 13/93 MB | 13/18 MB | 0.8/4.2 MB | 0.9/1.4 MBProgress (4): 13/93 MB | 13/18 MB | 0.8/4.2 MB | 0.9/1.4 MBProgress (4): 13/93 MB | 13/18 MB | 0.8/4.2 MB | 0.9/1.4 MBProgress (4): 13/93 MB | 13/18 MB | 0.8/4.2 MB | 0.9/1.4 MBProgress (4): 13/93 MB | 13/18 MB | 0.8/4.2 MB | 0.9/1.4 MBProgress (4): 13/93 MB | 13/18 MB | 0.8/4.2 MB | 0.9/1.4 MBProgress (4): 13/93 MB | 13/18 MB | 0.8/4.2 MB | 0.9/1.4 MBProgress (4): 13/93 MB | 13/18 MB | 0.8/4.2 MB | 0.9/1.4 MBProgress (4): 13/93 MB | 13/18 MB | 0.8/4.2 MB | 0.9/1.4 MBProgress (4): 13/93 MB | 13/18 MB | 0.8/4.2 MB | 0.9/1.4 MBProgress (4): 13/93 MB | 13/18 MB | 0.8/4.2 MB | 0.9/1.4 MBProgress (4): 13/93 MB | 13/18 MB | 0.8/4.2 MB | 0.9/1.4 MBProgress (4): 13/93 MB | 13/18 MB | 0.8/4.2 MB | 1.0/1.4 MBProgress (4): 13/93 MB | 13/18 MB | 0.8/4.2 MB | 1.0/1.4 MBProgress (4): 13/93 MB | 13/18 MB | 0.8/4.2 MB | 1.0/1.4 MBProgress (4): 13/93 MB | 13/18 MB | 0.8/4.2 MB | 1.0/1.4 MBProgress (4): 13/93 MB | 13/18 MB | 0.8/4.2 MB | 1.0/1.4 MBProgress (4): 13/93 MB | 13/18 MB | 0.8/4.2 MB | 1.0/1.4 MBProgress (4): 13/93 MB | 13/18 MB | 0.8/4.2 MB | 1.0/1.4 MBProgress (4): 13/93 MB | 13/18 MB | 0.8/4.2 MB | 1.0/1.4 MBProgress (4): 13/93 MB | 13/18 MB | 0.8/4.2 MB | 1.0/1.4 MBProgress (4): 13/93 MB | 13/18 MB | 0.9/4.2 MB | 1.0/1.4 MBProgress (4): 13/93 MB | 13/18 MB | 0.9/4.2 MB | 1.0/1.4 MBProgress (4): 13/93 MB | 13/18 MB | 0.9/4.2 MB | 1.0/1.4 MBProgress (4): 13/93 MB | 13/18 MB | 0.9/4.2 MB | 1.0/1.4 MBProgress (4): 13/93 MB | 13/18 MB | 0.9/4.2 MB | 1.0/1.4 MBProgress (4): 13/93 MB | 13/18 MB | 0.9/4.2 MB | 1.0/1.4 MBProgress (4): 13/93 MB | 13/18 MB | 0.9/4.2 MB | 1.0/1.4 MBProgress (4): 13/93 MB | 13/18 MB | 0.9/4.2 MB | 1.0/1.4 MBProgress (4): 13/93 MB | 13/18 MB | 0.9/4.2 MB | 1.0/1.4 MBProgress (4): 13/93 MB | 13/18 MB | 0.9/4.2 MB | 1.0/1.4 MBProgress (4): 13/93 MB | 13/18 MB | 0.9/4.2 MB | 1.0/1.4 MBProgress (5): 13/93 MB | 13/18 MB | 0.9/4.2 MB | 1.0/1.4 MB | 7.7/211 kBProgress (5): 13/93 MB | 13/18 MB | 0.9/4.2 MB | 1.0/1.4 MB | 7.7/211 kBProgress (5): 13/93 MB | 13/18 MB | 0.9/4.2 MB | 1.0/1.4 MB | 7.7/211 kBProgress (5): 13/93 MB | 13/18 MB | 0.9/4.2 MB | 1.0/1.4 MB | 7.7/211 kBProgress (5): 13/93 MB | 13/18 MB | 0.9/4.2 MB | 1.0/1.4 MB | 7.7/211 kBProgress (5): 13/93 MB | 13/18 MB | 0.9/4.2 MB | 1.1/1.4 MB | 7.7/211 kBProgress (5): 13/93 MB | 13/18 MB | 0.9/4.2 MB | 1.1/1.4 MB | 7.7/211 kBProgress (5): 13/93 MB | 13/18 MB | 0.9/4.2 MB | 1.1/1.4 MB | 7.7/211 kBProgress (5): 13/93 MB | 13/18 MB | 0.9/4.2 MB | 1.1/1.4 MB | 16/211 kB Progress (5): 13/93 MB | 13/18 MB | 0.9/4.2 MB | 1.1/1.4 MB | 16/211 kBProgress (5): 13/93 MB | 13/18 MB | 0.9/4.2 MB | 1.1/1.4 MB | 16/211 kBProgress (5): 13/93 MB | 13/18 MB | 0.9/4.2 MB | 1.1/1.4 MB | 16/211 kBProgress (5): 13/93 MB | 13/18 MB | 0.9/4.2 MB | 1.1/1.4 MB | 16/211 kBProgress (5): 13/93 MB | 13/18 MB | 0.9/4.2 MB | 1.1/1.4 MB | 16/211 kBProgress (5): 13/93 MB | 13/18 MB | 0.9/4.2 MB | 1.1/1.4 MB | 32/211 kBProgress (5): 13/93 MB | 13/18 MB | 0.9/4.2 MB | 1.1/1.4 MB | 32/211 kBProgress (5): 13/93 MB | 13/18 MB | 0.9/4.2 MB | 1.1/1.4 MB | 49/211 kBProgress (5): 13/93 MB | 13/18 MB | 0.9/4.2 MB | 1.1/1.4 MB | 49/211 kBProgress (5): 13/93 MB | 13/18 MB | 0.9/4.2 MB | 1.1/1.4 MB | 49/211 kBProgress (5): 13/93 MB | 13/18 MB | 1.0/4.2 MB | 1.1/1.4 MB | 49/211 kBProgress (5): 13/93 MB | 13/18 MB | 1.0/4.2 MB | 1.1/1.4 MB | 49/211 kBProgress (5): 13/93 MB | 13/18 MB | 1.0/4.2 MB | 1.1/1.4 MB | 49/211 kBProgress (5): 13/93 MB | 13/18 MB | 1.0/4.2 MB | 1.1/1.4 MB | 49/211 kBProgress (5): 13/93 MB | 13/18 MB | 1.0/4.2 MB | 1.1/1.4 MB | 49/211 kBProgress (5): 13/93 MB | 13/18 MB | 1.0/4.2 MB | 1.1/1.4 MB | 49/211 kBProgress (5): 13/93 MB | 13/18 MB | 1.0/4.2 MB | 1.1/1.4 MB | 49/211 kBProgress (5): 13/93 MB | 13/18 MB | 1.0/4.2 MB | 1.1/1.4 MB | 65/211 kBProgress (5): 13/93 MB | 13/18 MB | 1.0/4.2 MB | 1.1/1.4 MB | 65/211 kBProgress (5): 13/93 MB | 13/18 MB | 1.0/4.2 MB | 1.1/1.4 MB | 65/211 kBProgress (5): 13/93 MB | 13/18 MB | 1.0/4.2 MB | 1.1/1.4 MB | 81/211 kBProgress (5): 13/93 MB | 14/18 MB | 1.0/4.2 MB | 1.1/1.4 MB | 81/211 kBProgress (5): 13/93 MB | 14/18 MB | 1.0/4.2 MB | 1.1/1.4 MB | 81/211 kBProgress (5): 13/93 MB | 14/18 MB | 1.0/4.2 MB | 1.1/1.4 MB | 81/211 kBProgress (5): 13/93 MB | 14/18 MB | 1.0/4.2 MB | 1.1/1.4 MB | 81/211 kBProgress (5): 13/93 MB | 14/18 MB | 1.0/4.2 MB | 1.1/1.4 MB | 81/211 kBProgress (5): 13/93 MB | 14/18 MB | 1.0/4.2 MB | 1.1/1.4 MB | 81/211 kBProgress (5): 13/93 MB | 14/18 MB | 1.0/4.2 MB | 1.1/1.4 MB | 81/211 kBProgress (5): 13/93 MB | 14/18 MB | 1.0/4.2 MB | 1.1/1.4 MB | 81/211 kBProgress (5): 13/93 MB | 14/18 MB | 1.0/4.2 MB | 1.1/1.4 MB | 81/211 kBProgress (5): 13/93 MB | 14/18 MB | 1.0/4.2 MB | 1.1/1.4 MB | 81/211 kBProgress (5): 13/93 MB | 14/18 MB | 1.0/4.2 MB | 1.1/1.4 MB | 81/211 kBProgress (5): 13/93 MB | 14/18 MB | 1.0/4.2 MB | 1.2/1.4 MB | 81/211 kBProgress (5): 13/93 MB | 14/18 MB | 1.0/4.2 MB | 1.2/1.4 MB | 81/211 kBProgress (5): 13/93 MB | 14/18 MB | 1.0/4.2 MB | 1.2/1.4 MB | 81/211 kBProgress (5): 13/93 MB | 14/18 MB | 1.0/4.2 MB | 1.2/1.4 MB | 81/211 kBProgress (5): 13/93 MB | 14/18 MB | 1.1/4.2 MB | 1.2/1.4 MB | 81/211 kBProgress (5): 13/93 MB | 14/18 MB | 1.1/4.2 MB | 1.2/1.4 MB | 98/211 kBProgress (5): 13/93 MB | 14/18 MB | 1.1/4.2 MB | 1.2/1.4 MB | 98/211 kBProgress (5): 13/93 MB | 14/18 MB | 1.1/4.2 MB | 1.2/1.4 MB | 114/211 kBProgress (5): 13/93 MB | 14/18 MB | 1.1/4.2 MB | 1.2/1.4 MB | 114/211 kBProgress (5): 13/93 MB | 14/18 MB | 1.1/4.2 MB | 1.2/1.4 MB | 114/211 kBProgress (5): 13/93 MB | 14/18 MB | 1.1/4.2 MB | 1.2/1.4 MB | 114/211 kBProgress (5): 13/93 MB | 14/18 MB | 1.1/4.2 MB | 1.2/1.4 MB | 114/211 kBProgress (5): 13/93 MB | 14/18 MB | 1.1/4.2 MB | 1.2/1.4 MB | 114/211 kBProgress (5): 13/93 MB | 14/18 MB | 1.1/4.2 MB | 1.2/1.4 MB | 131/211 kBProgress (5): 13/93 MB | 14/18 MB | 1.1/4.2 MB | 1.2/1.4 MB | 131/211 kBProgress (5): 13/93 MB | 14/18 MB | 1.1/4.2 MB | 1.2/1.4 MB | 131/211 kBProgress (5): 13/93 MB | 14/18 MB | 1.1/4.2 MB | 1.2/1.4 MB | 147/211 kBProgress (5): 13/93 MB | 14/18 MB | 1.1/4.2 MB | 1.2/1.4 MB | 147/211 kBProgress (5): 13/93 MB | 14/18 MB | 1.1/4.2 MB | 1.2/1.4 MB | 163/211 kBProgress (5): 13/93 MB | 14/18 MB | 1.1/4.2 MB | 1.2/1.4 MB | 163/211 kBProgress (5): 13/93 MB | 14/18 MB | 1.1/4.2 MB | 1.2/1.4 MB | 163/211 kBProgress (5): 13/93 MB | 14/18 MB | 1.1/4.2 MB | 1.2/1.4 MB | 163/211 kBProgress (5): 13/93 MB | 14/18 MB | 1.1/4.2 MB | 1.2/1.4 MB | 163/211 kBProgress (5): 13/93 MB | 14/18 MB | 1.1/4.2 MB | 1.2/1.4 MB | 163/211 kBProgress (5): 13/93 MB | 14/18 MB | 1.1/4.2 MB | 1.2/1.4 MB | 163/211 kBProgress (5): 13/93 MB | 14/18 MB | 1.1/4.2 MB | 1.2/1.4 MB | 163/211 kBProgress (5): 13/93 MB | 14/18 MB | 1.1/4.2 MB | 1.2/1.4 MB | 163/211 kBProgress (5): 13/93 MB | 14/18 MB | 1.1/4.2 MB | 1.2/1.4 MB | 163/211 kBProgress (5): 13/93 MB | 14/18 MB | 1.1/4.2 MB | 1.2/1.4 MB | 163/211 kBProgress (5): 13/93 MB | 14/18 MB | 1.1/4.2 MB | 1.2/1.4 MB | 163/211 kBProgress (5): 13/93 MB | 14/18 MB | 1.1/4.2 MB | 1.2/1.4 MB | 163/211 kBProgress (5): 13/93 MB | 14/18 MB | 1.1/4.2 MB | 1.2/1.4 MB | 163/211 kBProgress (5): 13/93 MB | 14/18 MB | 1.1/4.2 MB | 1.2/1.4 MB | 163/211 kBProgress (5): 13/93 MB | 14/18 MB | 1.1/4.2 MB | 1.2/1.4 MB | 163/211 kBProgress (5): 13/93 MB | 14/18 MB | 1.1/4.2 MB | 1.2/1.4 MB | 163/211 kBProgress (5): 13/93 MB | 14/18 MB | 1.2/4.2 MB | 1.2/1.4 MB | 163/211 kBProgress (5): 13/93 MB | 14/18 MB | 1.2/4.2 MB | 1.2/1.4 MB | 163/211 kBProgress (5): 13/93 MB | 14/18 MB | 1.2/4.2 MB | 1.2/1.4 MB | 163/211 kBProgress (5): 13/93 MB | 14/18 MB | 1.2/4.2 MB | 1.2/1.4 MB | 163/211 kBProgress (5): 13/93 MB | 14/18 MB | 1.2/4.2 MB | 1.2/1.4 MB | 180/211 kBProgress (5): 13/93 MB | 14/18 MB | 1.2/4.2 MB | 1.2/1.4 MB | 180/211 kBProgress (5): 13/93 MB | 14/18 MB | 1.2/4.2 MB | 1.2/1.4 MB | 180/211 kBProgress (5): 13/93 MB | 14/18 MB | 1.2/4.2 MB | 1.2/1.4 MB | 196/211 kBProgress (5): 13/93 MB | 14/18 MB | 1.2/4.2 MB | 1.2/1.4 MB | 211 kB    Progress (5): 13/93 MB | 14/18 MB | 1.2/4.2 MB | 1.2/1.4 MB | 211 kBProgress (5): 13/93 MB | 14/18 MB | 1.2/4.2 MB | 1.2/1.4 MB | 211 kBProgress (5): 13/93 MB | 14/18 MB | 1.2/4.2 MB | 1.2/1.4 MB | 211 kBProgress (5): 13/93 MB | 14/18 MB | 1.2/4.2 MB | 1.3/1.4 MB | 211 kBProgress (5): 13/93 MB | 14/18 MB | 1.2/4.2 MB | 1.3/1.4 MB | 211 kBProgress (5): 13/93 MB | 14/18 MB | 1.2/4.2 MB | 1.3/1.4 MB | 211 kBProgress (5): 13/93 MB | 14/18 MB | 1.2/4.2 MB | 1.3/1.4 MB | 211 kB                                                                    Downloaded from central: https://repo.maven.apache.org/maven2/org/junit/jupiter/junit-jupiter-api/5.10.3/junit-jupiter-api-5.10.3.jar (211 kB at 79 kB/s)
Progress (4): 13/93 MB | 14/18 MB | 1.2/4.2 MB | 1.3/1.4 MBProgress (4): 13/93 MB | 14/18 MB | 1.2/4.2 MB | 1.3/1.4 MBProgress (4): 13/93 MB | 14/18 MB | 1.2/4.2 MB | 1.3/1.4 MBProgress (4): 13/93 MB | 14/18 MB | 1.2/4.2 MB | 1.3/1.4 MBProgress (4): 13/93 MB | 14/18 MB | 1.2/4.2 MB | 1.3/1.4 MBProgress (4): 13/93 MB | 14/18 MB | 1.3/4.2 MB | 1.3/1.4 MBProgress (4): 13/93 MB | 14/18 MB | 1.3/4.2 MB | 1.3/1.4 MBProgress (4): 13/93 MB | 14/18 MB | 1.3/4.2 MB | 1.3/1.4 MB                                                           Downloading from central: https://repo.maven.apache.org/maven2/org/opentest4j/opentest4j/1.3.0/opentest4j-1.3.0.jar
Progress (4): 13/93 MB | 14/18 MB | 1.3/4.2 MB | 1.3/1.4 MBProgress (4): 13/93 MB | 14/18 MB | 1.3/4.2 MB | 1.3/1.4 MBProgress (4): 13/93 MB | 14/18 MB | 1.3/4.2 MB | 1.3/1.4 MBProgress (4): 13/93 MB | 14/18 MB | 1.3/4.2 MB | 1.3/1.4 MBProgress (4): 13/93 MB | 14/18 MB | 1.3/4.2 MB | 1.3/1.4 MBProgress (4): 13/93 MB | 14/18 MB | 1.3/4.2 MB | 1.3/1.4 MBProgress (4): 13/93 MB | 14/18 MB | 1.3/4.2 MB | 1.3/1.4 MBProgress (4): 13/93 MB | 14/18 MB | 1.3/4.2 MB | 1.3/1.4 MBProgress (4): 13/93 MB | 14/18 MB | 1.3/4.2 MB | 1.3/1.4 MBProgress (4): 13/93 MB | 14/18 MB | 1.3/4.2 MB | 1.3/1.4 MBProgress (4): 13/93 MB | 14/18 MB | 1.3/4.2 MB | 1.3/1.4 MBProgress (4): 13/93 MB | 14/18 MB | 1.3/4.2 MB | 1.3/1.4 MBProgress (4): 13/93 MB | 14/18 MB | 1.3/4.2 MB | 1.3/1.4 MBProgress (4): 13/93 MB | 14/18 MB | 1.3/4.2 MB | 1.3/1.4 MBProgress (4): 13/93 MB | 14/18 MB | 1.3/4.2 MB | 1.3/1.4 MBProgress (4): 13/93 MB | 14/18 MB | 1.3/4.2 MB | 1.3/1.4 MBProgress (4): 13/93 MB | 14/18 MB | 1.3/4.2 MB | 1.3/1.4 MBProgress (4): 13/93 MB | 14/18 MB | 1.3/4.2 MB | 1.3/1.4 MBProgress (4): 13/93 MB | 14/18 MB | 1.3/4.2 MB | 1.3/1.4 MBProgress (4): 13/93 MB | 14/18 MB | 1.3/4.2 MB | 1.4/1.4 MBProgress (4): 13/93 MB | 14/18 MB | 1.3/4.2 MB | 1.4/1.4 MBProgress (4): 13/93 MB | 14/18 MB | 1.3/4.2 MB | 1.4/1.4 MBProgress (4): 13/93 MB | 14/18 MB | 1.4/4.2 MB | 1.4/1.4 MBProgress (4): 13/93 MB | 14/18 MB | 1.4/4.2 MB | 1.4 MB    Progress (4): 13/93 MB | 14/18 MB | 1.4/4.2 MB | 1.4 MB                                                       Downloaded from central: https://repo.maven.apache.org/maven2/org/assertj/assertj-core/3.25.3/assertj-core-3.25.3.jar (1.4 MB at 509 kB/s)
Progress (3): 13/93 MB | 14/18 MB | 1.4/4.2 MBProgress (3): 13/93 MB | 14/18 MB | 1.4/4.2 MBProgress (3): 13/93 MB | 14/18 MB | 1.4/4.2 MBProgress (3): 13/93 MB | 14/18 MB | 1.4/4.2 MBProgress (3): 13/93 MB | 14/18 MB | 1.4/4.2 MB                                              Downloading from central: https://repo.maven.apache.org/maven2/org/junit/platform/junit-platform-commons/1.10.3/junit-platform-commons-1.10.3.jar
Progress (3): 13/93 MB | 14/18 MB | 1.4/4.2 MBProgress (3): 13/93 MB | 14/18 MB | 1.4/4.2 MBProgress (3): 13/93 MB | 14/18 MB | 1.4/4.2 MBProgress (3): 13/93 MB | 14/18 MB | 1.4/4.2 MBProgress (3): 13/93 MB | 14/18 MB | 1.4/4.2 MBProgress (3): 13/93 MB | 14/18 MB | 1.4/4.2 MBProgress (3): 13/93 MB | 14/18 MB | 1.4/4.2 MBProgress (3): 13/93 MB | 14/18 MB | 1.4/4.2 MBProgress (4): 13/93 MB | 14/18 MB | 1.4/4.2 MB | 7.5/14 kBProgress (4): 13/93 MB | 14/18 MB | 1.4/4.2 MB | 14 kB    Progress (4): 13/93 MB | 14/18 MB | 1.5/4.2 MB | 14 kB                                                      Downloaded from central: https://repo.maven.apache.org/maven2/org/opentest4j/opentest4j/1.3.0/opentest4j-1.3.0.jar (14 kB at 5.3 kB/s)
Progress (3): 13/93 MB | 14/18 MB | 1.5/4.2 MBProgress (3): 13/93 MB | 14/18 MB | 1.5/4.2 MBProgress (3): 13/93 MB | 14/18 MB | 1.5/4.2 MBProgress (3): 13/93 MB | 14/18 MB | 1.5/4.2 MB                                              Downloading from central: https://repo.maven.apache.org/maven2/org/apiguardian/apiguardian-api/1.1.2/apiguardian-api-1.1.2.jar
Progress (3): 13/93 MB | 14/18 MB | 1.5/4.2 MBProgress (3): 13/93 MB | 14/18 MB | 1.5/4.2 MBProgress (3): 13/93 MB | 14/18 MB | 1.5/4.2 MBProgress (3): 13/93 MB | 14/18 MB | 1.5/4.2 MBProgress (3): 13/93 MB | 14/18 MB | 1.5/4.2 MBProgress (3): 13/93 MB | 14/18 MB | 1.5/4.2 MBProgress (3): 14/93 MB | 14/18 MB | 1.5/4.2 MBProgress (3): 14/93 MB | 14/18 MB | 1.5/4.2 MBProgress (3): 14/93 MB | 14/18 MB | 1.5/4.2 MBProgress (3): 14/93 MB | 14/18 MB | 1.5/4.2 MBProgress (3): 14/93 MB | 14/18 MB | 1.5/4.2 MBProgress (3): 14/93 MB | 14/18 MB | 1.5/4.2 MBProgress (3): 14/93 MB | 14/18 MB | 1.5/4.2 MBProgress (3): 14/93 MB | 14/18 MB | 1.5/4.2 MBProgress (3): 14/93 MB | 14/18 MB | 1.5/4.2 MBProgress (3): 14/93 MB | 14/18 MB | 1.5/4.2 MBProgress (3): 14/93 MB | 14/18 MB | 1.5/4.2 MBProgress (3): 14/93 MB | 14/18 MB | 1.6/4.2 MBProgress (3): 14/93 MB | 14/18 MB | 1.6/4.2 MBProgress (3): 14/93 MB | 14/18 MB | 1.6/4.2 MBProgress (3): 14/93 MB | 14/18 MB | 1.6/4.2 MBProgress (3): 14/93 MB | 14/18 MB | 1.6/4.2 MBProgress (3): 14/93 MB | 14/18 MB | 1.6/4.2 MBProgress (3): 14/93 MB | 14/18 MB | 1.6/4.2 MBProgress (3): 14/93 MB | 14/18 MB | 1.6/4.2 MBProgress (3): 14/93 MB | 14/18 MB | 1.6/4.2 MBProgress (3): 14/93 MB | 14/18 MB | 1.6/4.2 MBProgress (3): 14/93 MB | 14/18 MB | 1.6/4.2 MBProgress (4): 14/93 MB | 14/18 MB | 1.6/4.2 MB | 7.7/106 kBProgress (4): 14/93 MB | 14/18 MB | 1.6/4.2 MB | 16/106 kB Progress (4): 14/93 MB | 14/18 MB | 1.6/4.2 MB | 16/106 kBProgress (4): 14/93 MB | 14/18 MB | 1.6/4.2 MB | 16/106 kBProgress (4): 14/93 MB | 14/18 MB | 1.6/4.2 MB | 32/106 kBProgress (4): 14/93 MB | 14/18 MB | 1.6/4.2 MB | 32/106 kBProgress (4): 14/93 MB | 14/18 MB | 1.6/4.2 MB | 32/106 kBProgress (4): 14/93 MB | 14/18 MB | 1.7/4.2 MB | 32/106 kBProgress (4): 14/93 MB | 14/18 MB | 1.7/4.2 MB | 32/106 kBProgress (4): 14/93 MB | 14/18 MB | 1.7/4.2 MB | 32/106 kBProgress (4): 14/93 MB | 14/18 MB | 1.7/4.2 MB | 32/106 kBProgress (4): 14/93 MB | 14/18 MB | 1.7/4.2 MB | 32/106 kBProgress (5): 14/93 MB | 14/18 MB | 1.7/4.2 MB | 32/106 kB | 6.8 kBProgress (5): 14/93 MB | 14/18 MB | 1.7/4.2 MB | 32/106 kB | 6.8 kB                                                                   Downloaded from central: https://repo.maven.apache.org/maven2/org/apiguardian/apiguardian-api/1.1.2/apiguardian-api-1.1.2.jar (6.8 kB at 2.5 kB/s)
Downloading from central: https://repo.maven.apache.org/maven2/org/junit/jupiter/junit-jupiter-params/5.10.3/junit-jupiter-params-5.10.3.jar
Progress (4): 14/93 MB | 14/18 MB | 1.7/4.2 MB | 32/106 kBProgress (4): 14/93 MB | 14/18 MB | 1.7/4.2 MB | 49/106 kBProgress (4): 14/93 MB | 14/18 MB | 1.7/4.2 MB | 49/106 kBProgress (4): 14/93 MB | 14/18 MB | 1.7/4.2 MB | 49/106 kBProgress (4): 14/93 MB | 14/18 MB | 1.7/4.2 MB | 49/106 kBProgress (4): 14/93 MB | 14/18 MB | 1.7/4.2 MB | 65/106 kBProgress (4): 14/93 MB | 14/18 MB | 1.7/4.2 MB | 65/106 kBProgress (4): 14/93 MB | 14/18 MB | 1.7/4.2 MB | 81/106 kBProgress (4): 14/93 MB | 14/18 MB | 1.7/4.2 MB | 81/106 kBProgress (4): 14/93 MB | 14/18 MB | 1.7/4.2 MB | 81/106 kBProgress (4): 14/93 MB | 14/18 MB | 1.7/4.2 MB | 81/106 kBProgress (4): 14/93 MB | 14/18 MB | 1.7/4.2 MB | 81/106 kBProgress (4): 14/93 MB | 14/18 MB | 1.7/4.2 MB | 81/106 kBProgress (4): 14/93 MB | 14/18 MB | 1.7/4.2 MB | 81/106 kBProgress (4): 14/93 MB | 14/18 MB | 1.7/4.2 MB | 98/106 kBProgress (4): 14/93 MB | 14/18 MB | 1.7/4.2 MB | 98/106 kBProgress (4): 14/93 MB | 14/18 MB | 1.7/4.2 MB | 106 kB   Progress (4): 14/93 MB | 14/18 MB | 1.7/4.2 MB | 106 kB                                                       Downloaded from central: https://repo.maven.apache.org/maven2/org/junit/platform/junit-platform-commons/1.10.3/junit-platform-commons-1.10.3.jar (106 kB at 39 kB/s)
Progress (3): 14/93 MB | 14/18 MB | 1.7/4.2 MBProgress (3): 14/93 MB | 14/18 MB | 1.7/4.2 MB                                              Downloading from central: https://repo.maven.apache.org/maven2/org/junit/jupiter/junit-jupiter-engine/5.10.3/junit-jupiter-engine-5.10.3.jar
Progress (3): 14/93 MB | 14/18 MB | 1.7/4.2 MBProgress (3): 14/93 MB | 14/18 MB | 1.7/4.2 MBProgress (3): 14/93 MB | 14/18 MB | 1.8/4.2 MBProgress (3): 14/93 MB | 14/18 MB | 1.8/4.2 MBProgress (3): 14/93 MB | 14/18 MB | 1.8/4.2 MBProgress (3): 14/93 MB | 14/18 MB | 1.8/4.2 MBProgress (3): 14/93 MB | 14/18 MB | 1.8/4.2 MBProgress (3): 14/93 MB | 14/18 MB | 1.8/4.2 MBProgress (3): 14/93 MB | 14/18 MB | 1.8/4.2 MBProgress (3): 14/93 MB | 14/18 MB | 1.8/4.2 MBProgress (3): 14/93 MB | 14/18 MB | 1.8/4.2 MBProgress (3): 14/93 MB | 14/18 MB | 1.8/4.2 MBProgress (3): 14/93 MB | 14/18 MB | 1.8/4.2 MBProgress (4): 14/93 MB | 14/18 MB | 1.8/4.2 MB | 7.7/586 kBProgress (4): 14/93 MB | 14/18 MB | 1.8/4.2 MB | 16/586 kB Progress (4): 14/93 MB | 14/18 MB | 1.8/4.2 MB | 16/586 kBProgress (4): 14/93 MB | 14/18 MB | 1.8/4.2 MB | 32/586 kBProgress (4): 14/93 MB | 14/18 MB | 1.8/4.2 MB | 32/586 kBProgress (4): 14/93 MB | 14/18 MB | 1.8/4.2 MB | 49/586 kBProgress (4): 14/93 MB | 14/18 MB | 1.8/4.2 MB | 49/586 kBProgress (4): 14/93 MB | 14/18 MB | 1.8/4.2 MB | 49/586 kBProgress (4): 14/93 MB | 14/18 MB | 1.8/4.2 MB | 49/586 kBProgress (4): 14/93 MB | 14/18 MB | 1.8/4.2 MB | 49/586 kBProgress (4): 14/93 MB | 14/18 MB | 1.9/4.2 MB | 49/586 kBProgress (4): 14/93 MB | 14/18 MB | 1.9/4.2 MB | 49/586 kBProgress (4): 14/93 MB | 14/18 MB | 1.9/4.2 MB | 49/586 kBProgress (4): 14/93 MB | 14/18 MB | 1.9/4.2 MB | 49/586 kBProgress (4): 14/93 MB | 14/18 MB | 1.9/4.2 MB | 49/586 kBProgress (4): 14/93 MB | 14/18 MB | 1.9/4.2 MB | 49/586 kBProgress (4): 14/93 MB | 14/18 MB | 1.9/4.2 MB | 49/586 kBProgress (4): 14/93 MB | 14/18 MB | 1.9/4.2 MB | 49/586 kBProgress (4): 14/93 MB | 14/18 MB | 1.9/4.2 MB | 65/586 kBProgress (4): 14/93 MB | 14/18 MB | 1.9/4.2 MB | 81/586 kBProgress (4): 14/93 MB | 14/18 MB | 1.9/4.2 MB | 98/586 kBProgress (4): 14/93 MB | 14/18 MB | 1.9/4.2 MB | 98/586 kBProgress (4): 14/93 MB | 14/18 MB | 1.9/4.2 MB | 98/586 kBProgress (4): 14/93 MB | 14/18 MB | 1.9/4.2 MB | 98/586 kBProgress (4): 14/93 MB | 14/18 MB | 1.9/4.2 MB | 98/586 kBProgress (4): 14/93 MB | 14/18 MB | 1.9/4.2 MB | 98/586 kBProgress (4): 14/93 MB | 14/18 MB | 1.9/4.2 MB | 98/586 kBProgress (4): 14/93 MB | 15/18 MB | 1.9/4.2 MB | 98/586 kBProgress (4): 14/93 MB | 15/18 MB | 1.9/4.2 MB | 98/586 kBProgress (4): 14/93 MB | 15/18 MB | 1.9/4.2 MB | 98/586 kBProgress (5): 14/93 MB | 15/18 MB | 1.9/4.2 MB | 98/586 kB | 7.7/245 kBProgress (5): 14/93 MB | 15/18 MB | 1.9/4.2 MB | 98/586 kB | 16/245 kB Progress (5): 14/93 MB | 15/18 MB | 1.9/4.2 MB | 98/586 kB | 16/245 kBProgress (5): 14/93 MB | 15/18 MB | 1.9/4.2 MB | 98/586 kB | 32/245 kBProgress (5): 14/93 MB | 15/18 MB | 1.9/4.2 MB | 114/586 kB | 32/245 kBProgress (5): 14/93 MB | 15/18 MB | 1.9/4.2 MB | 131/586 kB | 32/245 kBProgress (5): 14/93 MB | 15/18 MB | 1.9/4.2 MB | 131/586 kB | 32/245 kBProgress (5): 14/93 MB | 15/18 MB | 1.9/4.2 MB | 131/586 kB | 32/245 kBProgress (5): 14/93 MB | 15/18 MB | 1.9/4.2 MB | 131/586 kB | 49/245 kBProgress (5): 14/93 MB | 15/18 MB | 2.0/4.2 MB | 131/586 kB | 49/245 kBProgress (5): 14/93 MB | 15/18 MB | 2.0/4.2 MB | 147/586 kB | 49/245 kBProgress (5): 14/93 MB | 15/18 MB | 2.0/4.2 MB | 147/586 kB | 65/245 kBProgress (5): 14/93 MB | 15/18 MB | 2.0/4.2 MB | 147/586 kB | 65/245 kBProgress (5): 14/93 MB | 15/18 MB | 2.0/4.2 MB | 147/586 kB | 81/245 kBProgress (5): 14/93 MB | 15/18 MB | 2.0/4.2 MB | 147/586 kB | 81/245 kBProgress (5): 14/93 MB | 15/18 MB | 2.0/4.2 MB | 147/586 kB | 81/245 kBProgress (5): 14/93 MB | 15/18 MB | 2.0/4.2 MB | 147/586 kB | 81/245 kBProgress (5): 14/93 MB | 15/18 MB | 2.0/4.2 MB | 163/586 kB | 81/245 kBProgress (5): 14/93 MB | 15/18 MB | 2.0/4.2 MB | 180/586 kB | 81/245 kBProgress (5): 14/93 MB | 15/18 MB | 2.0/4.2 MB | 180/586 kB | 81/245 kBProgress (5): 14/93 MB | 15/18 MB | 2.0/4.2 MB | 180/586 kB | 98/245 kBProgress (5): 14/93 MB | 15/18 MB | 2.0/4.2 MB | 180/586 kB | 98/245 kBProgress (5): 14/93 MB | 15/18 MB | 2.0/4.2 MB | 180/586 kB | 114/245 kBProgress (5): 14/93 MB | 15/18 MB | 2.0/4.2 MB | 180/586 kB | 114/245 kBProgress (5): 14/93 MB | 15/18 MB | 2.0/4.2 MB | 180/586 kB | 114/245 kBProgress (5): 14/93 MB | 15/18 MB | 2.0/4.2 MB | 180/586 kB | 114/245 kBProgress (5): 14/93 MB | 15/18 MB | 2.0/4.2 MB | 180/586 kB | 114/245 kBProgress (5): 14/93 MB | 15/18 MB | 2.0/4.2 MB | 180/586 kB | 114/245 kBProgress (5): 14/93 MB | 15/18 MB | 2.0/4.2 MB | 196/586 kB | 114/245 kBProgress (5): 14/93 MB | 15/18 MB | 2.0/4.2 MB | 196/586 kB | 131/245 kBProgress (5): 14/93 MB | 15/18 MB | 2.0/4.2 MB | 213/586 kB | 131/245 kBProgress (5): 14/93 MB | 15/18 MB | 2.0/4.2 MB | 213/586 kB | 131/245 kBProgress (5): 14/93 MB | 15/18 MB | 2.0/4.2 MB | 213/586 kB | 131/245 kBProgress (5): 14/93 MB | 15/18 MB | 2.0/4.2 MB | 213/586 kB | 147/245 kBProgress (5): 14/93 MB | 15/18 MB | 2.0/4.2 MB | 213/586 kB | 147/245 kBProgress (5): 14/93 MB | 15/18 MB | 2.0/4.2 MB | 229/586 kB | 147/245 kBProgress (5): 14/93 MB | 15/18 MB | 2.0/4.2 MB | 229/586 kB | 147/245 kBProgress (5): 14/93 MB | 15/18 MB | 2.0/4.2 MB | 229/586 kB | 163/245 kBProgress (5): 14/93 MB | 15/18 MB | 2.0/4.2 MB | 229/586 kB | 163/245 kBProgress (5): 14/93 MB | 15/18 MB | 2.0/4.2 MB | 229/586 kB | 163/245 kBProgress (5): 14/93 MB | 15/18 MB | 2.0/4.2 MB | 245/586 kB | 163/245 kBProgress (5): 14/93 MB | 15/18 MB | 2.0/4.2 MB | 245/586 kB | 180/245 kBProgress (5): 14/93 MB | 15/18 MB | 2.0/4.2 MB | 245/586 kB | 180/245 kBProgress (5): 14/93 MB | 15/18 MB | 2.0/4.2 MB | 245/586 kB | 196/245 kBProgress (5): 14/93 MB | 15/18 MB | 2.1/4.2 MB | 245/586 kB | 196/245 kBProgress (5): 14/93 MB | 15/18 MB | 2.1/4.2 MB | 245/586 kB | 213/245 kBProgress (5): 14/93 MB | 15/18 MB | 2.1/4.2 MB | 245/586 kB | 213/245 kBProgress (5): 14/93 MB | 15/18 MB | 2.1/4.2 MB | 245/586 kB | 229/245 kBProgress (5): 14/93 MB | 15/18 MB | 2.1/4.2 MB | 245/586 kB | 229/245 kBProgress (5): 14/93 MB | 15/18 MB | 2.1/4.2 MB | 262/586 kB | 229/245 kBProgress (5): 14/93 MB | 15/18 MB | 2.1/4.2 MB | 278/586 kB | 229/245 kBProgress (5): 14/93 MB | 15/18 MB | 2.1/4.2 MB | 294/586 kB | 229/245 kBProgress (5): 14/93 MB | 15/18 MB | 2.1/4.2 MB | 294/586 kB | 229/245 kBProgress (5): 14/93 MB | 15/18 MB | 2.1/4.2 MB | 294/586 kB | 229/245 kBProgress (5): 14/93 MB | 15/18 MB | 2.1/4.2 MB | 294/586 kB | 229/245 kBProgress (5): 14/93 MB | 15/18 MB | 2.1/4.2 MB | 294/586 kB | 229/245 kBProgress (5): 14/93 MB | 15/18 MB | 2.1/4.2 MB | 294/586 kB | 229/245 kBProgress (5): 14/93 MB | 15/18 MB | 2.1/4.2 MB | 294/586 kB | 229/245 kBProgress (5): 14/93 MB | 15/18 MB | 2.1/4.2 MB | 294/586 kB | 245 kB    Progress (5): 14/93 MB | 15/18 MB | 2.1/4.2 MB | 294/586 kB | 245 kBProgress (5): 14/93 MB | 15/18 MB | 2.1/4.2 MB | 294/586 kB | 245 kBProgress (5): 14/93 MB | 15/18 MB | 2.1/4.2 MB | 294/586 kB | 245 kBProgress (5): 14/93 MB | 15/18 MB | 2.1/4.2 MB | 294/586 kB | 245 kBProgress (5): 14/93 MB | 15/18 MB | 2.1/4.2 MB | 294/586 kB | 245 kBProgress (5): 14/93 MB | 15/18 MB | 2.1/4.2 MB | 294/586 kB | 245 kB                                                                    Downloaded from central: https://repo.maven.apache.org/maven2/org/junit/jupiter/junit-jupiter-engine/5.10.3/junit-jupiter-engine-5.10.3.jar (245 kB at 88 kB/s)
Downloading from central: https://repo.maven.apache.org/maven2/org/junit/platform/junit-platform-engine/1.10.3/junit-platform-engine-1.10.3.jar
Progress (4): 14/93 MB | 15/18 MB | 2.1/4.2 MB | 294/586 kBProgress (4): 14/93 MB | 15/18 MB | 2.1/4.2 MB | 294/586 kBProgress (4): 14/93 MB | 15/18 MB | 2.1/4.2 MB | 311/586 kBProgress (4): 14/93 MB | 15/18 MB | 2.1/4.2 MB | 327/586 kBProgress (4): 14/93 MB | 15/18 MB | 2.1/4.2 MB | 344/586 kBProgress (4): 14/93 MB | 15/18 MB | 2.2/4.2 MB | 344/586 kBProgress (4): 14/93 MB | 15/18 MB | 2.2/4.2 MB | 344/586 kBProgress (4): 14/93 MB | 15/18 MB | 2.2/4.2 MB | 360/586 kBProgress (4): 14/93 MB | 15/18 MB | 2.2/4.2 MB | 360/586 kBProgress (4): 14/93 MB | 15/18 MB | 2.2/4.2 MB | 360/586 kBProgress (4): 14/93 MB | 15/18 MB | 2.2/4.2 MB | 360/586 kBProgress (4): 14/93 MB | 15/18 MB | 2.2/4.2 MB | 360/586 kBProgress (4): 14/93 MB | 15/18 MB | 2.2/4.2 MB | 360/586 kBProgress (4): 14/93 MB | 15/18 MB | 2.2/4.2 MB | 360/586 kBProgress (4): 14/93 MB | 15/18 MB | 2.2/4.2 MB | 376/586 kBProgress (4): 14/93 MB | 15/18 MB | 2.2/4.2 MB | 393/586 kBProgress (4): 14/93 MB | 15/18 MB | 2.2/4.2 MB | 393/586 kBProgress (4): 14/93 MB | 15/18 MB | 2.2/4.2 MB | 393/586 kBProgress (4): 14/93 MB | 15/18 MB | 2.2/4.2 MB | 393/586 kBProgress (4): 14/93 MB | 15/18 MB | 2.2/4.2 MB | 393/586 kBProgress (4): 14/93 MB | 15/18 MB | 2.2/4.2 MB | 409/586 kBProgress (4): 14/93 MB | 15/18 MB | 2.2/4.2 MB | 409/586 kBProgress (4): 14/93 MB | 15/18 MB | 2.2/4.2 MB | 409/586 kBProgress (4): 14/93 MB | 15/18 MB | 2.2/4.2 MB | 426/586 kBProgress (4): 14/93 MB | 15/18 MB | 2.2/4.2 MB | 426/586 kBProgress (4): 14/93 MB | 15/18 MB | 2.2/4.2 MB | 426/586 kBProgress (4): 14/93 MB | 15/18 MB | 2.2/4.2 MB | 426/586 kBProgress (4): 14/93 MB | 15/18 MB | 2.2/4.2 MB | 442/586 kBProgress (4): 14/93 MB | 15/18 MB | 2.2/4.2 MB | 442/586 kBProgress (4): 14/93 MB | 15/18 MB | 2.2/4.2 MB | 442/586 kBProgress (4): 14/93 MB | 15/18 MB | 2.2/4.2 MB | 442/586 kBProgress (4): 14/93 MB | 15/18 MB | 2.2/4.2 MB | 442/586 kBProgress (4): 14/93 MB | 15/18 MB | 2.3/4.2 MB | 442/586 kBProgress (4): 14/93 MB | 15/18 MB | 2.3/4.2 MB | 442/586 kBProgress (4): 14/93 MB | 15/18 MB | 2.3/4.2 MB | 442/586 kBProgress (4): 14/93 MB | 15/18 MB | 2.3/4.2 MB | 442/586 kBProgress (4): 14/93 MB | 15/18 MB | 2.3/4.2 MB | 458/586 kBProgress (4): 14/93 MB | 15/18 MB | 2.3/4.2 MB | 475/586 kBProgress (4): 14/93 MB | 15/18 MB | 2.3/4.2 MB | 491/586 kBProgress (4): 14/93 MB | 15/18 MB | 2.3/4.2 MB | 507/586 kBProgress (4): 14/93 MB | 15/18 MB | 2.3/4.2 MB | 507/586 kBProgress (4): 14/93 MB | 15/18 MB | 2.3/4.2 MB | 507/586 kBProgress (4): 14/93 MB | 15/18 MB | 2.3/4.2 MB | 507/586 kBProgress (5): 14/93 MB | 15/18 MB | 2.3/4.2 MB | 507/586 kB | 7.7/205 kBProgress (5): 14/93 MB | 15/18 MB | 2.3/4.2 MB | 507/586 kB | 16/205 kB Progress (5): 14/93 MB | 15/18 MB | 2.3/4.2 MB | 507/586 kB | 16/205 kBProgress (5): 14/93 MB | 15/18 MB | 2.3/4.2 MB | 507/586 kB | 16/205 kBProgress (5): 14/93 MB | 15/18 MB | 2.3/4.2 MB | 507/586 kB | 16/205 kBProgress (5): 14/93 MB | 15/18 MB | 2.3/4.2 MB | 507/586 kB | 32/205 kBProgress (5): 14/93 MB | 15/18 MB | 2.3/4.2 MB | 507/586 kB | 32/205 kBProgress (5): 14/93 MB | 15/18 MB | 2.3/4.2 MB | 507/586 kB | 49/205 kBProgress (5): 14/93 MB | 15/18 MB | 2.3/4.2 MB | 507/586 kB | 49/205 kBProgress (5): 14/93 MB | 15/18 MB | 2.3/4.2 MB | 507/586 kB | 49/205 kBProgress (5): 14/93 MB | 15/18 MB | 2.4/4.2 MB | 507/586 kB | 49/205 kBProgress (5): 14/93 MB | 15/18 MB | 2.4/4.2 MB | 524/586 kB | 49/205 kBProgress (5): 14/93 MB | 15/18 MB | 2.4/4.2 MB | 540/586 kB | 49/205 kBProgress (5): 14/93 MB | 15/18 MB | 2.4/4.2 MB | 540/586 kB | 65/205 kBProgress (5): 14/93 MB | 15/18 MB | 2.4/4.2 MB | 540/586 kB | 65/205 kBProgress (5): 14/93 MB | 15/18 MB | 2.4/4.2 MB | 540/586 kB | 81/205 kBProgress (5): 14/93 MB | 15/18 MB | 2.4/4.2 MB | 540/586 kB | 81/205 kBProgress (5): 14/93 MB | 15/18 MB | 2.4/4.2 MB | 540/586 kB | 98/205 kBProgress (5): 14/93 MB | 15/18 MB | 2.4/4.2 MB | 540/586 kB | 98/205 kBProgress (5): 14/93 MB | 15/18 MB | 2.4/4.2 MB | 557/586 kB | 98/205 kBProgress (5): 14/93 MB | 15/18 MB | 2.4/4.2 MB | 557/586 kB | 98/205 kBProgress (5): 14/93 MB | 15/18 MB | 2.4/4.2 MB | 557/586 kB | 98/205 kBProgress (5): 14/93 MB | 15/18 MB | 2.4/4.2 MB | 557/586 kB | 98/205 kBProgress (5): 14/93 MB | 15/18 MB | 2.4/4.2 MB | 573/586 kB | 98/205 kBProgress (5): 14/93 MB | 15/18 MB | 2.4/4.2 MB | 573/586 kB | 98/205 kBProgress (5): 14/93 MB | 15/18 MB | 2.4/4.2 MB | 573/586 kB | 114/205 kBProgress (5): 14/93 MB | 15/18 MB | 2.4/4.2 MB | 573/586 kB | 114/205 kBProgress (5): 14/93 MB | 15/18 MB | 2.4/4.2 MB | 586 kB | 114/205 kB    Progress (5): 14/93 MB | 15/18 MB | 2.4/4.2 MB | 586 kB | 114/205 kBProgress (5): 14/93 MB | 15/18 MB | 2.4/4.2 MB | 586 kB | 114/205 kBProgress (5): 14/93 MB | 15/18 MB | 2.4/4.2 MB | 586 kB | 114/205 kBProgress (5): 14/93 MB | 15/18 MB | 2.4/4.2 MB | 586 kB | 131/205 kBProgress (5): 14/93 MB | 15/18 MB | 2.4/4.2 MB | 586 kB | 131/205 kBProgress (5): 14/93 MB | 15/18 MB | 2.4/4.2 MB | 586 kB | 147/205 kB                                                                    Downloaded from central: https://repo.maven.apache.org/maven2/org/junit/jupiter/junit-jupiter-params/5.10.3/junit-jupiter-params-5.10.3.jar (586 kB at 208 kB/s)
Downloading from central: https://repo.maven.apache.org/maven2/org/mockito/mockito-core/5.11.0/mockito-core-5.11.0.jar
Progress (4): 14/93 MB | 15/18 MB | 2.4/4.2 MB | 147/205 kBProgress (4): 14/93 MB | 15/18 MB | 2.4/4.2 MB | 147/205 kBProgress (4): 14/93 MB | 15/18 MB | 2.4/4.2 MB | 147/205 kBProgress (4): 14/93 MB | 15/18 MB | 2.4/4.2 MB | 147/205 kBProgress (4): 14/93 MB | 15/18 MB | 2.4/4.2 MB | 163/205 kBProgress (4): 14/93 MB | 15/18 MB | 2.4/4.2 MB | 163/205 kBProgress (4): 14/93 MB | 15/18 MB | 2.4/4.2 MB | 180/205 kBProgress (4): 14/93 MB | 15/18 MB | 2.4/4.2 MB | 180/205 kBProgress (4): 14/93 MB | 15/18 MB | 2.4/4.2 MB | 180/205 kBProgress (4): 14/93 MB | 15/18 MB | 2.4/4.2 MB | 196/205 kBProgress (4): 14/93 MB | 15/18 MB | 2.4/4.2 MB | 205 kB    Progress (4): 14/93 MB | 15/18 MB | 2.5/4.2 MB | 205 kBProgress (4): 14/93 MB | 15/18 MB | 2.5/4.2 MB | 205 kBProgress (4): 14/93 MB | 15/18 MB | 2.5/4.2 MB | 205 kBProgress (4): 14/93 MB | 15/18 MB | 2.5/4.2 MB | 205 kBProgress (4): 14/93 MB | 15/18 MB | 2.5/4.2 MB | 205 kB                                                       Downloaded from central: https://repo.maven.apache.org/maven2/org/junit/platform/junit-platform-engine/1.10.3/junit-platform-engine-1.10.3.jar (205 kB at 72 kB/s)
Progress (3): 15/93 MB | 15/18 MB | 2.5/4.2 MBProgress (3): 15/93 MB | 15/18 MB | 2.5/4.2 MBProgress (3): 15/93 MB | 15/18 MB | 2.5/4.2 MB                                              Downloading from central: https://repo.maven.apache.org/maven2/net/bytebuddy/byte-buddy-agent/1.14.19/byte-buddy-agent-1.14.19.jar
Progress (3): 15/93 MB | 15/18 MB | 2.5/4.2 MBProgress (3): 15/93 MB | 15/18 MB | 2.5/4.2 MBProgress (3): 15/93 MB | 15/18 MB | 2.5/4.2 MBProgress (3): 15/93 MB | 15/18 MB | 2.5/4.2 MBProgress (3): 15/93 MB | 15/18 MB | 2.5/4.2 MBProgress (3): 15/93 MB | 15/18 MB | 2.5/4.2 MBProgress (3): 15/93 MB | 15/18 MB | 2.5/4.2 MBProgress (3): 15/93 MB | 15/18 MB | 2.5/4.2 MBProgress (3): 15/93 MB | 15/18 MB | 2.5/4.2 MBProgress (3): 15/93 MB | 15/18 MB | 2.5/4.2 MBProgress (3): 15/93 MB | 15/18 MB | 2.6/4.2 MBProgress (3): 15/93 MB | 15/18 MB | 2.6/4.2 MBProgress (3): 15/93 MB | 15/18 MB | 2.6/4.2 MBProgress (3): 15/93 MB | 15/18 MB | 2.6/4.2 MBProgress (3): 15/93 MB | 15/18 MB | 2.6/4.2 MBProgress (3): 15/93 MB | 15/18 MB | 2.6/4.2 MBProgress (3): 15/93 MB | 15/18 MB | 2.6/4.2 MBProgress (3): 15/93 MB | 15/18 MB | 2.6/4.2 MBProgress (4): 15/93 MB | 15/18 MB | 2.6/4.2 MB | 7.7/704 kBProgress (4): 15/93 MB | 15/18 MB | 2.6/4.2 MB | 16/704 kB Progress (4): 15/93 MB | 15/18 MB | 2.6/4.2 MB | 16/704 kBProgress (4): 15/93 MB | 15/18 MB | 2.6/4.2 MB | 16/704 kBProgress (4): 15/93 MB | 15/18 MB | 2.6/4.2 MB | 16/704 kBProgress (4): 15/93 MB | 15/18 MB | 2.6/4.2 MB | 16/704 kBProgress (4): 15/93 MB | 15/18 MB | 2.6/4.2 MB | 16/704 kBProgress (4): 15/93 MB | 15/18 MB | 2.6/4.2 MB | 16/704 kBProgress (4): 15/93 MB | 15/18 MB | 2.6/4.2 MB | 32/704 kBProgress (4): 15/93 MB | 15/18 MB | 2.6/4.2 MB | 32/704 kBProgress (4): 15/93 MB | 15/18 MB | 2.6/4.2 MB | 48/704 kBProgress (4): 15/93 MB | 15/18 MB | 2.6/4.2 MB | 48/704 kBProgress (4): 15/93 MB | 15/18 MB | 2.6/4.2 MB | 65/704 kBProgress (4): 15/93 MB | 15/18 MB | 2.6/4.2 MB | 65/704 kBProgress (4): 15/93 MB | 15/18 MB | 2.6/4.2 MB | 81/704 kBProgress (4): 15/93 MB | 15/18 MB | 2.6/4.2 MB | 81/704 kBProgress (4): 15/93 MB | 15/18 MB | 2.6/4.2 MB | 81/704 kBProgress (4): 15/93 MB | 15/18 MB | 2.7/4.2 MB | 81/704 kBProgress (4): 15/93 MB | 15/18 MB | 2.7/4.2 MB | 81/704 kBProgress (4): 15/93 MB | 15/18 MB | 2.7/4.2 MB | 81/704 kBProgress (4): 15/93 MB | 15/18 MB | 2.7/4.2 MB | 81/704 kBProgress (4): 15/93 MB | 15/18 MB | 2.7/4.2 MB | 98/704 kBProgress (4): 15/93 MB | 15/18 MB | 2.7/4.2 MB | 98/704 kBProgress (4): 15/93 MB | 15/18 MB | 2.7/4.2 MB | 114/704 kBProgress (4): 15/93 MB | 15/18 MB | 2.7/4.2 MB | 114/704 kBProgress (4): 15/93 MB | 15/18 MB | 2.7/4.2 MB | 114/704 kBProgress (4): 15/93 MB | 15/18 MB | 2.7/4.2 MB | 114/704 kBProgress (4): 15/93 MB | 15/18 MB | 2.7/4.2 MB | 114/704 kBProgress (5): 15/93 MB | 15/18 MB | 2.7/4.2 MB | 114/704 kB | 7.7/263 kBProgress (5): 15/93 MB | 15/18 MB | 2.7/4.2 MB | 114/704 kB | 16/263 kB Progress (5): 15/93 MB | 15/18 MB | 2.7/4.2 MB | 114/704 kB | 16/263 kBProgress (5): 15/93 MB | 15/18 MB | 2.7/4.2 MB | 114/704 kB | 32/263 kBProgress (5): 15/93 MB | 15/18 MB | 2.7/4.2 MB | 114/704 kB | 32/263 kBProgress (5): 15/93 MB | 15/18 MB | 2.7/4.2 MB | 114/704 kB | 32/263 kBProgress (5): 15/93 MB | 15/18 MB | 2.7/4.2 MB | 114/704 kB | 32/263 kBProgress (5): 15/93 MB | 15/18 MB | 2.7/4.2 MB | 130/704 kB | 32/263 kBProgress (5): 15/93 MB | 15/18 MB | 2.7/4.2 MB | 130/704 kB | 32/263 kBProgress (5): 15/93 MB | 15/18 MB | 2.7/4.2 MB | 147/704 kB | 32/263 kBProgress (5): 15/93 MB | 15/18 MB | 2.7/4.2 MB | 163/704 kB | 32/263 kBProgress (5): 15/93 MB | 15/18 MB | 2.7/4.2 MB | 163/704 kB | 32/263 kBProgress (5): 15/93 MB | 15/18 MB | 2.7/4.2 MB | 163/704 kB | 32/263 kBProgress (5): 15/93 MB | 15/18 MB | 2.7/4.2 MB | 163/704 kB | 49/263 kBProgress (5): 15/93 MB | 15/18 MB | 2.7/4.2 MB | 163/704 kB | 49/263 kBProgress (5): 15/93 MB | 15/18 MB | 2.8/4.2 MB | 163/704 kB | 49/263 kBProgress (5): 15/93 MB | 15/18 MB | 2.8/4.2 MB | 163/704 kB | 49/263 kBProgress (5): 15/93 MB | 15/18 MB | 2.8/4.2 MB | 163/704 kB | 65/263 kBProgress (5): 15/93 MB | 15/18 MB | 2.8/4.2 MB | 163/704 kB | 65/263 kBProgress (5): 15/93 MB | 15/18 MB | 2.8/4.2 MB | 163/704 kB | 65/263 kBProgress (5): 15/93 MB | 15/18 MB | 2.8/4.2 MB | 163/704 kB | 81/263 kBProgress (5): 15/93 MB | 15/18 MB | 2.8/4.2 MB | 179/704 kB | 81/263 kBProgress (5): 15/93 MB | 15/18 MB | 2.8/4.2 MB | 179/704 kB | 81/263 kBProgress (5): 15/93 MB | 15/18 MB | 2.8/4.2 MB | 196/704 kB | 81/263 kBProgress (5): 15/93 MB | 15/18 MB | 2.8/4.2 MB | 196/704 kB | 81/263 kBProgress (5): 15/93 MB | 15/18 MB | 2.8/4.2 MB | 212/704 kB | 81/263 kBProgress (5): 15/93 MB | 15/18 MB | 2.8/4.2 MB | 212/704 kB | 81/263 kBProgress (5): 15/93 MB | 15/18 MB | 2.8/4.2 MB | 229/704 kB | 81/263 kBProgress (5): 15/93 MB | 15/18 MB | 2.8/4.2 MB | 229/704 kB | 81/263 kBProgress (5): 15/93 MB | 15/18 MB | 2.8/4.2 MB | 229/704 kB | 81/263 kBProgress (5): 15/93 MB | 15/18 MB | 2.8/4.2 MB | 229/704 kB | 81/263 kBProgress (5): 15/93 MB | 15/18 MB | 2.8/4.2 MB | 229/704 kB | 81/263 kBProgress (5): 15/93 MB | 15/18 MB | 2.8/4.2 MB | 229/704 kB | 81/263 kBProgress (5): 15/93 MB | 15/18 MB | 2.8/4.2 MB | 229/704 kB | 81/263 kBProgress (5): 15/93 MB | 15/18 MB | 2.8/4.2 MB | 229/704 kB | 81/263 kBProgress (5): 15/93 MB | 15/18 MB | 2.8/4.2 MB | 229/704 kB | 81/263 kBProgress (5): 15/93 MB | 15/18 MB | 2.9/4.2 MB | 229/704 kB | 81/263 kBProgress (5): 15/93 MB | 15/18 MB | 2.9/4.2 MB | 229/704 kB | 81/263 kBProgress (5): 15/93 MB | 15/18 MB | 2.9/4.2 MB | 229/704 kB | 81/263 kBProgress (5): 15/93 MB | 15/18 MB | 2.9/4.2 MB | 229/704 kB | 98/263 kBProgress (5): 15/93 MB | 15/18 MB | 2.9/4.2 MB | 229/704 kB | 98/263 kBProgress (5): 15/93 MB | 15/18 MB | 2.9/4.2 MB | 229/704 kB | 98/263 kBProgress (5): 15/93 MB | 15/18 MB | 2.9/4.2 MB | 229/704 kB | 114/263 kBProgress (5): 15/93 MB | 15/18 MB | 2.9/4.2 MB | 229/704 kB | 114/263 kBProgress (5): 15/93 MB | 15/18 MB | 2.9/4.2 MB | 229/704 kB | 131/263 kBProgress (5): 15/93 MB | 15/18 MB | 2.9/4.2 MB | 229/704 kB | 131/263 kBProgress (5): 15/93 MB | 15/18 MB | 2.9/4.2 MB | 229/704 kB | 147/263 kBProgress (5): 15/93 MB | 15/18 MB | 2.9/4.2 MB | 229/704 kB | 147/263 kBProgress (5): 15/93 MB | 15/18 MB | 2.9/4.2 MB | 229/704 kB | 147/263 kBProgress (5): 15/93 MB | 15/18 MB | 2.9/4.2 MB | 229/704 kB | 147/263 kBProgress (5): 15/93 MB | 15/18 MB | 2.9/4.2 MB | 229/704 kB | 147/263 kBProgress (5): 15/93 MB | 15/18 MB | 2.9/4.2 MB | 229/704 kB | 147/263 kBProgress (5): 15/93 MB | 15/18 MB | 2.9/4.2 MB | 229/704 kB | 147/263 kBProgress (5): 15/93 MB | 15/18 MB | 2.9/4.2 MB | 229/704 kB | 147/263 kBProgress (5): 15/93 MB | 15/18 MB | 2.9/4.2 MB | 229/704 kB | 147/263 kBProgress (5): 15/93 MB | 15/18 MB | 2.9/4.2 MB | 229/704 kB | 147/263 kBProgress (5): 15/93 MB | 15/18 MB | 2.9/4.2 MB | 229/704 kB | 147/263 kBProgress (5): 15/93 MB | 15/18 MB | 2.9/4.2 MB | 245/704 kB | 147/263 kBProgress (5): 15/93 MB | 15/18 MB | 2.9/4.2 MB | 245/704 kB | 147/263 kBProgress (5): 15/93 MB | 15/18 MB | 3.0/4.2 MB | 245/704 kB | 147/263 kBProgress (5): 15/93 MB | 15/18 MB | 3.0/4.2 MB | 261/704 kB | 147/263 kBProgress (5): 15/93 MB | 15/18 MB | 3.0/4.2 MB | 261/704 kB | 147/263 kBProgress (5): 15/93 MB | 15/18 MB | 3.0/4.2 MB | 278/704 kB | 147/263 kBProgress (5): 15/93 MB | 15/18 MB | 3.0/4.2 MB | 278/704 kB | 147/263 kBProgress (5): 15/93 MB | 15/18 MB | 3.0/4.2 MB | 278/704 kB | 147/263 kBProgress (5): 15/93 MB | 15/18 MB | 3.0/4.2 MB | 278/704 kB | 163/263 kBProgress (5): 15/93 MB | 15/18 MB | 3.0/4.2 MB | 278/704 kB | 163/263 kBProgress (5): 15/93 MB | 15/18 MB | 3.0/4.2 MB | 278/704 kB | 163/263 kBProgress (5): 15/93 MB | 15/18 MB | 3.0/4.2 MB | 278/704 kB | 163/263 kBProgress (5): 15/93 MB | 15/18 MB | 3.0/4.2 MB | 278/704 kB | 163/263 kBProgress (5): 15/93 MB | 15/18 MB | 3.0/4.2 MB | 278/704 kB | 163/263 kBProgress (5): 15/93 MB | 15/18 MB | 3.0/4.2 MB | 278/704 kB | 180/263 kBProgress (5): 15/93 MB | 15/18 MB | 3.0/4.2 MB | 278/704 kB | 180/263 kBProgress (5): 15/93 MB | 15/18 MB | 3.0/4.2 MB | 278/704 kB | 180/263 kBProgress (5): 15/93 MB | 15/18 MB | 3.0/4.2 MB | 278/704 kB | 180/263 kBProgress (5): 15/93 MB | 15/18 MB | 3.0/4.2 MB | 278/704 kB | 180/263 kBProgress (5): 15/93 MB | 15/18 MB | 3.0/4.2 MB | 278/704 kB | 180/263 kBProgress (5): 15/93 MB | 15/18 MB | 3.0/4.2 MB | 294/704 kB | 180/263 kBProgress (5): 15/93 MB | 15/18 MB | 3.0/4.2 MB | 294/704 kB | 180/263 kBProgress (5): 15/93 MB | 15/18 MB | 3.1/4.2 MB | 294/704 kB | 180/263 kBProgress (5): 15/93 MB | 15/18 MB | 3.1/4.2 MB | 311/704 kB | 180/263 kBProgress (5): 15/93 MB | 15/18 MB | 3.1/4.2 MB | 311/704 kB | 180/263 kBProgress (5): 15/93 MB | 15/18 MB | 3.1/4.2 MB | 327/704 kB | 180/263 kBProgress (5): 15/93 MB | 15/18 MB | 3.1/4.2 MB | 327/704 kB | 180/263 kBProgress (5): 15/93 MB | 15/18 MB | 3.1/4.2 MB | 327/704 kB | 180/263 kBProgress (5): 15/93 MB | 15/18 MB | 3.1/4.2 MB | 327/704 kB | 180/263 kBProgress (5): 15/93 MB | 15/18 MB | 3.1/4.2 MB | 327/704 kB | 196/263 kBProgress (5): 15/93 MB | 15/18 MB | 3.1/4.2 MB | 327/704 kB | 196/263 kBProgress (5): 15/93 MB | 15/18 MB | 3.1/4.2 MB | 327/704 kB | 213/263 kBProgress (5): 15/93 MB | 15/18 MB | 3.1/4.2 MB | 327/704 kB | 213/263 kBProgress (5): 15/93 MB | 15/18 MB | 3.1/4.2 MB | 343/704 kB | 213/263 kBProgress (5): 15/93 MB | 15/18 MB | 3.1/4.2 MB | 343/704 kB | 213/263 kBProgress (5): 15/93 MB | 15/18 MB | 3.1/4.2 MB | 343/704 kB | 213/263 kBProgress (5): 15/93 MB | 15/18 MB | 3.1/4.2 MB | 343/704 kB | 213/263 kBProgress (5): 15/93 MB | 15/18 MB | 3.1/4.2 MB | 343/704 kB | 213/263 kBProgress (5): 15/93 MB | 15/18 MB | 3.2/4.2 MB | 343/704 kB | 213/263 kBProgress (5): 15/93 MB | 15/18 MB | 3.2/4.2 MB | 343/704 kB | 213/263 kBProgress (5): 15/93 MB | 15/18 MB | 3.2/4.2 MB | 343/704 kB | 213/263 kBProgress (5): 15/93 MB | 15/18 MB | 3.2/4.2 MB | 343/704 kB | 213/263 kBProgress (5): 15/93 MB | 15/18 MB | 3.2/4.2 MB | 343/704 kB | 229/263 kBProgress (5): 15/93 MB | 15/18 MB | 3.2/4.2 MB | 343/704 kB | 229/263 kBProgress (5): 15/93 MB | 15/18 MB | 3.2/4.2 MB | 360/704 kB | 229/263 kBProgress (5): 15/93 MB | 15/18 MB | 3.2/4.2 MB | 360/704 kB | 229/263 kBProgress (5): 15/93 MB | 15/18 MB | 3.2/4.2 MB | 376/704 kB | 229/263 kBProgress (5): 15/93 MB | 15/18 MB | 3.2/4.2 MB | 376/704 kB | 229/263 kBProgress (5): 15/93 MB | 15/18 MB | 3.2/4.2 MB | 376/704 kB | 229/263 kBProgress (5): 15/93 MB | 15/18 MB | 3.2/4.2 MB | 376/704 kB | 229/263 kBProgress (5): 15/93 MB | 15/18 MB | 3.2/4.2 MB | 376/704 kB | 229/263 kBProgress (5): 15/93 MB | 15/18 MB | 3.2/4.2 MB | 376/704 kB | 245/263 kBProgress (5): 15/93 MB | 15/18 MB | 3.2/4.2 MB | 376/704 kB | 245/263 kBProgress (5): 15/93 MB | 15/18 MB | 3.2/4.2 MB | 376/704 kB | 245/263 kBProgress (5): 15/93 MB | 15/18 MB | 3.2/4.2 MB | 376/704 kB | 262/263 kBProgress (5): 15/93 MB | 15/18 MB | 3.2/4.2 MB | 376/704 kB | 263 kB    Progress (5): 15/93 MB | 15/18 MB | 3.2/4.2 MB | 376/704 kB | 263 kBProgress (5): 15/93 MB | 16/18 MB | 3.2/4.2 MB | 376/704 kB | 263 kBProgress (5): 15/93 MB | 16/18 MB | 3.2/4.2 MB | 376/704 kB | 263 kBProgress (5): 15/93 MB | 16/18 MB | 3.2/4.2 MB | 376/704 kB | 263 kBProgress (5): 15/93 MB | 16/18 MB | 3.2/4.2 MB | 376/704 kB | 263 kBProgress (5): 15/93 MB | 16/18 MB | 3.2/4.2 MB | 376/704 kB | 263 kBProgress (5): 15/93 MB | 16/18 MB | 3.2/4.2 MB | 376/704 kB | 263 kBProgress (5): 15/93 MB | 16/18 MB | 3.3/4.2 MB | 376/704 kB | 263 kBProgress (5): 15/93 MB | 16/18 MB | 3.3/4.2 MB | 376/704 kB | 263 kBProgress (5): 15/93 MB | 16/18 MB | 3.3/4.2 MB | 376/704 kB | 263 kBProgress (5): 15/93 MB | 16/18 MB | 3.3/4.2 MB | 376/704 kB | 263 kBProgress (5): 15/93 MB | 16/18 MB | 3.3/4.2 MB | 376/704 kB | 263 kB                                                                    Downloaded from central: https://repo.maven.apache.org/maven2/net/bytebuddy/byte-buddy-agent/1.14.19/byte-buddy-agent-1.14.19.jar (263 kB at 91 kB/s)
Progress (4): 15/93 MB | 16/18 MB | 3.3/4.2 MB | 392/704 kBProgress (4): 15/93 MB | 16/18 MB | 3.3/4.2 MB | 392/704 kBProgress (4): 15/93 MB | 16/18 MB | 3.3/4.2 MB | 409/704 kBProgress (4): 15/93 MB | 16/18 MB | 3.3/4.2 MB | 409/704 kBProgress (4): 15/93 MB | 16/18 MB | 3.3/4.2 MB | 425/704 kBProgress (4): 15/93 MB | 16/18 MB | 3.3/4.2 MB | 425/704 kBProgress (4): 15/93 MB | 16/18 MB | 3.3/4.2 MB | 442/704 kB                                                           Downloading from central: https://repo.maven.apache.org/maven2/org/objenesis/objenesis/3.3/objenesis-3.3.jar
Progress (4): 15/93 MB | 16/18 MB | 3.3/4.2 MB | 442/704 kBProgress (4): 15/93 MB | 16/18 MB | 3.3/4.2 MB | 442/704 kBProgress (4): 15/93 MB | 16/18 MB | 3.3/4.2 MB | 442/704 kBProgress (4): 15/93 MB | 16/18 MB | 3.3/4.2 MB | 442/704 kBProgress (4): 15/93 MB | 16/18 MB | 3.3/4.2 MB | 442/704 kBProgress (4): 15/93 MB | 16/18 MB | 3.3/4.2 MB | 442/704 kBProgress (4): 15/93 MB | 16/18 MB | 3.4/4.2 MB | 442/704 kBProgress (4): 15/93 MB | 16/18 MB | 3.4/4.2 MB | 442/704 kBProgress (4): 15/93 MB | 16/18 MB | 3.4/4.2 MB | 442/704 kBProgress (4): 15/93 MB | 16/18 MB | 3.4/4.2 MB | 442/704 kBProgress (4): 15/93 MB | 16/18 MB | 3.4/4.2 MB | 442/704 kBProgress (4): 15/93 MB | 16/18 MB | 3.4/4.2 MB | 442/704 kBProgress (4): 15/93 MB | 16/18 MB | 3.4/4.2 MB | 442/704 kBProgress (4): 15/93 MB | 16/18 MB | 3.4/4.2 MB | 458/704 kBProgress (4): 15/93 MB | 16/18 MB | 3.4/4.2 MB | 458/704 kBProgress (4): 15/93 MB | 16/18 MB | 3.4/4.2 MB | 474/704 kBProgress (4): 15/93 MB | 16/18 MB | 3.4/4.2 MB | 474/704 kBProgress (4): 15/93 MB | 16/18 MB | 3.4/4.2 MB | 474/704 kBProgress (4): 15/93 MB | 16/18 MB | 3.4/4.2 MB | 474/704 kBProgress (4): 15/93 MB | 16/18 MB | 3.4/4.2 MB | 474/704 kBProgress (4): 15/93 MB | 16/18 MB | 3.4/4.2 MB | 474/704 kBProgress (4): 15/93 MB | 16/18 MB | 3.4/4.2 MB | 474/704 kBProgress (4): 15/93 MB | 16/18 MB | 3.4/4.2 MB | 474/704 kBProgress (4): 15/93 MB | 16/18 MB | 3.4/4.2 MB | 474/704 kBProgress (4): 15/93 MB | 16/18 MB | 3.4/4.2 MB | 474/704 kBProgress (4): 15/93 MB | 16/18 MB | 3.4/4.2 MB | 474/704 kBProgress (4): 15/93 MB | 16/18 MB | 3.5/4.2 MB | 474/704 kBProgress (4): 15/93 MB | 16/18 MB | 3.5/4.2 MB | 491/704 kBProgress (4): 15/93 MB | 16/18 MB | 3.5/4.2 MB | 491/704 kBProgress (4): 15/93 MB | 16/18 MB | 3.5/4.2 MB | 507/704 kBProgress (4): 15/93 MB | 16/18 MB | 3.5/4.2 MB | 507/704 kBProgress (4): 15/93 MB | 16/18 MB | 3.5/4.2 MB | 507/704 kBProgress (4): 15/93 MB | 16/18 MB | 3.5/4.2 MB | 507/704 kBProgress (4): 16/93 MB | 16/18 MB | 3.5/4.2 MB | 507/704 kBProgress (4): 16/93 MB | 16/18 MB | 3.5/4.2 MB | 524/704 kBProgress (4): 16/93 MB | 16/18 MB | 3.5/4.2 MB | 524/704 kBProgress (4): 16/93 MB | 16/18 MB | 3.5/4.2 MB | 540/704 kBProgress (4): 16/93 MB | 16/18 MB | 3.5/4.2 MB | 540/704 kBProgress (4): 16/93 MB | 16/18 MB | 3.5/4.2 MB | 540/704 kBProgress (4): 16/93 MB | 16/18 MB | 3.5/4.2 MB | 540/704 kBProgress (4): 16/93 MB | 16/18 MB | 3.5/4.2 MB | 540/704 kBProgress (4): 16/93 MB | 16/18 MB | 3.5/4.2 MB | 540/704 kBProgress (4): 16/93 MB | 16/18 MB | 3.5/4.2 MB | 540/704 kBProgress (4): 16/93 MB | 16/18 MB | 3.5/4.2 MB | 540/704 kBProgress (4): 16/93 MB | 16/18 MB | 3.6/4.2 MB | 540/704 kBProgress (4): 16/93 MB | 16/18 MB | 3.6/4.2 MB | 540/704 kBProgress (4): 16/93 MB | 16/18 MB | 3.6/4.2 MB | 540/704 kBProgress (4): 16/93 MB | 16/18 MB | 3.6/4.2 MB | 540/704 kBProgress (4): 16/93 MB | 16/18 MB | 3.6/4.2 MB | 556/704 kBProgress (4): 16/93 MB | 16/18 MB | 3.6/4.2 MB | 573/704 kBProgress (4): 16/93 MB | 16/18 MB | 3.6/4.2 MB | 573/704 kBProgress (4): 16/93 MB | 16/18 MB | 3.6/4.2 MB | 589/704 kBProgress (4): 16/93 MB | 16/18 MB | 3.6/4.2 MB | 589/704 kBProgress (4): 16/93 MB | 16/18 MB | 3.6/4.2 MB | 589/704 kBProgress (4): 16/93 MB | 16/18 MB | 3.6/4.2 MB | 589/704 kBProgress (4): 16/93 MB | 16/18 MB | 3.6/4.2 MB | 589/704 kBProgress (4): 16/93 MB | 16/18 MB | 3.6/4.2 MB | 589/704 kBProgress (4): 16/93 MB | 16/18 MB | 3.6/4.2 MB | 589/704 kBProgress (4): 16/93 MB | 16/18 MB | 3.6/4.2 MB | 589/704 kBProgress (5): 16/93 MB | 16/18 MB | 3.6/4.2 MB | 589/704 kB | 7.7/49 kBProgress (5): 16/93 MB | 16/18 MB | 3.6/4.2 MB | 589/704 kB | 16/49 kB Progress (5): 16/93 MB | 16/18 MB | 3.6/4.2 MB | 589/704 kB | 16/49 kBProgress (5): 16/93 MB | 16/18 MB | 3.6/4.2 MB | 589/704 kB | 32/49 kBProgress (5): 16/93 MB | 16/18 MB | 3.6/4.2 MB | 589/704 kB | 32/49 kBProgress (5): 16/93 MB | 16/18 MB | 3.6/4.2 MB | 605/704 kB | 32/49 kBProgress (5): 16/93 MB | 16/18 MB | 3.6/4.2 MB | 605/704 kB | 32/49 kBProgress (5): 16/93 MB | 16/18 MB | 3.6/4.2 MB | 605/704 kB | 48/49 kBProgress (5): 16/93 MB | 16/18 MB | 3.6/4.2 MB | 605/704 kB | 49 kB   Progress (5): 16/93 MB | 16/18 MB | 3.6/4.2 MB | 622/704 kB | 49 kB                                                                   Downloaded from central: https://repo.maven.apache.org/maven2/org/objenesis/objenesis/3.3/objenesis-3.3.jar (49 kB at 17 kB/s)
Progress (4): 16/93 MB | 16/18 MB | 3.6/4.2 MB | 622/704 kBProgress (4): 16/93 MB | 16/18 MB | 3.7/4.2 MB | 622/704 kB                                                           Downloading from central: https://repo.maven.apache.org/maven2/org/mockito/mockito-junit-jupiter/5.11.0/mockito-junit-jupiter-5.11.0.jar
Progress (4): 16/93 MB | 16/18 MB | 3.7/4.2 MB | 638/704 kBProgress (4): 16/93 MB | 16/18 MB | 3.7/4.2 MB | 655/704 kBProgress (4): 16/93 MB | 16/18 MB | 3.7/4.2 MB | 655/704 kBProgress (4): 16/93 MB | 16/18 MB | 3.7/4.2 MB | 655/704 kBProgress (4): 16/93 MB | 16/18 MB | 3.7/4.2 MB | 655/704 kBProgress (4): 16/93 MB | 16/18 MB | 3.7/4.2 MB | 655/704 kBProgress (4): 16/93 MB | 16/18 MB | 3.7/4.2 MB | 655/704 kBProgress (4): 16/93 MB | 16/18 MB | 3.7/4.2 MB | 655/704 kBProgress (4): 16/93 MB | 16/18 MB | 3.7/4.2 MB | 655/704 kBProgress (4): 16/93 MB | 16/18 MB | 3.7/4.2 MB | 655/704 kBProgress (4): 16/93 MB | 16/18 MB | 3.7/4.2 MB | 655/704 kBProgress (4): 16/93 MB | 16/18 MB | 3.7/4.2 MB | 671/704 kBProgress (4): 16/93 MB | 16/18 MB | 3.7/4.2 MB | 671/704 kBProgress (4): 16/93 MB | 16/18 MB | 3.7/4.2 MB | 687/704 kBProgress (4): 16/93 MB | 16/18 MB | 3.7/4.2 MB | 687/704 kBProgress (4): 16/93 MB | 16/18 MB | 3.7/4.2 MB | 704/704 kBProgress (4): 16/93 MB | 16/18 MB | 3.7/4.2 MB | 704 kB    Progress (4): 16/93 MB | 16/18 MB | 3.7/4.2 MB | 704 kB                                                       Downloaded from central: https://repo.maven.apache.org/maven2/org/mockito/mockito-core/5.11.0/mockito-core-5.11.0.jar (704 kB at 240 kB/s)
Progress (3): 16/93 MB | 16/18 MB | 3.8/4.2 MBProgress (3): 16/93 MB | 16/18 MB | 3.8/4.2 MBProgress (3): 16/93 MB | 16/18 MB | 3.8/4.2 MBProgress (3): 16/93 MB | 16/18 MB | 3.8/4.2 MBProgress (3): 16/93 MB | 16/18 MB | 3.8/4.2 MBProgress (3): 16/93 MB | 16/18 MB | 3.8/4.2 MBProgress (3): 16/93 MB | 16/18 MB | 3.8/4.2 MB                                              Downloading from central: https://repo.maven.apache.org/maven2/org/skyscreamer/jsonassert/1.5.3/jsonassert-1.5.3.jar
Progress (3): 16/93 MB | 16/18 MB | 3.8/4.2 MBProgress (3): 16/93 MB | 16/18 MB | 3.8/4.2 MBProgress (3): 16/93 MB | 16/18 MB | 3.8/4.2 MBProgress (3): 16/93 MB | 16/18 MB | 3.8/4.2 MBProgress (3): 16/93 MB | 16/18 MB | 3.8/4.2 MBProgress (3): 16/93 MB | 16/18 MB | 3.8/4.2 MBProgress (3): 16/93 MB | 16/18 MB | 3.8/4.2 MBProgress (3): 16/93 MB | 16/18 MB | 3.8/4.2 MBProgress (3): 16/93 MB | 16/18 MB | 3.8/4.2 MBProgress (3): 16/93 MB | 16/18 MB | 3.8/4.2 MBProgress (3): 16/93 MB | 16/18 MB | 3.8/4.2 MBProgress (3): 16/93 MB | 16/18 MB | 3.8/4.2 MBProgress (3): 16/93 MB | 16/18 MB | 3.8/4.2 MBProgress (3): 16/93 MB | 16/18 MB | 3.8/4.2 MBProgress (3): 16/93 MB | 16/18 MB | 3.8/4.2 MBProgress (3): 16/93 MB | 16/18 MB | 3.9/4.2 MBProgress (3): 16/93 MB | 16/18 MB | 3.9/4.2 MBProgress (3): 16/93 MB | 16/18 MB | 3.9/4.2 MBProgress (3): 16/93 MB | 16/18 MB | 3.9/4.2 MBProgress (3): 16/93 MB | 16/18 MB | 3.9/4.2 MBProgress (3): 16/93 MB | 16/18 MB | 3.9/4.2 MBProgress (3): 16/93 MB | 16/18 MB | 3.9/4.2 MBProgress (3): 16/93 MB | 16/18 MB | 3.9/4.2 MBProgress (3): 16/93 MB | 16/18 MB | 3.9/4.2 MBProgress (3): 16/93 MB | 16/18 MB | 3.9/4.2 MBProgress (3): 16/93 MB | 16/18 MB | 3.9/4.2 MBProgress (3): 16/93 MB | 16/18 MB | 3.9/4.2 MBProgress (3): 16/93 MB | 16/18 MB | 3.9/4.2 MBProgress (3): 16/93 MB | 16/18 MB | 3.9/4.2 MBProgress (3): 16/93 MB | 16/18 MB | 3.9/4.2 MBProgress (3): 16/93 MB | 16/18 MB | 3.9/4.2 MBProgress (3): 16/93 MB | 16/18 MB | 3.9/4.2 MBProgress (3): 16/93 MB | 16/18 MB | 3.9/4.2 MBProgress (3): 16/93 MB | 16/18 MB | 3.9/4.2 MBProgress (3): 16/93 MB | 16/18 MB | 3.9/4.2 MBProgress (4): 16/93 MB | 16/18 MB | 3.9/4.2 MB | 7.7/8.9 kBProgress (4): 16/93 MB | 16/18 MB | 3.9/4.2 MB | 8.9 kB                                                           Downloaded from central: https://repo.maven.apache.org/maven2/org/mockito/mockito-junit-jupiter/5.11.0/mockito-junit-jupiter-5.11.0.jar (8.9 kB at 3.0 kB/s)
Progress (3): 16/93 MB | 16/18 MB | 3.9/4.2 MBProgress (3): 16/93 MB | 16/18 MB | 3.9/4.2 MBProgress (3): 16/93 MB | 16/18 MB | 3.9/4.2 MBProgress (3): 16/93 MB | 16/18 MB | 3.9/4.2 MBProgress (3): 16/93 MB | 16/18 MB | 3.9/4.2 MBProgress (3): 16/93 MB | 16/18 MB | 3.9/4.2 MBProgress (3): 16/93 MB | 16/18 MB | 4.0/4.2 MBProgress (3): 16/93 MB | 16/18 MB | 4.0/4.2 MB                                              Downloading from central: https://repo.maven.apache.org/maven2/com/vaadin/external/google/android-json/0.0.20131108.vaadin1/android-json-0.0.20131108.vaadin1.jar
Progress (3): 16/93 MB | 16/18 MB | 4.0/4.2 MBProgress (4): 16/93 MB | 16/18 MB | 4.0/4.2 MB | 7.7/31 kBProgress (4): 16/93 MB | 16/18 MB | 4.0/4.2 MB | 16/31 kB Progress (4): 16/93 MB | 16/18 MB | 4.0/4.2 MB | 16/31 kBProgress (4): 16/93 MB | 16/18 MB | 4.0/4.2 MB | 31 kB                                                         Downloaded from central: https://repo.maven.apache.org/maven2/org/skyscreamer/jsonassert/1.5.3/jsonassert-1.5.3.jar (31 kB at 11 kB/s)
Progress (3): 16/93 MB | 16/18 MB | 4.0/4.2 MBProgress (3): 16/93 MB | 16/18 MB | 4.0/4.2 MBProgress (3): 16/93 MB | 16/18 MB | 4.0/4.2 MBProgress (3): 16/93 MB | 16/18 MB | 4.0/4.2 MBProgress (3): 16/93 MB | 16/18 MB | 4.0/4.2 MBProgress (3): 16/93 MB | 16/18 MB | 4.0/4.2 MBProgress (3): 16/93 MB | 16/18 MB | 4.0/4.2 MB                                              Downloading from central: https://repo.maven.apache.org/maven2/org/springframework/spring-test/6.1.13/spring-test-6.1.13.jar
Progress (3): 16/93 MB | 16/18 MB | 4.0/4.2 MBProgress (3): 16/93 MB | 16/18 MB | 4.0/4.2 MBProgress (3): 16/93 MB | 16/18 MB | 4.1/4.2 MBProgress (3): 16/93 MB | 16/18 MB | 4.1/4.2 MBProgress (3): 16/93 MB | 16/18 MB | 4.1/4.2 MBProgress (3): 16/93 MB | 16/18 MB | 4.1/4.2 MBProgress (3): 16/93 MB | 16/18 MB | 4.1/4.2 MBProgress (3): 16/93 MB | 16/18 MB | 4.1/4.2 MBProgress (3): 16/93 MB | 16/18 MB | 4.1/4.2 MBProgress (3): 16/93 MB | 16/18 MB | 4.1/4.2 MBProgress (3): 16/93 MB | 16/18 MB | 4.1/4.2 MBProgress (3): 16/93 MB | 16/18 MB | 4.1/4.2 MBProgress (3): 16/93 MB | 16/18 MB | 4.1/4.2 MBProgress (3): 16/93 MB | 16/18 MB | 4.1/4.2 MBProgress (3): 16/93 MB | 16/18 MB | 4.1/4.2 MBProgress (3): 16/93 MB | 16/18 MB | 4.1/4.2 MBProgress (3): 16/93 MB | 16/18 MB | 4.1/4.2 MBProgress (3): 16/93 MB | 16/18 MB | 4.1/4.2 MBProgress (3): 16/93 MB | 16/18 MB | 4.1/4.2 MBProgress (3): 16/93 MB | 16/18 MB | 4.1/4.2 MBProgress (3): 16/93 MB | 16/18 MB | 4.1/4.2 MBProgress (3): 16/93 MB | 16/18 MB | 4.2/4.2 MBProgress (3): 16/93 MB | 16/18 MB | 4.2/4.2 MBProgress (3): 16/93 MB | 16/18 MB | 4.2/4.2 MBProgress (3): 16/93 MB | 16/18 MB | 4.2/4.2 MBProgress (3): 16/93 MB | 16/18 MB | 4.2/4.2 MBProgress (3): 16/93 MB | 16/18 MB | 4.2/4.2 MBProgress (3): 16/93 MB | 16/18 MB | 4.2/4.2 MBProgress (3): 16/93 MB | 16/18 MB | 4.2/4.2 MBProgress (3): 16/93 MB | 16/18 MB | 4.2/4.2 MBProgress (3): 16/93 MB | 16/18 MB | 4.2/4.2 MBProgress (3): 16/93 MB | 16/18 MB | 4.2/4.2 MBProgress (3): 16/93 MB | 16/18 MB | 4.2 MB    Progress (4): 16/93 MB | 16/18 MB | 4.2 MB | 7.7/18 kBProgress (4): 16/93 MB | 16/18 MB | 4.2 MB | 16/18 kB Progress (4): 16/93 MB | 16/18 MB | 4.2 MB | 16/18 kBProgress (4): 16/93 MB | 16/18 MB | 4.2 MB | 18 kB                                                     Downloaded from central: https://repo.maven.apache.org/maven2/com/vaadin/external/google/android-json/0.0.20131108.vaadin1/android-json-0.0.20131108.vaadin1.jar (18 kB at 6.1 kB/s)
Downloading from central: https://repo.maven.apache.org/maven2/org/testcontainers/testcontainers/1.19.3/testcontainers-1.19.3.jar
Progress (4): 16/93 MB | 16/18 MB | 4.2 MB | 7.5/857 kBProgress (4): 16/93 MB | 16/18 MB | 4.2 MB | 24/857 kB Progress (4): 16/93 MB | 16/18 MB | 4.2 MB | 24/857 kBProgress (4): 16/93 MB | 16/18 MB | 4.2 MB | 33/857 kBProgress (4): 16/93 MB | 16/18 MB | 4.2 MB | 33/857 kBProgress (4): 16/93 MB | 16/18 MB | 4.2 MB | 49/857 kBProgress (4): 16/93 MB | 16/18 MB | 4.2 MB | 49/857 kBProgress (4): 16/93 MB | 16/18 MB | 4.2 MB | 49/857 kB                                                      Downloaded from central: https://repo.maven.apache.org/maven2/net/bytebuddy/byte-buddy/1.14.19/byte-buddy-1.14.19.jar (4.2 MB at 1.4 MB/s)
Downloading from central: https://repo.maven.apache.org/maven2/junit/junit/4.13.2/junit-4.13.2.jar
Progress (3): 16/93 MB | 16/18 MB | 49/857 kBProgress (3): 16/93 MB | 16/18 MB | 49/857 kBProgress (3): 16/93 MB | 16/18 MB | 49/857 kBProgress (3): 16/93 MB | 16/18 MB | 49/857 kBProgress (3): 16/93 MB | 16/18 MB | 49/857 kBProgress (3): 16/93 MB | 16/18 MB | 49/857 kBProgress (3): 16/93 MB | 16/18 MB | 49/857 kBProgress (3): 16/93 MB | 16/18 MB | 49/857 kBProgress (3): 16/93 MB | 16/18 MB | 66/857 kBProgress (3): 16/93 MB | 16/18 MB | 66/857 kBProgress (3): 16/93 MB | 16/18 MB | 66/857 kBProgress (3): 16/93 MB | 16/18 MB | 66/857 kBProgress (3): 16/93 MB | 16/18 MB | 66/857 kBProgress (3): 16/93 MB | 16/18 MB | 66/857 kBProgress (3): 16/93 MB | 16/18 MB | 66/857 kBProgress (3): 16/93 MB | 16/18 MB | 82/857 kBProgress (3): 16/93 MB | 16/18 MB | 82/857 kBProgress (3): 16/93 MB | 16/18 MB | 98/857 kBProgress (3): 16/93 MB | 16/18 MB | 98/857 kBProgress (3): 16/93 MB | 16/18 MB | 115/857 kBProgress (3): 16/93 MB | 16/18 MB | 115/857 kBProgress (3): 16/93 MB | 16/18 MB | 115/857 kBProgress (3): 16/93 MB | 16/18 MB | 115/857 kBProgress (3): 16/93 MB | 16/18 MB | 115/857 kBProgress (3): 17/93 MB | 16/18 MB | 115/857 kBProgress (3): 17/93 MB | 16/18 MB | 115/857 kBProgress (3): 17/93 MB | 16/18 MB | 115/857 kBProgress (3): 17/93 MB | 16/18 MB | 115/857 kBProgress (3): 17/93 MB | 16/18 MB | 115/857 kBProgress (3): 17/93 MB | 16/18 MB | 115/857 kBProgress (3): 17/93 MB | 16/18 MB | 131/857 kBProgress (3): 17/93 MB | 16/18 MB | 131/857 kBProgress (3): 17/93 MB | 16/18 MB | 139/857 kBProgress (3): 17/93 MB | 16/18 MB | 139/857 kBProgress (3): 17/93 MB | 16/18 MB | 156/857 kBProgress (3): 17/93 MB | 16/18 MB | 156/857 kBProgress (3): 17/93 MB | 16/18 MB | 172/857 kBProgress (3): 17/93 MB | 16/18 MB | 172/857 kBProgress (3): 17/93 MB | 16/18 MB | 172/857 kBProgress (4): 17/93 MB | 16/18 MB | 172/857 kB | 7.7/385 kBProgress (4): 17/93 MB | 16/18 MB | 172/857 kB | 12/385 kB Progress (4): 17/93 MB | 16/18 MB | 172/857 kB | 29/385 kBProgress (4): 17/93 MB | 16/18 MB | 172/857 kB | 29/385 kBProgress (4): 17/93 MB | 16/18 MB | 172/857 kB | 45/385 kBProgress (4): 17/93 MB | 16/18 MB | 172/857 kB | 45/385 kBProgress (4): 17/93 MB | 16/18 MB | 172/857 kB | 45/385 kBProgress (4): 17/93 MB | 16/18 MB | 180/857 kB | 45/385 kBProgress (4): 17/93 MB | 16/18 MB | 197/857 kB | 45/385 kBProgress (4): 17/93 MB | 16/18 MB | 205/857 kB | 45/385 kBProgress (5): 17/93 MB | 16/18 MB | 205/857 kB | 45/385 kB | 0/18 MBProgress (5): 17/93 MB | 16/18 MB | 205/857 kB | 45/385 kB | 0/18 MBProgress (5): 17/93 MB | 16/18 MB | 221/857 kB | 45/385 kB | 0/18 MBProgress (5): 17/93 MB | 16/18 MB | 221/857 kB | 45/385 kB | 0/18 MBProgress (5): 17/93 MB | 17/18 MB | 221/857 kB | 45/385 kB | 0/18 MBProgress (5): 17/93 MB | 17/18 MB | 221/857 kB | 45/385 kB | 0/18 MBProgress (5): 17/93 MB | 17/18 MB | 221/857 kB | 61/385 kB | 0/18 MBProgress (5): 17/93 MB | 17/18 MB | 221/857 kB | 61/385 kB | 0/18 MBProgress (5): 17/93 MB | 17/18 MB | 221/857 kB | 61/385 kB | 0/18 MBProgress (5): 17/93 MB | 17/18 MB | 221/857 kB | 78/385 kB | 0/18 MBProgress (5): 17/93 MB | 17/18 MB | 221/857 kB | 94/385 kB | 0/18 MBProgress (5): 17/93 MB | 17/18 MB | 221/857 kB | 94/385 kB | 0/18 MBProgress (5): 17/93 MB | 17/18 MB | 238/857 kB | 94/385 kB | 0/18 MBProgress (5): 17/93 MB | 17/18 MB | 238/857 kB | 94/385 kB | 0.1/18 MBProgress (5): 17/93 MB | 17/18 MB | 246/857 kB | 94/385 kB | 0.1/18 MBProgress (5): 17/93 MB | 17/18 MB | 246/857 kB | 94/385 kB | 0.1/18 MBProgress (5): 17/93 MB | 17/18 MB | 262/857 kB | 94/385 kB | 0.1/18 MBProgress (5): 17/93 MB | 17/18 MB | 262/857 kB | 94/385 kB | 0.1/18 MBProgress (5): 17/93 MB | 17/18 MB | 279/857 kB | 94/385 kB | 0.1/18 MBProgress (5): 17/93 MB | 17/18 MB | 279/857 kB | 94/385 kB | 0.1/18 MBProgress (5): 17/93 MB | 17/18 MB | 279/857 kB | 94/385 kB | 0.1/18 MBProgress (5): 17/93 MB | 17/18 MB | 279/857 kB | 94/385 kB | 0.1/18 MBProgress (5): 17/93 MB | 17/18 MB | 279/857 kB | 111/385 kB | 0.1/18 MBProgress (5): 17/93 MB | 17/18 MB | 279/857 kB | 111/385 kB | 0.1/18 MBProgress (5): 17/93 MB | 17/18 MB | 279/857 kB | 127/385 kB | 0.1/18 MBProgress (5): 17/93 MB | 17/18 MB | 279/857 kB | 127/385 kB | 0.1/18 MBProgress (5): 17/93 MB | 17/18 MB | 279/857 kB | 127/385 kB | 0.1/18 MBProgress (5): 17/93 MB | 17/18 MB | 279/857 kB | 143/385 kB | 0.1/18 MBProgress (5): 17/93 MB | 17/18 MB | 279/857 kB | 160/385 kB | 0.1/18 MBProgress (5): 17/93 MB | 17/18 MB | 279/857 kB | 160/385 kB | 0.1/18 MBProgress (5): 17/93 MB | 17/18 MB | 295/857 kB | 160/385 kB | 0.1/18 MBProgress (5): 17/93 MB | 17/18 MB | 295/857 kB | 160/385 kB | 0.1/18 MBProgress (5): 17/93 MB | 17/18 MB | 295/857 kB | 160/385 kB | 0.1/18 MBProgress (5): 17/93 MB | 17/18 MB | 295/857 kB | 160/385 kB | 0.1/18 MBProgress (5): 17/93 MB | 17/18 MB | 295/857 kB | 160/385 kB | 0.1/18 MBProgress (5): 17/93 MB | 17/18 MB | 295/857 kB | 160/385 kB | 0.1/18 MBProgress (5): 17/93 MB | 17/18 MB | 295/857 kB | 160/385 kB | 0.1/18 MBProgress (5): 17/93 MB | 17/18 MB | 295/857 kB | 160/385 kB | 0.1/18 MBProgress (5): 17/93 MB | 17/18 MB | 295/857 kB | 160/385 kB | 0.1/18 MBProgress (5): 17/93 MB | 17/18 MB | 311/857 kB | 160/385 kB | 0.1/18 MBProgress (5): 17/93 MB | 17/18 MB | 328/857 kB | 160/385 kB | 0.1/18 MBProgress (5): 17/93 MB | 17/18 MB | 328/857 kB | 176/385 kB | 0.1/18 MBProgress (5): 17/93 MB | 17/18 MB | 328/857 kB | 176/385 kB | 0.1/18 MBProgress (5): 17/93 MB | 17/18 MB | 328/857 kB | 176/385 kB | 0.1/18 MBProgress (5): 17/93 MB | 17/18 MB | 328/857 kB | 193/385 kB | 0.1/18 MBProgress (5): 17/93 MB | 17/18 MB | 344/857 kB | 193/385 kB | 0.1/18 MBProgress (5): 17/93 MB | 17/18 MB | 344/857 kB | 209/385 kB | 0.1/18 MBProgress (5): 17/93 MB | 17/18 MB | 360/857 kB | 209/385 kB | 0.1/18 MBProgress (5): 17/93 MB | 17/18 MB | 360/857 kB | 209/385 kB | 0.1/18 MBProgress (5): 17/93 MB | 17/18 MB | 377/857 kB | 209/385 kB | 0.1/18 MBProgress (5): 17/93 MB | 17/18 MB | 377/857 kB | 209/385 kB | 0.2/18 MBProgress (5): 17/93 MB | 17/18 MB | 377/857 kB | 209/385 kB | 0.2/18 MBProgress (5): 17/93 MB | 17/18 MB | 377/857 kB | 225/385 kB | 0.2/18 MBProgress (5): 17/93 MB | 17/18 MB | 377/857 kB | 225/385 kB | 0.2/18 MBProgress (5): 17/93 MB | 17/18 MB | 377/857 kB | 242/385 kB | 0.2/18 MBProgress (5): 17/93 MB | 17/18 MB | 377/857 kB | 242/385 kB | 0.2/18 MBProgress (5): 17/93 MB | 17/18 MB | 377/857 kB | 242/385 kB | 0.2/18 MBProgress (5): 17/93 MB | 17/18 MB | 377/857 kB | 242/385 kB | 0.2/18 MBProgress (5): 17/93 MB | 17/18 MB | 377/857 kB | 242/385 kB | 0.2/18 MBProgress (5): 17/93 MB | 17/18 MB | 377/857 kB | 242/385 kB | 0.2/18 MBProgress (5): 17/93 MB | 17/18 MB | 393/857 kB | 242/385 kB | 0.2/18 MBProgress (5): 17/93 MB | 17/18 MB | 393/857 kB | 242/385 kB | 0.2/18 MBProgress (5): 17/93 MB | 17/18 MB | 410/857 kB | 242/385 kB | 0.2/18 MBProgress (5): 17/93 MB | 17/18 MB | 410/857 kB | 242/385 kB | 0.2/18 MBProgress (5): 17/93 MB | 17/18 MB | 410/857 kB | 242/385 kB | 0.2/18 MBProgress (5): 17/93 MB | 17/18 MB | 426/857 kB | 242/385 kB | 0.2/18 MBProgress (5): 17/93 MB | 17/18 MB | 426/857 kB | 258/385 kB | 0.2/18 MBProgress (5): 17/93 MB | 17/18 MB | 426/857 kB | 258/385 kB | 0.2/18 MBProgress (5): 17/93 MB | 17/18 MB | 426/857 kB | 258/385 kB | 0.2/18 MBProgress (5): 17/93 MB | 17/18 MB | 426/857 kB | 274/385 kB | 0.2/18 MBProgress (5): 17/93 MB | 17/18 MB | 426/857 kB | 274/385 kB | 0.2/18 MBProgress (5): 17/93 MB | 17/18 MB | 426/857 kB | 274/385 kB | 0.2/18 MBProgress (5): 17/93 MB | 17/18 MB | 426/857 kB | 274/385 kB | 0.3/18 MBProgress (5): 17/93 MB | 17/18 MB | 426/857 kB | 274/385 kB | 0.3/18 MBProgress (5): 17/93 MB | 17/18 MB | 426/857 kB | 274/385 kB | 0.3/18 MBProgress (5): 17/93 MB | 17/18 MB | 426/857 kB | 274/385 kB | 0.3/18 MBProgress (5): 17/93 MB | 17/18 MB | 442/857 kB | 274/385 kB | 0.3/18 MBProgress (5): 17/93 MB | 17/18 MB | 442/857 kB | 274/385 kB | 0.3/18 MBProgress (5): 17/93 MB | 17/18 MB | 442/857 kB | 291/385 kB | 0.3/18 MBProgress (5): 17/93 MB | 17/18 MB | 459/857 kB | 291/385 kB | 0.3/18 MBProgress (5): 17/93 MB | 17/18 MB | 459/857 kB | 307/385 kB | 0.3/18 MBProgress (5): 17/93 MB | 17/18 MB | 475/857 kB | 307/385 kB | 0.3/18 MBProgress (5): 17/93 MB | 17/18 MB | 475/857 kB | 307/385 kB | 0.3/18 MBProgress (5): 17/93 MB | 17/18 MB | 475/857 kB | 307/385 kB | 0.3/18 MBProgress (5): 17/93 MB | 17/18 MB | 475/857 kB | 307/385 kB | 0.3/18 MBProgress (5): 17/93 MB | 17/18 MB | 475/857 kB | 307/385 kB | 0.3/18 MBProgress (5): 17/93 MB | 17/18 MB | 475/857 kB | 307/385 kB | 0.3/18 MBProgress (5): 17/93 MB | 17/18 MB | 475/857 kB | 324/385 kB | 0.3/18 MBProgress (5): 17/93 MB | 17/18 MB | 475/857 kB | 335/385 kB | 0.3/18 MBProgress (5): 17/93 MB | 17/18 MB | 475/857 kB | 352/385 kB | 0.3/18 MBProgress (5): 17/93 MB | 17/18 MB | 475/857 kB | 352/385 kB | 0.3/18 MBProgress (5): 17/93 MB | 17/18 MB | 492/857 kB | 352/385 kB | 0.3/18 MBProgress (5): 17/93 MB | 17/18 MB | 492/857 kB | 352/385 kB | 0.3/18 MBProgress (5): 17/93 MB | 17/18 MB | 508/857 kB | 352/385 kB | 0.3/18 MBProgress (5): 17/93 MB | 17/18 MB | 508/857 kB | 352/385 kB | 0.3/18 MBProgress (5): 17/93 MB | 17/18 MB | 524/857 kB | 352/385 kB | 0.3/18 MBProgress (5): 17/93 MB | 17/18 MB | 524/857 kB | 352/385 kB | 0.3/18 MBProgress (5): 17/93 MB | 17/18 MB | 524/857 kB | 352/385 kB | 0.3/18 MBProgress (5): 17/93 MB | 17/18 MB | 524/857 kB | 352/385 kB | 0.3/18 MBProgress (5): 17/93 MB | 17/18 MB | 524/857 kB | 352/385 kB | 0.3/18 MBProgress (5): 17/93 MB | 17/18 MB | 524/857 kB | 352/385 kB | 0.3/18 MBProgress (5): 17/93 MB | 17/18 MB | 524/857 kB | 352/385 kB | 0.3/18 MBProgress (5): 17/93 MB | 17/18 MB | 541/857 kB | 352/385 kB | 0.3/18 MBProgress (5): 17/93 MB | 17/18 MB | 541/857 kB | 368/385 kB | 0.3/18 MBProgress (5): 17/93 MB | 17/18 MB | 557/857 kB | 368/385 kB | 0.3/18 MBProgress (5): 17/93 MB | 17/18 MB | 557/857 kB | 384/385 kB | 0.3/18 MBProgress (5): 17/93 MB | 17/18 MB | 557/857 kB | 385 kB | 0.3/18 MB    Progress (5): 17/93 MB | 17/18 MB | 573/857 kB | 385 kB | 0.3/18 MB                                                                   Downloaded from central: https://repo.maven.apache.org/maven2/junit/junit/4.13.2/junit-4.13.2.jar (385 kB at 126 kB/s)
Downloading from central: https://repo.maven.apache.org/maven2/org/hamcrest/hamcrest-core/2.2/hamcrest-core-2.2.jar
Progress (4): 17/93 MB | 17/18 MB | 573/857 kB | 0.4/18 MBProgress (4): 17/93 MB | 17/18 MB | 573/857 kB | 0.4/18 MBProgress (4): 17/93 MB | 17/18 MB | 590/857 kB | 0.4/18 MBProgress (4): 17/93 MB | 17/18 MB | 590/857 kB | 0.4/18 MBProgress (4): 17/93 MB | 17/18 MB | 606/857 kB | 0.4/18 MBProgress (4): 17/93 MB | 17/18 MB | 606/857 kB | 0.4/18 MBProgress (4): 17/93 MB | 17/18 MB | 623/857 kB | 0.4/18 MBProgress (4): 17/93 MB | 17/18 MB | 623/857 kB | 0.4/18 MBProgress (4): 17/93 MB | 17/18 MB | 639/857 kB | 0.4/18 MBProgress (4): 17/93 MB | 17/18 MB | 639/857 kB | 0.4/18 MBProgress (4): 17/93 MB | 17/18 MB | 639/857 kB | 0.4/18 MBProgress (4): 17/93 MB | 17/18 MB | 639/857 kB | 0.4/18 MBProgress (4): 17/93 MB | 17/18 MB | 639/857 kB | 0.4/18 MBProgress (4): 17/93 MB | 17/18 MB | 639/857 kB | 0.4/18 MBProgress (4): 17/93 MB | 17/18 MB | 639/857 kB | 0.4/18 MBProgress (4): 17/93 MB | 17/18 MB | 639/857 kB | 0.4/18 MBProgress (4): 17/93 MB | 17/18 MB | 639/857 kB | 0.4/18 MBProgress (4): 17/93 MB | 17/18 MB | 639/857 kB | 0.4/18 MBProgress (4): 17/93 MB | 17/18 MB | 639/857 kB | 0.4/18 MBProgress (4): 17/93 MB | 17/18 MB | 639/857 kB | 0.4/18 MBProgress (4): 17/93 MB | 17/18 MB | 639/857 kB | 0.4/18 MBProgress (4): 17/93 MB | 17/18 MB | 655/857 kB | 0.4/18 MBProgress (4): 17/93 MB | 17/18 MB | 655/857 kB | 0.5/18 MBProgress (4): 17/93 MB | 17/18 MB | 672/857 kB | 0.5/18 MBProgress (4): 17/93 MB | 17/18 MB | 672/857 kB | 0.5/18 MBProgress (4): 17/93 MB | 17/18 MB | 672/857 kB | 0.5/18 MBProgress (4): 17/93 MB | 17/18 MB | 672/857 kB | 0.5/18 MBProgress (4): 17/93 MB | 17/18 MB | 672/857 kB | 0.5/18 MBProgress (4): 17/93 MB | 17/18 MB | 672/857 kB | 0.5/18 MBProgress (4): 17/93 MB | 17/18 MB | 672/857 kB | 0.5/18 MBProgress (4): 17/93 MB | 17/18 MB | 688/857 kB | 0.5/18 MBProgress (4): 17/93 MB | 17/18 MB | 705/857 kB | 0.5/18 MBProgress (4): 17/93 MB | 17/18 MB | 705/857 kB | 0.5/18 MBProgress (4): 17/93 MB | 17/18 MB | 705/857 kB | 0.5/18 MBProgress (4): 17/93 MB | 17/18 MB | 721/857 kB | 0.5/18 MBProgress (4): 17/93 MB | 17/18 MB | 721/857 kB | 0.5/18 MBProgress (4): 17/93 MB | 17/18 MB | 721/857 kB | 0.5/18 MBProgress (4): 17/93 MB | 17/18 MB | 721/857 kB | 0.5/18 MBProgress (4): 17/93 MB | 17/18 MB | 721/857 kB | 0.5/18 MBProgress (4): 17/93 MB | 17/18 MB | 721/857 kB | 0.5/18 MBProgress (4): 17/93 MB | 17/18 MB | 737/857 kB | 0.5/18 MBProgress (4): 17/93 MB | 17/18 MB | 754/857 kB | 0.5/18 MBProgress (4): 17/93 MB | 17/18 MB | 754/857 kB | 0.5/18 MBProgress (4): 17/93 MB | 17/18 MB | 770/857 kB | 0.5/18 MBProgress (4): 17/93 MB | 17/18 MB | 770/857 kB | 0.5/18 MBProgress (4): 17/93 MB | 17/18 MB | 770/857 kB | 0.5/18 MBProgress (4): 17/93 MB | 17/18 MB | 770/857 kB | 0.6/18 MBProgress (4): 17/93 MB | 17/18 MB | 770/857 kB | 0.6/18 MBProgress (4): 17/93 MB | 17/18 MB | 770/857 kB | 0.6/18 MBProgress (4): 17/93 MB | 17/18 MB | 770/857 kB | 0.6/18 MBProgress (4): 17/93 MB | 17/18 MB | 770/857 kB | 0.6/18 MBProgress (4): 17/93 MB | 17/18 MB | 770/857 kB | 0.6/18 MBProgress (4): 17/93 MB | 17/18 MB | 786/857 kB | 0.6/18 MBProgress (4): 17/93 MB | 17/18 MB | 803/857 kB | 0.6/18 MBProgress (4): 17/93 MB | 17/18 MB | 803/857 kB | 0.6/18 MBProgress (4): 17/93 MB | 17/18 MB | 803/857 kB | 0.6/18 MBProgress (4): 17/93 MB | 17/18 MB | 803/857 kB | 0.6/18 MBProgress (5): 17/93 MB | 17/18 MB | 803/857 kB | 0.6/18 MB | 1.5 kBProgress (5): 17/93 MB | 17/18 MB | 803/857 kB | 0.6/18 MB | 1.5 kB                                                                   Downloaded from central: https://repo.maven.apache.org/maven2/org/hamcrest/hamcrest-core/2.2/hamcrest-core-2.2.jar (1.5 kB at 488 B/s)
Downloading from central: https://repo.maven.apache.org/maven2/org/rnorth/duct-tape/duct-tape/1.0.8/duct-tape-1.0.8.jar
Progress (4): 17/93 MB | 17/18 MB | 803/857 kB | 0.6/18 MBProgress (4): 17/93 MB | 17/18 MB | 803/857 kB | 0.6/18 MBProgress (4): 17/93 MB | 17/18 MB | 803/857 kB | 0.6/18 MBProgress (4): 17/93 MB | 17/18 MB | 803/857 kB | 0.6/18 MBProgress (4): 17/93 MB | 17/18 MB | 803/857 kB | 0.6/18 MBProgress (4): 17/93 MB | 17/18 MB | 803/857 kB | 0.6/18 MBProgress (4): 17/93 MB | 17/18 MB | 819/857 kB | 0.6/18 MBProgress (4): 17/93 MB | 17/18 MB | 836/857 kB | 0.6/18 MBProgress (4): 17/93 MB | 17/18 MB | 852/857 kB | 0.6/18 MBProgress (4): 17/93 MB | 17/18 MB | 857 kB | 0.6/18 MB                                                          Downloaded from central: https://repo.maven.apache.org/maven2/org/springframework/spring-test/6.1.13/spring-test-6.1.13.jar (857 kB at 279 kB/s)
Progress (3): 17/93 MB | 17/18 MB | 0.6/18 MBProgress (3): 17/93 MB | 17/18 MB | 0.6/18 MBProgress (3): 17/93 MB | 17/18 MB | 0.7/18 MBProgress (3): 17/93 MB | 17/18 MB | 0.7/18 MBProgress (3): 17/93 MB | 17/18 MB | 0.7/18 MBProgress (3): 17/93 MB | 17/18 MB | 0.7/18 MBProgress (3): 17/93 MB | 17/18 MB | 0.7/18 MBProgress (3): 17/93 MB | 17/18 MB | 0.7/18 MBProgress (3): 17/93 MB | 17/18 MB | 0.7/18 MBProgress (3): 17/93 MB | 17/18 MB | 0.7/18 MBProgress (3): 17/93 MB | 17/18 MB | 0.7/18 MBProgress (3): 17/93 MB | 17/18 MB | 0.7/18 MB                                             Downloading from central: https://repo.maven.apache.org/maven2/org/jetbrains/annotations/17.0.0/annotations-17.0.0.jar
Progress (3): 17/93 MB | 17/18 MB | 0.7/18 MBProgress (3): 17/93 MB | 17/18 MB | 0.7/18 MBProgress (3): 17/93 MB | 17/18 MB | 0.7/18 MBProgress (3): 17/93 MB | 17/18 MB | 0.7/18 MBProgress (3): 17/93 MB | 17/18 MB | 0.7/18 MBProgress (3): 17/93 MB | 17/18 MB | 0.7/18 MBProgress (3): 17/93 MB | 17/18 MB | 0.7/18 MBProgress (3): 17/93 MB | 17/18 MB | 0.7/18 MBProgress (3): 17/93 MB | 17/18 MB | 0.7/18 MBProgress (3): 17/93 MB | 17/18 MB | 0.7/18 MBProgress (3): 17/93 MB | 17/18 MB | 0.7/18 MBProgress (3): 17/93 MB | 17/18 MB | 0.7/18 MBProgress (3): 17/93 MB | 17/18 MB | 0.7/18 MBProgress (3): 17/93 MB | 17/18 MB | 0.7/18 MBProgress (3): 17/93 MB | 17/18 MB | 0.7/18 MBProgress (3): 17/93 MB | 17/18 MB | 0.8/18 MBProgress (3): 17/93 MB | 17/18 MB | 0.8/18 MBProgress (3): 17/93 MB | 17/18 MB | 0.8/18 MBProgress (3): 17/93 MB | 17/18 MB | 0.8/18 MBProgress (3): 17/93 MB | 17/18 MB | 0.8/18 MBProgress (3): 17/93 MB | 17/18 MB | 0.8/18 MBProgress (3): 17/93 MB | 17/18 MB | 0.8/18 MBProgress (3): 17/93 MB | 17/18 MB | 0.8/18 MBProgress (3): 17/93 MB | 17/18 MB | 0.8/18 MBProgress (3): 17/93 MB | 17/18 MB | 0.8/18 MBProgress (3): 17/93 MB | 17/18 MB | 0.8/18 MBProgress (3): 17/93 MB | 17/18 MB | 0.8/18 MBProgress (3): 17/93 MB | 17/18 MB | 0.8/18 MBProgress (3): 17/93 MB | 17/18 MB | 0.8/18 MBProgress (3): 17/93 MB | 17/18 MB | 0.8/18 MBProgress (3): 17/93 MB | 17/18 MB | 0.8/18 MBProgress (3): 17/93 MB | 17/18 MB | 0.8/18 MBProgress (3): 17/93 MB | 17/18 MB | 0.8/18 MBProgress (4): 17/93 MB | 17/18 MB | 0.8/18 MB | 7.7/19 kBProgress (4): 17/93 MB | 17/18 MB | 0.8/18 MB | 16/19 kB Progress (4): 17/93 MB | 17/18 MB | 0.8/18 MB | 19 kB   Progress (4): 17/93 MB | 17/18 MB | 0.8/18 MB | 19 kBProgress (4): 17/93 MB | 17/18 MB | 0.8/18 MB | 19 kBProgress (4): 17/93 MB | 17/18 MB | 0.9/18 MB | 19 kBProgress (4): 17/93 MB | 17/18 MB | 0.9/18 MB | 19 kBProgress (4): 17/93 MB | 17/18 MB | 0.9/18 MB | 19 kBProgress (4): 17/93 MB | 17/18 MB | 0.9/18 MB | 19 kBProgress (4): 17/93 MB | 17/18 MB | 0.9/18 MB | 19 kBProgress (5): 17/93 MB | 17/18 MB | 0.9/18 MB | 19 kB | 7.7/25 kBProgress (5): 17/93 MB | 17/18 MB | 0.9/18 MB | 19 kB | 16/25 kB Progress (5): 17/93 MB | 17/18 MB | 0.9/18 MB | 19 kB | 25 kB                                                                Downloaded from central: https://repo.maven.apache.org/maven2/org/rnorth/duct-tape/duct-tape/1.0.8/duct-tape-1.0.8.jar (25 kB at 8.2 kB/s)
Progress (4): 18/93 MB | 17/18 MB | 0.9/18 MB | 19 kB                                                     Downloaded from central: https://repo.maven.apache.org/maven2/org/jetbrains/annotations/17.0.0/annotations-17.0.0.jar (19 kB at 6.1 kB/s)
Progress (3): 18/93 MB | 17/18 MB | 0.9/18 MB                                             Downloading from central: https://repo.maven.apache.org/maven2/com/github/docker-java/docker-java-api/3.3.4/docker-java-api-3.3.4.jar
Progress (3): 18/93 MB | 17/18 MB | 0.9/18 MBProgress (3): 18/93 MB | 17/18 MB | 0.9/18 MB                                             Downloading from central: https://repo.maven.apache.org/maven2/com/github/docker-java/docker-java-transport-zerodep/3.3.4/docker-java-transport-zerodep-3.3.4.jar
Progress (3): 18/93 MB | 17/18 MB | 0.9/18 MBProgress (3): 18/93 MB | 17/18 MB | 0.9/18 MBProgress (3): 18/93 MB | 17/18 MB | 0.9/18 MBProgress (3): 18/93 MB | 17/18 MB | 0.9/18 MBProgress (3): 18/93 MB | 17/18 MB | 0.9/18 MBProgress (3): 18/93 MB | 17/18 MB | 1.0/18 MBProgress (3): 18/93 MB | 17/18 MB | 1.0/18 MBProgress (3): 18/93 MB | 17/18 MB | 1.0/18 MBProgress (3): 18/93 MB | 17/18 MB | 1.0/18 MBProgress (3): 18/93 MB | 17/18 MB | 1.0/18 MBProgress (3): 18/93 MB | 17/18 MB | 1.0/18 MBProgress (3): 18/93 MB | 17/18 MB | 1.0/18 MBProgress (3): 18/93 MB | 18/18 MB | 1.0/18 MBProgress (3): 18/93 MB | 18/18 MB | 1.0/18 MBProgress (3): 18/93 MB | 18/18 MB | 1.0/18 MBProgress (3): 18/93 MB | 18/18 MB | 1.0/18 MBProgress (3): 18/93 MB | 18/18 MB | 1.0/18 MBProgress (3): 18/93 MB | 18/18 MB | 1.0/18 MBProgress (3): 18/93 MB | 18/18 MB | 1.0/18 MBProgress (3): 18/93 MB | 18/18 MB | 1.0/18 MBProgress (3): 18/93 MB | 18/18 MB | 1.0/18 MBProgress (3): 18/93 MB | 18/18 MB | 1.0/18 MBProgress (3): 18/93 MB | 18/18 MB | 1.0/18 MBProgress (3): 18/93 MB | 18/18 MB | 1.0/18 MBProgress (3): 18/93 MB | 18/18 MB | 1.0/18 MBProgress (3): 18/93 MB | 18/18 MB | 1.0/18 MBProgress (3): 18/93 MB | 18/18 MB | 1.0/18 MBProgress (3): 18/93 MB | 18/18 MB | 1.0/18 MBProgress (3): 18/93 MB | 18/18 MB | 1.1/18 MBProgress (3): 18/93 MB | 18/18 MB | 1.1/18 MBProgress (3): 18/93 MB | 18/18 MB | 1.1/18 MBProgress (3): 18/93 MB | 18/18 MB | 1.1/18 MBProgress (3): 18/93 MB | 18/18 MB | 1.1/18 MBProgress (3): 18/93 MB | 18/18 MB | 1.1/18 MBProgress (3): 18/93 MB | 18/18 MB | 1.1/18 MBProgress (3): 18/93 MB | 18/18 MB | 1.1/18 MBProgress (3): 18/93 MB | 18/18 MB | 1.1/18 MBProgress (4): 18/93 MB | 18/18 MB | 1.1/18 MB | 0/2.0 MBProgress (4): 18/93 MB | 18/18 MB | 1.1/18 MB | 0/2.0 MBProgress (4): 18/93 MB | 18/18 MB | 1.1/18 MB | 0/2.0 MBProgress (5): 18/93 MB | 18/18 MB | 1.1/18 MB | 0/2.0 MB | 7.7/471 kBProgress (5): 18/93 MB | 18/18 MB | 1.1/18 MB | 0/2.0 MB | 16/471 kB Progress (5): 18/93 MB | 18/18 MB | 1.1/18 MB | 0/2.0 MB | 32/471 kBProgress (5): 18/93 MB | 18/18 MB | 1.1/18 MB | 0/2.0 MB | 32/471 kBProgress (5): 18/93 MB | 18/18 MB | 1.1/18 MB | 0/2.0 MB | 32/471 kBProgress (5): 18/93 MB | 18/18 MB | 1.1/18 MB | 0/2.0 MB | 32/471 kBProgress (5): 18/93 MB | 18/18 MB | 1.1/18 MB | 0/2.0 MB | 32/471 kBProgress (5): 18/93 MB | 18/18 MB | 1.1/18 MB | 0/2.0 MB | 32/471 kBProgress (5): 18/93 MB | 18/18 MB | 1.1/18 MB | 0/2.0 MB | 32/471 kBProgress (5): 18/93 MB | 18/18 MB | 1.1/18 MB | 0/2.0 MB | 32/471 kBProgress (5): 18/93 MB | 18/18 MB | 1.1/18 MB | 0/2.0 MB | 32/471 kBProgress (5): 18/93 MB | 18/18 MB | 1.1/18 MB | 0/2.0 MB | 32/471 kBProgress (5): 18/93 MB | 18/18 MB | 1.1/18 MB | 0/2.0 MB | 32/471 kBProgress (5): 18/93 MB | 18/18 MB | 1.1/18 MB | 0/2.0 MB | 32/471 kBProgress (5): 18/93 MB | 18/18 MB | 1.1/18 MB | 0/2.0 MB | 32/471 kBProgress (5): 18/93 MB | 18/18 MB | 1.1/18 MB | 0.1/2.0 MB | 32/471 kBProgress (5): 18/93 MB | 18/18 MB | 1.1/18 MB | 0.1/2.0 MB | 49/471 kBProgress (5): 18/93 MB | 18/18 MB | 1.1/18 MB | 0.1/2.0 MB | 49/471 kBProgress (5): 18/93 MB | 18/18 MB | 1.1/18 MB | 0.1/2.0 MB | 49/471 kBProgress (5): 18/93 MB | 18/18 MB | 1.1/18 MB | 0.1/2.0 MB | 49/471 kBProgress (5): 18/93 MB | 18/18 MB | 1.1/18 MB | 0.1/2.0 MB | 49/471 kBProgress (5): 18/93 MB | 18/18 MB | 1.1/18 MB | 0.1/2.0 MB | 49/471 kBProgress (5): 18/93 MB | 18/18 MB | 1.2/18 MB | 0.1/2.0 MB | 49/471 kBProgress (5): 18/93 MB | 18/18 MB | 1.2/18 MB | 0.1/2.0 MB | 65/471 kBProgress (5): 18/93 MB | 18/18 MB | 1.2/18 MB | 0.1/2.0 MB | 65/471 kBProgress (5): 18/93 MB | 18/18 MB | 1.2/18 MB | 0.1/2.0 MB | 65/471 kBProgress (5): 18/93 MB | 18/18 MB | 1.2/18 MB | 0.1/2.0 MB | 65/471 kBProgress (5): 18/93 MB | 18/18 MB | 1.2/18 MB | 0.1/2.0 MB | 65/471 kBProgress (5): 18/93 MB | 18/18 MB | 1.2/18 MB | 0.1/2.0 MB | 65/471 kBProgress (5): 18/93 MB | 18/18 MB | 1.2/18 MB | 0.1/2.0 MB | 65/471 kBProgress (5): 18/93 MB | 18/18 MB | 1.2/18 MB | 0.1/2.0 MB | 65/471 kBProgress (5): 18/93 MB | 18/18 MB | 1.2/18 MB | 0.1/2.0 MB | 65/471 kBProgress (5): 18/93 MB | 18/18 MB | 1.2/18 MB | 0.1/2.0 MB | 65/471 kBProgress (5): 18/93 MB | 18/18 MB | 1.2/18 MB | 0.1/2.0 MB | 65/471 kBProgress (5): 18/93 MB | 18/18 MB | 1.2/18 MB | 0.1/2.0 MB | 65/471 kBProgress (5): 18/93 MB | 18/18 MB | 1.2/18 MB | 0.1/2.0 MB | 81/471 kBProgress (5): 18/93 MB | 18/18 MB | 1.2/18 MB | 0.1/2.0 MB | 81/471 kBProgress (5): 18/93 MB | 18/18 MB | 1.2/18 MB | 0.1/2.0 MB | 81/471 kBProgress (5): 18/93 MB | 18/18 MB | 1.2/18 MB | 0.1/2.0 MB | 98/471 kBProgress (5): 18/93 MB | 18/18 MB | 1.3/18 MB | 0.1/2.0 MB | 98/471 kBProgress (5): 18/93 MB | 18/18 MB | 1.3/18 MB | 0.1/2.0 MB | 114/471 kBProgress (5): 18/93 MB | 18/18 MB | 1.3/18 MB | 0.1/2.0 MB | 114/471 kBProgress (5): 18/93 MB | 18/18 MB | 1.3/18 MB | 0.1/2.0 MB | 114/471 kBProgress (5): 18/93 MB | 18/18 MB | 1.3/18 MB | 0.1/2.0 MB | 114/471 kBProgress (5): 18/93 MB | 18/18 MB | 1.3/18 MB | 0.1/2.0 MB | 114/471 kBProgress (5): 18/93 MB | 18/18 MB | 1.3/18 MB | 0.1/2.0 MB | 114/471 kBProgress (5): 18/93 MB | 18/18 MB | 1.3/18 MB | 0.1/2.0 MB | 114/471 kBProgress (5): 18/93 MB | 18/18 MB | 1.3/18 MB | 0.1/2.0 MB | 114/471 kBProgress (5): 18/93 MB | 18/18 MB | 1.3/18 MB | 0.1/2.0 MB | 114/471 kBProgress (5): 18/93 MB | 18/18 MB | 1.3/18 MB | 0.1/2.0 MB | 114/471 kBProgress (5): 18/93 MB | 18/18 MB | 1.3/18 MB | 0.2/2.0 MB | 114/471 kBProgress (5): 18/93 MB | 18/18 MB | 1.3/18 MB | 0.2/2.0 MB | 114/471 kBProgress (5): 18/93 MB | 18/18 MB | 1.3/18 MB | 0.2/2.0 MB | 114/471 kBProgress (5): 18/93 MB | 18/18 MB | 1.3/18 MB | 0.2/2.0 MB | 131/471 kBProgress (5): 18/93 MB | 18/18 MB | 1.3/18 MB | 0.2/2.0 MB | 131/471 kBProgress (5): 18/93 MB | 18/18 MB | 1.3/18 MB | 0.2/2.0 MB | 147/471 kBProgress (5): 18/93 MB | 18/18 MB | 1.3/18 MB | 0.2/2.0 MB | 147/471 kBProgress (5): 18/93 MB | 18/18 MB | 1.3/18 MB | 0.2/2.0 MB | 163/471 kBProgress (5): 18/93 MB | 18/18 MB | 1.3/18 MB | 0.2/2.0 MB | 163/471 kBProgress (5): 18/93 MB | 18/18 MB | 1.3/18 MB | 0.2/2.0 MB | 163/471 kBProgress (5): 18/93 MB | 18/18 MB | 1.3/18 MB | 0.2/2.0 MB | 163/471 kBProgress (5): 18/93 MB | 18/18 MB | 1.3/18 MB | 0.2/2.0 MB | 163/471 kBProgress (5): 18/93 MB | 18/18 MB | 1.3/18 MB | 0.2/2.0 MB | 163/471 kBProgress (5): 18/93 MB | 18/18 MB | 1.3/18 MB | 0.2/2.0 MB | 163/471 kBProgress (5): 18/93 MB | 18/18 MB | 1.3/18 MB | 0.2/2.0 MB | 163/471 kBProgress (5): 18/93 MB | 18/18 MB | 1.3/18 MB | 0.2/2.0 MB | 163/471 kBProgress (5): 18/93 MB | 18/18 MB | 1.3/18 MB | 0.2/2.0 MB | 163/471 kBProgress (5): 18/93 MB | 18/18 MB | 1.3/18 MB | 0.2/2.0 MB | 163/471 kBProgress (5): 18/93 MB | 18/18 MB | 1.3/18 MB | 0.2/2.0 MB | 163/471 kBProgress (5): 18/93 MB | 18/18 MB | 1.4/18 MB | 0.2/2.0 MB | 163/471 kBProgress (5): 18/93 MB | 18/18 MB | 1.4/18 MB | 0.2/2.0 MB | 163/471 kBProgress (5): 18/93 MB | 18/18 MB | 1.4/18 MB | 0.2/2.0 MB | 163/471 kBProgress (5): 18/93 MB | 18/18 MB | 1.4/18 MB | 0.2/2.0 MB | 180/471 kBProgress (5): 18/93 MB | 18/18 MB | 1.4/18 MB | 0.2/2.0 MB | 180/471 kBProgress (5): 18/93 MB | 18/18 MB | 1.4/18 MB | 0.2/2.0 MB | 196/471 kBProgress (5): 18/93 MB | 18/18 MB | 1.4/18 MB | 0.2/2.0 MB | 196/471 kBProgress (5): 18/93 MB | 18/18 MB | 1.4/18 MB | 0.2/2.0 MB | 213/471 kBProgress (5): 18/93 MB | 18/18 MB | 1.4/18 MB | 0.2/2.0 MB | 213/471 kBProgress (5): 18/93 MB | 18/18 MB | 1.4/18 MB | 0.2/2.0 MB | 213/471 kBProgress (5): 18/93 MB | 18/18 MB | 1.4/18 MB | 0.2/2.0 MB | 213/471 kBProgress (5): 18/93 MB | 18/18 MB | 1.4/18 MB | 0.3/2.0 MB | 213/471 kBProgress (5): 18/93 MB | 18/18 MB | 1.4/18 MB | 0.3/2.0 MB | 213/471 kBProgress (5): 18/93 MB | 18/18 MB | 1.4/18 MB | 0.3/2.0 MB | 213/471 kBProgress (5): 18/93 MB | 18/18 MB | 1.4/18 MB | 0.3/2.0 MB | 213/471 kBProgress (5): 18/93 MB | 18/18 MB | 1.4/18 MB | 0.3/2.0 MB | 213/471 kBProgress (5): 18/93 MB | 18/18 MB | 1.4/18 MB | 0.3/2.0 MB | 213/471 kBProgress (5): 18/93 MB | 18/18 MB | 1.4/18 MB | 0.3/2.0 MB | 213/471 kBProgress (5): 18/93 MB | 18/18 MB | 1.4/18 MB | 0.3/2.0 MB | 213/471 kBProgress (5): 18/93 MB | 18/18 MB | 1.4/18 MB | 0.3/2.0 MB | 213/471 kBProgress (5): 18/93 MB | 18/18 MB | 1.4/18 MB | 0.3/2.0 MB | 213/471 kBProgress (5): 18/93 MB | 18/18 MB | 1.4/18 MB | 0.3/2.0 MB | 213/471 kBProgress (5): 18/93 MB | 18/18 MB | 1.4/18 MB | 0.3/2.0 MB | 229/471 kBProgress (5): 18/93 MB | 18/18 MB | 1.4/18 MB | 0.3/2.0 MB | 245/471 kBProgress (5): 18/93 MB | 18/18 MB | 1.4/18 MB | 0.3/2.0 MB | 262/471 kBProgress (5): 18/93 MB | 18/18 MB | 1.4/18 MB | 0.3/2.0 MB | 262/471 kBProgress (5): 18/93 MB | 18/18 MB | 1.4/18 MB | 0.3/2.0 MB | 262/471 kBProgress (5): 18/93 MB | 18/18 MB | 1.4/18 MB | 0.3/2.0 MB | 262/471 kBProgress (5): 18/93 MB | 18/18 MB | 1.5/18 MB | 0.3/2.0 MB | 262/471 kBProgress (5): 18/93 MB | 18/18 MB | 1.5/18 MB | 0.3/2.0 MB | 262/471 kBProgress (5): 18/93 MB | 18/18 MB | 1.5/18 MB | 0.3/2.0 MB | 262/471 kBProgress (5): 18/93 MB | 18/18 MB | 1.5/18 MB | 0.3/2.0 MB | 262/471 kBProgress (5): 18/93 MB | 18/18 MB | 1.5/18 MB | 0.3/2.0 MB | 262/471 kBProgress (5): 18/93 MB | 18/18 MB | 1.5/18 MB | 0.3/2.0 MB | 262/471 kBProgress (5): 18/93 MB | 18/18 MB | 1.5/18 MB | 0.3/2.0 MB | 262/471 kBProgress (5): 18/93 MB | 18/18 MB | 1.5/18 MB | 0.3/2.0 MB | 262/471 kBProgress (5): 18/93 MB | 18/18 MB | 1.5/18 MB | 0.3/2.0 MB | 262/471 kBProgress (5): 18/93 MB | 18/18 MB | 1.5/18 MB | 0.3/2.0 MB | 262/471 kBProgress (5): 18/93 MB | 18/18 MB | 1.5/18 MB | 0.3/2.0 MB | 262/471 kBProgress (5): 18/93 MB | 18/18 MB | 1.5/18 MB | 0.3/2.0 MB | 262/471 kBProgress (5): 18/93 MB | 18/18 MB | 1.5/18 MB | 0.4/2.0 MB | 262/471 kBProgress (5): 18/93 MB | 18/18 MB | 1.5/18 MB | 0.4/2.0 MB | 262/471 kBProgress (5): 18/93 MB | 18/18 MB | 1.5/18 MB | 0.4/2.0 MB | 278/471 kBProgress (5): 18/93 MB | 18/18 MB | 1.5/18 MB | 0.4/2.0 MB | 294/471 kBProgress (5): 18/93 MB | 18/18 MB | 1.5/18 MB | 0.4/2.0 MB | 294/471 kBProgress (5): 18/93 MB | 18/18 MB | 1.5/18 MB | 0.4/2.0 MB | 311/471 kBProgress (5): 18/93 MB | 18/18 MB | 1.5/18 MB | 0.4/2.0 MB | 311/471 kBProgress (5): 18/93 MB | 18/18 MB | 1.5/18 MB | 0.4/2.0 MB | 311/471 kBProgress (5): 18/93 MB | 18/18 MB | 1.5/18 MB | 0.4/2.0 MB | 311/471 kBProgress (5): 18/93 MB | 18/18 MB | 1.5/18 MB | 0.4/2.0 MB | 311/471 kBProgress (5): 18/93 MB | 18/18 MB | 1.5/18 MB | 0.4/2.0 MB | 311/471 kBProgress (5): 18/93 MB | 18/18 MB | 1.5/18 MB | 0.4/2.0 MB | 311/471 kBProgress (5): 18/93 MB | 18/18 MB | 1.5/18 MB | 0.4/2.0 MB | 311/471 kBProgress (5): 18/93 MB | 18/18 MB | 1.5/18 MB | 0.4/2.0 MB | 311/471 kBProgress (5): 18/93 MB | 18/18 MB | 1.5/18 MB | 0.4/2.0 MB | 311/471 kBProgress (5): 18/93 MB | 18/18 MB | 1.5/18 MB | 0.4/2.0 MB | 327/471 kBProgress (5): 18/93 MB | 18/18 MB | 1.5/18 MB | 0.4/2.0 MB | 344/471 kBProgress (5): 18/93 MB | 18/18 MB | 1.5/18 MB | 0.4/2.0 MB | 344/471 kBProgress (5): 18/93 MB | 18/18 MB | 1.5/18 MB | 0.4/2.0 MB | 344/471 kBProgress (5): 18/93 MB | 18/18 MB | 1.5/18 MB | 0.4/2.0 MB | 360/471 kBProgress (5): 18/93 MB | 18/18 MB | 1.5/18 MB | 0.4/2.0 MB | 360/471 kBProgress (5): 18/93 MB | 18/18 MB | 1.5/18 MB | 0.4/2.0 MB | 376/471 kBProgress (5): 18/93 MB | 18/18 MB | 1.5/18 MB | 0.4/2.0 MB | 376/471 kBProgress (5): 18/93 MB | 18/18 MB | 1.5/18 MB | 0.4/2.0 MB | 376/471 kBProgress (5): 18/93 MB | 18/18 MB | 1.5/18 MB | 0.4/2.0 MB | 376/471 kBProgress (5): 18/93 MB | 18/18 MB | 1.5/18 MB | 0.4/2.0 MB | 376/471 kBProgress (5): 18/93 MB | 18/18 MB | 1.5/18 MB | 0.4/2.0 MB | 376/471 kBProgress (5): 18/93 MB | 18/18 MB | 1.6/18 MB | 0.4/2.0 MB | 376/471 kBProgress (5): 18/93 MB | 18/18 MB | 1.6/18 MB | 0.5/2.0 MB | 376/471 kBProgress (5): 18/93 MB | 18/18 MB | 1.6/18 MB | 0.5/2.0 MB | 376/471 kBProgress (5): 18/93 MB | 18/18 MB | 1.6/18 MB | 0.5/2.0 MB | 376/471 kBProgress (5): 18/93 MB | 18/18 MB | 1.6/18 MB | 0.5/2.0 MB | 376/471 kBProgress (5): 18/93 MB | 18/18 MB | 1.6/18 MB | 0.5/2.0 MB | 376/471 kBProgress (5): 18/93 MB | 18/18 MB | 1.6/18 MB | 0.5/2.0 MB | 376/471 kBProgress (5): 18/93 MB | 18/18 MB | 1.6/18 MB | 0.5/2.0 MB | 376/471 kBProgress (5): 18/93 MB | 18/18 MB | 1.6/18 MB | 0.5/2.0 MB | 393/471 kBProgress (5): 18/93 MB | 18/18 MB | 1.6/18 MB | 0.5/2.0 MB | 393/471 kBProgress (5): 18/93 MB | 18/18 MB | 1.6/18 MB | 0.5/2.0 MB | 393/471 kBProgress (5): 18/93 MB | 18/18 MB | 1.6/18 MB | 0.5/2.0 MB | 409/471 kBProgress (5): 18/93 MB | 18/18 MB | 1.6/18 MB | 0.5/2.0 MB | 409/471 kBProgress (5): 18/93 MB | 18/18 MB | 1.6/18 MB | 0.5/2.0 MB | 426/471 kBProgress (5): 18/93 MB | 18/18 MB | 1.6/18 MB | 0.5/2.0 MB | 426/471 kBProgress (5): 18/93 MB | 18/18 MB | 1.6/18 MB | 0.5/2.0 MB | 426/471 kBProgress (5): 18/93 MB | 18/18 MB | 1.6/18 MB | 0.5/2.0 MB | 426/471 kBProgress (5): 18/93 MB | 18/18 MB | 1.6/18 MB | 0.5/2.0 MB | 426/471 kBProgress (5): 18/93 MB | 18/18 MB | 1.6/18 MB | 0.5/2.0 MB | 426/471 kBProgress (5): 18/93 MB | 18/18 MB | 1.6/18 MB | 0.5/2.0 MB | 426/471 kBProgress (5): 18/93 MB | 18/18 MB | 1.6/18 MB | 0.5/2.0 MB | 426/471 kBProgress (5): 18/93 MB | 18/18 MB | 1.6/18 MB | 0.5/2.0 MB | 426/471 kBProgress (5): 18/93 MB | 18/18 MB | 1.6/18 MB | 0.5/2.0 MB | 426/471 kBProgress (5): 18/93 MB | 18/18 MB | 1.6/18 MB | 0.5/2.0 MB | 426/471 kBProgress (5): 18/93 MB | 18/18 MB | 1.6/18 MB | 0.5/2.0 MB | 442/471 kBProgress (5): 18/93 MB | 18/18 MB | 1.6/18 MB | 0.5/2.0 MB | 442/471 kBProgress (5): 18/93 MB | 18/18 MB | 1.7/18 MB | 0.5/2.0 MB | 442/471 kBProgress (5): 18/93 MB | 18/18 MB | 1.7/18 MB | 0.5/2.0 MB | 442/471 kBProgress (5): 18/93 MB | 18/18 MB | 1.7/18 MB | 0.5/2.0 MB | 442/471 kBProgress (5): 18/93 MB | 18/18 MB | 1.7/18 MB | 0.6/2.0 MB | 442/471 kBProgress (5): 18/93 MB | 18/18 MB | 1.7/18 MB | 0.6/2.0 MB | 442/471 kBProgress (5): 18/93 MB | 18/18 MB | 1.7/18 MB | 0.6/2.0 MB | 458/471 kBProgress (5): 18/93 MB | 18/18 MB | 1.7/18 MB | 0.6/2.0 MB | 471 kB    Progress (5): 18/93 MB | 18/18 MB | 1.7/18 MB | 0.6/2.0 MB | 471 kBProgress (5): 18/93 MB | 18/18 MB | 1.7/18 MB | 0.6/2.0 MB | 471 kBProgress (5): 18/93 MB | 18/18 MB | 1.7/18 MB | 0.6/2.0 MB | 471 kBProgress (5): 18/93 MB | 18/18 MB | 1.7/18 MB | 0.6/2.0 MB | 471 kBProgress (5): 18/93 MB | 18/18 MB | 1.7/18 MB | 0.6/2.0 MB | 471 kBProgress (5): 18/93 MB | 18/18 MB | 1.7/18 MB | 0.6/2.0 MB | 471 kBProgress (5): 18/93 MB | 18/18 MB | 1.7/18 MB | 0.6/2.0 MB | 471 kBProgress (5): 18/93 MB | 18/18 MB | 1.7/18 MB | 0.6/2.0 MB | 471 kBProgress (5): 18/93 MB | 18/18 MB | 1.7/18 MB | 0.6/2.0 MB | 471 kBProgress (5): 18/93 MB | 18/18 MB | 1.7/18 MB | 0.6/2.0 MB | 471 kBProgress (5): 18/93 MB | 18/18 MB | 1.7/18 MB | 0.6/2.0 MB | 471 kB                                                                   Downloaded from central: https://repo.maven.apache.org/maven2/com/github/docker-java/docker-java-api/3.3.4/docker-java-api-3.3.4.jar (471 kB at 148 kB/s)
Downloading from central: https://repo.maven.apache.org/maven2/com/github/docker-java/docker-java-transport/3.3.4/docker-java-transport-3.3.4.jar
Progress (4): 18/93 MB | 18/18 MB | 1.7/18 MB | 0.6/2.0 MBProgress (4): 18/93 MB | 18/18 MB | 1.7/18 MB | 0.6/2.0 MBProgress (4): 18/93 MB | 18/18 MB | 1.7/18 MB | 0.6/2.0 MBProgress (4): 18/93 MB | 18/18 MB | 1.7/18 MB | 0.6/2.0 MBProgress (4): 18/93 MB | 18/18 MB | 1.7/18 MB | 0.6/2.0 MBProgress (4): 18/93 MB | 18/18 MB | 1.7/18 MB | 0.6/2.0 MBProgress (4): 18/93 MB | 18/18 MB | 1.7/18 MB | 0.6/2.0 MBProgress (4): 18/93 MB | 18/18 MB | 1.7/18 MB | 0.6/2.0 MBProgress (4): 18/93 MB | 18/18 MB | 1.7/18 MB | 0.7/2.0 MBProgress (4): 18/93 MB | 18/18 MB | 1.7/18 MB | 0.7/2.0 MBProgress (4): 18/93 MB | 18/18 MB | 1.7/18 MB | 0.7/2.0 MBProgress (4): 18/93 MB | 18/18 MB | 1.7/18 MB | 0.7/2.0 MBProgress (4): 18/93 MB | 18/18 MB | 1.7/18 MB | 0.7/2.0 MBProgress (4): 18/93 MB | 18/18 MB | 1.7/18 MB | 0.7/2.0 MBProgress (4): 18/93 MB | 18/18 MB | 1.7/18 MB | 0.7/2.0 MBProgress (4): 18/93 MB | 18/18 MB | 1.7/18 MB | 0.7/2.0 MBProgress (4): 18/93 MB | 18/18 MB | 1.7/18 MB | 0.7/2.0 MBProgress (4): 18/93 MB | 18/18 MB | 1.7/18 MB | 0.7/2.0 MBProgress (4): 18/93 MB | 18/18 MB | 1.7/18 MB | 0.7/2.0 MBProgress (4): 18/93 MB | 18/18 MB | 1.7/18 MB | 0.7/2.0 MBProgress (4): 18/93 MB | 18/18 MB | 1.8/18 MB | 0.7/2.0 MBProgress (4): 18/93 MB | 18/18 MB | 1.8/18 MB | 0.7/2.0 MBProgress (4): 18/93 MB | 18/18 MB | 1.8/18 MB | 0.7/2.0 MBProgress (4): 18/93 MB | 18/18 MB | 1.8/18 MB | 0.7/2.0 MBProgress (4): 18/93 MB | 18/18 MB | 1.8/18 MB | 0.7/2.0 MBProgress (4): 18/93 MB | 18/18 MB | 1.8/18 MB | 0.7/2.0 MBProgress (4): 18/93 MB | 18/18 MB | 1.8/18 MB | 0.7/2.0 MBProgress (4): 18/93 MB | 18/18 MB | 1.8/18 MB | 0.7/2.0 MBProgress (4): 18/93 MB | 18/18 MB | 1.8/18 MB | 0.7/2.0 MBProgress (4): 18/93 MB | 18/18 MB | 1.8/18 MB | 0.7/2.0 MBProgress (4): 18/93 MB | 18/18 MB | 1.8/18 MB | 0.7/2.0 MBProgress (4): 18/93 MB | 18/18 MB | 1.8/18 MB | 0.7/2.0 MBProgress (4): 18/93 MB | 18/18 MB | 1.8/18 MB | 0.7/2.0 MBProgress (4): 18/93 MB | 18/18 MB | 1.8/18 MB | 0.7/2.0 MBProgress (4): 18/93 MB | 18/18 MB | 1.8/18 MB | 0.7/2.0 MBProgress (4): 18/93 MB | 18 MB | 1.8/18 MB | 0.7/2.0 MB   Progress (4): 18/93 MB | 18 MB | 1.8/18 MB | 0.7/2.0 MB                                                       Downloaded from central: https://repo.maven.apache.org/maven2/ai/djl/huggingface/tokenizers/0.32.0/tokenizers-0.32.0.jar (18 MB at 5.7 MB/s)
Progress (3): 18/93 MB | 1.8/18 MB | 0.7/2.0 MBProgress (3): 18/93 MB | 1.8/18 MB | 0.8/2.0 MBProgress (3): 18/93 MB | 1.9/18 MB | 0.8/2.0 MB                                               Downloading from central: https://repo.maven.apache.org/maven2/org/testcontainers/mongodb/1.19.3/mongodb-1.19.3.jar
Progress (3): 18/93 MB | 1.9/18 MB | 0.8/2.0 MBProgress (3): 18/93 MB | 1.9/18 MB | 0.8/2.0 MBProgress (3): 18/93 MB | 1.9/18 MB | 0.8/2.0 MBProgress (3): 18/93 MB | 1.9/18 MB | 0.8/2.0 MBProgress (3): 18/93 MB | 1.9/18 MB | 0.8/2.0 MBProgress (3): 18/93 MB | 1.9/18 MB | 0.8/2.0 MBProgress (4): 18/93 MB | 1.9/18 MB | 0.8/2.0 MB | 7.7/38 kBProgress (4): 18/93 MB | 1.9/18 MB | 0.8/2.0 MB | 16/38 kB Progress (4): 18/93 MB | 1.9/18 MB | 0.8/2.0 MB | 16/38 kBProgress (4): 18/93 MB | 1.9/18 MB | 0.8/2.0 MB | 16/38 kBProgress (4): 19/93 MB | 1.9/18 MB | 0.8/2.0 MB | 16/38 kBProgress (4): 19/93 MB | 1.9/18 MB | 0.9/2.0 MB | 16/38 kBProgress (4): 19/93 MB | 1.9/18 MB | 0.9/2.0 MB | 16/38 kBProgress (4): 19/93 MB | 1.9/18 MB | 0.9/2.0 MB | 16/38 kBProgress (4): 19/93 MB | 1.9/18 MB | 0.9/2.0 MB | 16/38 kBProgress (4): 19/93 MB | 1.9/18 MB | 0.9/2.0 MB | 32/38 kBProgress (4): 19/93 MB | 1.9/18 MB | 0.9/2.0 MB | 38 kB   Progress (4): 19/93 MB | 1.9/18 MB | 0.9/2.0 MB | 38 kBProgress (4): 19/93 MB | 1.9/18 MB | 0.9/2.0 MB | 38 kB                                                       Downloaded from central: https://repo.maven.apache.org/maven2/com/github/docker-java/docker-java-transport/3.3.4/docker-java-transport-3.3.4.jar (38 kB at 12 kB/s)
Downloading from central: https://repo.maven.apache.org/maven2/org/testcontainers/junit-jupiter/1.19.3/junit-jupiter-1.19.3.jar
Progress (3): 19/93 MB | 1.9/18 MB | 0.9/2.0 MBProgress (3): 19/93 MB | 1.9/18 MB | 0.9/2.0 MBProgress (3): 19/93 MB | 1.9/18 MB | 0.9/2.0 MBProgress (3): 19/93 MB | 2.0/18 MB | 0.9/2.0 MBProgress (3): 19/93 MB | 2.0/18 MB | 0.9/2.0 MBProgress (3): 19/93 MB | 2.0/18 MB | 1.0/2.0 MBProgress (3): 19/93 MB | 2.0/18 MB | 1.0/2.0 MBProgress (3): 19/93 MB | 2.0/18 MB | 1.0/2.0 MBProgress (3): 19/93 MB | 2.0/18 MB | 1.0/2.0 MBProgress (3): 19/93 MB | 2.0/18 MB | 1.0/2.0 MBProgress (3): 19/93 MB | 2.0/18 MB | 1.0/2.0 MBProgress (3): 19/93 MB | 2.0/18 MB | 1.0/2.0 MBProgress (3): 19/93 MB | 2.0/18 MB | 1.0/2.0 MBProgress (3): 19/93 MB | 2.0/18 MB | 1.0/2.0 MBProgress (3): 19/93 MB | 2.0/18 MB | 1.0/2.0 MBProgress (3): 19/93 MB | 2.0/18 MB | 1.0/2.0 MBProgress (3): 19/93 MB | 2.0/18 MB | 1.0/2.0 MBProgress (3): 19/93 MB | 2.0/18 MB | 1.0/2.0 MBProgress (3): 19/93 MB | 2.0/18 MB | 1.0/2.0 MBProgress (3): 19/93 MB | 2.0/18 MB | 1.0/2.0 MBProgress (3): 19/93 MB | 2.0/18 MB | 1.0/2.0 MBProgress (3): 19/93 MB | 2.0/18 MB | 1.0/2.0 MBProgress (3): 19/93 MB | 2.0/18 MB | 1.1/2.0 MBProgress (3): 19/93 MB | 2.0/18 MB | 1.1/2.0 MBProgress (3): 19/93 MB | 2.0/18 MB | 1.1/2.0 MBProgress (3): 19/93 MB | 2.0/18 MB | 1.1/2.0 MBProgress (3): 19/93 MB | 2.1/18 MB | 1.1/2.0 MBProgress (4): 19/93 MB | 2.1/18 MB | 1.1/2.0 MB | 4.1/6.3 kBProgress (4): 19/93 MB | 2.1/18 MB | 1.1/2.0 MB | 4.1/6.3 kBProgress (4): 19/93 MB | 2.1/18 MB | 1.1/2.0 MB | 6.3 kB                                                            Downloaded from central: https://repo.maven.apache.org/maven2/org/testcontainers/mongodb/1.19.3/mongodb-1.19.3.jar (6.3 kB at 2.0 kB/s)
Progress (3): 19/93 MB | 2.1/18 MB | 1.1/2.0 MBProgress (3): 19/93 MB | 2.1/18 MB | 1.1/2.0 MBProgress (3): 19/93 MB | 2.1/18 MB | 1.1/2.0 MBProgress (3): 19/93 MB | 2.1/18 MB | 1.1/2.0 MB                                               Downloading from central: https://repo.maven.apache.org/maven2/org/springframework/security/spring-security-test/6.3.3/spring-security-test-6.3.3.jar
Progress (3): 19/93 MB | 2.1/18 MB | 1.1/2.0 MBProgress (3): 19/93 MB | 2.1/18 MB | 1.1/2.0 MBProgress (3): 19/93 MB | 2.1/18 MB | 1.1/2.0 MBProgress (3): 19/93 MB | 2.1/18 MB | 1.1/2.0 MBProgress (3): 19/93 MB | 2.1/18 MB | 1.1/2.0 MBProgress (3): 19/93 MB | 2.1/18 MB | 1.1/2.0 MBProgress (3): 19/93 MB | 2.1/18 MB | 1.1/2.0 MBProgress (3): 19/93 MB | 2.1/18 MB | 1.2/2.0 MBProgress (3): 19/93 MB | 2.1/18 MB | 1.2/2.0 MBProgress (4): 19/93 MB | 2.1/18 MB | 1.2/2.0 MB | 7.7/12 kBProgress (4): 19/93 MB | 2.1/18 MB | 1.2/2.0 MB | 7.8/12 kBProgress (4): 19/93 MB | 2.1/18 MB | 1.2/2.0 MB | 12 kB                                                           Downloaded from central: https://repo.maven.apache.org/maven2/org/testcontainers/junit-jupiter/1.19.3/junit-jupiter-1.19.3.jar (12 kB at 3.7 kB/s)
Progress (3): 19/93 MB | 2.1/18 MB | 1.2/2.0 MB                                               Downloading from central: https://repo.maven.apache.org/maven2/io/jsonwebtoken/jjwt-api/0.12.6/jjwt-api-0.12.6.jar
Progress (3): 19/93 MB | 2.1/18 MB | 1.2/2.0 MBProgress (3): 19/93 MB | 2.1/18 MB | 1.2/2.0 MBProgress (3): 19/93 MB | 2.1/18 MB | 1.2/2.0 MBProgress (3): 19/93 MB | 2.1/18 MB | 1.2/2.0 MBProgress (3): 19/93 MB | 2.1/18 MB | 1.2/2.0 MBProgress (3): 19/93 MB | 2.2/18 MB | 1.2/2.0 MBProgress (3): 19/93 MB | 2.2/18 MB | 1.2/2.0 MBProgress (3): 19/93 MB | 2.2/18 MB | 1.2/2.0 MBProgress (3): 19/93 MB | 2.2/18 MB | 1.3/2.0 MBProgress (3): 19/93 MB | 2.2/18 MB | 1.3/2.0 MBProgress (3): 19/93 MB | 2.2/18 MB | 1.3/2.0 MBProgress (3): 19/93 MB | 2.2/18 MB | 1.3/2.0 MBProgress (3): 19/93 MB | 2.2/18 MB | 1.3/2.0 MBProgress (3): 19/93 MB | 2.2/18 MB | 1.3/2.0 MBProgress (3): 19/93 MB | 2.2/18 MB | 1.3/2.0 MBProgress (3): 19/93 MB | 2.2/18 MB | 1.3/2.0 MBProgress (3): 19/93 MB | 2.2/18 MB | 1.3/2.0 MBProgress (3): 19/93 MB | 2.2/18 MB | 1.3/2.0 MBProgress (3): 19/93 MB | 2.2/18 MB | 1.3/2.0 MBProgress (3): 19/93 MB | 2.2/18 MB | 1.3/2.0 MBProgress (3): 19/93 MB | 2.2/18 MB | 1.3/2.0 MBProgress (3): 19/93 MB | 2.2/18 MB | 1.4/2.0 MBProgress (3): 19/93 MB | 2.2/18 MB | 1.4/2.0 MBProgress (3): 19/93 MB | 2.2/18 MB | 1.4/2.0 MBProgress (3): 19/93 MB | 2.2/18 MB | 1.4/2.0 MBProgress (3): 19/93 MB | 2.2/18 MB | 1.4/2.0 MBProgress (3): 19/93 MB | 2.2/18 MB | 1.4/2.0 MBProgress (3): 19/93 MB | 2.2/18 MB | 1.4/2.0 MBProgress (3): 19/93 MB | 2.2/18 MB | 1.4/2.0 MBProgress (3): 19/93 MB | 2.3/18 MB | 1.4/2.0 MBProgress (3): 19/93 MB | 2.3/18 MB | 1.4/2.0 MBProgress (3): 19/93 MB | 2.3/18 MB | 1.4/2.0 MBProgress (3): 19/93 MB | 2.3/18 MB | 1.4/2.0 MBProgress (3): 19/93 MB | 2.3/18 MB | 1.4/2.0 MBProgress (3): 19/93 MB | 2.3/18 MB | 1.5/2.0 MBProgress (4): 19/93 MB | 2.3/18 MB | 1.5/2.0 MB | 7.7/132 kBProgress (4): 19/93 MB | 2.3/18 MB | 1.5/2.0 MB | 16/132 kB Progress (4): 19/93 MB | 2.3/18 MB | 1.5/2.0 MB | 16/132 kBProgress (4): 19/93 MB | 2.3/18 MB | 1.5/2.0 MB | 16/132 kBProgress (4): 19/93 MB | 2.3/18 MB | 1.5/2.0 MB | 16/132 kBProgress (4): 19/93 MB | 2.3/18 MB | 1.5/2.0 MB | 16/132 kBProgress (4): 19/93 MB | 2.3/18 MB | 1.5/2.0 MB | 16/132 kBProgress (4): 19/93 MB | 2.3/18 MB | 1.5/2.0 MB | 16/132 kBProgress (4): 19/93 MB | 2.3/18 MB | 1.5/2.0 MB | 16/132 kBProgress (4): 19/93 MB | 2.3/18 MB | 1.5/2.0 MB | 29/132 kBProgress (4): 19/93 MB | 2.3/18 MB | 1.5/2.0 MB | 29/132 kBProgress (4): 19/93 MB | 2.3/18 MB | 1.5/2.0 MB | 29/132 kBProgress (4): 19/93 MB | 2.3/18 MB | 1.5/2.0 MB | 29/132 kBProgress (5): 19/93 MB | 2.3/18 MB | 1.5/2.0 MB | 29/132 kB | 7.7/140 kBProgress (5): 19/93 MB | 2.3/18 MB | 1.5/2.0 MB | 29/132 kB | 16/140 kB Progress (5): 19/93 MB | 2.3/18 MB | 1.5/2.0 MB | 29/132 kB | 32/140 kBProgress (5): 19/93 MB | 2.3/18 MB | 1.5/2.0 MB | 45/132 kB | 32/140 kBProgress (5): 19/93 MB | 2.3/18 MB | 1.5/2.0 MB | 45/132 kB | 32/140 kBProgress (5): 19/93 MB | 2.3/18 MB | 1.5/2.0 MB | 61/132 kB | 32/140 kBProgress (5): 19/93 MB | 2.3/18 MB | 1.5/2.0 MB | 78/132 kB | 32/140 kBProgress (5): 19/93 MB | 2.3/18 MB | 1.5/2.0 MB | 78/132 kB | 32/140 kBProgress (5): 19/93 MB | 2.3/18 MB | 1.5/2.0 MB | 78/132 kB | 32/140 kBProgress (5): 19/93 MB | 2.3/18 MB | 1.5/2.0 MB | 78/132 kB | 32/140 kBProgress (5): 19/93 MB | 2.3/18 MB | 1.5/2.0 MB | 78/132 kB | 32/140 kBProgress (5): 19/93 MB | 2.3/18 MB | 1.5/2.0 MB | 78/132 kB | 48/140 kBProgress (5): 19/93 MB | 2.4/18 MB | 1.5/2.0 MB | 78/132 kB | 48/140 kBProgress (5): 19/93 MB | 2.4/18 MB | 1.6/2.0 MB | 78/132 kB | 48/140 kBProgress (5): 19/93 MB | 2.4/18 MB | 1.6/2.0 MB | 78/132 kB | 48/140 kBProgress (5): 19/93 MB | 2.4/18 MB | 1.6/2.0 MB | 78/132 kB | 48/140 kBProgress (5): 19/93 MB | 2.4/18 MB | 1.6/2.0 MB | 78/132 kB | 48/140 kBProgress (5): 19/93 MB | 2.4/18 MB | 1.6/2.0 MB | 78/132 kB | 65/140 kBProgress (5): 19/93 MB | 2.4/18 MB | 1.6/2.0 MB | 78/132 kB | 65/140 kBProgress (5): 19/93 MB | 2.4/18 MB | 1.6/2.0 MB | 78/132 kB | 81/140 kBProgress (5): 19/93 MB | 2.4/18 MB | 1.6/2.0 MB | 78/132 kB | 81/140 kBProgress (5): 19/93 MB | 2.4/18 MB | 1.6/2.0 MB | 94/132 kB | 81/140 kBProgress (5): 19/93 MB | 2.4/18 MB | 1.6/2.0 MB | 94/132 kB | 81/140 kBProgress (5): 19/93 MB | 2.4/18 MB | 1.6/2.0 MB | 111/132 kB | 81/140 kBProgress (5): 19/93 MB | 2.4/18 MB | 1.6/2.0 MB | 127/132 kB | 81/140 kBProgress (5): 19/93 MB | 2.4/18 MB | 1.6/2.0 MB | 132 kB | 81/140 kB    Progress (5): 19/93 MB | 2.4/18 MB | 1.6/2.0 MB | 132 kB | 81/140 kBProgress (5): 19/93 MB | 2.4/18 MB | 1.6/2.0 MB | 132 kB | 81/140 kBProgress (5): 19/93 MB | 2.4/18 MB | 1.6/2.0 MB | 132 kB | 81/140 kBProgress (5): 19/93 MB | 2.4/18 MB | 1.6/2.0 MB | 132 kB | 81/140 kBProgress (5): 19/93 MB | 2.4/18 MB | 1.6/2.0 MB | 132 kB | 98/140 kBProgress (5): 19/93 MB | 2.4/18 MB | 1.6/2.0 MB | 132 kB | 114/140 kBProgress (5): 19/93 MB | 2.4/18 MB | 1.6/2.0 MB | 132 kB | 130/140 kBProgress (5): 19/93 MB | 2.4/18 MB | 1.6/2.0 MB | 132 kB | 130/140 kBProgress (5): 19/93 MB | 2.4/18 MB | 1.6/2.0 MB | 132 kB | 130/140 kBProgress (5): 19/93 MB | 2.4/18 MB | 1.6/2.0 MB | 132 kB | 130/140 kBProgress (5): 19/93 MB | 2.4/18 MB | 1.6/2.0 MB | 132 kB | 130/140 kB                                                                     Downloaded from central: https://repo.maven.apache.org/maven2/org/springframework/security/spring-security-test/6.3.3/spring-security-test-6.3.3.jar (132 kB at 40 kB/s)
Downloading from central: https://repo.maven.apache.org/maven2/io/jsonwebtoken/jjwt-impl/0.12.6/jjwt-impl-0.12.6.jar
Progress (4): 19/93 MB | 2.4/18 MB | 1.6/2.0 MB | 130/140 kBProgress (4): 19/93 MB | 2.4/18 MB | 1.6/2.0 MB | 130/140 kBProgress (4): 19/93 MB | 2.4/18 MB | 1.6/2.0 MB | 130/140 kBProgress (4): 19/93 MB | 2.4/18 MB | 1.6/2.0 MB | 130/140 kBProgress (4): 19/93 MB | 2.4/18 MB | 1.6/2.0 MB | 140 kB    Progress (4): 19/93 MB | 2.4/18 MB | 1.6/2.0 MB | 140 kB                                                        Downloaded from central: https://repo.maven.apache.org/maven2/io/jsonwebtoken/jjwt-api/0.12.6/jjwt-api-0.12.6.jar (140 kB at 43 kB/s)
Downloading from central: https://repo.maven.apache.org/maven2/io/jsonwebtoken/jjwt-jackson/0.12.6/jjwt-jackson-0.12.6.jar
Progress (3): 19/93 MB | 2.4/18 MB | 1.7/2.0 MBProgress (3): 19/93 MB | 2.4/18 MB | 1.7/2.0 MBProgress (3): 19/93 MB | 2.5/18 MB | 1.7/2.0 MBProgress (3): 19/93 MB | 2.5/18 MB | 1.7/2.0 MBProgress (3): 19/93 MB | 2.5/18 MB | 1.7/2.0 MBProgress (3): 19/93 MB | 2.5/18 MB | 1.7/2.0 MBProgress (3): 19/93 MB | 2.5/18 MB | 1.7/2.0 MBProgress (3): 19/93 MB | 2.5/18 MB | 1.7/2.0 MBProgress (3): 19/93 MB | 2.5/18 MB | 1.7/2.0 MBProgress (3): 19/93 MB | 2.5/18 MB | 1.7/2.0 MBProgress (3): 19/93 MB | 2.5/18 MB | 1.8/2.0 MBProgress (3): 19/93 MB | 2.5/18 MB | 1.8/2.0 MBProgress (3): 19/93 MB | 2.5/18 MB | 1.8/2.0 MBProgress (3): 19/93 MB | 2.5/18 MB | 1.8/2.0 MBProgress (3): 19/93 MB | 2.5/18 MB | 1.8/2.0 MBProgress (3): 19/93 MB | 2.5/18 MB | 1.8/2.0 MBProgress (3): 19/93 MB | 2.5/18 MB | 1.8/2.0 MBProgress (3): 19/93 MB | 2.5/18 MB | 1.8/2.0 MBProgress (3): 19/93 MB | 2.5/18 MB | 1.8/2.0 MBProgress (3): 19/93 MB | 2.5/18 MB | 1.8/2.0 MBProgress (3): 19/93 MB | 2.5/18 MB | 1.8/2.0 MBProgress (3): 19/93 MB | 2.5/18 MB | 1.9/2.0 MBProgress (3): 19/93 MB | 2.5/18 MB | 1.9/2.0 MBProgress (3): 19/93 MB | 2.5/18 MB | 1.9/2.0 MBProgress (3): 19/93 MB | 2.5/18 MB | 1.9/2.0 MBProgress (3): 19/93 MB | 2.6/18 MB | 1.9/2.0 MBProgress (3): 19/93 MB | 2.6/18 MB | 1.9/2.0 MBProgress (3): 19/93 MB | 2.6/18 MB | 1.9/2.0 MBProgress (3): 19/93 MB | 2.6/18 MB | 1.9/2.0 MBProgress (3): 19/93 MB | 2.6/18 MB | 1.9/2.0 MBProgress (3): 19/93 MB | 2.6/18 MB | 1.9/2.0 MBProgress (3): 19/93 MB | 2.6/18 MB | 1.9/2.0 MBProgress (3): 19/93 MB | 2.6/18 MB | 1.9/2.0 MBProgress (3): 19/93 MB | 2.6/18 MB | 2.0/2.0 MBProgress (3): 19/93 MB | 2.6/18 MB | 2.0/2.0 MBProgress (3): 19/93 MB | 2.6/18 MB | 2.0/2.0 MBProgress (3): 19/93 MB | 2.6/18 MB | 2.0/2.0 MBProgress (3): 19/93 MB | 2.6/18 MB | 2.0/2.0 MBProgress (3): 19/93 MB | 2.6/18 MB | 2.0/2.0 MBProgress (3): 19/93 MB | 2.6/18 MB | 2.0/2.0 MBProgress (3): 19/93 MB | 2.6/18 MB | 2.0/2.0 MBProgress (4): 19/93 MB | 2.6/18 MB | 2.0/2.0 MB | 7.7/473 kBProgress (4): 19/93 MB | 2.6/18 MB | 2.0/2.0 MB | 12/473 kB Progress (4): 19/93 MB | 2.6/18 MB | 2.0/2.0 MB | 28/473 kBProgress (4): 19/93 MB | 2.6/18 MB | 2.0/2.0 MB | 28/473 kBProgress (4): 19/93 MB | 2.6/18 MB | 2.0/2.0 MB | 28/473 kBProgress (4): 19/93 MB | 2.6/18 MB | 2.0 MB | 28/473 kB    Progress (4): 19/93 MB | 2.6/18 MB | 2.0 MB | 28/473 kB                                                       Downloaded from central: https://repo.maven.apache.org/maven2/com/github/docker-java/docker-java-transport-zerodep/3.3.4/docker-java-transport-zerodep-3.3.4.jar (2.0 MB at 619 kB/s)
Progress (3): 19/93 MB | 2.6/18 MB | 28/473 kBProgress (4): 19/93 MB | 2.6/18 MB | 28/473 kB | 7.7/9.4 kBProgress (4): 19/93 MB | 2.6/18 MB | 28/473 kB | 9.4 kB    Progress (4): 19/93 MB | 2.6/18 MB | 28/473 kB | 9.4 kB                                                       Downloading from central: https://repo.maven.apache.org/maven2/org/slf4j/slf4j-api/2.0.16/slf4j-api-2.0.16.jar
Progress (4): 19/93 MB | 2.7/18 MB | 28/473 kB | 9.4 kB                                                       Downloaded from central: https://repo.maven.apache.org/maven2/io/jsonwebtoken/jjwt-jackson/0.12.6/jjwt-jackson-0.12.6.jar (9.4 kB at 2.9 kB/s)
Progress (3): 19/93 MB | 2.7/18 MB | 28/473 kB                                              Downloading from central: https://repo.maven.apache.org/maven2/org/projectlombok/lombok/1.18.32/lombok-1.18.32.jar
Progress (3): 19/93 MB | 2.7/18 MB | 28/473 kBProgress (3): 19/93 MB | 2.7/18 MB | 44/473 kBProgress (3): 19/93 MB | 2.7/18 MB | 44/473 kBProgress (3): 19/93 MB | 2.7/18 MB | 61/473 kBProgress (3): 19/93 MB | 2.7/18 MB | 77/473 kBProgress (3): 19/93 MB | 2.7/18 MB | 94/473 kBProgress (3): 19/93 MB | 2.7/18 MB | 110/473 kBProgress (3): 19/93 MB | 2.7/18 MB | 110/473 kBProgress (3): 19/93 MB | 2.7/18 MB | 110/473 kBProgress (3): 19/93 MB | 2.7/18 MB | 126/473 kBProgress (3): 19/93 MB | 2.7/18 MB | 126/473 kBProgress (3): 19/93 MB | 2.7/18 MB | 143/473 kBProgress (3): 19/93 MB | 2.7/18 MB | 143/473 kBProgress (3): 19/93 MB | 2.7/18 MB | 159/473 kBProgress (3): 19/93 MB | 2.7/18 MB | 175/473 kBProgress (3): 19/93 MB | 2.7/18 MB | 175/473 kBProgress (3): 19/93 MB | 2.7/18 MB | 175/473 kBProgress (3): 19/93 MB | 2.7/18 MB | 175/473 kBProgress (3): 19/93 MB | 2.7/18 MB | 192/473 kBProgress (3): 19/93 MB | 2.7/18 MB | 192/473 kBProgress (3): 19/93 MB | 2.7/18 MB | 208/473 kBProgress (3): 19/93 MB | 2.8/18 MB | 208/473 kBProgress (3): 19/93 MB | 2.8/18 MB | 225/473 kBProgress (3): 19/93 MB | 2.8/18 MB | 225/473 kBProgress (3): 19/93 MB | 2.8/18 MB | 236/473 kBProgress (3): 19/93 MB | 2.8/18 MB | 252/473 kBProgress (3): 19/93 MB | 2.8/18 MB | 252/473 kBProgress (3): 19/93 MB | 2.8/18 MB | 269/473 kBProgress (3): 19/93 MB | 2.8/18 MB | 285/473 kBProgress (3): 19/93 MB | 2.8/18 MB | 285/473 kBProgress (3): 19/93 MB | 2.8/18 MB | 301/473 kBProgress (4): 19/93 MB | 2.8/18 MB | 301/473 kB | 3.4/69 kBProgress (4): 19/93 MB | 2.8/18 MB | 301/473 kB | 3.4/69 kBProgress (4): 19/93 MB | 2.8/18 MB | 301/473 kB | 3.4/69 kBProgress (4): 19/93 MB | 2.8/18 MB | 301/473 kB | 20/69 kB Progress (4): 19/93 MB | 2.8/18 MB | 301/473 kB | 28/69 kBProgress (4): 19/93 MB | 2.8/18 MB | 301/473 kB | 28/69 kBProgress (4): 19/93 MB | 2.8/18 MB | 318/473 kB | 28/69 kBProgress (4): 19/93 MB | 2.8/18 MB | 318/473 kB | 28/69 kBProgress (4): 19/93 MB | 2.8/18 MB | 334/473 kB | 28/69 kBProgress (4): 19/93 MB | 2.8/18 MB | 334/473 kB | 28/69 kBProgress (4): 19/93 MB | 2.8/18 MB | 351/473 kB | 28/69 kBProgress (5): 19/93 MB | 2.8/18 MB | 351/473 kB | 28/69 kB | 0/2.0 MBProgress (5): 19/93 MB | 2.8/18 MB | 351/473 kB | 28/69 kB | 0/2.0 MBProgress (5): 19/93 MB | 2.8/18 MB | 351/473 kB | 28/69 kB | 0/2.0 MBProgress (5): 19/93 MB | 2.8/18 MB | 351/473 kB | 28/69 kB | 0/2.0 MBProgress (5): 19/93 MB | 2.8/18 MB | 351/473 kB | 28/69 kB | 0/2.0 MBProgress (5): 19/93 MB | 2.8/18 MB | 351/473 kB | 44/69 kB | 0/2.0 MBProgress (5): 19/93 MB | 2.9/18 MB | 351/473 kB | 44/69 kB | 0/2.0 MBProgress (5): 19/93 MB | 2.9/18 MB | 351/473 kB | 61/69 kB | 0/2.0 MBProgress (5): 19/93 MB | 2.9/18 MB | 351/473 kB | 69 kB | 0/2.0 MB   Progress (5): 19/93 MB | 2.9/18 MB | 351/473 kB | 69 kB | 0/2.0 MBProgress (5): 19/93 MB | 2.9/18 MB | 351/473 kB | 69 kB | 0/2.0 MBProgress (5): 19/93 MB | 2.9/18 MB | 351/473 kB | 69 kB | 0/2.0 MBProgress (5): 19/93 MB | 2.9/18 MB | 367/473 kB | 69 kB | 0/2.0 MBProgress (5): 19/93 MB | 2.9/18 MB | 383/473 kB | 69 kB | 0/2.0 MBProgress (5): 19/93 MB | 2.9/18 MB | 383/473 kB | 69 kB | 0/2.0 MBProgress (5): 19/93 MB | 2.9/18 MB | 400/473 kB | 69 kB | 0/2.0 MBProgress (5): 19/93 MB | 2.9/18 MB | 400/473 kB | 69 kB | 0/2.0 MBProgress (5): 19/93 MB | 2.9/18 MB | 400/473 kB | 69 kB | 0/2.0 MBProgress (5): 19/93 MB | 2.9/18 MB | 400/473 kB | 69 kB | 0.1/2.0 MBProgress (5): 19/93 MB | 2.9/18 MB | 400/473 kB | 69 kB | 0.1/2.0 MBProgress (5): 19/93 MB | 2.9/18 MB | 400/473 kB | 69 kB | 0.1/2.0 MBProgress (5): 19/93 MB | 2.9/18 MB | 400/473 kB | 69 kB | 0.1/2.0 MBProgress (5): 19/93 MB | 2.9/18 MB | 400/473 kB | 69 kB | 0.1/2.0 MB                                                                    Downloaded from central: https://repo.maven.apache.org/maven2/org/slf4j/slf4j-api/2.0.16/slf4j-api-2.0.16.jar (69 kB at 21 kB/s)
Downloading from central: https://repo.maven.apache.org/maven2/org/openjfx/javafx-controls/19.0.2/javafx-controls-19.0.2.jar
Progress (4): 19/93 MB | 2.9/18 MB | 416/473 kB | 0.1/2.0 MBProgress (4): 19/93 MB | 2.9/18 MB | 416/473 kB | 0.1/2.0 MBProgress (4): 20/93 MB | 2.9/18 MB | 416/473 kB | 0.1/2.0 MBProgress (4): 20/93 MB | 2.9/18 MB | 416/473 kB | 0.1/2.0 MBProgress (4): 20/93 MB | 2.9/18 MB | 416/473 kB | 0.1/2.0 MBProgress (4): 20/93 MB | 2.9/18 MB | 433/473 kB | 0.1/2.0 MBProgress (4): 20/93 MB | 2.9/18 MB | 449/473 kB | 0.1/2.0 MBProgress (4): 20/93 MB | 2.9/18 MB | 449/473 kB | 0.1/2.0 MBProgress (4): 20/93 MB | 2.9/18 MB | 449/473 kB | 0.1/2.0 MBProgress (4): 20/93 MB | 3.0/18 MB | 449/473 kB | 0.1/2.0 MBProgress (4): 20/93 MB | 3.0/18 MB | 449/473 kB | 0.1/2.0 MBProgress (4): 20/93 MB | 3.0/18 MB | 449/473 kB | 0.1/2.0 MBProgress (4): 20/93 MB | 3.0/18 MB | 449/473 kB | 0.1/2.0 MBProgress (4): 20/93 MB | 3.0/18 MB | 465/473 kB | 0.1/2.0 MBProgress (4): 20/93 MB | 3.0/18 MB | 473 kB | 0.1/2.0 MB    Progress (4): 20/93 MB | 3.0/18 MB | 473 kB | 0.1/2.0 MB                                                        Downloaded from central: https://repo.maven.apache.org/maven2/io/jsonwebtoken/jjwt-impl/0.12.6/jjwt-impl-0.12.6.jar (473 kB at 142 kB/s)
Progress (3): 20/93 MB | 3.0/18 MB | 0.1/2.0 MBProgress (3): 20/93 MB | 3.0/18 MB | 0.2/2.0 MBProgress (3): 20/93 MB | 3.0/18 MB | 0.2/2.0 MBProgress (3): 20/93 MB | 3.0/18 MB | 0.2/2.0 MB                                               Downloading from central: https://repo.maven.apache.org/maven2/org/openjfx/javafx-controls/19.0.2/javafx-controls-19.0.2-linux.jar
Progress (3): 20/93 MB | 3.0/18 MB | 0.2/2.0 MBProgress (3): 20/93 MB | 3.0/18 MB | 0.2/2.0 MBProgress (3): 20/93 MB | 3.0/18 MB | 0.2/2.0 MBProgress (3): 20/93 MB | 3.0/18 MB | 0.2/2.0 MBProgress (3): 20/93 MB | 3.0/18 MB | 0.2/2.0 MBProgress (3): 20/93 MB | 3.0/18 MB | 0.2/2.0 MBProgress (3): 20/93 MB | 3.0/18 MB | 0.2/2.0 MBProgress (3): 20/93 MB | 3.0/18 MB | 0.2/2.0 MBProgress (3): 20/93 MB | 3.0/18 MB | 0.2/2.0 MBProgress (3): 20/93 MB | 3.0/18 MB | 0.2/2.0 MBProgress (3): 20/93 MB | 3.0/18 MB | 0.2/2.0 MBProgress (3): 20/93 MB | 3.0/18 MB | 0.2/2.0 MBProgress (3): 20/93 MB | 3.0/18 MB | 0.3/2.0 MBProgress (3): 20/93 MB | 3.0/18 MB | 0.3/2.0 MBProgress (3): 20/93 MB | 3.0/18 MB | 0.3/2.0 MBProgress (3): 20/93 MB | 3.0/18 MB | 0.3/2.0 MBProgress (3): 20/93 MB | 3.1/18 MB | 0.3/2.0 MBProgress (3): 20/93 MB | 3.1/18 MB | 0.3/2.0 MBProgress (3): 20/93 MB | 3.1/18 MB | 0.3/2.0 MBProgress (3): 20/93 MB | 3.1/18 MB | 0.3/2.0 MBProgress (3): 20/93 MB | 3.1/18 MB | 0.3/2.0 MBProgress (3): 20/93 MB | 3.1/18 MB | 0.3/2.0 MBProgress (4): 20/93 MB | 3.1/18 MB | 0.3/2.0 MB | 306 BProgress (4): 20/93 MB | 3.1/18 MB | 0.3/2.0 MB | 306 BProgress (4): 20/93 MB | 3.1/18 MB | 0.3/2.0 MB | 306 BProgress (4): 20/93 MB | 3.1/18 MB | 0.4/2.0 MB | 306 BProgress (4): 20/93 MB | 3.1/18 MB | 0.4/2.0 MB | 306 B                                                       Downloaded from central: https://repo.maven.apache.org/maven2/org/openjfx/javafx-controls/19.0.2/javafx-controls-19.0.2.jar (306 B at 91 B/s)
Downloading from central: https://repo.maven.apache.org/maven2/org/openjfx/javafx-graphics/19.0.2/javafx-graphics-19.0.2.jar
Progress (3): 20/93 MB | 3.1/18 MB | 0.4/2.0 MBProgress (3): 20/93 MB | 3.1/18 MB | 0.4/2.0 MBProgress (3): 20/93 MB | 3.1/18 MB | 0.4/2.0 MBProgress (3): 20/93 MB | 3.1/18 MB | 0.4/2.0 MBProgress (3): 20/93 MB | 3.1/18 MB | 0.4/2.0 MBProgress (3): 20/93 MB | 3.1/18 MB | 0.4/2.0 MBProgress (3): 20/93 MB | 3.1/18 MB | 0.4/2.0 MBProgress (3): 20/93 MB | 3.1/18 MB | 0.4/2.0 MBProgress (3): 20/93 MB | 3.1/18 MB | 0.4/2.0 MBProgress (3): 20/93 MB | 3.1/18 MB | 0.5/2.0 MBProgress (3): 20/93 MB | 3.1/18 MB | 0.5/2.0 MBProgress (3): 20/93 MB | 3.1/18 MB | 0.5/2.0 MBProgress (3): 20/93 MB | 3.1/18 MB | 0.5/2.0 MBProgress (3): 20/93 MB | 3.1/18 MB | 0.5/2.0 MBProgress (3): 20/93 MB | 3.1/18 MB | 0.5/2.0 MBProgress (3): 20/93 MB | 3.1/18 MB | 0.5/2.0 MBProgress (3): 20/93 MB | 3.2/18 MB | 0.5/2.0 MBProgress (3): 20/93 MB | 3.2/18 MB | 0.5/2.0 MBProgress (3): 20/93 MB | 3.2/18 MB | 0.5/2.0 MBProgress (3): 20/93 MB | 3.2/18 MB | 0.5/2.0 MBProgress (4): 20/93 MB | 3.2/18 MB | 0.5/2.0 MB | 0/2.5 MBProgress (4): 20/93 MB | 3.2/18 MB | 0.5/2.0 MB | 0/2.5 MBProgress (4): 20/93 MB | 3.2/18 MB | 0.5/2.0 MB | 0/2.5 MBProgress (4): 20/93 MB | 3.2/18 MB | 0.5/2.0 MB | 0/2.5 MBProgress (4): 20/93 MB | 3.2/18 MB | 0.5/2.0 MB | 0/2.5 MBProgress (4): 20/93 MB | 3.2/18 MB | 0.6/2.0 MB | 0/2.5 MBProgress (4): 20/93 MB | 3.2/18 MB | 0.6/2.0 MB | 0/2.5 MBProgress (4): 20/93 MB | 3.2/18 MB | 0.6/2.0 MB | 0/2.5 MBProgress (4): 20/93 MB | 3.2/18 MB | 0.6/2.0 MB | 0/2.5 MBProgress (4): 20/93 MB | 3.2/18 MB | 0.6/2.0 MB | 0/2.5 MBProgress (4): 20/93 MB | 3.2/18 MB | 0.6/2.0 MB | 0/2.5 MBProgress (4): 20/93 MB | 3.2/18 MB | 0.6/2.0 MB | 0/2.5 MBProgress (4): 20/93 MB | 3.2/18 MB | 0.6/2.0 MB | 0/2.5 MBProgress (4): 20/93 MB | 3.2/18 MB | 0.6/2.0 MB | 0/2.5 MBProgress (4): 20/93 MB | 3.2/18 MB | 0.6/2.0 MB | 0/2.5 MBProgress (4): 20/93 MB | 3.2/18 MB | 0.6/2.0 MB | 0.1/2.5 MBProgress (4): 20/93 MB | 3.2/18 MB | 0.6/2.0 MB | 0.1/2.5 MBProgress (4): 20/93 MB | 3.2/18 MB | 0.6/2.0 MB | 0.1/2.5 MBProgress (4): 20/93 MB | 3.2/18 MB | 0.6/2.0 MB | 0.1/2.5 MBProgress (4): 20/93 MB | 3.2/18 MB | 0.6/2.0 MB | 0.1/2.5 MBProgress (4): 20/93 MB | 3.2/18 MB | 0.6/2.0 MB | 0.1/2.5 MBProgress (4): 20/93 MB | 3.2/18 MB | 0.6/2.0 MB | 0.1/2.5 MBProgress (4): 20/93 MB | 3.3/18 MB | 0.6/2.0 MB | 0.1/2.5 MBProgress (4): 20/93 MB | 3.3/18 MB | 0.6/2.0 MB | 0.1/2.5 MBProgress (4): 20/93 MB | 3.3/18 MB | 0.6/2.0 MB | 0.1/2.5 MBProgress (4): 20/93 MB | 3.3/18 MB | 0.6/2.0 MB | 0.1/2.5 MBProgress (4): 20/93 MB | 3.3/18 MB | 0.6/2.0 MB | 0.1/2.5 MBProgress (4): 20/93 MB | 3.3/18 MB | 0.6/2.0 MB | 0.1/2.5 MBProgress (4): 20/93 MB | 3.3/18 MB | 0.6/2.0 MB | 0.1/2.5 MBProgress (4): 20/93 MB | 3.3/18 MB | 0.6/2.0 MB | 0.1/2.5 MBProgress (4): 20/93 MB | 3.3/18 MB | 0.6/2.0 MB | 0.1/2.5 MBProgress (4): 20/93 MB | 3.3/18 MB | 0.7/2.0 MB | 0.1/2.5 MBProgress (4): 20/93 MB | 3.3/18 MB | 0.7/2.0 MB | 0.1/2.5 MBProgress (4): 20/93 MB | 3.3/18 MB | 0.7/2.0 MB | 0.1/2.5 MBProgress (4): 20/93 MB | 3.3/18 MB | 0.7/2.0 MB | 0.1/2.5 MBProgress (4): 20/93 MB | 3.3/18 MB | 0.7/2.0 MB | 0.1/2.5 MBProgress (4): 20/93 MB | 3.3/18 MB | 0.7/2.0 MB | 0.1/2.5 MBProgress (4): 20/93 MB | 3.3/18 MB | 0.7/2.0 MB | 0.1/2.5 MBProgress (5): 20/93 MB | 3.3/18 MB | 0.7/2.0 MB | 0.1/2.5 MB | 306 B                                                                    Downloaded from central: https://repo.maven.apache.org/maven2/org/openjfx/javafx-graphics/19.0.2/javafx-graphics-19.0.2.jar (306 B at 90 B/s)
Downloading from central: https://repo.maven.apache.org/maven2/org/openjfx/javafx-graphics/19.0.2/javafx-graphics-19.0.2-linux.jar
Progress (4): 20/93 MB | 3.3/18 MB | 0.7/2.0 MB | 0.1/2.5 MBProgress (4): 20/93 MB | 3.3/18 MB | 0.7/2.0 MB | 0.1/2.5 MBProgress (4): 20/93 MB | 3.3/18 MB | 0.7/2.0 MB | 0.1/2.5 MBProgress (4): 20/93 MB | 3.3/18 MB | 0.7/2.0 MB | 0.2/2.5 MBProgress (4): 20/93 MB | 3.3/18 MB | 0.7/2.0 MB | 0.2/2.5 MBProgress (4): 20/93 MB | 3.3/18 MB | 0.7/2.0 MB | 0.2/2.5 MBProgress (4): 20/93 MB | 3.3/18 MB | 0.7/2.0 MB | 0.2/2.5 MBProgress (4): 20/93 MB | 3.3/18 MB | 0.7/2.0 MB | 0.2/2.5 MBProgress (4): 20/93 MB | 3.3/18 MB | 0.7/2.0 MB | 0.2/2.5 MBProgress (4): 20/93 MB | 3.4/18 MB | 0.7/2.0 MB | 0.2/2.5 MBProgress (4): 20/93 MB | 3.4/18 MB | 0.7/2.0 MB | 0.2/2.5 MBProgress (4): 20/93 MB | 3.4/18 MB | 0.7/2.0 MB | 0.2/2.5 MBProgress (4): 20/93 MB | 3.4/18 MB | 0.7/2.0 MB | 0.2/2.5 MBProgress (4): 20/93 MB | 3.4/18 MB | 0.8/2.0 MB | 0.2/2.5 MBProgress (4): 20/93 MB | 3.4/18 MB | 0.8/2.0 MB | 0.2/2.5 MBProgress (4): 20/93 MB | 3.4/18 MB | 0.8/2.0 MB | 0.2/2.5 MBProgress (4): 20/93 MB | 3.4/18 MB | 0.8/2.0 MB | 0.2/2.5 MBProgress (4): 20/93 MB | 3.4/18 MB | 0.8/2.0 MB | 0.2/2.5 MBProgress (4): 20/93 MB | 3.4/18 MB | 0.8/2.0 MB | 0.2/2.5 MBProgress (4): 20/93 MB | 3.4/18 MB | 0.8/2.0 MB | 0.2/2.5 MBProgress (4): 20/93 MB | 3.4/18 MB | 0.8/2.0 MB | 0.2/2.5 MBProgress (4): 20/93 MB | 3.4/18 MB | 0.8/2.0 MB | 0.2/2.5 MBProgress (4): 20/93 MB | 3.4/18 MB | 0.8/2.0 MB | 0.2/2.5 MBProgress (4): 20/93 MB | 3.4/18 MB | 0.8/2.0 MB | 0.2/2.5 MBProgress (4): 20/93 MB | 3.4/18 MB | 0.8/2.0 MB | 0.2/2.5 MBProgress (4): 20/93 MB | 3.4/18 MB | 0.8/2.0 MB | 0.2/2.5 MBProgress (4): 20/93 MB | 3.4/18 MB | 0.8/2.0 MB | 0.2/2.5 MBProgress (4): 20/93 MB | 3.4/18 MB | 0.8/2.0 MB | 0.2/2.5 MBProgress (4): 20/93 MB | 3.4/18 MB | 0.8/2.0 MB | 0.3/2.5 MBProgress (4): 20/93 MB | 3.4/18 MB | 0.8/2.0 MB | 0.3/2.5 MBProgress (4): 20/93 MB | 3.4/18 MB | 0.8/2.0 MB | 0.3/2.5 MBProgress (4): 20/93 MB | 3.4/18 MB | 0.8/2.0 MB | 0.3/2.5 MBProgress (4): 20/93 MB | 3.5/18 MB | 0.8/2.0 MB | 0.3/2.5 MBProgress (4): 20/93 MB | 3.5/18 MB | 0.8/2.0 MB | 0.3/2.5 MBProgress (4): 20/93 MB | 3.5/18 MB | 0.8/2.0 MB | 0.3/2.5 MBProgress (4): 20/93 MB | 3.5/18 MB | 0.8/2.0 MB | 0.3/2.5 MBProgress (4): 20/93 MB | 3.5/18 MB | 0.8/2.0 MB | 0.3/2.5 MBProgress (4): 20/93 MB | 3.5/18 MB | 0.8/2.0 MB | 0.3/2.5 MBProgress (4): 20/93 MB | 3.5/18 MB | 0.8/2.0 MB | 0.3/2.5 MBProgress (4): 20/93 MB | 3.5/18 MB | 0.8/2.0 MB | 0.3/2.5 MBProgress (5): 20/93 MB | 3.5/18 MB | 0.8/2.0 MB | 0.3/2.5 MB | 0/4.8 MBProgress (5): 20/93 MB | 3.5/18 MB | 0.8/2.0 MB | 0.3/2.5 MB | 0/4.8 MBProgress (5): 20/93 MB | 3.5/18 MB | 0.8/2.0 MB | 0.3/2.5 MB | 0/4.8 MBProgress (5): 20/93 MB | 3.5/18 MB | 0.8/2.0 MB | 0.3/2.5 MB | 0/4.8 MBProgress (5): 20/93 MB | 3.5/18 MB | 0.9/2.0 MB | 0.3/2.5 MB | 0/4.8 MBProgress (5): 20/93 MB | 3.5/18 MB | 0.9/2.0 MB | 0.3/2.5 MB | 0/4.8 MBProgress (5): 20/93 MB | 3.5/18 MB | 0.9/2.0 MB | 0.3/2.5 MB | 0/4.8 MBProgress (5): 20/93 MB | 3.5/18 MB | 0.9/2.0 MB | 0.3/2.5 MB | 0/4.8 MBProgress (5): 20/93 MB | 3.5/18 MB | 0.9/2.0 MB | 0.4/2.5 MB | 0/4.8 MBProgress (5): 20/93 MB | 3.5/18 MB | 0.9/2.0 MB | 0.4/2.5 MB | 0/4.8 MBProgress (5): 20/93 MB | 3.5/18 MB | 0.9/2.0 MB | 0.4/2.5 MB | 0/4.8 MBProgress (5): 20/93 MB | 3.5/18 MB | 0.9/2.0 MB | 0.4/2.5 MB | 0/4.8 MBProgress (5): 20/93 MB | 3.5/18 MB | 0.9/2.0 MB | 0.4/2.5 MB | 0/4.8 MBProgress (5): 20/93 MB | 3.5/18 MB | 0.9/2.0 MB | 0.4/2.5 MB | 0/4.8 MBProgress (5): 20/93 MB | 3.5/18 MB | 0.9/2.0 MB | 0.4/2.5 MB | 0/4.8 MBProgress (5): 20/93 MB | 3.5/18 MB | 0.9/2.0 MB | 0.4/2.5 MB | 0/4.8 MBProgress (5): 20/93 MB | 3.5/18 MB | 0.9/2.0 MB | 0.4/2.5 MB | 0.1/4.8 MBProgress (5): 20/93 MB | 3.5/18 MB | 0.9/2.0 MB | 0.4/2.5 MB | 0.1/4.8 MBProgress (5): 20/93 MB | 3.5/18 MB | 0.9/2.0 MB | 0.4/2.5 MB | 0.1/4.8 MBProgress (5): 20/93 MB | 3.5/18 MB | 0.9/2.0 MB | 0.4/2.5 MB | 0.1/4.8 MBProgress (5): 20/93 MB | 3.6/18 MB | 0.9/2.0 MB | 0.4/2.5 MB | 0.1/4.8 MBProgress (5): 20/93 MB | 3.6/18 MB | 0.9/2.0 MB | 0.4/2.5 MB | 0.1/4.8 MBProgress (5): 20/93 MB | 3.6/18 MB | 0.9/2.0 MB | 0.4/2.5 MB | 0.1/4.8 MBProgress (5): 20/93 MB | 3.6/18 MB | 0.9/2.0 MB | 0.4/2.5 MB | 0.1/4.8 MBProgress (5): 20/93 MB | 3.6/18 MB | 0.9/2.0 MB | 0.4/2.5 MB | 0.1/4.8 MBProgress (5): 20/93 MB | 3.6/18 MB | 0.9/2.0 MB | 0.4/2.5 MB | 0.1/4.8 MBProgress (5): 20/93 MB | 3.6/18 MB | 0.9/2.0 MB | 0.4/2.5 MB | 0.1/4.8 MBProgress (5): 20/93 MB | 3.6/18 MB | 0.9/2.0 MB | 0.4/2.5 MB | 0.1/4.8 MBProgress (5): 20/93 MB | 3.6/18 MB | 0.9/2.0 MB | 0.4/2.5 MB | 0.1/4.8 MBProgress (5): 20/93 MB | 3.6/18 MB | 0.9/2.0 MB | 0.4/2.5 MB | 0.1/4.8 MBProgress (5): 20/93 MB | 3.6/18 MB | 1.0/2.0 MB | 0.4/2.5 MB | 0.1/4.8 MBProgress (5): 20/93 MB | 3.6/18 MB | 1.0/2.0 MB | 0.4/2.5 MB | 0.1/4.8 MBProgress (5): 20/93 MB | 3.6/18 MB | 1.0/2.0 MB | 0.4/2.5 MB | 0.1/4.8 MBProgress (5): 20/93 MB | 3.6/18 MB | 1.0/2.0 MB | 0.4/2.5 MB | 0.1/4.8 MBProgress (5): 20/93 MB | 3.6/18 MB | 1.0/2.0 MB | 0.4/2.5 MB | 0.1/4.8 MBProgress (5): 20/93 MB | 3.6/18 MB | 1.0/2.0 MB | 0.4/2.5 MB | 0.1/4.8 MBProgress (5): 20/93 MB | 3.6/18 MB | 1.0/2.0 MB | 0.4/2.5 MB | 0.1/4.8 MBProgress (5): 20/93 MB | 3.6/18 MB | 1.0/2.0 MB | 0.4/2.5 MB | 0.1/4.8 MBProgress (5): 20/93 MB | 3.6/18 MB | 1.0/2.0 MB | 0.4/2.5 MB | 0.1/4.8 MBProgress (5): 20/93 MB | 3.6/18 MB | 1.0/2.0 MB | 0.4/2.5 MB | 0.1/4.8 MBProgress (5): 20/93 MB | 3.6/18 MB | 1.0/2.0 MB | 0.4/2.5 MB | 0.1/4.8 MBProgress (5): 20/93 MB | 3.6/18 MB | 1.0/2.0 MB | 0.5/2.5 MB | 0.1/4.8 MBProgress (5): 20/93 MB | 3.6/18 MB | 1.0/2.0 MB | 0.5/2.5 MB | 0.1/4.8 MBProgress (5): 20/93 MB | 3.6/18 MB | 1.0/2.0 MB | 0.5/2.5 MB | 0.1/4.8 MBProgress (5): 20/93 MB | 3.6/18 MB | 1.0/2.0 MB | 0.5/2.5 MB | 0.1/4.8 MBProgress (5): 20/93 MB | 3.6/18 MB | 1.0/2.0 MB | 0.5/2.5 MB | 0.1/4.8 MBProgress (5): 20/93 MB | 3.6/18 MB | 1.0/2.0 MB | 0.5/2.5 MB | 0.1/4.8 MBProgress (5): 20/93 MB | 3.7/18 MB | 1.0/2.0 MB | 0.5/2.5 MB | 0.1/4.8 MBProgress (5): 20/93 MB | 3.7/18 MB | 1.0/2.0 MB | 0.5/2.5 MB | 0.1/4.8 MBProgress (5): 20/93 MB | 3.7/18 MB | 1.0/2.0 MB | 0.5/2.5 MB | 0.1/4.8 MBProgress (5): 20/93 MB | 3.7/18 MB | 1.0/2.0 MB | 0.5/2.5 MB | 0.2/4.8 MBProgress (5): 20/93 MB | 3.7/18 MB | 1.0/2.0 MB | 0.5/2.5 MB | 0.2/4.8 MBProgress (5): 20/93 MB | 3.7/18 MB | 1.0/2.0 MB | 0.5/2.5 MB | 0.2/4.8 MBProgress (5): 20/93 MB | 3.7/18 MB | 1.0/2.0 MB | 0.5/2.5 MB | 0.2/4.8 MBProgress (5): 20/93 MB | 3.7/18 MB | 1.0/2.0 MB | 0.5/2.5 MB | 0.2/4.8 MBProgress (5): 20/93 MB | 3.7/18 MB | 1.0/2.0 MB | 0.5/2.5 MB | 0.2/4.8 MBProgress (5): 20/93 MB | 3.7/18 MB | 1.0/2.0 MB | 0.5/2.5 MB | 0.2/4.8 MBProgress (5): 20/93 MB | 3.7/18 MB | 1.0/2.0 MB | 0.5/2.5 MB | 0.2/4.8 MBProgress (5): 20/93 MB | 3.7/18 MB | 1.0/2.0 MB | 0.5/2.5 MB | 0.2/4.8 MBProgress (5): 20/93 MB | 3.7/18 MB | 1.0/2.0 MB | 0.5/2.5 MB | 0.2/4.8 MBProgress (5): 20/93 MB | 3.7/18 MB | 1.0/2.0 MB | 0.5/2.5 MB | 0.2/4.8 MBProgress (5): 20/93 MB | 3.7/18 MB | 1.0/2.0 MB | 0.5/2.5 MB | 0.2/4.8 MBProgress (5): 20/93 MB | 3.7/18 MB | 1.0/2.0 MB | 0.5/2.5 MB | 0.2/4.8 MBProgress (5): 20/93 MB | 3.7/18 MB | 1.0/2.0 MB | 0.5/2.5 MB | 0.2/4.8 MBProgress (5): 20/93 MB | 3.7/18 MB | 1.0/2.0 MB | 0.5/2.5 MB | 0.2/4.8 MBProgress (5): 20/93 MB | 3.7/18 MB | 1.1/2.0 MB | 0.5/2.5 MB | 0.2/4.8 MBProgress (5): 20/93 MB | 3.7/18 MB | 1.1/2.0 MB | 0.5/2.5 MB | 0.2/4.8 MBProgress (5): 20/93 MB | 3.7/18 MB | 1.1/2.0 MB | 0.5/2.5 MB | 0.2/4.8 MBProgress (5): 20/93 MB | 3.7/18 MB | 1.1/2.0 MB | 0.5/2.5 MB | 0.2/4.8 MBProgress (5): 20/93 MB | 3.7/18 MB | 1.1/2.0 MB | 0.5/2.5 MB | 0.2/4.8 MBProgress (5): 20/93 MB | 3.7/18 MB | 1.1/2.0 MB | 0.5/2.5 MB | 0.2/4.8 MBProgress (5): 20/93 MB | 3.7/18 MB | 1.1/2.0 MB | 0.5/2.5 MB | 0.2/4.8 MBProgress (5): 20/93 MB | 3.8/18 MB | 1.1/2.0 MB | 0.5/2.5 MB | 0.2/4.8 MBProgress (5): 20/93 MB | 3.8/18 MB | 1.1/2.0 MB | 0.5/2.5 MB | 0.2/4.8 MBProgress (5): 20/93 MB | 3.8/18 MB | 1.1/2.0 MB | 0.5/2.5 MB | 0.2/4.8 MBProgress (5): 20/93 MB | 3.8/18 MB | 1.1/2.0 MB | 0.5/2.5 MB | 0.2/4.8 MBProgress (5): 20/93 MB | 3.8/18 MB | 1.1/2.0 MB | 0.5/2.5 MB | 0.2/4.8 MBProgress (5): 20/93 MB | 3.8/18 MB | 1.1/2.0 MB | 0.5/2.5 MB | 0.2/4.8 MBProgress (5): 20/93 MB | 3.8/18 MB | 1.1/2.0 MB | 0.6/2.5 MB | 0.2/4.8 MBProgress (5): 20/93 MB | 3.8/18 MB | 1.1/2.0 MB | 0.6/2.5 MB | 0.2/4.8 MBProgress (5): 20/93 MB | 3.8/18 MB | 1.1/2.0 MB | 0.6/2.5 MB | 0.2/4.8 MBProgress (5): 20/93 MB | 3.8/18 MB | 1.1/2.0 MB | 0.6/2.5 MB | 0.2/4.8 MBProgress (5): 20/93 MB | 3.8/18 MB | 1.1/2.0 MB | 0.6/2.5 MB | 0.2/4.8 MBProgress (5): 20/93 MB | 3.8/18 MB | 1.1/2.0 MB | 0.6/2.5 MB | 0.2/4.8 MBProgress (5): 20/93 MB | 3.8/18 MB | 1.1/2.0 MB | 0.6/2.5 MB | 0.2/4.8 MBProgress (5): 20/93 MB | 3.8/18 MB | 1.1/2.0 MB | 0.6/2.5 MB | 0.2/4.8 MBProgress (5): 20/93 MB | 3.8/18 MB | 1.1/2.0 MB | 0.6/2.5 MB | 0.2/4.8 MBProgress (5): 20/93 MB | 3.8/18 MB | 1.1/2.0 MB | 0.6/2.5 MB | 0.3/4.8 MBProgress (5): 20/93 MB | 3.8/18 MB | 1.1/2.0 MB | 0.6/2.5 MB | 0.3/4.8 MBProgress (5): 20/93 MB | 3.8/18 MB | 1.1/2.0 MB | 0.6/2.5 MB | 0.3/4.8 MBProgress (5): 20/93 MB | 3.8/18 MB | 1.1/2.0 MB | 0.6/2.5 MB | 0.3/4.8 MBProgress (5): 20/93 MB | 3.8/18 MB | 1.1/2.0 MB | 0.6/2.5 MB | 0.3/4.8 MBProgress (5): 20/93 MB | 3.8/18 MB | 1.1/2.0 MB | 0.6/2.5 MB | 0.3/4.8 MBProgress (5): 20/93 MB | 3.8/18 MB | 1.2/2.0 MB | 0.6/2.5 MB | 0.3/4.8 MBProgress (5): 20/93 MB | 3.9/18 MB | 1.2/2.0 MB | 0.6/2.5 MB | 0.3/4.8 MBProgress (5): 20/93 MB | 3.9/18 MB | 1.2/2.0 MB | 0.6/2.5 MB | 0.3/4.8 MBProgress (5): 20/93 MB | 3.9/18 MB | 1.2/2.0 MB | 0.6/2.5 MB | 0.3/4.8 MBProgress (5): 20/93 MB | 3.9/18 MB | 1.2/2.0 MB | 0.6/2.5 MB | 0.3/4.8 MBProgress (5): 20/93 MB | 3.9/18 MB | 1.2/2.0 MB | 0.6/2.5 MB | 0.3/4.8 MBProgress (5): 20/93 MB | 3.9/18 MB | 1.2/2.0 MB | 0.6/2.5 MB | 0.3/4.8 MBProgress (5): 20/93 MB | 3.9/18 MB | 1.2/2.0 MB | 0.6/2.5 MB | 0.3/4.8 MBProgress (5): 20/93 MB | 3.9/18 MB | 1.2/2.0 MB | 0.6/2.5 MB | 0.3/4.8 MBProgress (5): 20/93 MB | 3.9/18 MB | 1.2/2.0 MB | 0.6/2.5 MB | 0.3/4.8 MBProgress (5): 20/93 MB | 3.9/18 MB | 1.2/2.0 MB | 0.6/2.5 MB | 0.3/4.8 MBProgress (5): 20/93 MB | 3.9/18 MB | 1.2/2.0 MB | 0.6/2.5 MB | 0.3/4.8 MBProgress (5): 20/93 MB | 3.9/18 MB | 1.2/2.0 MB | 0.6/2.5 MB | 0.3/4.8 MBProgress (5): 20/93 MB | 3.9/18 MB | 1.2/2.0 MB | 0.6/2.5 MB | 0.3/4.8 MBProgress (5): 20/93 MB | 3.9/18 MB | 1.2/2.0 MB | 0.6/2.5 MB | 0.3/4.8 MBProgress (5): 20/93 MB | 3.9/18 MB | 1.2/2.0 MB | 0.6/2.5 MB | 0.3/4.8 MBProgress (5): 20/93 MB | 3.9/18 MB | 1.2/2.0 MB | 0.7/2.5 MB | 0.3/4.8 MBProgress (5): 20/93 MB | 3.9/18 MB | 1.2/2.0 MB | 0.7/2.5 MB | 0.3/4.8 MBProgress (5): 20/93 MB | 3.9/18 MB | 1.2/2.0 MB | 0.7/2.5 MB | 0.3/4.8 MBProgress (5): 20/93 MB | 3.9/18 MB | 1.2/2.0 MB | 0.7/2.5 MB | 0.3/4.8 MBProgress (5): 20/93 MB | 3.9/18 MB | 1.2/2.0 MB | 0.7/2.5 MB | 0.3/4.8 MBProgress (5): 20/93 MB | 3.9/18 MB | 1.2/2.0 MB | 0.7/2.5 MB | 0.3/4.8 MBProgress (5): 20/93 MB | 3.9/18 MB | 1.2/2.0 MB | 0.7/2.5 MB | 0.3/4.8 MBProgress (5): 20/93 MB | 3.9/18 MB | 1.2/2.0 MB | 0.7/2.5 MB | 0.3/4.8 MBProgress (5): 20/93 MB | 3.9/18 MB | 1.2/2.0 MB | 0.7/2.5 MB | 0.4/4.8 MBProgress (5): 21/93 MB | 3.9/18 MB | 1.2/2.0 MB | 0.7/2.5 MB | 0.4/4.8 MBProgress (5): 21/93 MB | 3.9/18 MB | 1.2/2.0 MB | 0.7/2.5 MB | 0.4/4.8 MBProgress (5): 21/93 MB | 3.9/18 MB | 1.2/2.0 MB | 0.7/2.5 MB | 0.4/4.8 MBProgress (5): 21/93 MB | 3.9/18 MB | 1.2/2.0 MB | 0.7/2.5 MB | 0.4/4.8 MBProgress (5): 21/93 MB | 3.9/18 MB | 1.2/2.0 MB | 0.7/2.5 MB | 0.4/4.8 MBProgress (5): 21/93 MB | 3.9/18 MB | 1.2/2.0 MB | 0.7/2.5 MB | 0.4/4.8 MBProgress (5): 21/93 MB | 3.9/18 MB | 1.2/2.0 MB | 0.7/2.5 MB | 0.4/4.8 MBProgress (5): 21/93 MB | 3.9/18 MB | 1.2/2.0 MB | 0.7/2.5 MB | 0.4/4.8 MBProgress (5): 21/93 MB | 3.9/18 MB | 1.2/2.0 MB | 0.7/2.5 MB | 0.4/4.8 MBProgress (5): 21/93 MB | 4.0/18 MB | 1.2/2.0 MB | 0.7/2.5 MB | 0.4/4.8 MBProgress (5): 21/93 MB | 4.0/18 MB | 1.2/2.0 MB | 0.7/2.5 MB | 0.4/4.8 MBProgress (5): 21/93 MB | 4.0/18 MB | 1.2/2.0 MB | 0.7/2.5 MB | 0.4/4.8 MBProgress (5): 21/93 MB | 4.0/18 MB | 1.2/2.0 MB | 0.7/2.5 MB | 0.4/4.8 MBProgress (5): 21/93 MB | 4.0/18 MB | 1.2/2.0 MB | 0.7/2.5 MB | 0.4/4.8 MBProgress (5): 21/93 MB | 4.0/18 MB | 1.2/2.0 MB | 0.7/2.5 MB | 0.4/4.8 MBProgress (5): 21/93 MB | 4.0/18 MB | 1.2/2.0 MB | 0.7/2.5 MB | 0.4/4.8 MBProgress (5): 21/93 MB | 4.0/18 MB | 1.2/2.0 MB | 0.7/2.5 MB | 0.4/4.8 MBProgress (5): 21/93 MB | 4.0/18 MB | 1.2/2.0 MB | 0.7/2.5 MB | 0.4/4.8 MBProgress (5): 21/93 MB | 4.0/18 MB | 1.3/2.0 MB | 0.7/2.5 MB | 0.4/4.8 MBProgress (5): 21/93 MB | 4.0/18 MB | 1.3/2.0 MB | 0.7/2.5 MB | 0.4/4.8 MBProgress (5): 21/93 MB | 4.0/18 MB | 1.3/2.0 MB | 0.7/2.5 MB | 0.4/4.8 MBProgress (5): 21/93 MB | 4.0/18 MB | 1.3/2.0 MB | 0.7/2.5 MB | 0.4/4.8 MBProgress (5): 21/93 MB | 4.0/18 MB | 1.3/2.0 MB | 0.7/2.5 MB | 0.4/4.8 MBProgress (5): 21/93 MB | 4.0/18 MB | 1.3/2.0 MB | 0.7/2.5 MB | 0.4/4.8 MBProgress (5): 21/93 MB | 4.0/18 MB | 1.3/2.0 MB | 0.8/2.5 MB | 0.4/4.8 MBProgress (5): 21/93 MB | 4.0/18 MB | 1.3/2.0 MB | 0.8/2.5 MB | 0.4/4.8 MBProgress (5): 21/93 MB | 4.0/18 MB | 1.3/2.0 MB | 0.8/2.5 MB | 0.4/4.8 MBProgress (5): 21/93 MB | 4.0/18 MB | 1.3/2.0 MB | 0.8/2.5 MB | 0.4/4.8 MBProgress (5): 21/93 MB | 4.0/18 MB | 1.3/2.0 MB | 0.8/2.5 MB | 0.4/4.8 MBProgress (5): 21/93 MB | 4.0/18 MB | 1.3/2.0 MB | 0.8/2.5 MB | 0.4/4.8 MBProgress (5): 21/93 MB | 4.0/18 MB | 1.3/2.0 MB | 0.8/2.5 MB | 0.4/4.8 MBProgress (5): 21/93 MB | 4.0/18 MB | 1.3/2.0 MB | 0.8/2.5 MB | 0.4/4.8 MBProgress (5): 21/93 MB | 4.0/18 MB | 1.3/2.0 MB | 0.8/2.5 MB | 0.5/4.8 MBProgress (5): 21/93 MB | 4.0/18 MB | 1.3/2.0 MB | 0.8/2.5 MB | 0.5/4.8 MBProgress (5): 21/93 MB | 4.0/18 MB | 1.3/2.0 MB | 0.8/2.5 MB | 0.5/4.8 MBProgress (5): 21/93 MB | 4.0/18 MB | 1.3/2.0 MB | 0.8/2.5 MB | 0.5/4.8 MBProgress (5): 21/93 MB | 4.0/18 MB | 1.3/2.0 MB | 0.8/2.5 MB | 0.5/4.8 MBProgress (5): 21/93 MB | 4.0/18 MB | 1.3/2.0 MB | 0.8/2.5 MB | 0.5/4.8 MBProgress (5): 21/93 MB | 4.0/18 MB | 1.3/2.0 MB | 0.8/2.5 MB | 0.5/4.8 MBProgress (5): 21/93 MB | 4.0/18 MB | 1.3/2.0 MB | 0.8/2.5 MB | 0.5/4.8 MBProgress (5): 21/93 MB | 4.0/18 MB | 1.3/2.0 MB | 0.8/2.5 MB | 0.5/4.8 MBProgress (5): 21/93 MB | 4.0/18 MB | 1.3/2.0 MB | 0.8/2.5 MB | 0.5/4.8 MBProgress (5): 21/93 MB | 4.0/18 MB | 1.3/2.0 MB | 0.8/2.5 MB | 0.5/4.8 MBProgress (5): 21/93 MB | 4.0/18 MB | 1.3/2.0 MB | 0.8/2.5 MB | 0.5/4.8 MBProgress (5): 21/93 MB | 4.0/18 MB | 1.3/2.0 MB | 0.8/2.5 MB | 0.5/4.8 MBProgress (5): 21/93 MB | 4.1/18 MB | 1.3/2.0 MB | 0.8/2.5 MB | 0.5/4.8 MBProgress (5): 21/93 MB | 4.1/18 MB | 1.3/2.0 MB | 0.8/2.5 MB | 0.5/4.8 MBProgress (5): 21/93 MB | 4.1/18 MB | 1.3/2.0 MB | 0.8/2.5 MB | 0.5/4.8 MBProgress (5): 21/93 MB | 4.1/18 MB | 1.4/2.0 MB | 0.8/2.5 MB | 0.5/4.8 MBProgress (5): 21/93 MB | 4.1/18 MB | 1.4/2.0 MB | 0.8/2.5 MB | 0.5/4.8 MBProgress (5): 21/93 MB | 4.1/18 MB | 1.4/2.0 MB | 0.8/2.5 MB | 0.5/4.8 MBProgress (5): 21/93 MB | 4.1/18 MB | 1.4/2.0 MB | 0.8/2.5 MB | 0.5/4.8 MBProgress (5): 21/93 MB | 4.1/18 MB | 1.4/2.0 MB | 0.8/2.5 MB | 0.5/4.8 MBProgress (5): 21/93 MB | 4.1/18 MB | 1.4/2.0 MB | 0.8/2.5 MB | 0.5/4.8 MBProgress (5): 21/93 MB | 4.1/18 MB | 1.4/2.0 MB | 0.8/2.5 MB | 0.5/4.8 MBProgress (5): 21/93 MB | 4.1/18 MB | 1.4/2.0 MB | 0.8/2.5 MB | 0.5/4.8 MBProgress (5): 21/93 MB | 4.1/18 MB | 1.4/2.0 MB | 0.9/2.5 MB | 0.5/4.8 MBProgress (5): 21/93 MB | 4.1/18 MB | 1.4/2.0 MB | 0.9/2.5 MB | 0.5/4.8 MBProgress (5): 21/93 MB | 4.1/18 MB | 1.4/2.0 MB | 0.9/2.5 MB | 0.5/4.8 MBProgress (5): 21/93 MB | 4.1/18 MB | 1.4/2.0 MB | 0.9/2.5 MB | 0.5/4.8 MBProgress (5): 21/93 MB | 4.1/18 MB | 1.4/2.0 MB | 0.9/2.5 MB | 0.5/4.8 MBProgress (5): 21/93 MB | 4.1/18 MB | 1.4/2.0 MB | 0.9/2.5 MB | 0.5/4.8 MBProgress (5): 21/93 MB | 4.2/18 MB | 1.4/2.0 MB | 0.9/2.5 MB | 0.5/4.8 MBProgress (5): 21/93 MB | 4.2/18 MB | 1.4/2.0 MB | 0.9/2.5 MB | 0.5/4.8 MBProgress (5): 21/93 MB | 4.2/18 MB | 1.4/2.0 MB | 0.9/2.5 MB | 0.5/4.8 MBProgress (5): 21/93 MB | 4.2/18 MB | 1.4/2.0 MB | 0.9/2.5 MB | 0.5/4.8 MBProgress (5): 21/93 MB | 4.2/18 MB | 1.4/2.0 MB | 0.9/2.5 MB | 0.6/4.8 MBProgress (5): 21/93 MB | 4.2/18 MB | 1.4/2.0 MB | 0.9/2.5 MB | 0.6/4.8 MBProgress (5): 21/93 MB | 4.2/18 MB | 1.4/2.0 MB | 0.9/2.5 MB | 0.6/4.8 MBProgress (5): 21/93 MB | 4.2/18 MB | 1.4/2.0 MB | 0.9/2.5 MB | 0.6/4.8 MBProgress (5): 21/93 MB | 4.2/18 MB | 1.4/2.0 MB | 0.9/2.5 MB | 0.6/4.8 MBProgress (5): 21/93 MB | 4.2/18 MB | 1.4/2.0 MB | 0.9/2.5 MB | 0.6/4.8 MBProgress (5): 21/93 MB | 4.2/18 MB | 1.4/2.0 MB | 0.9/2.5 MB | 0.6/4.8 MBProgress (5): 21/93 MB | 4.2/18 MB | 1.4/2.0 MB | 0.9/2.5 MB | 0.6/4.8 MBProgress (5): 21/93 MB | 4.2/18 MB | 1.4/2.0 MB | 0.9/2.5 MB | 0.6/4.8 MBProgress (5): 21/93 MB | 4.2/18 MB | 1.4/2.0 MB | 0.9/2.5 MB | 0.6/4.8 MBProgress (5): 21/93 MB | 4.2/18 MB | 1.4/2.0 MB | 0.9/2.5 MB | 0.6/4.8 MBProgress (5): 21/93 MB | 4.2/18 MB | 1.4/2.0 MB | 0.9/2.5 MB | 0.6/4.8 MBProgress (5): 21/93 MB | 4.2/18 MB | 1.5/2.0 MB | 0.9/2.5 MB | 0.6/4.8 MBProgress (5): 21/93 MB | 4.2/18 MB | 1.5/2.0 MB | 0.9/2.5 MB | 0.6/4.8 MBProgress (5): 21/93 MB | 4.2/18 MB | 1.5/2.0 MB | 0.9/2.5 MB | 0.6/4.8 MBProgress (5): 21/93 MB | 4.2/18 MB | 1.5/2.0 MB | 0.9/2.5 MB | 0.6/4.8 MBProgress (5): 21/93 MB | 4.2/18 MB | 1.5/2.0 MB | 0.9/2.5 MB | 0.6/4.8 MBProgress (5): 21/93 MB | 4.2/18 MB | 1.5/2.0 MB | 0.9/2.5 MB | 0.6/4.8 MBProgress (5): 21/93 MB | 4.2/18 MB | 1.5/2.0 MB | 0.9/2.5 MB | 0.6/4.8 MBProgress (5): 21/93 MB | 4.2/18 MB | 1.5/2.0 MB | 0.9/2.5 MB | 0.6/4.8 MBProgress (5): 21/93 MB | 4.2/18 MB | 1.5/2.0 MB | 0.9/2.5 MB | 0.6/4.8 MBProgress (5): 21/93 MB | 4.2/18 MB | 1.5/2.0 MB | 0.9/2.5 MB | 0.6/4.8 MBProgress (5): 21/93 MB | 4.2/18 MB | 1.5/2.0 MB | 0.9/2.5 MB | 0.6/4.8 MBProgress (5): 21/93 MB | 4.2/18 MB | 1.5/2.0 MB | 0.9/2.5 MB | 0.6/4.8 MBProgress (5): 21/93 MB | 4.2/18 MB | 1.5/2.0 MB | 0.9/2.5 MB | 0.6/4.8 MBProgress (5): 21/93 MB | 4.2/18 MB | 1.5/2.0 MB | 0.9/2.5 MB | 0.6/4.8 MBProgress (5): 21/93 MB | 4.2/18 MB | 1.5/2.0 MB | 0.9/2.5 MB | 0.6/4.8 MBProgress (5): 21/93 MB | 4.2/18 MB | 1.5/2.0 MB | 0.9/2.5 MB | 0.6/4.8 MBProgress (5): 21/93 MB | 4.2/18 MB | 1.5/2.0 MB | 0.9/2.5 MB | 0.6/4.8 MBProgress (5): 21/93 MB | 4.2/18 MB | 1.5/2.0 MB | 1.0/2.5 MB | 0.6/4.8 MBProgress (5): 21/93 MB | 4.2/18 MB | 1.5/2.0 MB | 1.0/2.5 MB | 0.6/4.8 MBProgress (5): 21/93 MB | 4.3/18 MB | 1.5/2.0 MB | 1.0/2.5 MB | 0.6/4.8 MBProgress (5): 21/93 MB | 4.3/18 MB | 1.5/2.0 MB | 1.0/2.5 MB | 0.6/4.8 MBProgress (5): 21/93 MB | 4.3/18 MB | 1.5/2.0 MB | 1.0/2.5 MB | 0.7/4.8 MBProgress (5): 21/93 MB | 4.3/18 MB | 1.5/2.0 MB | 1.0/2.5 MB | 0.7/4.8 MBProgress (5): 21/93 MB | 4.3/18 MB | 1.5/2.0 MB | 1.0/2.5 MB | 0.7/4.8 MBProgress (5): 21/93 MB | 4.3/18 MB | 1.5/2.0 MB | 1.0/2.5 MB | 0.7/4.8 MBProgress (5): 21/93 MB | 4.3/18 MB | 1.5/2.0 MB | 1.0/2.5 MB | 0.7/4.8 MBProgress (5): 21/93 MB | 4.3/18 MB | 1.5/2.0 MB | 1.0/2.5 MB | 0.7/4.8 MBProgress (5): 21/93 MB | 4.3/18 MB | 1.5/2.0 MB | 1.0/2.5 MB | 0.7/4.8 MBProgress (5): 21/93 MB | 4.3/18 MB | 1.5/2.0 MB | 1.0/2.5 MB | 0.7/4.8 MBProgress (5): 21/93 MB | 4.3/18 MB | 1.5/2.0 MB | 1.0/2.5 MB | 0.7/4.8 MBProgress (5): 21/93 MB | 4.3/18 MB | 1.5/2.0 MB | 1.0/2.5 MB | 0.7/4.8 MBProgress (5): 21/93 MB | 4.3/18 MB | 1.5/2.0 MB | 1.0/2.5 MB | 0.7/4.8 MBProgress (5): 21/93 MB | 4.3/18 MB | 1.5/2.0 MB | 1.0/2.5 MB | 0.7/4.8 MBProgress (5): 21/93 MB | 4.3/18 MB | 1.5/2.0 MB | 1.0/2.5 MB | 0.7/4.8 MBProgress (5): 21/93 MB | 4.3/18 MB | 1.5/2.0 MB | 1.0/2.5 MB | 0.7/4.8 MBProgress (5): 21/93 MB | 4.3/18 MB | 1.6/2.0 MB | 1.0/2.5 MB | 0.7/4.8 MBProgress (5): 21/93 MB | 4.3/18 MB | 1.6/2.0 MB | 1.0/2.5 MB | 0.7/4.8 MBProgress (5): 21/93 MB | 4.3/18 MB | 1.6/2.0 MB | 1.0/2.5 MB | 0.7/4.8 MBProgress (5): 21/93 MB | 4.3/18 MB | 1.6/2.0 MB | 1.0/2.5 MB | 0.7/4.8 MBProgress (5): 21/93 MB | 4.3/18 MB | 1.6/2.0 MB | 1.0/2.5 MB | 0.7/4.8 MBProgress (5): 21/93 MB | 4.3/18 MB | 1.6/2.0 MB | 1.0/2.5 MB | 0.7/4.8 MBProgress (5): 21/93 MB | 4.3/18 MB | 1.6/2.0 MB | 1.0/2.5 MB | 0.7/4.8 MBProgress (5): 21/93 MB | 4.3/18 MB | 1.6/2.0 MB | 1.0/2.5 MB | 0.7/4.8 MBProgress (5): 21/93 MB | 4.3/18 MB | 1.6/2.0 MB | 1.0/2.5 MB | 0.7/4.8 MBProgress (5): 21/93 MB | 4.3/18 MB | 1.6/2.0 MB | 1.0/2.5 MB | 0.7/4.8 MBProgress (5): 21/93 MB | 4.4/18 MB | 1.6/2.0 MB | 1.0/2.5 MB | 0.7/4.8 MBProgress (5): 21/93 MB | 4.4/18 MB | 1.6/2.0 MB | 1.0/2.5 MB | 0.7/4.8 MBProgress (5): 21/93 MB | 4.4/18 MB | 1.6/2.0 MB | 1.1/2.5 MB | 0.7/4.8 MBProgress (5): 21/93 MB | 4.4/18 MB | 1.6/2.0 MB | 1.1/2.5 MB | 0.7/4.8 MBProgress (5): 21/93 MB | 4.4/18 MB | 1.6/2.0 MB | 1.1/2.5 MB | 0.7/4.8 MBProgress (5): 21/93 MB | 4.4/18 MB | 1.6/2.0 MB | 1.1/2.5 MB | 0.7/4.8 MBProgress (5): 21/93 MB | 4.4/18 MB | 1.6/2.0 MB | 1.1/2.5 MB | 0.7/4.8 MBProgress (5): 21/93 MB | 4.4/18 MB | 1.6/2.0 MB | 1.1/2.5 MB | 0.7/4.8 MBProgress (5): 21/93 MB | 4.4/18 MB | 1.6/2.0 MB | 1.1/2.5 MB | 0.7/4.8 MBProgress (5): 21/93 MB | 4.4/18 MB | 1.6/2.0 MB | 1.1/2.5 MB | 0.7/4.8 MBProgress (5): 21/93 MB | 4.4/18 MB | 1.6/2.0 MB | 1.1/2.5 MB | 0.7/4.8 MBProgress (5): 21/93 MB | 4.4/18 MB | 1.6/2.0 MB | 1.1/2.5 MB | 0.7/4.8 MBProgress (5): 21/93 MB | 4.4/18 MB | 1.6/2.0 MB | 1.1/2.5 MB | 0.8/4.8 MBProgress (5): 21/93 MB | 4.4/18 MB | 1.6/2.0 MB | 1.1/2.5 MB | 0.8/4.8 MBProgress (5): 21/93 MB | 4.4/18 MB | 1.6/2.0 MB | 1.1/2.5 MB | 0.8/4.8 MBProgress (5): 21/93 MB | 4.4/18 MB | 1.6/2.0 MB | 1.1/2.5 MB | 0.8/4.8 MBProgress (5): 21/93 MB | 4.4/18 MB | 1.6/2.0 MB | 1.1/2.5 MB | 0.8/4.8 MBProgress (5): 21/93 MB | 4.4/18 MB | 1.6/2.0 MB | 1.1/2.5 MB | 0.8/4.8 MBProgress (5): 21/93 MB | 4.4/18 MB | 1.6/2.0 MB | 1.1/2.5 MB | 0.8/4.8 MBProgress (5): 21/93 MB | 4.4/18 MB | 1.7/2.0 MB | 1.1/2.5 MB | 0.8/4.8 MBProgress (5): 21/93 MB | 4.4/18 MB | 1.7/2.0 MB | 1.1/2.5 MB | 0.8/4.8 MBProgress (5): 21/93 MB | 4.4/18 MB | 1.7/2.0 MB | 1.1/2.5 MB | 0.8/4.8 MBProgress (5): 21/93 MB | 4.4/18 MB | 1.7/2.0 MB | 1.1/2.5 MB | 0.8/4.8 MBProgress (5): 21/93 MB | 4.4/18 MB | 1.7/2.0 MB | 1.1/2.5 MB | 0.8/4.8 MBProgress (5): 21/93 MB | 4.4/18 MB | 1.7/2.0 MB | 1.1/2.5 MB | 0.8/4.8 MBProgress (5): 21/93 MB | 4.4/18 MB | 1.7/2.0 MB | 1.1/2.5 MB | 0.8/4.8 MBProgress (5): 21/93 MB | 4.4/18 MB | 1.7/2.0 MB | 1.1/2.5 MB | 0.8/4.8 MBProgress (5): 21/93 MB | 4.5/18 MB | 1.7/2.0 MB | 1.1/2.5 MB | 0.8/4.8 MBProgress (5): 21/93 MB | 4.5/18 MB | 1.7/2.0 MB | 1.1/2.5 MB | 0.8/4.8 MBProgress (5): 21/93 MB | 4.5/18 MB | 1.7/2.0 MB | 1.1/2.5 MB | 0.8/4.8 MBProgress (5): 21/93 MB | 4.5/18 MB | 1.7/2.0 MB | 1.1/2.5 MB | 0.8/4.8 MBProgress (5): 21/93 MB | 4.5/18 MB | 1.7/2.0 MB | 1.1/2.5 MB | 0.8/4.8 MBProgress (5): 21/93 MB | 4.5/18 MB | 1.7/2.0 MB | 1.1/2.5 MB | 0.8/4.8 MBProgress (5): 21/93 MB | 4.5/18 MB | 1.7/2.0 MB | 1.1/2.5 MB | 0.8/4.8 MBProgress (5): 21/93 MB | 4.5/18 MB | 1.7/2.0 MB | 1.1/2.5 MB | 0.8/4.8 MBProgress (5): 21/93 MB | 4.5/18 MB | 1.7/2.0 MB | 1.1/2.5 MB | 0.8/4.8 MBProgress (5): 21/93 MB | 4.5/18 MB | 1.7/2.0 MB | 1.1/2.5 MB | 0.8/4.8 MBProgress (5): 21/93 MB | 4.5/18 MB | 1.7/2.0 MB | 1.1/2.5 MB | 0.8/4.8 MBProgress (5): 21/93 MB | 4.5/18 MB | 1.7/2.0 MB | 1.1/2.5 MB | 0.8/4.8 MBProgress (5): 21/93 MB | 4.5/18 MB | 1.7/2.0 MB | 1.2/2.5 MB | 0.8/4.8 MBProgress (5): 21/93 MB | 4.5/18 MB | 1.7/2.0 MB | 1.2/2.5 MB | 0.8/4.8 MBProgress (5): 21/93 MB | 4.5/18 MB | 1.7/2.0 MB | 1.2/2.5 MB | 0.8/4.8 MBProgress (5): 21/93 MB | 4.5/18 MB | 1.7/2.0 MB | 1.2/2.5 MB | 0.8/4.8 MBProgress (5): 21/93 MB | 4.5/18 MB | 1.7/2.0 MB | 1.2/2.5 MB | 0.8/4.8 MBProgress (5): 21/93 MB | 4.5/18 MB | 1.7/2.0 MB | 1.2/2.5 MB | 0.8/4.8 MBProgress (5): 21/93 MB | 4.5/18 MB | 1.7/2.0 MB | 1.2/2.5 MB | 0.8/4.8 MBProgress (5): 21/93 MB | 4.5/18 MB | 1.7/2.0 MB | 1.2/2.5 MB | 0.8/4.8 MBProgress (5): 21/93 MB | 4.5/18 MB | 1.8/2.0 MB | 1.2/2.5 MB | 0.8/4.8 MBProgress (5): 21/93 MB | 4.5/18 MB | 1.8/2.0 MB | 1.2/2.5 MB | 0.8/4.8 MBProgress (5): 21/93 MB | 4.5/18 MB | 1.8/2.0 MB | 1.2/2.5 MB | 0.9/4.8 MBProgress (5): 21/93 MB | 4.6/18 MB | 1.8/2.0 MB | 1.2/2.5 MB | 0.9/4.8 MBProgress (5): 21/93 MB | 4.6/18 MB | 1.8/2.0 MB | 1.2/2.5 MB | 0.9/4.8 MBProgress (5): 21/93 MB | 4.6/18 MB | 1.8/2.0 MB | 1.2/2.5 MB | 0.9/4.8 MBProgress (5): 21/93 MB | 4.6/18 MB | 1.8/2.0 MB | 1.2/2.5 MB | 0.9/4.8 MBProgress (5): 21/93 MB | 4.6/18 MB | 1.8/2.0 MB | 1.2/2.5 MB | 0.9/4.8 MBProgress (5): 21/93 MB | 4.6/18 MB | 1.8/2.0 MB | 1.2/2.5 MB | 0.9/4.8 MBProgress (5): 21/93 MB | 4.6/18 MB | 1.8/2.0 MB | 1.2/2.5 MB | 0.9/4.8 MBProgress (5): 21/93 MB | 4.6/18 MB | 1.8/2.0 MB | 1.2/2.5 MB | 0.9/4.8 MBProgress (5): 21/93 MB | 4.6/18 MB | 1.8/2.0 MB | 1.2/2.5 MB | 0.9/4.8 MBProgress (5): 21/93 MB | 4.6/18 MB | 1.8/2.0 MB | 1.2/2.5 MB | 0.9/4.8 MBProgress (5): 21/93 MB | 4.6/18 MB | 1.8/2.0 MB | 1.2/2.5 MB | 0.9/4.8 MBProgress (5): 21/93 MB | 4.6/18 MB | 1.8/2.0 MB | 1.2/2.5 MB | 0.9/4.8 MBProgress (5): 21/93 MB | 4.6/18 MB | 1.8/2.0 MB | 1.2/2.5 MB | 0.9/4.8 MBProgress (5): 21/93 MB | 4.6/18 MB | 1.8/2.0 MB | 1.2/2.5 MB | 0.9/4.8 MBProgress (5): 21/93 MB | 4.6/18 MB | 1.8/2.0 MB | 1.2/2.5 MB | 0.9/4.8 MBProgress (5): 21/93 MB | 4.6/18 MB | 1.8/2.0 MB | 1.2/2.5 MB | 0.9/4.8 MBProgress (5): 21/93 MB | 4.6/18 MB | 1.8/2.0 MB | 1.2/2.5 MB | 0.9/4.8 MBProgress (5): 21/93 MB | 4.6/18 MB | 1.8/2.0 MB | 1.2/2.5 MB | 0.9/4.8 MBProgress (5): 21/93 MB | 4.6/18 MB | 1.8/2.0 MB | 1.2/2.5 MB | 0.9/4.8 MBProgress (5): 21/93 MB | 4.6/18 MB | 1.8/2.0 MB | 1.2/2.5 MB | 0.9/4.8 MBProgress (5): 21/93 MB | 4.6/18 MB | 1.8/2.0 MB | 1.2/2.5 MB | 0.9/4.8 MBProgress (5): 21/93 MB | 4.6/18 MB | 1.8/2.0 MB | 1.2/2.5 MB | 0.9/4.8 MBProgress (5): 21/93 MB | 4.6/18 MB | 1.8/2.0 MB | 1.2/2.5 MB | 0.9/4.8 MBProgress (5): 21/93 MB | 4.6/18 MB | 1.8/2.0 MB | 1.2/2.5 MB | 0.9/4.8 MBProgress (5): 21/93 MB | 4.6/18 MB | 1.8/2.0 MB | 1.3/2.5 MB | 0.9/4.8 MBProgress (5): 21/93 MB | 4.6/18 MB | 1.8/2.0 MB | 1.3/2.5 MB | 0.9/4.8 MBProgress (5): 21/93 MB | 4.6/18 MB | 1.8/2.0 MB | 1.3/2.5 MB | 0.9/4.8 MBProgress (5): 21/93 MB | 4.7/18 MB | 1.8/2.0 MB | 1.3/2.5 MB | 0.9/4.8 MBProgress (5): 21/93 MB | 4.7/18 MB | 1.8/2.0 MB | 1.3/2.5 MB | 0.9/4.8 MBProgress (5): 21/93 MB | 4.7/18 MB | 1.8/2.0 MB | 1.3/2.5 MB | 0.9/4.8 MBProgress (5): 21/93 MB | 4.7/18 MB | 1.8/2.0 MB | 1.3/2.5 MB | 0.9/4.8 MBProgress (5): 21/93 MB | 4.7/18 MB | 1.8/2.0 MB | 1.3/2.5 MB | 0.9/4.8 MBProgress (5): 21/93 MB | 4.7/18 MB | 1.8/2.0 MB | 1.3/2.5 MB | 0.9/4.8 MBProgress (5): 21/93 MB | 4.7/18 MB | 1.8/2.0 MB | 1.3/2.5 MB | 0.9/4.8 MBProgress (5): 21/93 MB | 4.7/18 MB | 1.8/2.0 MB | 1.3/2.5 MB | 0.9/4.8 MBProgress (5): 21/93 MB | 4.7/18 MB | 1.8/2.0 MB | 1.3/2.5 MB | 0.9/4.8 MBProgress (5): 21/93 MB | 4.7/18 MB | 1.8/2.0 MB | 1.3/2.5 MB | 1.0/4.8 MBProgress (5): 21/93 MB | 4.7/18 MB | 1.8/2.0 MB | 1.3/2.5 MB | 1.0/4.8 MBProgress (5): 21/93 MB | 4.7/18 MB | 1.9/2.0 MB | 1.3/2.5 MB | 1.0/4.8 MBProgress (5): 21/93 MB | 4.7/18 MB | 1.9/2.0 MB | 1.3/2.5 MB | 1.0/4.8 MBProgress (5): 21/93 MB | 4.7/18 MB | 1.9/2.0 MB | 1.3/2.5 MB | 1.0/4.8 MBProgress (5): 21/93 MB | 4.7/18 MB | 1.9/2.0 MB | 1.3/2.5 MB | 1.0/4.8 MBProgress (5): 21/93 MB | 4.7/18 MB | 1.9/2.0 MB | 1.3/2.5 MB | 1.0/4.8 MBProgress (5): 21/93 MB | 4.7/18 MB | 1.9/2.0 MB | 1.3/2.5 MB | 1.0/4.8 MBProgress (5): 21/93 MB | 4.7/18 MB | 1.9/2.0 MB | 1.3/2.5 MB | 1.0/4.8 MBProgress (5): 21/93 MB | 4.7/18 MB | 1.9/2.0 MB | 1.3/2.5 MB | 1.0/4.8 MBProgress (5): 21/93 MB | 4.7/18 MB | 1.9/2.0 MB | 1.3/2.5 MB | 1.0/4.8 MBProgress (5): 21/93 MB | 4.7/18 MB | 1.9/2.0 MB | 1.3/2.5 MB | 1.0/4.8 MBProgress (5): 21/93 MB | 4.7/18 MB | 1.9/2.0 MB | 1.3/2.5 MB | 1.0/4.8 MBProgress (5): 21/93 MB | 4.7/18 MB | 1.9/2.0 MB | 1.3/2.5 MB | 1.0/4.8 MBProgress (5): 21/93 MB | 4.7/18 MB | 1.9/2.0 MB | 1.3/2.5 MB | 1.0/4.8 MBProgress (5): 21/93 MB | 4.7/18 MB | 1.9/2.0 MB | 1.3/2.5 MB | 1.0/4.8 MBProgress (5): 21/93 MB | 4.7/18 MB | 1.9/2.0 MB | 1.3/2.5 MB | 1.0/4.8 MBProgress (5): 21/93 MB | 4.7/18 MB | 1.9/2.0 MB | 1.3/2.5 MB | 1.0/4.8 MBProgress (5): 21/93 MB | 4.7/18 MB | 1.9/2.0 MB | 1.3/2.5 MB | 1.0/4.8 MBProgress (5): 21/93 MB | 4.7/18 MB | 1.9/2.0 MB | 1.3/2.5 MB | 1.0/4.8 MBProgress (5): 21/93 MB | 4.7/18 MB | 1.9/2.0 MB | 1.4/2.5 MB | 1.0/4.8 MBProgress (5): 21/93 MB | 4.8/18 MB | 1.9/2.0 MB | 1.4/2.5 MB | 1.0/4.8 MBProgress (5): 21/93 MB | 4.8/18 MB | 1.9/2.0 MB | 1.4/2.5 MB | 1.0/4.8 MBProgress (5): 21/93 MB | 4.8/18 MB | 1.9/2.0 MB | 1.4/2.5 MB | 1.0/4.8 MBProgress (5): 21/93 MB | 4.8/18 MB | 1.9/2.0 MB | 1.4/2.5 MB | 1.0/4.8 MBProgress (5): 21/93 MB | 4.8/18 MB | 1.9/2.0 MB | 1.4/2.5 MB | 1.0/4.8 MBProgress (5): 21/93 MB | 4.8/18 MB | 1.9/2.0 MB | 1.4/2.5 MB | 1.0/4.8 MBProgress (5): 21/93 MB | 4.8/18 MB | 1.9/2.0 MB | 1.4/2.5 MB | 1.0/4.8 MBProgress (5): 21/93 MB | 4.8/18 MB | 1.9/2.0 MB | 1.4/2.5 MB | 1.0/4.8 MBProgress (5): 21/93 MB | 4.8/18 MB | 1.9/2.0 MB | 1.4/2.5 MB | 1.0/4.8 MBProgress (5): 21/93 MB | 4.8/18 MB | 1.9/2.0 MB | 1.4/2.5 MB | 1.0/4.8 MBProgress (5): 21/93 MB | 4.8/18 MB | 1.9/2.0 MB | 1.4/2.5 MB | 1.0/4.8 MBProgress (5): 21/93 MB | 4.8/18 MB | 1.9/2.0 MB | 1.4/2.5 MB | 1.1/4.8 MBProgress (5): 21/93 MB | 4.8/18 MB | 1.9/2.0 MB | 1.4/2.5 MB | 1.1/4.8 MBProgress (5): 21/93 MB | 4.8/18 MB | 1.9/2.0 MB | 1.4/2.5 MB | 1.1/4.8 MBProgress (5): 21/93 MB | 4.8/18 MB | 1.9/2.0 MB | 1.4/2.5 MB | 1.1/4.8 MBProgress (5): 21/93 MB | 4.8/18 MB | 1.9/2.0 MB | 1.4/2.5 MB | 1.1/4.8 MBProgress (5): 21/93 MB | 4.8/18 MB | 1.9/2.0 MB | 1.4/2.5 MB | 1.1/4.8 MBProgress (5): 21/93 MB | 4.8/18 MB | 2.0/2.0 MB | 1.4/2.5 MB | 1.1/4.8 MBProgress (5): 21/93 MB | 4.8/18 MB | 2.0/2.0 MB | 1.4/2.5 MB | 1.1/4.8 MBProgress (5): 21/93 MB | 4.8/18 MB | 2.0/2.0 MB | 1.4/2.5 MB | 1.1/4.8 MBProgress (5): 21/93 MB | 4.8/18 MB | 2.0/2.0 MB | 1.4/2.5 MB | 1.1/4.8 MBProgress (5): 21/93 MB | 4.8/18 MB | 2.0/2.0 MB | 1.4/2.5 MB | 1.1/4.8 MBProgress (5): 21/93 MB | 4.8/18 MB | 2.0/2.0 MB | 1.4/2.5 MB | 1.1/4.8 MBProgress (5): 21/93 MB | 4.8/18 MB | 2.0/2.0 MB | 1.4/2.5 MB | 1.1/4.8 MBProgress (5): 21/93 MB | 4.8/18 MB | 2.0/2.0 MB | 1.4/2.5 MB | 1.1/4.8 MBProgress (5): 21/93 MB | 4.8/18 MB | 2.0/2.0 MB | 1.4/2.5 MB | 1.1/4.8 MBProgress (5): 21/93 MB | 4.9/18 MB | 2.0/2.0 MB | 1.4/2.5 MB | 1.1/4.8 MBProgress (5): 21/93 MB | 4.9/18 MB | 2.0/2.0 MB | 1.4/2.5 MB | 1.1/4.8 MBProgress (5): 21/93 MB | 4.9/18 MB | 2.0/2.0 MB | 1.4/2.5 MB | 1.1/4.8 MBProgress (5): 21/93 MB | 4.9/18 MB | 2.0/2.0 MB | 1.4/2.5 MB | 1.1/4.8 MBProgress (5): 21/93 MB | 4.9/18 MB | 2.0/2.0 MB | 1.4/2.5 MB | 1.1/4.8 MBProgress (5): 21/93 MB | 4.9/18 MB | 2.0/2.0 MB | 1.4/2.5 MB | 1.1/4.8 MBProgress (5): 21/93 MB | 4.9/18 MB | 2.0/2.0 MB | 1.4/2.5 MB | 1.1/4.8 MBProgress (5): 21/93 MB | 4.9/18 MB | 2.0/2.0 MB | 1.4/2.5 MB | 1.1/4.8 MBProgress (5): 21/93 MB | 4.9/18 MB | 2.0/2.0 MB | 1.5/2.5 MB | 1.1/4.8 MBProgress (5): 21/93 MB | 4.9/18 MB | 2.0/2.0 MB | 1.5/2.5 MB | 1.1/4.8 MBProgress (5): 21/93 MB | 4.9/18 MB | 2.0/2.0 MB | 1.5/2.5 MB | 1.1/4.8 MBProgress (5): 21/93 MB | 4.9/18 MB | 2.0/2.0 MB | 1.5/2.5 MB | 1.1/4.8 MBProgress (5): 21/93 MB | 4.9/18 MB | 2.0/2.0 MB | 1.5/2.5 MB | 1.1/4.8 MBProgress (5): 21/93 MB | 4.9/18 MB | 2.0/2.0 MB | 1.5/2.5 MB | 1.1/4.8 MBProgress (5): 21/93 MB | 4.9/18 MB | 2.0/2.0 MB | 1.5/2.5 MB | 1.1/4.8 MBProgress (5): 21/93 MB | 4.9/18 MB | 2.0/2.0 MB | 1.5/2.5 MB | 1.1/4.8 MBProgress (5): 21/93 MB | 4.9/18 MB | 2.0/2.0 MB | 1.5/2.5 MB | 1.1/4.8 MBProgress (5): 21/93 MB | 4.9/18 MB | 2.0/2.0 MB | 1.5/2.5 MB | 1.1/4.8 MBProgress (5): 21/93 MB | 4.9/18 MB | 2.0/2.0 MB | 1.5/2.5 MB | 1.1/4.8 MBProgress (5): 21/93 MB | 4.9/18 MB | 2.0 MB | 1.5/2.5 MB | 1.1/4.8 MB                                                                         Downloaded from central: https://repo.maven.apache.org/maven2/org/projectlombok/lombok/1.18.32/lombok-1.18.32.jar (2.0 MB at 576 kB/s)
Progress (4): 21/93 MB | 4.9/18 MB | 1.5/2.5 MB | 1.2/4.8 MBProgress (4): 21/93 MB | 4.9/18 MB | 1.5/2.5 MB | 1.2/4.8 MBProgress (4): 21/93 MB | 4.9/18 MB | 1.5/2.5 MB | 1.2/4.8 MBProgress (4): 21/93 MB | 4.9/18 MB | 1.5/2.5 MB | 1.2/4.8 MBProgress (4): 21/93 MB | 4.9/18 MB | 1.5/2.5 MB | 1.2/4.8 MB                                                            Downloading from central: https://repo.maven.apache.org/maven2/org/openjfx/javafx-base/19.0.2/javafx-base-19.0.2.jar
Progress (4): 21/93 MB | 5.0/18 MB | 1.5/2.5 MB | 1.2/4.8 MBProgress (4): 21/93 MB | 5.0/18 MB | 1.5/2.5 MB | 1.2/4.8 MBProgress (4): 21/93 MB | 5.0/18 MB | 1.5/2.5 MB | 1.2/4.8 MBProgress (4): 22/93 MB | 5.0/18 MB | 1.5/2.5 MB | 1.2/4.8 MBProgress (4): 22/93 MB | 5.0/18 MB | 1.5/2.5 MB | 1.2/4.8 MBProgress (4): 22/93 MB | 5.0/18 MB | 1.5/2.5 MB | 1.2/4.8 MBProgress (4): 22/93 MB | 5.0/18 MB | 1.5/2.5 MB | 1.2/4.8 MBProgress (4): 22/93 MB | 5.0/18 MB | 1.5/2.5 MB | 1.2/4.8 MBProgress (4): 22/93 MB | 5.0/18 MB | 1.5/2.5 MB | 1.2/4.8 MBProgress (4): 22/93 MB | 5.0/18 MB | 1.5/2.5 MB | 1.2/4.8 MBProgress (4): 22/93 MB | 5.0/18 MB | 1.5/2.5 MB | 1.2/4.8 MBProgress (4): 22/93 MB | 5.0/18 MB | 1.6/2.5 MB | 1.2/4.8 MBProgress (4): 22/93 MB | 5.0/18 MB | 1.6/2.5 MB | 1.2/4.8 MBProgress (4): 22/93 MB | 5.0/18 MB | 1.6/2.5 MB | 1.2/4.8 MBProgress (4): 22/93 MB | 5.0/18 MB | 1.6/2.5 MB | 1.2/4.8 MBProgress (4): 22/93 MB | 5.0/18 MB | 1.6/2.5 MB | 1.2/4.8 MBProgress (4): 22/93 MB | 5.0/18 MB | 1.6/2.5 MB | 1.3/4.8 MBProgress (4): 22/93 MB | 5.0/18 MB | 1.6/2.5 MB | 1.3/4.8 MBProgress (4): 22/93 MB | 5.0/18 MB | 1.6/2.5 MB | 1.3/4.8 MBProgress (4): 22/93 MB | 5.0/18 MB | 1.6/2.5 MB | 1.3/4.8 MBProgress (4): 22/93 MB | 5.0/18 MB | 1.6/2.5 MB | 1.3/4.8 MBProgress (4): 22/93 MB | 5.0/18 MB | 1.6/2.5 MB | 1.3/4.8 MBProgress (4): 22/93 MB | 5.0/18 MB | 1.6/2.5 MB | 1.3/4.8 MBProgress (4): 22/93 MB | 5.0/18 MB | 1.6/2.5 MB | 1.3/4.8 MBProgress (4): 22/93 MB | 5.0/18 MB | 1.6/2.5 MB | 1.3/4.8 MBProgress (4): 22/93 MB | 5.0/18 MB | 1.6/2.5 MB | 1.3/4.8 MBProgress (4): 22/93 MB | 5.0/18 MB | 1.6/2.5 MB | 1.3/4.8 MBProgress (4): 22/93 MB | 5.0/18 MB | 1.6/2.5 MB | 1.3/4.8 MBProgress (4): 22/93 MB | 5.1/18 MB | 1.6/2.5 MB | 1.3/4.8 MBProgress (4): 22/93 MB | 5.1/18 MB | 1.6/2.5 MB | 1.3/4.8 MBProgress (4): 22/93 MB | 5.1/18 MB | 1.6/2.5 MB | 1.3/4.8 MBProgress (4): 22/93 MB | 5.1/18 MB | 1.6/2.5 MB | 1.3/4.8 MBProgress (4): 22/93 MB | 5.1/18 MB | 1.6/2.5 MB | 1.3/4.8 MBProgress (4): 22/93 MB | 5.1/18 MB | 1.6/2.5 MB | 1.4/4.8 MBProgress (4): 22/93 MB | 5.1/18 MB | 1.6/2.5 MB | 1.4/4.8 MBProgress (4): 22/93 MB | 5.1/18 MB | 1.6/2.5 MB | 1.4/4.8 MBProgress (4): 22/93 MB | 5.1/18 MB | 1.7/2.5 MB | 1.4/4.8 MBProgress (4): 22/93 MB | 5.1/18 MB | 1.7/2.5 MB | 1.4/4.8 MBProgress (4): 22/93 MB | 5.1/18 MB | 1.7/2.5 MB | 1.4/4.8 MBProgress (4): 22/93 MB | 5.1/18 MB | 1.7/2.5 MB | 1.4/4.8 MBProgress (4): 22/93 MB | 5.1/18 MB | 1.7/2.5 MB | 1.4/4.8 MBProgress (4): 22/93 MB | 5.1/18 MB | 1.7/2.5 MB | 1.4/4.8 MBProgress (4): 22/93 MB | 5.1/18 MB | 1.7/2.5 MB | 1.4/4.8 MBProgress (4): 22/93 MB | 5.1/18 MB | 1.7/2.5 MB | 1.4/4.8 MBProgress (4): 22/93 MB | 5.1/18 MB | 1.7/2.5 MB | 1.4/4.8 MBProgress (4): 22/93 MB | 5.1/18 MB | 1.7/2.5 MB | 1.4/4.8 MBProgress (4): 22/93 MB | 5.1/18 MB | 1.7/2.5 MB | 1.4/4.8 MBProgress (4): 22/93 MB | 5.1/18 MB | 1.7/2.5 MB | 1.4/4.8 MBProgress (4): 22/93 MB | 5.1/18 MB | 1.7/2.5 MB | 1.4/4.8 MBProgress (4): 22/93 MB | 5.1/18 MB | 1.7/2.5 MB | 1.4/4.8 MBProgress (5): 22/93 MB | 5.1/18 MB | 1.7/2.5 MB | 1.4/4.8 MB | 302 BProgress (5): 22/93 MB | 5.1/18 MB | 1.7/2.5 MB | 1.4/4.8 MB | 302 BProgress (5): 22/93 MB | 5.1/18 MB | 1.7/2.5 MB | 1.4/4.8 MB | 302 B                                                                    Downloaded from central: https://repo.maven.apache.org/maven2/org/openjfx/javafx-base/19.0.2/javafx-base-19.0.2.jar (302 B at 84 B/s)
Progress (4): 22/93 MB | 5.2/18 MB | 1.7/2.5 MB | 1.4/4.8 MBProgress (4): 22/93 MB | 5.2/18 MB | 1.7/2.5 MB | 1.4/4.8 MBProgress (4): 22/93 MB | 5.2/18 MB | 1.7/2.5 MB | 1.5/4.8 MBProgress (4): 22/93 MB | 5.2/18 MB | 1.7/2.5 MB | 1.5/4.8 MB                                                            Downloading from central: https://repo.maven.apache.org/maven2/org/openjfx/javafx-base/19.0.2/javafx-base-19.0.2-linux.jar
Progress (4): 22/93 MB | 5.2/18 MB | 1.7/2.5 MB | 1.5/4.8 MBProgress (4): 22/93 MB | 5.2/18 MB | 1.7/2.5 MB | 1.5/4.8 MBProgress (4): 22/93 MB | 5.2/18 MB | 1.7/2.5 MB | 1.5/4.8 MBProgress (4): 22/93 MB | 5.2/18 MB | 1.7/2.5 MB | 1.5/4.8 MBProgress (4): 22/93 MB | 5.2/18 MB | 1.8/2.5 MB | 1.5/4.8 MBProgress (4): 22/93 MB | 5.2/18 MB | 1.8/2.5 MB | 1.5/4.8 MBProgress (4): 22/93 MB | 5.2/18 MB | 1.8/2.5 MB | 1.5/4.8 MBProgress (4): 22/93 MB | 5.2/18 MB | 1.8/2.5 MB | 1.5/4.8 MBProgress (4): 22/93 MB | 5.2/18 MB | 1.8/2.5 MB | 1.5/4.8 MBProgress (4): 22/93 MB | 5.2/18 MB | 1.8/2.5 MB | 1.5/4.8 MBProgress (4): 22/93 MB | 5.2/18 MB | 1.8/2.5 MB | 1.5/4.8 MBProgress (4): 22/93 MB | 5.2/18 MB | 1.8/2.5 MB | 1.5/4.8 MBProgress (4): 22/93 MB | 5.2/18 MB | 1.8/2.5 MB | 1.5/4.8 MBProgress (4): 22/93 MB | 5.2/18 MB | 1.8/2.5 MB | 1.5/4.8 MBProgress (4): 22/93 MB | 5.2/18 MB | 1.8/2.5 MB | 1.5/4.8 MBProgress (4): 22/93 MB | 5.2/18 MB | 1.8/2.5 MB | 1.5/4.8 MBProgress (4): 22/93 MB | 5.2/18 MB | 1.8/2.5 MB | 1.5/4.8 MBProgress (4): 22/93 MB | 5.2/18 MB | 1.8/2.5 MB | 1.5/4.8 MBProgress (4): 22/93 MB | 5.2/18 MB | 1.8/2.5 MB | 1.5/4.8 MBProgress (4): 22/93 MB | 5.2/18 MB | 1.8/2.5 MB | 1.5/4.8 MBProgress (4): 22/93 MB | 5.2/18 MB | 1.8/2.5 MB | 1.6/4.8 MBProgress (4): 22/93 MB | 5.2/18 MB | 1.8/2.5 MB | 1.6/4.8 MBProgress (4): 22/93 MB | 5.2/18 MB | 1.8/2.5 MB | 1.6/4.8 MBProgress (4): 22/93 MB | 5.2/18 MB | 1.8/2.5 MB | 1.6/4.8 MBProgress (4): 22/93 MB | 5.2/18 MB | 1.9/2.5 MB | 1.6/4.8 MBProgress (4): 22/93 MB | 5.2/18 MB | 1.9/2.5 MB | 1.6/4.8 MBProgress (4): 22/93 MB | 5.2/18 MB | 1.9/2.5 MB | 1.6/4.8 MBProgress (4): 22/93 MB | 5.2/18 MB | 1.9/2.5 MB | 1.6/4.8 MBProgress (4): 22/93 MB | 5.2/18 MB | 1.9/2.5 MB | 1.6/4.8 MBProgress (4): 22/93 MB | 5.2/18 MB | 1.9/2.5 MB | 1.6/4.8 MBProgress (4): 22/93 MB | 5.3/18 MB | 1.9/2.5 MB | 1.6/4.8 MBProgress (4): 22/93 MB | 5.3/18 MB | 1.9/2.5 MB | 1.6/4.8 MBProgress (4): 22/93 MB | 5.3/18 MB | 1.9/2.5 MB | 1.6/4.8 MBProgress (4): 22/93 MB | 5.3/18 MB | 1.9/2.5 MB | 1.6/4.8 MBProgress (4): 22/93 MB | 5.3/18 MB | 1.9/2.5 MB | 1.7/4.8 MBProgress (4): 22/93 MB | 5.3/18 MB | 1.9/2.5 MB | 1.7/4.8 MBProgress (4): 22/93 MB | 5.3/18 MB | 1.9/2.5 MB | 1.7/4.8 MBProgress (4): 22/93 MB | 5.3/18 MB | 1.9/2.5 MB | 1.7/4.8 MBProgress (4): 22/93 MB | 5.3/18 MB | 1.9/2.5 MB | 1.7/4.8 MBProgress (4): 22/93 MB | 5.3/18 MB | 1.9/2.5 MB | 1.7/4.8 MBProgress (4): 22/93 MB | 5.3/18 MB | 1.9/2.5 MB | 1.7/4.8 MBProgress (4): 22/93 MB | 5.3/18 MB | 1.9/2.5 MB | 1.7/4.8 MBProgress (4): 22/93 MB | 5.3/18 MB | 1.9/2.5 MB | 1.7/4.8 MBProgress (4): 22/93 MB | 5.3/18 MB | 1.9/2.5 MB | 1.7/4.8 MBProgress (4): 22/93 MB | 5.3/18 MB | 1.9/2.5 MB | 1.7/4.8 MBProgress (4): 22/93 MB | 5.3/18 MB | 1.9/2.5 MB | 1.7/4.8 MBProgress (4): 22/93 MB | 5.3/18 MB | 1.9/2.5 MB | 1.7/4.8 MBProgress (4): 22/93 MB | 5.3/18 MB | 2.0/2.5 MB | 1.7/4.8 MBProgress (4): 22/93 MB | 5.3/18 MB | 2.0/2.5 MB | 1.7/4.8 MBProgress (4): 22/93 MB | 5.3/18 MB | 2.0/2.5 MB | 1.7/4.8 MBProgress (4): 22/93 MB | 5.3/18 MB | 2.0/2.5 MB | 1.7/4.8 MBProgress (4): 22/93 MB | 5.3/18 MB | 2.0/2.5 MB | 1.7/4.8 MBProgress (4): 22/93 MB | 5.3/18 MB | 2.0/2.5 MB | 1.7/4.8 MBProgress (4): 22/93 MB | 5.3/18 MB | 2.0/2.5 MB | 1.7/4.8 MBProgress (4): 22/93 MB | 5.3/18 MB | 2.0/2.5 MB | 1.7/4.8 MBProgress (4): 22/93 MB | 5.3/18 MB | 2.0/2.5 MB | 1.7/4.8 MBProgress (4): 22/93 MB | 5.3/18 MB | 2.0/2.5 MB | 1.7/4.8 MBProgress (4): 22/93 MB | 5.3/18 MB | 2.0/2.5 MB | 1.8/4.8 MBProgress (4): 22/93 MB | 5.3/18 MB | 2.0/2.5 MB | 1.8/4.8 MBProgress (4): 22/93 MB | 5.4/18 MB | 2.0/2.5 MB | 1.8/4.8 MBProgress (4): 22/93 MB | 5.4/18 MB | 2.0/2.5 MB | 1.8/4.8 MBProgress (4): 22/93 MB | 5.4/18 MB | 2.0/2.5 MB | 1.8/4.8 MBProgress (4): 22/93 MB | 5.4/18 MB | 2.0/2.5 MB | 1.8/4.8 MBProgress (4): 22/93 MB | 5.4/18 MB | 2.0/2.5 MB | 1.8/4.8 MBProgress (4): 22/93 MB | 5.4/18 MB | 2.0/2.5 MB | 1.8/4.8 MBProgress (4): 22/93 MB | 5.4/18 MB | 2.0/2.5 MB | 1.8/4.8 MBProgress (4): 22/93 MB | 5.4/18 MB | 2.0/2.5 MB | 1.8/4.8 MBProgress (4): 22/93 MB | 5.4/18 MB | 2.0/2.5 MB | 1.8/4.8 MBProgress (4): 22/93 MB | 5.4/18 MB | 2.0/2.5 MB | 1.8/4.8 MBProgress (4): 22/93 MB | 5.4/18 MB | 2.0/2.5 MB | 1.8/4.8 MBProgress (4): 22/93 MB | 5.4/18 MB | 2.1/2.5 MB | 1.8/4.8 MBProgress (4): 22/93 MB | 5.4/18 MB | 2.1/2.5 MB | 1.8/4.8 MBProgress (4): 22/93 MB | 5.4/18 MB | 2.1/2.5 MB | 1.8/4.8 MBProgress (4): 22/93 MB | 5.4/18 MB | 2.1/2.5 MB | 1.8/4.8 MBProgress (4): 22/93 MB | 5.4/18 MB | 2.1/2.5 MB | 1.8/4.8 MBProgress (4): 22/93 MB | 5.4/18 MB | 2.1/2.5 MB | 1.8/4.8 MBProgress (4): 22/93 MB | 5.4/18 MB | 2.1/2.5 MB | 1.8/4.8 MBProgress (4): 22/93 MB | 5.4/18 MB | 2.1/2.5 MB | 1.8/4.8 MBProgress (4): 22/93 MB | 5.4/18 MB | 2.1/2.5 MB | 1.8/4.8 MBProgress (4): 22/93 MB | 5.4/18 MB | 2.1/2.5 MB | 1.8/4.8 MBProgress (4): 22/93 MB | 5.5/18 MB | 2.1/2.5 MB | 1.8/4.8 MBProgress (4): 22/93 MB | 5.5/18 MB | 2.1/2.5 MB | 1.8/4.8 MBProgress (4): 22/93 MB | 5.5/18 MB | 2.1/2.5 MB | 1.8/4.8 MBProgress (4): 22/93 MB | 5.5/18 MB | 2.1/2.5 MB | 1.9/4.8 MBProgress (4): 22/93 MB | 5.5/18 MB | 2.1/2.5 MB | 1.9/4.8 MBProgress (4): 22/93 MB | 5.5/18 MB | 2.1/2.5 MB | 1.9/4.8 MBProgress (4): 22/93 MB | 5.5/18 MB | 2.1/2.5 MB | 1.9/4.8 MBProgress (4): 22/93 MB | 5.5/18 MB | 2.1/2.5 MB | 1.9/4.8 MBProgress (4): 22/93 MB | 5.5/18 MB | 2.1/2.5 MB | 1.9/4.8 MBProgress (4): 22/93 MB | 5.5/18 MB | 2.1/2.5 MB | 1.9/4.8 MBProgress (4): 22/93 MB | 5.5/18 MB | 2.1/2.5 MB | 1.9/4.8 MBProgress (4): 22/93 MB | 5.5/18 MB | 2.1/2.5 MB | 1.9/4.8 MBProgress (4): 22/93 MB | 5.5/18 MB | 2.1/2.5 MB | 1.9/4.8 MBProgress (4): 22/93 MB | 5.5/18 MB | 2.1/2.5 MB | 1.9/4.8 MBProgress (4): 22/93 MB | 5.5/18 MB | 2.2/2.5 MB | 1.9/4.8 MBProgress (4): 22/93 MB | 5.5/18 MB | 2.2/2.5 MB | 1.9/4.8 MBProgress (4): 22/93 MB | 5.5/18 MB | 2.2/2.5 MB | 1.9/4.8 MBProgress (4): 22/93 MB | 5.5/18 MB | 2.2/2.5 MB | 1.9/4.8 MBProgress (4): 22/93 MB | 5.5/18 MB | 2.2/2.5 MB | 1.9/4.8 MBProgress (4): 22/93 MB | 5.5/18 MB | 2.2/2.5 MB | 1.9/4.8 MBProgress (4): 22/93 MB | 5.5/18 MB | 2.2/2.5 MB | 1.9/4.8 MBProgress (4): 22/93 MB | 5.5/18 MB | 2.2/2.5 MB | 1.9/4.8 MBProgress (4): 22/93 MB | 5.5/18 MB | 2.2/2.5 MB | 1.9/4.8 MBProgress (4): 22/93 MB | 5.5/18 MB | 2.2/2.5 MB | 1.9/4.8 MBProgress (4): 22/93 MB | 5.5/18 MB | 2.2/2.5 MB | 1.9/4.8 MBProgress (4): 22/93 MB | 5.5/18 MB | 2.2/2.5 MB | 1.9/4.8 MBProgress (4): 22/93 MB | 5.5/18 MB | 2.2/2.5 MB | 1.9/4.8 MBProgress (5): 22/93 MB | 5.5/18 MB | 2.2/2.5 MB | 1.9/4.8 MB | 7.8/752 kBProgress (5): 22/93 MB | 5.5/18 MB | 2.2/2.5 MB | 1.9/4.8 MB | 16/752 kB Progress (5): 22/93 MB | 5.5/18 MB | 2.2/2.5 MB | 1.9/4.8 MB | 16/752 kBProgress (5): 22/93 MB | 5.5/18 MB | 2.2/2.5 MB | 2.0/4.8 MB | 16/752 kBProgress (5): 22/93 MB | 5.6/18 MB | 2.2/2.5 MB | 2.0/4.8 MB | 16/752 kBProgress (5): 22/93 MB | 5.6/18 MB | 2.2/2.5 MB | 2.0/4.8 MB | 16/752 kBProgress (5): 22/93 MB | 5.6/18 MB | 2.2/2.5 MB | 2.0/4.8 MB | 16/752 kBProgress (5): 22/93 MB | 5.6/18 MB | 2.2/2.5 MB | 2.0/4.8 MB | 16/752 kBProgress (5): 22/93 MB | 5.6/18 MB | 2.2/2.5 MB | 2.0/4.8 MB | 16/752 kBProgress (5): 22/93 MB | 5.6/18 MB | 2.2/2.5 MB | 2.0/4.8 MB | 16/752 kBProgress (5): 22/93 MB | 5.6/18 MB | 2.2/2.5 MB | 2.0/4.8 MB | 16/752 kBProgress (5): 22/93 MB | 5.6/18 MB | 2.2/2.5 MB | 2.0/4.8 MB | 16/752 kBProgress (5): 22/93 MB | 5.6/18 MB | 2.2/2.5 MB | 2.0/4.8 MB | 16/752 kBProgress (5): 22/93 MB | 5.6/18 MB | 2.2/2.5 MB | 2.0/4.8 MB | 16/752 kBProgress (5): 22/93 MB | 5.6/18 MB | 2.2/2.5 MB | 2.0/4.8 MB | 16/752 kBProgress (5): 22/93 MB | 5.6/18 MB | 2.3/2.5 MB | 2.0/4.8 MB | 16/752 kBProgress (5): 22/93 MB | 5.6/18 MB | 2.3/2.5 MB | 2.0/4.8 MB | 16/752 kBProgress (5): 22/93 MB | 5.6/18 MB | 2.3/2.5 MB | 2.0/4.8 MB | 16/752 kBProgress (5): 22/93 MB | 5.6/18 MB | 2.3/2.5 MB | 2.0/4.8 MB | 16/752 kBProgress (5): 22/93 MB | 5.6/18 MB | 2.3/2.5 MB | 2.0/4.8 MB | 33/752 kBProgress (5): 22/93 MB | 5.6/18 MB | 2.3/2.5 MB | 2.0/4.8 MB | 41/752 kBProgress (5): 22/93 MB | 5.6/18 MB | 2.3/2.5 MB | 2.0/4.8 MB | 41/752 kBProgress (5): 22/93 MB | 5.6/18 MB | 2.3/2.5 MB | 2.0/4.8 MB | 57/752 kBProgress (5): 22/93 MB | 5.6/18 MB | 2.3/2.5 MB | 2.0/4.8 MB | 57/752 kBProgress (5): 22/93 MB | 5.6/18 MB | 2.3/2.5 MB | 2.0/4.8 MB | 57/752 kBProgress (5): 22/93 MB | 5.6/18 MB | 2.3/2.5 MB | 2.0/4.8 MB | 74/752 kBProgress (5): 22/93 MB | 5.6/18 MB | 2.3/2.5 MB | 2.0/4.8 MB | 74/752 kBProgress (5): 22/93 MB | 5.6/18 MB | 2.3/2.5 MB | 2.0/4.8 MB | 74/752 kBProgress (5): 22/93 MB | 5.6/18 MB | 2.3/2.5 MB | 2.0/4.8 MB | 74/752 kBProgress (5): 22/93 MB | 5.6/18 MB | 2.3/2.5 MB | 2.0/4.8 MB | 90/752 kBProgress (5): 22/93 MB | 5.7/18 MB | 2.3/2.5 MB | 2.0/4.8 MB | 90/752 kBProgress (5): 22/93 MB | 5.7/18 MB | 2.3/2.5 MB | 2.0/4.8 MB | 90/752 kBProgress (5): 22/93 MB | 5.7/18 MB | 2.3/2.5 MB | 2.0/4.8 MB | 106/752 kBProgress (5): 22/93 MB | 5.7/18 MB | 2.3/2.5 MB | 2.0/4.8 MB | 123/752 kBProgress (5): 22/93 MB | 5.7/18 MB | 2.3/2.5 MB | 2.0/4.8 MB | 123/752 kBProgress (5): 22/93 MB | 5.7/18 MB | 2.3/2.5 MB | 2.1/4.8 MB | 123/752 kBProgress (5): 22/93 MB | 5.7/18 MB | 2.3/2.5 MB | 2.1/4.8 MB | 123/752 kBProgress (5): 22/93 MB | 5.7/18 MB | 2.3/2.5 MB | 2.1/4.8 MB | 123/752 kBProgress (5): 22/93 MB | 5.7/18 MB | 2.3/2.5 MB | 2.1/4.8 MB | 123/752 kBProgress (5): 22/93 MB | 5.7/18 MB | 2.3/2.5 MB | 2.1/4.8 MB | 123/752 kBProgress (5): 22/93 MB | 5.7/18 MB | 2.3/2.5 MB | 2.1/4.8 MB | 123/752 kBProgress (5): 22/93 MB | 5.7/18 MB | 2.3/2.5 MB | 2.1/4.8 MB | 123/752 kBProgress (5): 22/93 MB | 5.7/18 MB | 2.3/2.5 MB | 2.1/4.8 MB | 123/752 kBProgress (5): 22/93 MB | 5.7/18 MB | 2.3/2.5 MB | 2.1/4.8 MB | 123/752 kBProgress (5): 22/93 MB | 5.7/18 MB | 2.4/2.5 MB | 2.1/4.8 MB | 123/752 kBProgress (5): 22/93 MB | 5.7/18 MB | 2.4/2.5 MB | 2.1/4.8 MB | 123/752 kBProgress (5): 22/93 MB | 5.7/18 MB | 2.4/2.5 MB | 2.1/4.8 MB | 123/752 kBProgress (5): 22/93 MB | 5.7/18 MB | 2.4/2.5 MB | 2.1/4.8 MB | 139/752 kBProgress (5): 22/93 MB | 5.7/18 MB | 2.4/2.5 MB | 2.1/4.8 MB | 139/752 kBProgress (5): 22/93 MB | 5.7/18 MB | 2.4/2.5 MB | 2.1/4.8 MB | 147/752 kBProgress (5): 22/93 MB | 5.7/18 MB | 2.4/2.5 MB | 2.1/4.8 MB | 147/752 kBProgress (5): 22/93 MB | 5.7/18 MB | 2.4/2.5 MB | 2.1/4.8 MB | 163/752 kBProgress (5): 22/93 MB | 5.7/18 MB | 2.4/2.5 MB | 2.1/4.8 MB | 163/752 kBProgress (5): 22/93 MB | 5.7/18 MB | 2.4/2.5 MB | 2.1/4.8 MB | 163/752 kBProgress (5): 22/93 MB | 5.7/18 MB | 2.4/2.5 MB | 2.1/4.8 MB | 163/752 kBProgress (5): 22/93 MB | 5.7/18 MB | 2.4/2.5 MB | 2.1/4.8 MB | 163/752 kBProgress (5): 22/93 MB | 5.7/18 MB | 2.4/2.5 MB | 2.1/4.8 MB | 163/752 kBProgress (5): 22/93 MB | 5.7/18 MB | 2.4/2.5 MB | 2.1/4.8 MB | 163/752 kBProgress (5): 22/93 MB | 5.7/18 MB | 2.4/2.5 MB | 2.1/4.8 MB | 163/752 kBProgress (5): 22/93 MB | 5.7/18 MB | 2.4/2.5 MB | 2.1/4.8 MB | 163/752 kBProgress (5): 22/93 MB | 5.7/18 MB | 2.4/2.5 MB | 2.1/4.8 MB | 163/752 kBProgress (5): 22/93 MB | 5.7/18 MB | 2.4/2.5 MB | 2.1/4.8 MB | 180/752 kBProgress (5): 22/93 MB | 5.7/18 MB | 2.4/2.5 MB | 2.1/4.8 MB | 180/752 kBProgress (5): 22/93 MB | 5.7/18 MB | 2.4/2.5 MB | 2.2/4.8 MB | 180/752 kBProgress (5): 22/93 MB | 5.8/18 MB | 2.4/2.5 MB | 2.2/4.8 MB | 180/752 kBProgress (5): 22/93 MB | 5.8/18 MB | 2.4/2.5 MB | 2.2/4.8 MB | 197/752 kBProgress (5): 22/93 MB | 5.8/18 MB | 2.4/2.5 MB | 2.2/4.8 MB | 197/752 kBProgress (5): 22/93 MB | 5.8/18 MB | 2.4/2.5 MB | 2.2/4.8 MB | 197/752 kBProgress (5): 22/93 MB | 5.8/18 MB | 2.4/2.5 MB | 2.2/4.8 MB | 213/752 kBProgress (5): 22/93 MB | 5.8/18 MB | 2.4/2.5 MB | 2.2/4.8 MB | 213/752 kBProgress (5): 22/93 MB | 5.8/18 MB | 2.4/2.5 MB | 2.2/4.8 MB | 213/752 kBProgress (5): 22/93 MB | 5.8/18 MB | 2.4/2.5 MB | 2.2/4.8 MB | 213/752 kBProgress (5): 22/93 MB | 5.8/18 MB | 2.4/2.5 MB | 2.2/4.8 MB | 213/752 kBProgress (5): 22/93 MB | 5.8/18 MB | 2.4/2.5 MB | 2.2/4.8 MB | 213/752 kBProgress (5): 22/93 MB | 5.8/18 MB | 2.4/2.5 MB | 2.2/4.8 MB | 213/752 kBProgress (5): 22/93 MB | 5.8/18 MB | 2.4/2.5 MB | 2.2/4.8 MB | 213/752 kBProgress (5): 22/93 MB | 5.8/18 MB | 2.4/2.5 MB | 2.2/4.8 MB | 213/752 kBProgress (5): 22/93 MB | 5.8/18 MB | 2.5/2.5 MB | 2.2/4.8 MB | 213/752 kBProgress (5): 22/93 MB | 5.8/18 MB | 2.5/2.5 MB | 2.2/4.8 MB | 213/752 kBProgress (5): 22/93 MB | 5.8/18 MB | 2.5/2.5 MB | 2.2/4.8 MB | 213/752 kBProgress (5): 22/93 MB | 5.8/18 MB | 2.5/2.5 MB | 2.2/4.8 MB | 213/752 kBProgress (5): 22/93 MB | 5.8/18 MB | 2.5/2.5 MB | 2.2/4.8 MB | 213/752 kBProgress (5): 22/93 MB | 5.8/18 MB | 2.5/2.5 MB | 2.2/4.8 MB | 229/752 kBProgress (5): 22/93 MB | 5.8/18 MB | 2.5/2.5 MB | 2.2/4.8 MB | 229/752 kBProgress (5): 22/93 MB | 5.8/18 MB | 2.5/2.5 MB | 2.2/4.8 MB | 246/752 kBProgress (5): 22/93 MB | 5.9/18 MB | 2.5/2.5 MB | 2.2/4.8 MB | 246/752 kBProgress (5): 22/93 MB | 5.9/18 MB | 2.5/2.5 MB | 2.2/4.8 MB | 246/752 kBProgress (5): 22/93 MB | 5.9/18 MB | 2.5/2.5 MB | 2.2/4.8 MB | 246/752 kBProgress (5): 22/93 MB | 5.9/18 MB | 2.5/2.5 MB | 2.2/4.8 MB | 246/752 kBProgress (5): 22/93 MB | 5.9/18 MB | 2.5/2.5 MB | 2.2/4.8 MB | 246/752 kBProgress (5): 22/93 MB | 5.9/18 MB | 2.5/2.5 MB | 2.2/4.8 MB | 246/752 kBProgress (5): 22/93 MB | 5.9/18 MB | 2.5/2.5 MB | 2.2/4.8 MB | 262/752 kBProgress (5): 22/93 MB | 5.9/18 MB | 2.5/2.5 MB | 2.2/4.8 MB | 279/752 kBProgress (5): 22/93 MB | 5.9/18 MB | 2.5/2.5 MB | 2.2/4.8 MB | 295/752 kBProgress (5): 22/93 MB | 5.9/18 MB | 2.5/2.5 MB | 2.2/4.8 MB | 311/752 kBProgress (5): 22/93 MB | 5.9/18 MB | 2.5/2.5 MB | 2.2/4.8 MB | 328/752 kBProgress (5): 22/93 MB | 5.9/18 MB | 2.5/2.5 MB | 2.2/4.8 MB | 328/752 kBProgress (5): 22/93 MB | 5.9/18 MB | 2.5/2.5 MB | 2.2/4.8 MB | 328/752 kBProgress (5): 22/93 MB | 5.9/18 MB | 2.5/2.5 MB | 2.2/4.8 MB | 328/752 kBProgress (5): 22/93 MB | 5.9/18 MB | 2.5/2.5 MB | 2.2/4.8 MB | 328/752 kBProgress (5): 22/93 MB | 5.9/18 MB | 2.5/2.5 MB | 2.2/4.8 MB | 328/752 kBProgress (5): 22/93 MB | 5.9/18 MB | 2.5/2.5 MB | 2.3/4.8 MB | 328/752 kBProgress (5): 22/93 MB | 5.9/18 MB | 2.5/2.5 MB | 2.3/4.8 MB | 328/752 kBProgress (5): 22/93 MB | 5.9/18 MB | 2.5/2.5 MB | 2.3/4.8 MB | 328/752 kBProgress (5): 22/93 MB | 5.9/18 MB | 2.5/2.5 MB | 2.3/4.8 MB | 328/752 kBProgress (5): 22/93 MB | 5.9/18 MB | 2.5/2.5 MB | 2.3/4.8 MB | 328/752 kBProgress (5): 22/93 MB | 5.9/18 MB | 2.5/2.5 MB | 2.3/4.8 MB | 328/752 kBProgress (5): 22/93 MB | 5.9/18 MB | 2.5/2.5 MB | 2.3/4.8 MB | 328/752 kBProgress (5): 22/93 MB | 5.9/18 MB | 2.5 MB | 2.3/4.8 MB | 328/752 kB                                                                         Downloaded from central: https://repo.maven.apache.org/maven2/org/openjfx/javafx-controls/19.0.2/javafx-controls-19.0.2-linux.jar (2.5 MB at 694 kB/s)
Progress (4): 22/93 MB | 5.9/18 MB | 2.3/4.8 MB | 328/752 kBProgress (4): 22/93 MB | 5.9/18 MB | 2.3/4.8 MB | 328/752 kBProgress (4): 22/93 MB | 5.9/18 MB | 2.3/4.8 MB | 344/752 kBProgress (4): 22/93 MB | 5.9/18 MB | 2.3/4.8 MB | 344/752 kBProgress (4): 22/93 MB | 5.9/18 MB | 2.3/4.8 MB | 360/752 kB                                                            Downloading from central: https://repo.maven.apache.org/maven2/org/openjfx/javafx-fxml/19.0.2/javafx-fxml-19.0.2.jar
Progress (4): 22/93 MB | 6.0/18 MB | 2.3/4.8 MB | 360/752 kBProgress (4): 22/93 MB | 6.0/18 MB | 2.3/4.8 MB | 360/752 kBProgress (4): 22/93 MB | 6.0/18 MB | 2.3/4.8 MB | 360/752 kBProgress (4): 22/93 MB | 6.0/18 MB | 2.3/4.8 MB | 360/752 kBProgress (4): 22/93 MB | 6.0/18 MB | 2.3/4.8 MB | 360/752 kBProgress (4): 22/93 MB | 6.0/18 MB | 2.3/4.8 MB | 360/752 kBProgress (4): 22/93 MB | 6.0/18 MB | 2.3/4.8 MB | 360/752 kBProgress (4): 22/93 MB | 6.0/18 MB | 2.3/4.8 MB | 377/752 kBProgress (4): 22/93 MB | 6.0/18 MB | 2.3/4.8 MB | 377/752 kBProgress (4): 22/93 MB | 6.0/18 MB | 2.4/4.8 MB | 377/752 kBProgress (4): 22/93 MB | 6.0/18 MB | 2.4/4.8 MB | 377/752 kBProgress (4): 22/93 MB | 6.0/18 MB | 2.4/4.8 MB | 393/752 kBProgress (4): 22/93 MB | 6.0/18 MB | 2.4/4.8 MB | 410/752 kBProgress (4): 22/93 MB | 6.0/18 MB | 2.4/4.8 MB | 410/752 kBProgress (4): 22/93 MB | 6.0/18 MB | 2.4/4.8 MB | 426/752 kBProgress (4): 22/93 MB | 6.0/18 MB | 2.4/4.8 MB | 426/752 kBProgress (4): 22/93 MB | 6.0/18 MB | 2.4/4.8 MB | 426/752 kBProgress (4): 22/93 MB | 6.0/18 MB | 2.4/4.8 MB | 426/752 kBProgress (4): 22/93 MB | 6.0/18 MB | 2.4/4.8 MB | 426/752 kBProgress (4): 23/93 MB | 6.0/18 MB | 2.4/4.8 MB | 426/752 kBProgress (4): 23/93 MB | 6.0/18 MB | 2.4/4.8 MB | 426/752 kBProgress (4): 23/93 MB | 6.0/18 MB | 2.4/4.8 MB | 426/752 kBProgress (4): 23/93 MB | 6.0/18 MB | 2.4/4.8 MB | 442/752 kBProgress (4): 23/93 MB | 6.0/18 MB | 2.4/4.8 MB | 442/752 kBProgress (4): 23/93 MB | 6.0/18 MB | 2.4/4.8 MB | 459/752 kBProgress (4): 23/93 MB | 6.0/18 MB | 2.4/4.8 MB | 459/752 kBProgress (4): 23/93 MB | 6.0/18 MB | 2.4/4.8 MB | 459/752 kBProgress (4): 23/93 MB | 6.0/18 MB | 2.4/4.8 MB | 475/752 kBProgress (4): 23/93 MB | 6.0/18 MB | 2.4/4.8 MB | 475/752 kBProgress (4): 23/93 MB | 6.0/18 MB | 2.4/4.8 MB | 492/752 kBProgress (4): 23/93 MB | 6.0/18 MB | 2.4/4.8 MB | 508/752 kBProgress (4): 23/93 MB | 6.0/18 MB | 2.4/4.8 MB | 524/752 kBProgress (4): 23/93 MB | 6.0/18 MB | 2.5/4.8 MB | 524/752 kBProgress (4): 23/93 MB | 6.0/18 MB | 2.5/4.8 MB | 524/752 kBProgress (4): 23/93 MB | 6.0/18 MB | 2.5/4.8 MB | 524/752 kBProgress (4): 23/93 MB | 6.0/18 MB | 2.5/4.8 MB | 524/752 kBProgress (4): 23/93 MB | 6.0/18 MB | 2.5/4.8 MB | 524/752 kBProgress (4): 23/93 MB | 6.0/18 MB | 2.5/4.8 MB | 524/752 kBProgress (4): 23/93 MB | 6.0/18 MB | 2.5/4.8 MB | 541/752 kBProgress (4): 23/93 MB | 6.0/18 MB | 2.5/4.8 MB | 541/752 kBProgress (4): 23/93 MB | 6.0/18 MB | 2.5/4.8 MB | 541/752 kBProgress (4): 23/93 MB | 6.1/18 MB | 2.5/4.8 MB | 541/752 kBProgress (4): 23/93 MB | 6.1/18 MB | 2.5/4.8 MB | 557/752 kBProgress (4): 23/93 MB | 6.1/18 MB | 2.5/4.8 MB | 557/752 kBProgress (4): 23/93 MB | 6.1/18 MB | 2.5/4.8 MB | 573/752 kBProgress (4): 23/93 MB | 6.1/18 MB | 2.5/4.8 MB | 573/752 kBProgress (4): 23/93 MB | 6.1/18 MB | 2.5/4.8 MB | 590/752 kBProgress (4): 23/93 MB | 6.1/18 MB | 2.5/4.8 MB | 590/752 kBProgress (4): 23/93 MB | 6.1/18 MB | 2.5/4.8 MB | 590/752 kBProgress (4): 23/93 MB | 6.1/18 MB | 2.5/4.8 MB | 590/752 kBProgress (4): 23/93 MB | 6.1/18 MB | 2.6/4.8 MB | 590/752 kBProgress (4): 23/93 MB | 6.1/18 MB | 2.6/4.8 MB | 590/752 kBProgress (4): 23/93 MB | 6.1/18 MB | 2.6/4.8 MB | 590/752 kBProgress (4): 23/93 MB | 6.1/18 MB | 2.6/4.8 MB | 606/752 kBProgress (4): 23/93 MB | 6.1/18 MB | 2.6/4.8 MB | 606/752 kBProgress (4): 23/93 MB | 6.1/18 MB | 2.6/4.8 MB | 623/752 kBProgress (4): 23/93 MB | 6.1/18 MB | 2.6/4.8 MB | 626/752 kBProgress (4): 23/93 MB | 6.1/18 MB | 2.6/4.8 MB | 643/752 kBProgress (4): 23/93 MB | 6.1/18 MB | 2.6/4.8 MB | 643/752 kBProgress (4): 23/93 MB | 6.1/18 MB | 2.6/4.8 MB | 643/752 kBProgress (4): 23/93 MB | 6.1/18 MB | 2.6/4.8 MB | 643/752 kBProgress (4): 23/93 MB | 6.1/18 MB | 2.6/4.8 MB | 643/752 kBProgress (4): 23/93 MB | 6.1/18 MB | 2.6/4.8 MB | 643/752 kBProgress (4): 23/93 MB | 6.1/18 MB | 2.6/4.8 MB | 643/752 kBProgress (4): 23/93 MB | 6.1/18 MB | 2.6/4.8 MB | 659/752 kBProgress (4): 23/93 MB | 6.1/18 MB | 2.6/4.8 MB | 659/752 kBProgress (4): 23/93 MB | 6.1/18 MB | 2.6/4.8 MB | 676/752 kBProgress (4): 23/93 MB | 6.1/18 MB | 2.6/4.8 MB | 676/752 kBProgress (4): 23/93 MB | 6.1/18 MB | 2.6/4.8 MB | 676/752 kBProgress (4): 23/93 MB | 6.1/18 MB | 2.6/4.8 MB | 676/752 kBProgress (4): 23/93 MB | 6.2/18 MB | 2.6/4.8 MB | 676/752 kBProgress (4): 23/93 MB | 6.2/18 MB | 2.7/4.8 MB | 676/752 kBProgress (4): 23/93 MB | 6.2/18 MB | 2.7/4.8 MB | 692/752 kBProgress (4): 23/93 MB | 6.2/18 MB | 2.7/4.8 MB | 708/752 kBProgress (4): 23/93 MB | 6.2/18 MB | 2.7/4.8 MB | 708/752 kBProgress (4): 23/93 MB | 6.2/18 MB | 2.7/4.8 MB | 725/752 kBProgress (4): 23/93 MB | 6.2/18 MB | 2.7/4.8 MB | 725/752 kBProgress (4): 23/93 MB | 6.2/18 MB | 2.7/4.8 MB | 725/752 kBProgress (4): 23/93 MB | 6.2/18 MB | 2.7/4.8 MB | 725/752 kBProgress (4): 23/93 MB | 6.2/18 MB | 2.7/4.8 MB | 725/752 kBProgress (4): 23/93 MB | 6.2/18 MB | 2.7/4.8 MB | 725/752 kBProgress (4): 23/93 MB | 6.2/18 MB | 2.7/4.8 MB | 741/752 kBProgress (4): 23/93 MB | 6.2/18 MB | 2.7/4.8 MB | 741/752 kBProgress (4): 23/93 MB | 6.2/18 MB | 2.7/4.8 MB | 752 kB    Progress (4): 23/93 MB | 6.2/18 MB | 2.7/4.8 MB | 752 kBProgress (4): 23/93 MB | 6.2/18 MB | 2.7/4.8 MB | 752 kBProgress (4): 23/93 MB | 6.2/18 MB | 2.7/4.8 MB | 752 kBProgress (4): 23/93 MB | 6.2/18 MB | 2.7/4.8 MB | 752 kBProgress (4): 23/93 MB | 6.2/18 MB | 2.7/4.8 MB | 752 kBProgress (4): 23/93 MB | 6.2/18 MB | 2.7/4.8 MB | 752 kB                                                        Downloaded from central: https://repo.maven.apache.org/maven2/org/openjfx/javafx-base/19.0.2/javafx-base-19.0.2-linux.jar (752 kB at 203 kB/s)
Downloading from central: https://repo.maven.apache.org/maven2/org/openjfx/javafx-fxml/19.0.2/javafx-fxml-19.0.2-linux.jar
Progress (3): 23/93 MB | 6.2/18 MB | 2.7/4.8 MBProgress (3): 23/93 MB | 6.2/18 MB | 2.7/4.8 MBProgress (3): 23/93 MB | 6.2/18 MB | 2.8/4.8 MBProgress (3): 23/93 MB | 6.2/18 MB | 2.8/4.8 MBProgress (3): 23/93 MB | 6.2/18 MB | 2.8/4.8 MBProgress (3): 23/93 MB | 6.2/18 MB | 2.8/4.8 MBProgress (3): 23/93 MB | 6.2/18 MB | 2.8/4.8 MBProgress (3): 23/93 MB | 6.2/18 MB | 2.8/4.8 MBProgress (3): 23/93 MB | 6.2/18 MB | 2.8/4.8 MBProgress (3): 23/93 MB | 6.2/18 MB | 2.8/4.8 MBProgress (3): 23/93 MB | 6.3/18 MB | 2.8/4.8 MBProgress (3): 23/93 MB | 6.3/18 MB | 2.8/4.8 MBProgress (3): 23/93 MB | 6.3/18 MB | 2.9/4.8 MBProgress (3): 23/93 MB | 6.3/18 MB | 2.9/4.8 MBProgress (3): 23/93 MB | 6.3/18 MB | 2.9/4.8 MBProgress (3): 23/93 MB | 6.3/18 MB | 2.9/4.8 MBProgress (3): 23/93 MB | 6.3/18 MB | 2.9/4.8 MBProgress (3): 23/93 MB | 6.3/18 MB | 2.9/4.8 MBProgress (3): 23/93 MB | 6.3/18 MB | 2.9/4.8 MBProgress (3): 23/93 MB | 6.3/18 MB | 2.9/4.8 MBProgress (3): 23/93 MB | 6.3/18 MB | 2.9/4.8 MBProgress (3): 23/93 MB | 6.3/18 MB | 2.9/4.8 MBProgress (3): 23/93 MB | 6.3/18 MB | 2.9/4.8 MBProgress (3): 23/93 MB | 6.3/18 MB | 3.0/4.8 MBProgress (3): 23/93 MB | 6.3/18 MB | 3.0/4.8 MBProgress (3): 23/93 MB | 6.3/18 MB | 3.0/4.8 MBProgress (3): 23/93 MB | 6.3/18 MB | 3.0/4.8 MBProgress (3): 23/93 MB | 6.3/18 MB | 3.0/4.8 MBProgress (3): 23/93 MB | 6.3/18 MB | 3.0/4.8 MBProgress (3): 23/93 MB | 6.3/18 MB | 3.0/4.8 MBProgress (3): 23/93 MB | 6.3/18 MB | 3.0/4.8 MBProgress (3): 23/93 MB | 6.3/18 MB | 3.0/4.8 MBProgress (3): 23/93 MB | 6.3/18 MB | 3.0/4.8 MBProgress (3): 23/93 MB | 6.3/18 MB | 3.1/4.8 MBProgress (3): 23/93 MB | 6.3/18 MB | 3.1/4.8 MBProgress (3): 23/93 MB | 6.3/18 MB | 3.1/4.8 MBProgress (3): 23/93 MB | 6.3/18 MB | 3.1/4.8 MBProgress (3): 23/93 MB | 6.3/18 MB | 3.1/4.8 MBProgress (3): 23/93 MB | 6.3/18 MB | 3.1/4.8 MBProgress (3): 23/93 MB | 6.3/18 MB | 3.1/4.8 MBProgress (3): 23/93 MB | 6.3/18 MB | 3.1/4.8 MBProgress (3): 23/93 MB | 6.3/18 MB | 3.1/4.8 MBProgress (3): 23/93 MB | 6.4/18 MB | 3.1/4.8 MBProgress (3): 23/93 MB | 6.4/18 MB | 3.1/4.8 MBProgress (3): 23/93 MB | 6.4/18 MB | 3.1/4.8 MBProgress (4): 23/93 MB | 6.4/18 MB | 3.1/4.8 MB | 7.7/130 kBProgress (4): 23/93 MB | 6.4/18 MB | 3.1/4.8 MB | 16/130 kB Progress (4): 23/93 MB | 6.4/18 MB | 3.1/4.8 MB | 16/130 kBProgress (4): 23/93 MB | 6.4/18 MB | 3.2/4.8 MB | 16/130 kBProgress (4): 23/93 MB | 6.4/18 MB | 3.2/4.8 MB | 16/130 kBProgress (4): 23/93 MB | 6.4/18 MB | 3.2/4.8 MB | 16/130 kBProgress (4): 23/93 MB | 6.4/18 MB | 3.2/4.8 MB | 16/130 kBProgress (4): 23/93 MB | 6.4/18 MB | 3.2/4.8 MB | 16/130 kBProgress (4): 23/93 MB | 6.4/18 MB | 3.2/4.8 MB | 32/130 kBProgress (4): 23/93 MB | 6.4/18 MB | 3.2/4.8 MB | 32/130 kBProgress (4): 23/93 MB | 6.4/18 MB | 3.2/4.8 MB | 49/130 kBProgress (4): 23/93 MB | 6.4/18 MB | 3.2/4.8 MB | 49/130 kBProgress (4): 23/93 MB | 6.4/18 MB | 3.2/4.8 MB | 49/130 kBProgress (4): 23/93 MB | 6.4/18 MB | 3.2/4.8 MB | 49/130 kBProgress (4): 23/93 MB | 6.4/18 MB | 3.2/4.8 MB | 49/130 kBProgress (4): 23/93 MB | 6.4/18 MB | 3.2/4.8 MB | 65/130 kBProgress (4): 23/93 MB | 6.4/18 MB | 3.2/4.8 MB | 81/130 kBProgress (4): 23/93 MB | 6.4/18 MB | 3.2/4.8 MB | 81/130 kBProgress (4): 23/93 MB | 6.4/18 MB | 3.2/4.8 MB | 81/130 kBProgress (4): 23/93 MB | 6.5/18 MB | 3.2/4.8 MB | 81/130 kBProgress (4): 23/93 MB | 6.5/18 MB | 3.2/4.8 MB | 81/130 kBProgress (4): 23/93 MB | 6.5/18 MB | 3.2/4.8 MB | 81/130 kBProgress (4): 23/93 MB | 6.5/18 MB | 3.3/4.8 MB | 81/130 kBProgress (4): 23/93 MB | 6.5/18 MB | 3.3/4.8 MB | 81/130 kBProgress (4): 23/93 MB | 6.5/18 MB | 3.3/4.8 MB | 81/130 kBProgress (4): 23/93 MB | 6.5/18 MB | 3.3/4.8 MB | 81/130 kBProgress (4): 23/93 MB | 6.5/18 MB | 3.3/4.8 MB | 98/130 kBProgress (4): 23/93 MB | 6.5/18 MB | 3.3/4.8 MB | 114/130 kBProgress (4): 23/93 MB | 6.5/18 MB | 3.3/4.8 MB | 114/130 kBProgress (4): 23/93 MB | 6.5/18 MB | 3.3/4.8 MB | 130 kB    Progress (4): 23/93 MB | 6.5/18 MB | 3.3/4.8 MB | 130 kBProgress (4): 23/93 MB | 6.5/18 MB | 3.3/4.8 MB | 130 kBProgress (4): 23/93 MB | 6.5/18 MB | 3.3/4.8 MB | 130 kBProgress (4): 23/93 MB | 6.5/18 MB | 3.3/4.8 MB | 130 kBProgress (4): 23/93 MB | 6.5/18 MB | 3.3/4.8 MB | 130 kBProgress (4): 23/93 MB | 6.5/18 MB | 3.3/4.8 MB | 130 kBProgress (4): 23/93 MB | 6.5/18 MB | 3.3/4.8 MB | 130 kB                                                        Downloaded from central: https://repo.maven.apache.org/maven2/org/openjfx/javafx-fxml/19.0.2/javafx-fxml-19.0.2-linux.jar (130 kB at 35 kB/s)
Progress (3): 23/93 MB | 6.5/18 MB | 3.3/4.8 MB                                               Downloading from central: https://repo.maven.apache.org/maven2/org/springframework/boot/spring-boot-starter-data-mongodb/3.3.4/spring-boot-starter-data-mongodb-3.3.4.jar
Progress (3): 23/93 MB | 6.5/18 MB | 3.3/4.8 MBProgress (3): 23/93 MB | 6.5/18 MB | 3.3/4.8 MBProgress (3): 23/93 MB | 6.5/18 MB | 3.3/4.8 MBProgress (3): 23/93 MB | 6.5/18 MB | 3.3/4.8 MBProgress (3): 23/93 MB | 6.6/18 MB | 3.3/4.8 MBProgress (3): 23/93 MB | 6.6/18 MB | 3.4/4.8 MBProgress (3): 23/93 MB | 6.6/18 MB | 3.4/4.8 MBProgress (3): 23/93 MB | 6.6/18 MB | 3.4/4.8 MBProgress (3): 23/93 MB | 6.6/18 MB | 3.4/4.8 MBProgress (3): 23/93 MB | 6.6/18 MB | 3.4/4.8 MBProgress (3): 23/93 MB | 6.6/18 MB | 3.4/4.8 MBProgress (3): 23/93 MB | 6.6/18 MB | 3.4/4.8 MBProgress (3): 23/93 MB | 6.6/18 MB | 3.4/4.8 MBProgress (3): 23/93 MB | 6.6/18 MB | 3.4/4.8 MBProgress (3): 23/93 MB | 6.6/18 MB | 3.4/4.8 MBProgress (3): 23/93 MB | 6.6/18 MB | 3.4/4.8 MBProgress (3): 23/93 MB | 6.6/18 MB | 3.4/4.8 MBProgress (3): 23/93 MB | 6.6/18 MB | 3.4/4.8 MBProgress (3): 23/93 MB | 6.6/18 MB | 3.4/4.8 MBProgress (3): 23/93 MB | 6.6/18 MB | 3.4/4.8 MBProgress (3): 23/93 MB | 6.6/18 MB | 3.5/4.8 MBProgress (3): 23/93 MB | 6.6/18 MB | 3.5/4.8 MBProgress (3): 23/93 MB | 6.6/18 MB | 3.5/4.8 MBProgress (3): 23/93 MB | 6.7/18 MB | 3.5/4.8 MBProgress (3): 23/93 MB | 6.7/18 MB | 3.5/4.8 MBProgress (3): 23/93 MB | 6.7/18 MB | 3.5/4.8 MBProgress (3): 23/93 MB | 6.7/18 MB | 3.5/4.8 MBProgress (3): 23/93 MB | 6.7/18 MB | 3.5/4.8 MBProgress (3): 23/93 MB | 6.7/18 MB | 3.5/4.8 MBProgress (3): 23/93 MB | 6.7/18 MB | 3.5/4.8 MBProgress (3): 23/93 MB | 6.7/18 MB | 3.5/4.8 MBProgress (3): 23/93 MB | 6.7/18 MB | 3.5/4.8 MBProgress (3): 23/93 MB | 6.7/18 MB | 3.6/4.8 MBProgress (3): 23/93 MB | 6.7/18 MB | 3.6/4.8 MBProgress (3): 23/93 MB | 6.7/18 MB | 3.6/4.8 MBProgress (3): 23/93 MB | 6.7/18 MB | 3.6/4.8 MBProgress (4): 23/93 MB | 6.7/18 MB | 3.6/4.8 MB | 4.8 kBProgress (4): 23/93 MB | 6.7/18 MB | 3.6/4.8 MB | 4.8 kB                                                        Downloaded from central: https://repo.maven.apache.org/maven2/org/springframework/boot/spring-boot-starter-data-mongodb/3.3.4/spring-boot-starter-data-mongodb-3.3.4.jar (4.8 kB at 1.3 kB/s)
Progress (3): 23/93 MB | 6.7/18 MB | 3.6/4.8 MBProgress (3): 23/93 MB | 6.7/18 MB | 3.6/4.8 MB                                               Downloading from central: https://repo.maven.apache.org/maven2/org/springframework/data/spring-data-mongodb/4.3.4/spring-data-mongodb-4.3.4.jar
Progress (3): 23/93 MB | 6.7/18 MB | 3.6/4.8 MBProgress (3): 23/93 MB | 6.7/18 MB | 3.6/4.8 MBProgress (3): 23/93 MB | 6.7/18 MB | 3.6/4.8 MBProgress (3): 23/93 MB | 6.7/18 MB | 3.6/4.8 MBProgress (3): 23/93 MB | 6.7/18 MB | 3.6/4.8 MBProgress (3): 23/93 MB | 6.7/18 MB | 3.6/4.8 MBProgress (3): 23/93 MB | 6.7/18 MB | 3.6/4.8 MBProgress (3): 23/93 MB | 6.7/18 MB | 3.6/4.8 MBProgress (3): 23/93 MB | 6.8/18 MB | 3.6/4.8 MBProgress (3): 23/93 MB | 6.8/18 MB | 3.7/4.8 MBProgress (3): 23/93 MB | 6.8/18 MB | 3.7/4.8 MBProgress (3): 23/93 MB | 6.8/18 MB | 3.7/4.8 MBProgress (3): 23/93 MB | 6.8/18 MB | 3.7/4.8 MBProgress (3): 23/93 MB | 6.8/18 MB | 3.7/4.8 MBProgress (3): 23/93 MB | 6.8/18 MB | 3.7/4.8 MBProgress (3): 23/93 MB | 6.8/18 MB | 3.7/4.8 MBProgress (3): 23/93 MB | 6.8/18 MB | 3.7/4.8 MBProgress (3): 23/93 MB | 6.8/18 MB | 3.7/4.8 MBProgress (3): 23/93 MB | 6.8/18 MB | 3.7/4.8 MBProgress (3): 23/93 MB | 6.8/18 MB | 3.7/4.8 MBProgress (3): 23/93 MB | 6.8/18 MB | 3.7/4.8 MBProgress (3): 23/93 MB | 6.8/18 MB | 3.7/4.8 MBProgress (3): 23/93 MB | 6.8/18 MB | 3.8/4.8 MBProgress (3): 23/93 MB | 6.9/18 MB | 3.8/4.8 MBProgress (3): 23/93 MB | 6.9/18 MB | 3.8/4.8 MBProgress (3): 23/93 MB | 6.9/18 MB | 3.8/4.8 MBProgress (3): 23/93 MB | 6.9/18 MB | 3.8/4.8 MBProgress (3): 23/93 MB | 6.9/18 MB | 3.8/4.8 MBProgress (3): 23/93 MB | 6.9/18 MB | 3.8/4.8 MBProgress (3): 23/93 MB | 6.9/18 MB | 3.8/4.8 MBProgress (3): 23/93 MB | 6.9/18 MB | 3.8/4.8 MBProgress (3): 23/93 MB | 6.9/18 MB | 3.8/4.8 MBProgress (3): 23/93 MB | 6.9/18 MB | 3.8/4.8 MBProgress (3): 23/93 MB | 6.9/18 MB | 3.8/4.8 MBProgress (3): 23/93 MB | 6.9/18 MB | 3.8/4.8 MBProgress (3): 23/93 MB | 6.9/18 MB | 3.8/4.8 MBProgress (3): 23/93 MB | 6.9/18 MB | 3.8/4.8 MBProgress (3): 23/93 MB | 6.9/18 MB | 3.8/4.8 MBProgress (3): 23/93 MB | 6.9/18 MB | 3.9/4.8 MBProgress (3): 23/93 MB | 6.9/18 MB | 3.9/4.8 MBProgress (3): 23/93 MB | 6.9/18 MB | 3.9/4.8 MBProgress (3): 23/93 MB | 6.9/18 MB | 3.9/4.8 MBProgress (4): 23/93 MB | 6.9/18 MB | 3.9/4.8 MB | 0/2.4 MBProgress (4): 23/93 MB | 6.9/18 MB | 3.9/4.8 MB | 0/2.4 MBProgress (4): 23/93 MB | 6.9/18 MB | 3.9/4.8 MB | 0/2.4 MBProgress (4): 23/93 MB | 6.9/18 MB | 3.9/4.8 MB | 0/2.4 MBProgress (4): 23/93 MB | 6.9/18 MB | 3.9/4.8 MB | 0/2.4 MBProgress (4): 23/93 MB | 6.9/18 MB | 3.9/4.8 MB | 0/2.4 MBProgress (4): 23/93 MB | 6.9/18 MB | 3.9/4.8 MB | 0/2.4 MBProgress (4): 23/93 MB | 6.9/18 MB | 3.9/4.8 MB | 0/2.4 MBProgress (4): 23/93 MB | 6.9/18 MB | 3.9/4.8 MB | 0/2.4 MBProgress (4): 23/93 MB | 7.0/18 MB | 3.9/4.8 MB | 0/2.4 MBProgress (4): 23/93 MB | 7.0/18 MB | 3.9/4.8 MB | 0/2.4 MBProgress (4): 23/93 MB | 7.0/18 MB | 3.9/4.8 MB | 0/2.4 MBProgress (4): 23/93 MB | 7.0/18 MB | 3.9/4.8 MB | 0/2.4 MBProgress (4): 23/93 MB | 7.0/18 MB | 3.9/4.8 MB | 0/2.4 MBProgress (4): 23/93 MB | 7.0/18 MB | 3.9/4.8 MB | 0.1/2.4 MBProgress (4): 23/93 MB | 7.0/18 MB | 3.9/4.8 MB | 0.1/2.4 MBProgress (4): 23/93 MB | 7.0/18 MB | 3.9/4.8 MB | 0.1/2.4 MBProgress (4): 23/93 MB | 7.0/18 MB | 3.9/4.8 MB | 0.1/2.4 MBProgress (4): 24/93 MB | 7.0/18 MB | 3.9/4.8 MB | 0.1/2.4 MBProgress (4): 24/93 MB | 7.0/18 MB | 3.9/4.8 MB | 0.1/2.4 MBProgress (4): 24/93 MB | 7.0/18 MB | 3.9/4.8 MB | 0.1/2.4 MBProgress (4): 24/93 MB | 7.0/18 MB | 3.9/4.8 MB | 0.1/2.4 MBProgress (4): 24/93 MB | 7.0/18 MB | 3.9/4.8 MB | 0.1/2.4 MBProgress (4): 24/93 MB | 7.0/18 MB | 4.0/4.8 MB | 0.1/2.4 MBProgress (4): 24/93 MB | 7.0/18 MB | 4.0/4.8 MB | 0.1/2.4 MBProgress (4): 24/93 MB | 7.0/18 MB | 4.0/4.8 MB | 0.1/2.4 MBProgress (4): 24/93 MB | 7.0/18 MB | 4.0/4.8 MB | 0.1/2.4 MBProgress (4): 24/93 MB | 7.0/18 MB | 4.0/4.8 MB | 0.1/2.4 MBProgress (4): 24/93 MB | 7.0/18 MB | 4.0/4.8 MB | 0.1/2.4 MBProgress (4): 24/93 MB | 7.0/18 MB | 4.0/4.8 MB | 0.1/2.4 MBProgress (4): 24/93 MB | 7.0/18 MB | 4.0/4.8 MB | 0.1/2.4 MBProgress (4): 24/93 MB | 7.0/18 MB | 4.0/4.8 MB | 0.1/2.4 MBProgress (4): 24/93 MB | 7.0/18 MB | 4.0/4.8 MB | 0.1/2.4 MBProgress (4): 24/93 MB | 7.0/18 MB | 4.0/4.8 MB | 0.2/2.4 MBProgress (4): 24/93 MB | 7.0/18 MB | 4.0/4.8 MB | 0.2/2.4 MBProgress (4): 24/93 MB | 7.1/18 MB | 4.0/4.8 MB | 0.2/2.4 MBProgress (4): 24/93 MB | 7.1/18 MB | 4.0/4.8 MB | 0.2/2.4 MBProgress (4): 24/93 MB | 7.1/18 MB | 4.0/4.8 MB | 0.2/2.4 MBProgress (4): 24/93 MB | 7.1/18 MB | 4.0/4.8 MB | 0.2/2.4 MBProgress (4): 24/93 MB | 7.1/18 MB | 4.0/4.8 MB | 0.2/2.4 MBProgress (5): 24/93 MB | 7.1/18 MB | 4.0/4.8 MB | 0.2/2.4 MB | 302 B                                                                    Downloaded from central: https://repo.maven.apache.org/maven2/org/openjfx/javafx-fxml/19.0.2/javafx-fxml-19.0.2.jar (302 B at 79 B/s)
Progress (4): 24/93 MB | 7.1/18 MB | 4.0/4.8 MB | 0.2/2.4 MBProgress (4): 24/93 MB | 7.1/18 MB | 4.0/4.8 MB | 0.2/2.4 MBProgress (4): 24/93 MB | 7.1/18 MB | 4.0/4.8 MB | 0.2/2.4 MBProgress (4): 24/93 MB | 7.1/18 MB | 4.0/4.8 MB | 0.2/2.4 MB                                                            Downloading from central: https://repo.maven.apache.org/maven2/org/springframework/spring-tx/6.1.13/spring-tx-6.1.13.jar
Progress (4): 24/93 MB | 7.1/18 MB | 4.0/4.8 MB | 0.2/2.4 MBProgress (4): 24/93 MB | 7.1/18 MB | 4.0/4.8 MB | 0.2/2.4 MBProgress (4): 24/93 MB | 7.1/18 MB | 4.0/4.8 MB | 0.2/2.4 MBProgress (4): 24/93 MB | 7.1/18 MB | 4.0/4.8 MB | 0.2/2.4 MBProgress (4): 24/93 MB | 7.1/18 MB | 4.0/4.8 MB | 0.2/2.4 MBProgress (4): 24/93 MB | 7.1/18 MB | 4.1/4.8 MB | 0.2/2.4 MBProgress (4): 24/93 MB | 7.1/18 MB | 4.1/4.8 MB | 0.2/2.4 MBProgress (4): 24/93 MB | 7.1/18 MB | 4.1/4.8 MB | 0.2/2.4 MBProgress (4): 24/93 MB | 7.1/18 MB | 4.1/4.8 MB | 0.2/2.4 MBProgress (4): 24/93 MB | 7.1/18 MB | 4.1/4.8 MB | 0.2/2.4 MBProgress (4): 24/93 MB | 7.1/18 MB | 4.1/4.8 MB | 0.2/2.4 MBProgress (4): 24/93 MB | 7.1/18 MB | 4.1/4.8 MB | 0.2/2.4 MBProgress (4): 24/93 MB | 7.1/18 MB | 4.1/4.8 MB | 0.2/2.4 MBProgress (4): 24/93 MB | 7.1/18 MB | 4.1/4.8 MB | 0.2/2.4 MBProgress (4): 24/93 MB | 7.1/18 MB | 4.1/4.8 MB | 0.2/2.4 MBProgress (4): 24/93 MB | 7.1/18 MB | 4.1/4.8 MB | 0.2/2.4 MBProgress (4): 24/93 MB | 7.2/18 MB | 4.1/4.8 MB | 0.2/2.4 MBProgress (4): 24/93 MB | 7.2/18 MB | 4.1/4.8 MB | 0.2/2.4 MBProgress (4): 24/93 MB | 7.2/18 MB | 4.1/4.8 MB | 0.2/2.4 MBProgress (4): 24/93 MB | 7.2/18 MB | 4.1/4.8 MB | 0.3/2.4 MBProgress (4): 24/93 MB | 7.2/18 MB | 4.1/4.8 MB | 0.3/2.4 MBProgress (4): 24/93 MB | 7.2/18 MB | 4.1/4.8 MB | 0.3/2.4 MBProgress (4): 24/93 MB | 7.2/18 MB | 4.1/4.8 MB | 0.3/2.4 MBProgress (4): 24/93 MB | 7.2/18 MB | 4.1/4.8 MB | 0.3/2.4 MBProgress (4): 24/93 MB | 7.2/18 MB | 4.1/4.8 MB | 0.3/2.4 MBProgress (4): 24/93 MB | 7.2/18 MB | 4.1/4.8 MB | 0.3/2.4 MBProgress (4): 24/93 MB | 7.2/18 MB | 4.2/4.8 MB | 0.3/2.4 MBProgress (4): 24/93 MB | 7.2/18 MB | 4.2/4.8 MB | 0.3/2.4 MBProgress (4): 24/93 MB | 7.2/18 MB | 4.2/4.8 MB | 0.3/2.4 MBProgress (4): 24/93 MB | 7.2/18 MB | 4.2/4.8 MB | 0.3/2.4 MBProgress (4): 24/93 MB | 7.2/18 MB | 4.2/4.8 MB | 0.3/2.4 MBProgress (4): 24/93 MB | 7.2/18 MB | 4.2/4.8 MB | 0.3/2.4 MBProgress (4): 24/93 MB | 7.2/18 MB | 4.2/4.8 MB | 0.3/2.4 MBProgress (4): 24/93 MB | 7.2/18 MB | 4.2/4.8 MB | 0.3/2.4 MBProgress (4): 24/93 MB | 7.2/18 MB | 4.2/4.8 MB | 0.3/2.4 MBProgress (4): 24/93 MB | 7.2/18 MB | 4.2/4.8 MB | 0.3/2.4 MBProgress (4): 24/93 MB | 7.2/18 MB | 4.2/4.8 MB | 0.3/2.4 MBProgress (4): 24/93 MB | 7.2/18 MB | 4.2/4.8 MB | 0.3/2.4 MBProgress (4): 24/93 MB | 7.2/18 MB | 4.2/4.8 MB | 0.3/2.4 MBProgress (4): 24/93 MB | 7.2/18 MB | 4.2/4.8 MB | 0.3/2.4 MBProgress (4): 24/93 MB | 7.2/18 MB | 4.2/4.8 MB | 0.3/2.4 MBProgress (4): 24/93 MB | 7.2/18 MB | 4.2/4.8 MB | 0.3/2.4 MBProgress (4): 24/93 MB | 7.3/18 MB | 4.2/4.8 MB | 0.3/2.4 MBProgress (4): 24/93 MB | 7.3/18 MB | 4.2/4.8 MB | 0.4/2.4 MBProgress (4): 24/93 MB | 7.3/18 MB | 4.2/4.8 MB | 0.4/2.4 MBProgress (4): 24/93 MB | 7.3/18 MB | 4.2/4.8 MB | 0.4/2.4 MBProgress (4): 24/93 MB | 7.3/18 MB | 4.2/4.8 MB | 0.4/2.4 MBProgress (4): 24/93 MB | 7.3/18 MB | 4.2/4.8 MB | 0.4/2.4 MBProgress (4): 24/93 MB | 7.3/18 MB | 4.3/4.8 MB | 0.4/2.4 MBProgress (4): 24/93 MB | 7.3/18 MB | 4.3/4.8 MB | 0.4/2.4 MBProgress (4): 24/93 MB | 7.3/18 MB | 4.3/4.8 MB | 0.4/2.4 MBProgress (4): 24/93 MB | 7.3/18 MB | 4.3/4.8 MB | 0.4/2.4 MBProgress (4): 24/93 MB | 7.3/18 MB | 4.3/4.8 MB | 0.4/2.4 MBProgress (4): 24/93 MB | 7.3/18 MB | 4.3/4.8 MB | 0.4/2.4 MBProgress (4): 24/93 MB | 7.3/18 MB | 4.3/4.8 MB | 0.4/2.4 MBProgress (4): 24/93 MB | 7.3/18 MB | 4.3/4.8 MB | 0.4/2.4 MBProgress (4): 24/93 MB | 7.3/18 MB | 4.3/4.8 MB | 0.4/2.4 MBProgress (4): 24/93 MB | 7.3/18 MB | 4.3/4.8 MB | 0.4/2.4 MBProgress (4): 24/93 MB | 7.3/18 MB | 4.3/4.8 MB | 0.4/2.4 MBProgress (4): 24/93 MB | 7.3/18 MB | 4.3/4.8 MB | 0.4/2.4 MBProgress (5): 24/93 MB | 7.3/18 MB | 4.3/4.8 MB | 0.4/2.4 MB | 7.7/282 kBProgress (5): 24/93 MB | 7.3/18 MB | 4.3/4.8 MB | 0.4/2.4 MB | 12/282 kB Progress (5): 24/93 MB | 7.3/18 MB | 4.3/4.8 MB | 0.4/2.4 MB | 29/282 kBProgress (5): 24/93 MB | 7.3/18 MB | 4.3/4.8 MB | 0.4/2.4 MB | 29/282 kBProgress (5): 24/93 MB | 7.3/18 MB | 4.3/4.8 MB | 0.4/2.4 MB | 29/282 kBProgress (5): 24/93 MB | 7.3/18 MB | 4.3/4.8 MB | 0.4/2.4 MB | 29/282 kBProgress (5): 24/93 MB | 7.3/18 MB | 4.3/4.8 MB | 0.4/2.4 MB | 29/282 kBProgress (5): 24/93 MB | 7.3/18 MB | 4.3/4.8 MB | 0.4/2.4 MB | 29/282 kBProgress (5): 24/93 MB | 7.3/18 MB | 4.3/4.8 MB | 0.4/2.4 MB | 29/282 kBProgress (5): 24/93 MB | 7.3/18 MB | 4.3/4.8 MB | 0.4/2.4 MB | 29/282 kBProgress (5): 24/93 MB | 7.4/18 MB | 4.3/4.8 MB | 0.4/2.4 MB | 29/282 kBProgress (5): 24/93 MB | 7.4/18 MB | 4.3/4.8 MB | 0.4/2.4 MB | 45/282 kBProgress (5): 24/93 MB | 7.4/18 MB | 4.3/4.8 MB | 0.4/2.4 MB | 45/282 kBProgress (5): 24/93 MB | 7.4/18 MB | 4.3/4.8 MB | 0.4/2.4 MB | 61/282 kBProgress (5): 24/93 MB | 7.4/18 MB | 4.3/4.8 MB | 0.4/2.4 MB | 78/282 kBProgress (5): 24/93 MB | 7.4/18 MB | 4.3/4.8 MB | 0.4/2.4 MB | 78/282 kBProgress (5): 24/93 MB | 7.4/18 MB | 4.4/4.8 MB | 0.4/2.4 MB | 78/282 kBProgress (5): 24/93 MB | 7.4/18 MB | 4.4/4.8 MB | 0.5/2.4 MB | 78/282 kBProgress (5): 24/93 MB | 7.4/18 MB | 4.4/4.8 MB | 0.5/2.4 MB | 78/282 kBProgress (5): 24/93 MB | 7.4/18 MB | 4.4/4.8 MB | 0.5/2.4 MB | 78/282 kBProgress (5): 24/93 MB | 7.4/18 MB | 4.4/4.8 MB | 0.5/2.4 MB | 78/282 kBProgress (5): 24/93 MB | 7.4/18 MB | 4.4/4.8 MB | 0.5/2.4 MB | 78/282 kBProgress (5): 24/93 MB | 7.4/18 MB | 4.4/4.8 MB | 0.5/2.4 MB | 78/282 kBProgress (5): 24/93 MB | 7.4/18 MB | 4.4/4.8 MB | 0.5/2.4 MB | 78/282 kBProgress (5): 24/93 MB | 7.4/18 MB | 4.4/4.8 MB | 0.5/2.4 MB | 78/282 kBProgress (5): 24/93 MB | 7.4/18 MB | 4.4/4.8 MB | 0.5/2.4 MB | 78/282 kBProgress (5): 24/93 MB | 7.4/18 MB | 4.4/4.8 MB | 0.5/2.4 MB | 78/282 kBProgress (5): 24/93 MB | 7.4/18 MB | 4.4/4.8 MB | 0.5/2.4 MB | 78/282 kBProgress (5): 24/93 MB | 7.4/18 MB | 4.4/4.8 MB | 0.5/2.4 MB | 78/282 kBProgress (5): 24/93 MB | 7.4/18 MB | 4.4/4.8 MB | 0.5/2.4 MB | 78/282 kBProgress (5): 24/93 MB | 7.4/18 MB | 4.4/4.8 MB | 0.5/2.4 MB | 78/282 kBProgress (5): 24/93 MB | 7.4/18 MB | 4.4/4.8 MB | 0.5/2.4 MB | 78/282 kBProgress (5): 24/93 MB | 7.4/18 MB | 4.4/4.8 MB | 0.5/2.4 MB | 78/282 kBProgress (5): 24/93 MB | 7.4/18 MB | 4.4/4.8 MB | 0.5/2.4 MB | 78/282 kBProgress (5): 24/93 MB | 7.4/18 MB | 4.4/4.8 MB | 0.5/2.4 MB | 78/282 kBProgress (5): 24/93 MB | 7.4/18 MB | 4.4/4.8 MB | 0.5/2.4 MB | 94/282 kBProgress (5): 24/93 MB | 7.4/18 MB | 4.4/4.8 MB | 0.5/2.4 MB | 94/282 kBProgress (5): 24/93 MB | 7.4/18 MB | 4.4/4.8 MB | 0.5/2.4 MB | 98/282 kBProgress (5): 24/93 MB | 7.5/18 MB | 4.4/4.8 MB | 0.5/2.4 MB | 98/282 kBProgress (5): 24/93 MB | 7.5/18 MB | 4.4/4.8 MB | 0.5/2.4 MB | 114/282 kBProgress (5): 24/93 MB | 7.5/18 MB | 4.4/4.8 MB | 0.5/2.4 MB | 114/282 kBProgress (5): 24/93 MB | 7.5/18 MB | 4.4/4.8 MB | 0.5/2.4 MB | 131/282 kBProgress (5): 24/93 MB | 7.5/18 MB | 4.4/4.8 MB | 0.5/2.4 MB | 131/282 kBProgress (5): 24/93 MB | 7.5/18 MB | 4.4/4.8 MB | 0.5/2.4 MB | 131/282 kBProgress (5): 24/93 MB | 7.5/18 MB | 4.4/4.8 MB | 0.5/2.4 MB | 131/282 kBProgress (5): 24/93 MB | 7.5/18 MB | 4.4/4.8 MB | 0.5/2.4 MB | 131/282 kBProgress (5): 24/93 MB | 7.5/18 MB | 4.4/4.8 MB | 0.5/2.4 MB | 131/282 kBProgress (5): 24/93 MB | 7.5/18 MB | 4.5/4.8 MB | 0.5/2.4 MB | 131/282 kBProgress (5): 24/93 MB | 7.5/18 MB | 4.5/4.8 MB | 0.5/2.4 MB | 147/282 kBProgress (5): 24/93 MB | 7.5/18 MB | 4.5/4.8 MB | 0.5/2.4 MB | 147/282 kBProgress (5): 24/93 MB | 7.5/18 MB | 4.5/4.8 MB | 0.5/2.4 MB | 164/282 kBProgress (5): 24/93 MB | 7.5/18 MB | 4.5/4.8 MB | 0.5/2.4 MB | 180/282 kBProgress (5): 24/93 MB | 7.5/18 MB | 4.5/4.8 MB | 0.5/2.4 MB | 180/282 kBProgress (5): 24/93 MB | 7.5/18 MB | 4.5/4.8 MB | 0.5/2.4 MB | 196/282 kBProgress (5): 24/93 MB | 7.5/18 MB | 4.5/4.8 MB | 0.5/2.4 MB | 196/282 kBProgress (5): 24/93 MB | 7.5/18 MB | 4.5/4.8 MB | 0.6/2.4 MB | 196/282 kBProgress (5): 24/93 MB | 7.5/18 MB | 4.5/4.8 MB | 0.6/2.4 MB | 196/282 kBProgress (5): 24/93 MB | 7.5/18 MB | 4.5/4.8 MB | 0.6/2.4 MB | 196/282 kBProgress (5): 24/93 MB | 7.5/18 MB | 4.5/4.8 MB | 0.6/2.4 MB | 196/282 kBProgress (5): 24/93 MB | 7.5/18 MB | 4.5/4.8 MB | 0.6/2.4 MB | 196/282 kBProgress (5): 24/93 MB | 7.5/18 MB | 4.5/4.8 MB | 0.6/2.4 MB | 196/282 kBProgress (5): 24/93 MB | 7.5/18 MB | 4.5/4.8 MB | 0.6/2.4 MB | 196/282 kBProgress (5): 24/93 MB | 7.5/18 MB | 4.5/4.8 MB | 0.6/2.4 MB | 196/282 kBProgress (5): 24/93 MB | 7.5/18 MB | 4.5/4.8 MB | 0.6/2.4 MB | 196/282 kBProgress (5): 24/93 MB | 7.6/18 MB | 4.5/4.8 MB | 0.6/2.4 MB | 196/282 kBProgress (5): 24/93 MB | 7.6/18 MB | 4.5/4.8 MB | 0.6/2.4 MB | 196/282 kBProgress (5): 24/93 MB | 7.6/18 MB | 4.5/4.8 MB | 0.6/2.4 MB | 196/282 kBProgress (5): 24/93 MB | 7.6/18 MB | 4.5/4.8 MB | 0.6/2.4 MB | 196/282 kBProgress (5): 24/93 MB | 7.6/18 MB | 4.5/4.8 MB | 0.6/2.4 MB | 196/282 kBProgress (5): 24/93 MB | 7.6/18 MB | 4.5/4.8 MB | 0.6/2.4 MB | 196/282 kBProgress (5): 24/93 MB | 7.6/18 MB | 4.5/4.8 MB | 0.6/2.4 MB | 196/282 kBProgress (5): 24/93 MB | 7.6/18 MB | 4.5/4.8 MB | 0.6/2.4 MB | 213/282 kBProgress (5): 24/93 MB | 7.6/18 MB | 4.5/4.8 MB | 0.6/2.4 MB | 213/282 kBProgress (5): 24/93 MB | 7.6/18 MB | 4.5/4.8 MB | 0.6/2.4 MB | 229/282 kBProgress (5): 24/93 MB | 7.6/18 MB | 4.5/4.8 MB | 0.6/2.4 MB | 229/282 kBProgress (5): 24/93 MB | 7.6/18 MB | 4.5/4.8 MB | 0.6/2.4 MB | 245/282 kBProgress (5): 24/93 MB | 7.6/18 MB | 4.5/4.8 MB | 0.6/2.4 MB | 245/282 kBProgress (5): 24/93 MB | 7.6/18 MB | 4.5/4.8 MB | 0.6/2.4 MB | 245/282 kBProgress (5): 24/93 MB | 7.6/18 MB | 4.5/4.8 MB | 0.6/2.4 MB | 245/282 kBProgress (5): 24/93 MB | 7.6/18 MB | 4.5/4.8 MB | 0.6/2.4 MB | 245/282 kBProgress (5): 24/93 MB | 7.6/18 MB | 4.6/4.8 MB | 0.6/2.4 MB | 245/282 kBProgress (5): 24/93 MB | 7.6/18 MB | 4.6/4.8 MB | 0.6/2.4 MB | 245/282 kBProgress (5): 24/93 MB | 7.6/18 MB | 4.6/4.8 MB | 0.7/2.4 MB | 245/282 kBProgress (5): 24/93 MB | 7.6/18 MB | 4.6/4.8 MB | 0.7/2.4 MB | 245/282 kBProgress (5): 24/93 MB | 7.6/18 MB | 4.6/4.8 MB | 0.7/2.4 MB | 245/282 kBProgress (5): 24/93 MB | 7.6/18 MB | 4.6/4.8 MB | 0.7/2.4 MB | 245/282 kBProgress (5): 24/93 MB | 7.6/18 MB | 4.6/4.8 MB | 0.7/2.4 MB | 245/282 kBProgress (5): 24/93 MB | 7.6/18 MB | 4.6/4.8 MB | 0.7/2.4 MB | 262/282 kBProgress (5): 24/93 MB | 7.6/18 MB | 4.6/4.8 MB | 0.7/2.4 MB | 278/282 kBProgress (5): 24/93 MB | 7.6/18 MB | 4.6/4.8 MB | 0.7/2.4 MB | 282 kB                                                                         Downloaded from central: https://repo.maven.apache.org/maven2/org/springframework/spring-tx/6.1.13/spring-tx-6.1.13.jar (282 kB at 73 kB/s)
Progress (4): 24/93 MB | 7.6/18 MB | 4.6/4.8 MB | 0.7/2.4 MBProgress (4): 24/93 MB | 7.6/18 MB | 4.6/4.8 MB | 0.7/2.4 MBProgress (4): 24/93 MB | 7.6/18 MB | 4.6/4.8 MB | 0.7/2.4 MBProgress (4): 24/93 MB | 7.6/18 MB | 4.6/4.8 MB | 0.7/2.4 MBProgress (4): 24/93 MB | 7.6/18 MB | 4.6/4.8 MB | 0.7/2.4 MBProgress (4): 24/93 MB | 7.6/18 MB | 4.6/4.8 MB | 0.7/2.4 MBProgress (4): 24/93 MB | 7.6/18 MB | 4.6/4.8 MB | 0.7/2.4 MBProgress (4): 24/93 MB | 7.7/18 MB | 4.6/4.8 MB | 0.7/2.4 MBProgress (4): 24/93 MB | 7.7/18 MB | 4.6/4.8 MB | 0.7/2.4 MBProgress (4): 24/93 MB | 7.7/18 MB | 4.6/4.8 MB | 0.7/2.4 MBProgress (4): 24/93 MB | 7.7/18 MB | 4.6/4.8 MB | 0.7/2.4 MBProgress (4): 24/93 MB | 7.7/18 MB | 4.6/4.8 MB | 0.7/2.4 MB                                                            Downloading from central: https://repo.maven.apache.org/maven2/org/springframework/data/spring-data-commons/3.3.4/spring-data-commons-3.3.4.jar
Progress (4): 24/93 MB | 7.7/18 MB | 4.6/4.8 MB | 0.7/2.4 MBProgress (4): 24/93 MB | 7.7/18 MB | 4.6/4.8 MB | 0.7/2.4 MBProgress (4): 24/93 MB | 7.7/18 MB | 4.6/4.8 MB | 0.7/2.4 MBProgress (4): 24/93 MB | 7.7/18 MB | 4.6/4.8 MB | 0.7/2.4 MBProgress (4): 24/93 MB | 7.7/18 MB | 4.6/4.8 MB | 0.7/2.4 MBProgress (4): 24/93 MB | 7.7/18 MB | 4.6/4.8 MB | 0.7/2.4 MBProgress (4): 24/93 MB | 7.7/18 MB | 4.6/4.8 MB | 0.7/2.4 MBProgress (4): 24/93 MB | 7.7/18 MB | 4.7/4.8 MB | 0.7/2.4 MBProgress (4): 24/93 MB | 7.7/18 MB | 4.7/4.8 MB | 0.7/2.4 MBProgress (4): 24/93 MB | 7.7/18 MB | 4.7/4.8 MB | 0.7/2.4 MBProgress (4): 24/93 MB | 7.7/18 MB | 4.7/4.8 MB | 0.8/2.4 MBProgress (4): 24/93 MB | 7.7/18 MB | 4.7/4.8 MB | 0.8/2.4 MBProgress (4): 24/93 MB | 7.7/18 MB | 4.7/4.8 MB | 0.8/2.4 MBProgress (4): 24/93 MB | 7.8/18 MB | 4.7/4.8 MB | 0.8/2.4 MBProgress (4): 24/93 MB | 7.8/18 MB | 4.7/4.8 MB | 0.8/2.4 MBProgress (4): 24/93 MB | 7.8/18 MB | 4.7/4.8 MB | 0.8/2.4 MBProgress (4): 24/93 MB | 7.8/18 MB | 4.7/4.8 MB | 0.8/2.4 MBProgress (4): 24/93 MB | 7.8/18 MB | 4.7/4.8 MB | 0.8/2.4 MBProgress (4): 24/93 MB | 7.8/18 MB | 4.7/4.8 MB | 0.8/2.4 MBProgress (4): 24/93 MB | 7.8/18 MB | 4.7/4.8 MB | 0.8/2.4 MBProgress (4): 24/93 MB | 7.8/18 MB | 4.7/4.8 MB | 0.8/2.4 MBProgress (4): 24/93 MB | 7.8/18 MB | 4.7/4.8 MB | 0.8/2.4 MBProgress (4): 24/93 MB | 7.8/18 MB | 4.7/4.8 MB | 0.8/2.4 MBProgress (4): 24/93 MB | 7.8/18 MB | 4.7/4.8 MB | 0.8/2.4 MBProgress (4): 24/93 MB | 7.8/18 MB | 4.7/4.8 MB | 0.8/2.4 MBProgress (4): 24/93 MB | 7.8/18 MB | 4.7/4.8 MB | 0.8/2.4 MBProgress (4): 24/93 MB | 7.8/18 MB | 4.7/4.8 MB | 0.8/2.4 MBProgress (4): 24/93 MB | 7.8/18 MB | 4.7/4.8 MB | 0.9/2.4 MBProgress (4): 24/93 MB | 7.8/18 MB | 4.7/4.8 MB | 0.9/2.4 MBProgress (4): 24/93 MB | 7.8/18 MB | 4.8/4.8 MB | 0.9/2.4 MBProgress (4): 24/93 MB | 7.8/18 MB | 4.8/4.8 MB | 0.9/2.4 MBProgress (4): 24/93 MB | 7.8/18 MB | 4.8/4.8 MB | 0.9/2.4 MBProgress (4): 24/93 MB | 7.8/18 MB | 4.8/4.8 MB | 0.9/2.4 MBProgress (4): 24/93 MB | 7.8/18 MB | 4.8/4.8 MB | 0.9/2.4 MBProgress (4): 24/93 MB | 7.9/18 MB | 4.8/4.8 MB | 0.9/2.4 MBProgress (4): 24/93 MB | 7.9/18 MB | 4.8/4.8 MB | 0.9/2.4 MBProgress (4): 24/93 MB | 7.9/18 MB | 4.8/4.8 MB | 0.9/2.4 MBProgress (4): 24/93 MB | 7.9/18 MB | 4.8/4.8 MB | 0.9/2.4 MBProgress (4): 24/93 MB | 7.9/18 MB | 4.8/4.8 MB | 0.9/2.4 MBProgress (4): 24/93 MB | 7.9/18 MB | 4.8/4.8 MB | 0.9/2.4 MBProgress (4): 24/93 MB | 7.9/18 MB | 4.8/4.8 MB | 0.9/2.4 MBProgress (4): 24/93 MB | 7.9/18 MB | 4.8/4.8 MB | 0.9/2.4 MBProgress (4): 24/93 MB | 7.9/18 MB | 4.8 MB | 0.9/2.4 MB    Progress (4): 24/93 MB | 7.9/18 MB | 4.8 MB | 0.9/2.4 MB                                                        Downloaded from central: https://repo.maven.apache.org/maven2/org/openjfx/javafx-graphics/19.0.2/javafx-graphics-19.0.2-linux.jar (4.8 MB at 1.2 MB/s)
Progress (3): 24/93 MB | 7.9/18 MB | 0.9/2.4 MB                                               Downloading from central: https://repo.maven.apache.org/maven2/org/springframework/boot/spring-boot-starter-actuator/3.3.4/spring-boot-starter-actuator-3.3.4.jar
Progress (3): 24/93 MB | 7.9/18 MB | 0.9/2.4 MBProgress (3): 24/93 MB | 7.9/18 MB | 0.9/2.4 MBProgress (3): 24/93 MB | 7.9/18 MB | 0.9/2.4 MBProgress (3): 24/93 MB | 7.9/18 MB | 0.9/2.4 MBProgress (3): 24/93 MB | 7.9/18 MB | 0.9/2.4 MBProgress (3): 24/93 MB | 7.9/18 MB | 1.0/2.4 MBProgress (3): 24/93 MB | 7.9/18 MB | 1.0/2.4 MBProgress (3): 24/93 MB | 7.9/18 MB | 1.0/2.4 MBProgress (3): 24/93 MB | 7.9/18 MB | 1.0/2.4 MBProgress (3): 24/93 MB | 7.9/18 MB | 1.0/2.4 MBProgress (3): 24/93 MB | 7.9/18 MB | 1.0/2.4 MBProgress (3): 24/93 MB | 7.9/18 MB | 1.0/2.4 MBProgress (3): 24/93 MB | 7.9/18 MB | 1.0/2.4 MBProgress (3): 24/93 MB | 7.9/18 MB | 1.0/2.4 MBProgress (3): 24/93 MB | 7.9/18 MB | 1.0/2.4 MBProgress (3): 24/93 MB | 8.0/18 MB | 1.0/2.4 MBProgress (3): 24/93 MB | 8.0/18 MB | 1.0/2.4 MBProgress (3): 24/93 MB | 8.0/18 MB | 1.0/2.4 MBProgress (3): 24/93 MB | 8.0/18 MB | 1.0/2.4 MBProgress (3): 24/93 MB | 8.0/18 MB | 1.0/2.4 MBProgress (3): 24/93 MB | 8.0/18 MB | 1.0/2.4 MBProgress (3): 24/93 MB | 8.0/18 MB | 1.0/2.4 MBProgress (3): 25/93 MB | 8.0/18 MB | 1.0/2.4 MBProgress (3): 25/93 MB | 8.0/18 MB | 1.1/2.4 MBProgress (3): 25/93 MB | 8.0/18 MB | 1.1/2.4 MBProgress (3): 25/93 MB | 8.0/18 MB | 1.1/2.4 MBProgress (3): 25/93 MB | 8.0/18 MB | 1.1/2.4 MBProgress (3): 25/93 MB | 8.0/18 MB | 1.1/2.4 MBProgress (3): 25/93 MB | 8.0/18 MB | 1.1/2.4 MBProgress (3): 25/93 MB | 8.0/18 MB | 1.1/2.4 MBProgress (4): 25/93 MB | 8.0/18 MB | 1.1/2.4 MB | 0/1.5 MBProgress (4): 25/93 MB | 8.0/18 MB | 1.1/2.4 MB | 0/1.5 MBProgress (4): 25/93 MB | 8.0/18 MB | 1.1/2.4 MB | 0/1.5 MBProgress (4): 25/93 MB | 8.0/18 MB | 1.1/2.4 MB | 0/1.5 MBProgress (4): 25/93 MB | 8.0/18 MB | 1.1/2.4 MB | 0/1.5 MBProgress (4): 25/93 MB | 8.0/18 MB | 1.2/2.4 MB | 0/1.5 MBProgress (4): 25/93 MB | 8.0/18 MB | 1.2/2.4 MB | 0/1.5 MBProgress (4): 25/93 MB | 8.0/18 MB | 1.2/2.4 MB | 0/1.5 MBProgress (4): 25/93 MB | 8.0/18 MB | 1.2/2.4 MB | 0/1.5 MBProgress (4): 25/93 MB | 8.0/18 MB | 1.2/2.4 MB | 0/1.5 MBProgress (4): 25/93 MB | 8.0/18 MB | 1.2/2.4 MB | 0/1.5 MBProgress (4): 25/93 MB | 8.0/18 MB | 1.2/2.4 MB | 0/1.5 MBProgress (4): 25/93 MB | 8.0/18 MB | 1.2/2.4 MB | 0/1.5 MBProgress (4): 25/93 MB | 8.0/18 MB | 1.2/2.4 MB | 0/1.5 MBProgress (4): 25/93 MB | 8.0/18 MB | 1.2/2.4 MB | 0/1.5 MBProgress (4): 25/93 MB | 8.0/18 MB | 1.2/2.4 MB | 0/1.5 MBProgress (4): 25/93 MB | 8.0/18 MB | 1.2/2.4 MB | 0/1.5 MBProgress (4): 25/93 MB | 8.0/18 MB | 1.2/2.4 MB | 0/1.5 MBProgress (4): 25/93 MB | 8.0/18 MB | 1.2/2.4 MB | 0/1.5 MBProgress (4): 25/93 MB | 8.1/18 MB | 1.2/2.4 MB | 0/1.5 MBProgress (4): 25/93 MB | 8.1/18 MB | 1.3/2.4 MB | 0/1.5 MBProgress (4): 25/93 MB | 8.1/18 MB | 1.3/2.4 MB | 0.1/1.5 MBProgress (4): 25/93 MB | 8.1/18 MB | 1.3/2.4 MB | 0.1/1.5 MBProgress (4): 25/93 MB | 8.1/18 MB | 1.3/2.4 MB | 0.1/1.5 MBProgress (5): 25/93 MB | 8.1/18 MB | 1.3/2.4 MB | 0.1/1.5 MB | 4.8 kBProgress (5): 25/93 MB | 8.1/18 MB | 1.3/2.4 MB | 0.1/1.5 MB | 4.8 kB                                                                     Downloaded from central: https://repo.maven.apache.org/maven2/org/springframework/boot/spring-boot-starter-actuator/3.3.4/spring-boot-starter-actuator-3.3.4.jar (4.8 kB at 1.2 kB/s)
Downloading from central: https://repo.maven.apache.org/maven2/org/springframework/boot/spring-boot-actuator-autoconfigure/3.3.4/spring-boot-actuator-autoconfigure-3.3.4.jar
Progress (4): 25/93 MB | 8.1/18 MB | 1.3/2.4 MB | 0.1/1.5 MBProgress (4): 25/93 MB | 8.1/18 MB | 1.3/2.4 MB | 0.1/1.5 MBProgress (4): 25/93 MB | 8.1/18 MB | 1.3/2.4 MB | 0.1/1.5 MBProgress (4): 25/93 MB | 8.1/18 MB | 1.3/2.4 MB | 0.1/1.5 MBProgress (4): 25/93 MB | 8.1/18 MB | 1.3/2.4 MB | 0.1/1.5 MBProgress (4): 25/93 MB | 8.1/18 MB | 1.3/2.4 MB | 0.1/1.5 MBProgress (4): 25/93 MB | 8.1/18 MB | 1.3/2.4 MB | 0.1/1.5 MBProgress (4): 25/93 MB | 8.1/18 MB | 1.3/2.4 MB | 0.1/1.5 MBProgress (4): 25/93 MB | 8.1/18 MB | 1.3/2.4 MB | 0.1/1.5 MBProgress (4): 25/93 MB | 8.1/18 MB | 1.3/2.4 MB | 0.1/1.5 MBProgress (4): 25/93 MB | 8.1/18 MB | 1.4/2.4 MB | 0.1/1.5 MBProgress (4): 25/93 MB | 8.1/18 MB | 1.4/2.4 MB | 0.1/1.5 MBProgress (4): 25/93 MB | 8.1/18 MB | 1.4/2.4 MB | 0.1/1.5 MBProgress (4): 25/93 MB | 8.1/18 MB | 1.4/2.4 MB | 0.1/1.5 MBProgress (4): 25/93 MB | 8.1/18 MB | 1.4/2.4 MB | 0.1/1.5 MBProgress (4): 25/93 MB | 8.1/18 MB | 1.4/2.4 MB | 0.1/1.5 MBProgress (4): 25/93 MB | 8.1/18 MB | 1.4/2.4 MB | 0.1/1.5 MBProgress (4): 25/93 MB | 8.1/18 MB | 1.4/2.4 MB | 0.1/1.5 MBProgress (4): 25/93 MB | 8.1/18 MB | 1.4/2.4 MB | 0.1/1.5 MBProgress (4): 25/93 MB | 8.1/18 MB | 1.4/2.4 MB | 0.1/1.5 MBProgress (4): 25/93 MB | 8.1/18 MB | 1.4/2.4 MB | 0.1/1.5 MBProgress (4): 25/93 MB | 8.1/18 MB | 1.4/2.4 MB | 0.1/1.5 MBProgress (4): 25/93 MB | 8.1/18 MB | 1.4/2.4 MB | 0.1/1.5 MBProgress (4): 25/93 MB | 8.1/18 MB | 1.5/2.4 MB | 0.1/1.5 MBProgress (4): 25/93 MB | 8.1/18 MB | 1.5/2.4 MB | 0.1/1.5 MBProgress (4): 25/93 MB | 8.1/18 MB | 1.5/2.4 MB | 0.1/1.5 MBProgress (4): 25/93 MB | 8.1/18 MB | 1.5/2.4 MB | 0.2/1.5 MBProgress (4): 25/93 MB | 8.1/18 MB | 1.5/2.4 MB | 0.2/1.5 MBProgress (4): 25/93 MB | 8.2/18 MB | 1.5/2.4 MB | 0.2/1.5 MBProgress (4): 25/93 MB | 8.2/18 MB | 1.5/2.4 MB | 0.2/1.5 MBProgress (4): 25/93 MB | 8.2/18 MB | 1.5/2.4 MB | 0.2/1.5 MBProgress (4): 25/93 MB | 8.2/18 MB | 1.5/2.4 MB | 0.2/1.5 MBProgress (4): 25/93 MB | 8.2/18 MB | 1.5/2.4 MB | 0.2/1.5 MBProgress (4): 25/93 MB | 8.2/18 MB | 1.5/2.4 MB | 0.2/1.5 MBProgress (4): 25/93 MB | 8.2/18 MB | 1.5/2.4 MB | 0.2/1.5 MBProgress (4): 25/93 MB | 8.2/18 MB | 1.5/2.4 MB | 0.2/1.5 MBProgress (4): 25/93 MB | 8.2/18 MB | 1.5/2.4 MB | 0.2/1.5 MBProgress (4): 25/93 MB | 8.2/18 MB | 1.6/2.4 MB | 0.2/1.5 MBProgress (4): 25/93 MB | 8.2/18 MB | 1.6/2.4 MB | 0.2/1.5 MBProgress (4): 25/93 MB | 8.2/18 MB | 1.6/2.4 MB | 0.2/1.5 MBProgress (4): 25/93 MB | 8.2/18 MB | 1.6/2.4 MB | 0.2/1.5 MBProgress (4): 25/93 MB | 8.2/18 MB | 1.6/2.4 MB | 0.2/1.5 MBProgress (4): 25/93 MB | 8.2/18 MB | 1.6/2.4 MB | 0.2/1.5 MBProgress (4): 25/93 MB | 8.2/18 MB | 1.6/2.4 MB | 0.2/1.5 MBProgress (4): 25/93 MB | 8.2/18 MB | 1.6/2.4 MB | 0.2/1.5 MBProgress (4): 25/93 MB | 8.2/18 MB | 1.6/2.4 MB | 0.2/1.5 MBProgress (4): 25/93 MB | 8.2/18 MB | 1.6/2.4 MB | 0.2/1.5 MBProgress (5): 25/93 MB | 8.2/18 MB | 1.6/2.4 MB | 0.2/1.5 MB | 3.4/778 kBProgress (5): 25/93 MB | 8.2/18 MB | 1.6/2.4 MB | 0.2/1.5 MB | 3.4/778 kBProgress (5): 25/93 MB | 8.2/18 MB | 1.6/2.4 MB | 0.2/1.5 MB | 3.4/778 kBProgress (5): 25/93 MB | 8.2/18 MB | 1.6/2.4 MB | 0.2/1.5 MB | 3.4/778 kBProgress (5): 25/93 MB | 8.2/18 MB | 1.6/2.4 MB | 0.3/1.5 MB | 3.4/778 kBProgress (5): 25/93 MB | 8.2/18 MB | 1.6/2.4 MB | 0.3/1.5 MB | 20/778 kB Progress (5): 25/93 MB | 8.3/18 MB | 1.6/2.4 MB | 0.3/1.5 MB | 20/778 kBProgress (5): 25/93 MB | 8.3/18 MB | 1.6/2.4 MB | 0.3/1.5 MB | 20/778 kBProgress (5): 25/93 MB | 8.3/18 MB | 1.6/2.4 MB | 0.3/1.5 MB | 20/778 kBProgress (5): 25/93 MB | 8.3/18 MB | 1.6/2.4 MB | 0.3/1.5 MB | 20/778 kBProgress (5): 25/93 MB | 8.3/18 MB | 1.7/2.4 MB | 0.3/1.5 MB | 20/778 kBProgress (5): 25/93 MB | 8.3/18 MB | 1.7/2.4 MB | 0.3/1.5 MB | 20/778 kBProgress (5): 25/93 MB | 8.3/18 MB | 1.7/2.4 MB | 0.3/1.5 MB | 36/778 kBProgress (5): 25/93 MB | 8.3/18 MB | 1.7/2.4 MB | 0.3/1.5 MB | 36/778 kBProgress (5): 25/93 MB | 8.3/18 MB | 1.7/2.4 MB | 0.3/1.5 MB | 36/778 kBProgress (5): 25/93 MB | 8.3/18 MB | 1.7/2.4 MB | 0.3/1.5 MB | 53/778 kBProgress (5): 25/93 MB | 8.3/18 MB | 1.7/2.4 MB | 0.3/1.5 MB | 53/778 kBProgress (5): 25/93 MB | 8.3/18 MB | 1.7/2.4 MB | 0.3/1.5 MB | 53/778 kBProgress (5): 25/93 MB | 8.3/18 MB | 1.7/2.4 MB | 0.3/1.5 MB | 53/778 kBProgress (5): 25/93 MB | 8.3/18 MB | 1.7/2.4 MB | 0.3/1.5 MB | 53/778 kBProgress (5): 25/93 MB | 8.3/18 MB | 1.7/2.4 MB | 0.3/1.5 MB | 53/778 kBProgress (5): 25/93 MB | 8.3/18 MB | 1.7/2.4 MB | 0.3/1.5 MB | 53/778 kBProgress (5): 25/93 MB | 8.3/18 MB | 1.7/2.4 MB | 0.3/1.5 MB | 69/778 kBProgress (5): 25/93 MB | 8.3/18 MB | 1.7/2.4 MB | 0.3/1.5 MB | 69/778 kBProgress (5): 25/93 MB | 8.3/18 MB | 1.7/2.4 MB | 0.3/1.5 MB | 85/778 kBProgress (5): 25/93 MB | 8.3/18 MB | 1.7/2.4 MB | 0.3/1.5 MB | 102/778 kBProgress (5): 25/93 MB | 8.3/18 MB | 1.7/2.4 MB | 0.3/1.5 MB | 102/778 kBProgress (5): 25/93 MB | 8.3/18 MB | 1.7/2.4 MB | 0.3/1.5 MB | 102/778 kBProgress (5): 25/93 MB | 8.3/18 MB | 1.7/2.4 MB | 0.3/1.5 MB | 102/778 kBProgress (5): 25/93 MB | 8.3/18 MB | 1.7/2.4 MB | 0.3/1.5 MB | 102/778 kBProgress (5): 25/93 MB | 8.3/18 MB | 1.7/2.4 MB | 0.3/1.5 MB | 102/778 kBProgress (5): 25/93 MB | 8.3/18 MB | 1.7/2.4 MB | 0.3/1.5 MB | 102/778 kBProgress (5): 25/93 MB | 8.3/18 MB | 1.7/2.4 MB | 0.3/1.5 MB | 102/778 kBProgress (5): 25/93 MB | 8.3/18 MB | 1.7/2.4 MB | 0.3/1.5 MB | 118/778 kBProgress (5): 25/93 MB | 8.3/18 MB | 1.7/2.4 MB | 0.3/1.5 MB | 118/778 kBProgress (5): 25/93 MB | 8.3/18 MB | 1.7/2.4 MB | 0.3/1.5 MB | 134/778 kBProgress (5): 25/93 MB | 8.3/18 MB | 1.7/2.4 MB | 0.3/1.5 MB | 134/778 kBProgress (5): 25/93 MB | 8.3/18 MB | 1.7/2.4 MB | 0.3/1.5 MB | 151/778 kBProgress (5): 25/93 MB | 8.3/18 MB | 1.7/2.4 MB | 0.3/1.5 MB | 151/778 kBProgress (5): 25/93 MB | 8.4/18 MB | 1.7/2.4 MB | 0.3/1.5 MB | 151/778 kBProgress (5): 25/93 MB | 8.4/18 MB | 1.7/2.4 MB | 0.4/1.5 MB | 151/778 kBProgress (5): 25/93 MB | 8.4/18 MB | 1.7/2.4 MB | 0.4/1.5 MB | 151/778 kBProgress (5): 25/93 MB | 8.4/18 MB | 1.8/2.4 MB | 0.4/1.5 MB | 151/778 kBProgress (5): 25/93 MB | 8.4/18 MB | 1.8/2.4 MB | 0.4/1.5 MB | 151/778 kBProgress (5): 25/93 MB | 8.4/18 MB | 1.8/2.4 MB | 0.4/1.5 MB | 151/778 kBProgress (5): 25/93 MB | 8.4/18 MB | 1.8/2.4 MB | 0.4/1.5 MB | 151/778 kBProgress (5): 25/93 MB | 8.4/18 MB | 1.8/2.4 MB | 0.4/1.5 MB | 151/778 kBProgress (5): 25/93 MB | 8.4/18 MB | 1.8/2.4 MB | 0.4/1.5 MB | 151/778 kBProgress (5): 25/93 MB | 8.4/18 MB | 1.8/2.4 MB | 0.4/1.5 MB | 151/778 kBProgress (5): 25/93 MB | 8.4/18 MB | 1.8/2.4 MB | 0.4/1.5 MB | 151/778 kBProgress (5): 25/93 MB | 8.4/18 MB | 1.8/2.4 MB | 0.4/1.5 MB | 167/778 kBProgress (5): 25/93 MB | 8.4/18 MB | 1.8/2.4 MB | 0.4/1.5 MB | 167/778 kBProgress (5): 25/93 MB | 8.4/18 MB | 1.8/2.4 MB | 0.4/1.5 MB | 180/778 kBProgress (5): 25/93 MB | 8.4/18 MB | 1.8/2.4 MB | 0.4/1.5 MB | 180/778 kBProgress (5): 25/93 MB | 8.4/18 MB | 1.8/2.4 MB | 0.4/1.5 MB | 197/778 kBProgress (5): 25/93 MB | 8.4/18 MB | 1.8/2.4 MB | 0.4/1.5 MB | 213/778 kBProgress (5): 25/93 MB | 8.4/18 MB | 1.8/2.4 MB | 0.4/1.5 MB | 229/778 kBProgress (5): 25/93 MB | 8.4/18 MB | 1.8/2.4 MB | 0.4/1.5 MB | 229/778 kBProgress (5): 25/93 MB | 8.4/18 MB | 1.8/2.4 MB | 0.4/1.5 MB | 229/778 kBProgress (5): 25/93 MB | 8.4/18 MB | 1.8/2.4 MB | 0.4/1.5 MB | 229/778 kBProgress (5): 25/93 MB | 8.4/18 MB | 1.8/2.4 MB | 0.4/1.5 MB | 229/778 kBProgress (5): 25/93 MB | 8.4/18 MB | 1.8/2.4 MB | 0.4/1.5 MB | 229/778 kBProgress (5): 25/93 MB | 8.4/18 MB | 1.8/2.4 MB | 0.4/1.5 MB | 229/778 kBProgress (5): 25/93 MB | 8.4/18 MB | 1.8/2.4 MB | 0.4/1.5 MB | 229/778 kBProgress (5): 25/93 MB | 8.4/18 MB | 1.8/2.4 MB | 0.4/1.5 MB | 229/778 kBProgress (5): 25/93 MB | 8.4/18 MB | 1.8/2.4 MB | 0.4/1.5 MB | 229/778 kBProgress (5): 25/93 MB | 8.4/18 MB | 1.8/2.4 MB | 0.4/1.5 MB | 246/778 kBProgress (5): 25/93 MB | 8.5/18 MB | 1.8/2.4 MB | 0.4/1.5 MB | 246/778 kBProgress (5): 25/93 MB | 8.5/18 MB | 1.8/2.4 MB | 0.4/1.5 MB | 262/778 kBProgress (5): 25/93 MB | 8.5/18 MB | 1.8/2.4 MB | 0.4/1.5 MB | 262/778 kBProgress (5): 25/93 MB | 8.5/18 MB | 1.9/2.4 MB | 0.4/1.5 MB | 262/778 kBProgress (5): 25/93 MB | 8.5/18 MB | 1.9/2.4 MB | 0.4/1.5 MB | 262/778 kBProgress (5): 25/93 MB | 8.5/18 MB | 1.9/2.4 MB | 0.4/1.5 MB | 279/778 kBProgress (5): 25/93 MB | 8.5/18 MB | 1.9/2.4 MB | 0.4/1.5 MB | 279/778 kBProgress (5): 25/93 MB | 8.5/18 MB | 1.9/2.4 MB | 0.4/1.5 MB | 279/778 kBProgress (5): 25/93 MB | 8.5/18 MB | 1.9/2.4 MB | 0.4/1.5 MB | 279/778 kBProgress (5): 25/93 MB | 8.5/18 MB | 1.9/2.4 MB | 0.4/1.5 MB | 279/778 kBProgress (5): 25/93 MB | 8.5/18 MB | 1.9/2.4 MB | 0.4/1.5 MB | 279/778 kBProgress (5): 25/93 MB | 8.5/18 MB | 1.9/2.4 MB | 0.4/1.5 MB | 295/778 kBProgress (5): 25/93 MB | 8.5/18 MB | 1.9/2.4 MB | 0.5/1.5 MB | 295/778 kBProgress (5): 25/93 MB | 8.5/18 MB | 1.9/2.4 MB | 0.5/1.5 MB | 295/778 kBProgress (5): 25/93 MB | 8.5/18 MB | 1.9/2.4 MB | 0.5/1.5 MB | 295/778 kBProgress (5): 25/93 MB | 8.5/18 MB | 1.9/2.4 MB | 0.5/1.5 MB | 295/778 kBProgress (5): 25/93 MB | 8.5/18 MB | 1.9/2.4 MB | 0.5/1.5 MB | 295/778 kBProgress (5): 25/93 MB | 8.5/18 MB | 1.9/2.4 MB | 0.5/1.5 MB | 311/778 kBProgress (5): 25/93 MB | 8.5/18 MB | 1.9/2.4 MB | 0.5/1.5 MB | 311/778 kBProgress (5): 25/93 MB | 8.5/18 MB | 1.9/2.4 MB | 0.5/1.5 MB | 328/778 kBProgress (5): 25/93 MB | 8.5/18 MB | 1.9/2.4 MB | 0.5/1.5 MB | 328/778 kBProgress (5): 25/93 MB | 8.5/18 MB | 1.9/2.4 MB | 0.5/1.5 MB | 328/778 kBProgress (5): 25/93 MB | 8.5/18 MB | 1.9/2.4 MB | 0.5/1.5 MB | 328/778 kBProgress (5): 25/93 MB | 8.5/18 MB | 1.9/2.4 MB | 0.5/1.5 MB | 328/778 kBProgress (5): 25/93 MB | 8.5/18 MB | 1.9/2.4 MB | 0.5/1.5 MB | 328/778 kBProgress (5): 25/93 MB | 8.5/18 MB | 2.0/2.4 MB | 0.5/1.5 MB | 328/778 kBProgress (5): 25/93 MB | 8.5/18 MB | 2.0/2.4 MB | 0.5/1.5 MB | 328/778 kBProgress (5): 25/93 MB | 8.5/18 MB | 2.0/2.4 MB | 0.5/1.5 MB | 328/778 kBProgress (5): 25/93 MB | 8.5/18 MB | 2.0/2.4 MB | 0.5/1.5 MB | 328/778 kBProgress (5): 25/93 MB | 8.5/18 MB | 2.0/2.4 MB | 0.5/1.5 MB | 344/778 kBProgress (5): 25/93 MB | 8.5/18 MB | 2.0/2.4 MB | 0.5/1.5 MB | 344/778 kBProgress (5): 25/93 MB | 8.5/18 MB | 2.0/2.4 MB | 0.5/1.5 MB | 360/778 kBProgress (5): 25/93 MB | 8.5/18 MB | 2.0/2.4 MB | 0.5/1.5 MB | 360/778 kBProgress (5): 25/93 MB | 8.5/18 MB | 2.0/2.4 MB | 0.5/1.5 MB | 377/778 kBProgress (5): 25/93 MB | 8.5/18 MB | 2.0/2.4 MB | 0.5/1.5 MB | 377/778 kBProgress (5): 25/93 MB | 8.5/18 MB | 2.0/2.4 MB | 0.5/1.5 MB | 377/778 kBProgress (5): 25/93 MB | 8.5/18 MB | 2.0/2.4 MB | 0.5/1.5 MB | 377/778 kBProgress (5): 25/93 MB | 8.5/18 MB | 2.0/2.4 MB | 0.5/1.5 MB | 377/778 kBProgress (5): 25/93 MB | 8.5/18 MB | 2.0/2.4 MB | 0.5/1.5 MB | 377/778 kBProgress (5): 25/93 MB | 8.6/18 MB | 2.0/2.4 MB | 0.5/1.5 MB | 377/778 kBProgress (5): 25/93 MB | 8.6/18 MB | 2.0/2.4 MB | 0.5/1.5 MB | 393/778 kBProgress (5): 25/93 MB | 8.6/18 MB | 2.0/2.4 MB | 0.5/1.5 MB | 393/778 kBProgress (5): 25/93 MB | 8.6/18 MB | 2.0/2.4 MB | 0.5/1.5 MB | 410/778 kBProgress (5): 25/93 MB | 8.6/18 MB | 2.0/2.4 MB | 0.5/1.5 MB | 410/778 kBProgress (5): 25/93 MB | 8.6/18 MB | 2.0/2.4 MB | 0.5/1.5 MB | 426/778 kBProgress (5): 25/93 MB | 8.6/18 MB | 2.0/2.4 MB | 0.5/1.5 MB | 426/778 kBProgress (5): 25/93 MB | 8.6/18 MB | 2.0/2.4 MB | 0.5/1.5 MB | 442/778 kBProgress (5): 25/93 MB | 8.6/18 MB | 2.0/2.4 MB | 0.6/1.5 MB | 442/778 kBProgress (5): 25/93 MB | 8.6/18 MB | 2.0/2.4 MB | 0.6/1.5 MB | 442/778 kBProgress (5): 25/93 MB | 8.6/18 MB | 2.0/2.4 MB | 0.6/1.5 MB | 442/778 kBProgress (5): 25/93 MB | 8.6/18 MB | 2.0/2.4 MB | 0.6/1.5 MB | 442/778 kBProgress (5): 25/93 MB | 8.6/18 MB | 2.0/2.4 MB | 0.6/1.5 MB | 442/778 kBProgress (5): 25/93 MB | 8.6/18 MB | 2.1/2.4 MB | 0.6/1.5 MB | 442/778 kBProgress (5): 25/93 MB | 8.6/18 MB | 2.1/2.4 MB | 0.6/1.5 MB | 459/778 kBProgress (5): 25/93 MB | 8.6/18 MB | 2.1/2.4 MB | 0.6/1.5 MB | 475/778 kBProgress (5): 25/93 MB | 8.6/18 MB | 2.1/2.4 MB | 0.6/1.5 MB | 475/778 kBProgress (5): 25/93 MB | 8.6/18 MB | 2.1/2.4 MB | 0.6/1.5 MB | 475/778 kBProgress (5): 25/93 MB | 8.6/18 MB | 2.1/2.4 MB | 0.6/1.5 MB | 475/778 kBProgress (5): 25/93 MB | 8.6/18 MB | 2.1/2.4 MB | 0.6/1.5 MB | 475/778 kBProgress (5): 25/93 MB | 8.6/18 MB | 2.1/2.4 MB | 0.6/1.5 MB | 475/778 kBProgress (5): 25/93 MB | 8.6/18 MB | 2.1/2.4 MB | 0.6/1.5 MB | 475/778 kBProgress (5): 25/93 MB | 8.6/18 MB | 2.1/2.4 MB | 0.6/1.5 MB | 475/778 kBProgress (5): 25/93 MB | 8.6/18 MB | 2.1/2.4 MB | 0.6/1.5 MB | 475/778 kBProgress (5): 25/93 MB | 8.6/18 MB | 2.1/2.4 MB | 0.6/1.5 MB | 492/778 kBProgress (5): 25/93 MB | 8.6/18 MB | 2.1/2.4 MB | 0.6/1.5 MB | 492/778 kBProgress (5): 25/93 MB | 8.6/18 MB | 2.1/2.4 MB | 0.6/1.5 MB | 492/778 kBProgress (5): 25/93 MB | 8.6/18 MB | 2.1/2.4 MB | 0.6/1.5 MB | 492/778 kBProgress (5): 25/93 MB | 8.6/18 MB | 2.1/2.4 MB | 0.6/1.5 MB | 492/778 kBProgress (5): 25/93 MB | 8.6/18 MB | 2.1/2.4 MB | 0.6/1.5 MB | 508/778 kBProgress (5): 25/93 MB | 8.6/18 MB | 2.1/2.4 MB | 0.6/1.5 MB | 524/778 kBProgress (5): 25/93 MB | 8.6/18 MB | 2.1/2.4 MB | 0.6/1.5 MB | 524/778 kBProgress (5): 25/93 MB | 8.6/18 MB | 2.1/2.4 MB | 0.6/1.5 MB | 541/778 kBProgress (5): 25/93 MB | 8.7/18 MB | 2.1/2.4 MB | 0.6/1.5 MB | 541/778 kBProgress (5): 25/93 MB | 8.7/18 MB | 2.1/2.4 MB | 0.6/1.5 MB | 541/778 kBProgress (5): 25/93 MB | 8.7/18 MB | 2.1/2.4 MB | 0.6/1.5 MB | 541/778 kBProgress (5): 25/93 MB | 8.7/18 MB | 2.2/2.4 MB | 0.6/1.5 MB | 541/778 kBProgress (5): 25/93 MB | 8.7/18 MB | 2.2/2.4 MB | 0.6/1.5 MB | 541/778 kBProgress (5): 25/93 MB | 8.7/18 MB | 2.2/2.4 MB | 0.6/1.5 MB | 541/778 kBProgress (5): 25/93 MB | 8.7/18 MB | 2.2/2.4 MB | 0.6/1.5 MB | 541/778 kBProgress (5): 25/93 MB | 8.7/18 MB | 2.2/2.4 MB | 0.7/1.5 MB | 541/778 kBProgress (5): 25/93 MB | 8.7/18 MB | 2.2/2.4 MB | 0.7/1.5 MB | 557/778 kBProgress (5): 25/93 MB | 8.7/18 MB | 2.2/2.4 MB | 0.7/1.5 MB | 557/778 kBProgress (5): 25/93 MB | 8.7/18 MB | 2.2/2.4 MB | 0.7/1.5 MB | 557/778 kBProgress (5): 25/93 MB | 8.7/18 MB | 2.2/2.4 MB | 0.7/1.5 MB | 573/778 kBProgress (5): 25/93 MB | 8.7/18 MB | 2.2/2.4 MB | 0.7/1.5 MB | 573/778 kBProgress (5): 25/93 MB | 8.7/18 MB | 2.2/2.4 MB | 0.7/1.5 MB | 573/778 kBProgress (5): 25/93 MB | 8.7/18 MB | 2.2/2.4 MB | 0.7/1.5 MB | 573/778 kBProgress (5): 25/93 MB | 8.7/18 MB | 2.2/2.4 MB | 0.7/1.5 MB | 573/778 kBProgress (5): 25/93 MB | 8.7/18 MB | 2.2/2.4 MB | 0.7/1.5 MB | 573/778 kBProgress (5): 25/93 MB | 8.7/18 MB | 2.2/2.4 MB | 0.7/1.5 MB | 573/778 kBProgress (5): 25/93 MB | 8.7/18 MB | 2.2/2.4 MB | 0.7/1.5 MB | 573/778 kBProgress (5): 25/93 MB | 8.7/18 MB | 2.2/2.4 MB | 0.7/1.5 MB | 573/778 kBProgress (5): 25/93 MB | 8.7/18 MB | 2.2/2.4 MB | 0.7/1.5 MB | 573/778 kBProgress (5): 25/93 MB | 8.7/18 MB | 2.2/2.4 MB | 0.7/1.5 MB | 590/778 kBProgress (5): 25/93 MB | 8.7/18 MB | 2.2/2.4 MB | 0.7/1.5 MB | 606/778 kBProgress (5): 25/93 MB | 8.7/18 MB | 2.2/2.4 MB | 0.7/1.5 MB | 606/778 kBProgress (5): 25/93 MB | 8.7/18 MB | 2.2/2.4 MB | 0.7/1.5 MB | 623/778 kBProgress (5): 25/93 MB | 8.7/18 MB | 2.2/2.4 MB | 0.7/1.5 MB | 623/778 kBProgress (5): 25/93 MB | 8.7/18 MB | 2.2/2.4 MB | 0.7/1.5 MB | 623/778 kBProgress (5): 25/93 MB | 8.7/18 MB | 2.2/2.4 MB | 0.7/1.5 MB | 623/778 kBProgress (5): 25/93 MB | 8.7/18 MB | 2.2/2.4 MB | 0.7/1.5 MB | 623/778 kBProgress (5): 25/93 MB | 8.7/18 MB | 2.2/2.4 MB | 0.7/1.5 MB | 639/778 kBProgress (5): 25/93 MB | 8.7/18 MB | 2.2/2.4 MB | 0.7/1.5 MB | 639/778 kBProgress (5): 25/93 MB | 8.7/18 MB | 2.2/2.4 MB | 0.7/1.5 MB | 655/778 kBProgress (5): 25/93 MB | 8.7/18 MB | 2.2/2.4 MB | 0.7/1.5 MB | 655/778 kBProgress (5): 25/93 MB | 8.7/18 MB | 2.2/2.4 MB | 0.7/1.5 MB | 655/778 kBProgress (5): 25/93 MB | 8.7/18 MB | 2.3/2.4 MB | 0.7/1.5 MB | 655/778 kBProgress (5): 25/93 MB | 8.7/18 MB | 2.3/2.4 MB | 0.7/1.5 MB | 655/778 kBProgress (5): 25/93 MB | 8.7/18 MB | 2.3/2.4 MB | 0.7/1.5 MB | 655/778 kBProgress (5): 25/93 MB | 8.8/18 MB | 2.3/2.4 MB | 0.7/1.5 MB | 655/778 kBProgress (5): 25/93 MB | 8.8/18 MB | 2.3/2.4 MB | 0.7/1.5 MB | 655/778 kBProgress (5): 25/93 MB | 8.8/18 MB | 2.3/2.4 MB | 0.7/1.5 MB | 655/778 kBProgress (5): 25/93 MB | 8.8/18 MB | 2.3/2.4 MB | 0.7/1.5 MB | 655/778 kBProgress (5): 25/93 MB | 8.8/18 MB | 2.3/2.4 MB | 0.7/1.5 MB | 672/778 kBProgress (5): 25/93 MB | 8.8/18 MB | 2.3/2.4 MB | 0.7/1.5 MB | 672/778 kBProgress (5): 25/93 MB | 8.8/18 MB | 2.3/2.4 MB | 0.7/1.5 MB | 688/778 kBProgress (5): 25/93 MB | 8.8/18 MB | 2.3/2.4 MB | 0.7/1.5 MB | 688/778 kBProgress (5): 25/93 MB | 8.8/18 MB | 2.3/2.4 MB | 0.7/1.5 MB | 688/778 kBProgress (5): 25/93 MB | 8.8/18 MB | 2.3/2.4 MB | 0.7/1.5 MB | 688/778 kBProgress (5): 25/93 MB | 8.8/18 MB | 2.3/2.4 MB | 0.7/1.5 MB | 688/778 kBProgress (5): 25/93 MB | 8.8/18 MB | 2.3/2.4 MB | 0.7/1.5 MB | 688/778 kBProgress (5): 25/93 MB | 8.8/18 MB | 2.3/2.4 MB | 0.8/1.5 MB | 688/778 kBProgress (5): 25/93 MB | 8.8/18 MB | 2.3/2.4 MB | 0.8/1.5 MB | 705/778 kBProgress (5): 25/93 MB | 8.8/18 MB | 2.3/2.4 MB | 0.8/1.5 MB | 705/778 kBProgress (5): 25/93 MB | 8.8/18 MB | 2.3/2.4 MB | 0.8/1.5 MB | 705/778 kBProgress (5): 25/93 MB | 8.8/18 MB | 2.3/2.4 MB | 0.8/1.5 MB | 721/778 kBProgress (5): 25/93 MB | 8.8/18 MB | 2.3/2.4 MB | 0.8/1.5 MB | 721/778 kBProgress (5): 25/93 MB | 8.8/18 MB | 2.3/2.4 MB | 0.8/1.5 MB | 737/778 kBProgress (5): 25/93 MB | 8.8/18 MB | 2.4/2.4 MB | 0.8/1.5 MB | 737/778 kBProgress (5): 25/93 MB | 8.8/18 MB | 2.4/2.4 MB | 0.8/1.5 MB | 737/778 kBProgress (5): 25/93 MB | 8.8/18 MB | 2.4/2.4 MB | 0.8/1.5 MB | 737/778 kBProgress (5): 25/93 MB | 8.8/18 MB | 2.4/2.4 MB | 0.8/1.5 MB | 737/778 kBProgress (5): 25/93 MB | 8.8/18 MB | 2.4/2.4 MB | 0.8/1.5 MB | 737/778 kBProgress (5): 25/93 MB | 8.8/18 MB | 2.4 MB | 0.8/1.5 MB | 737/778 kB                                                                         Downloaded from central: https://repo.maven.apache.org/maven2/org/springframework/data/spring-data-mongodb/4.3.4/spring-data-mongodb-4.3.4.jar (2.4 MB at 595 kB/s)
Progress (4): 25/93 MB | 8.8/18 MB | 0.8/1.5 MB | 754/778 kBProgress (4): 25/93 MB | 8.8/18 MB | 0.8/1.5 MB | 754/778 kBProgress (4): 25/93 MB | 8.8/18 MB | 0.8/1.5 MB | 770/778 kBProgress (4): 25/93 MB | 8.8/18 MB | 0.8/1.5 MB | 770/778 kBProgress (4): 25/93 MB | 8.8/18 MB | 0.8/1.5 MB | 770/778 kBProgress (4): 25/93 MB | 8.8/18 MB | 0.8/1.5 MB | 778 kB    Progress (4): 25/93 MB | 8.8/18 MB | 0.8/1.5 MB | 778 kB                                                        Downloaded from central: https://repo.maven.apache.org/maven2/org/springframework/boot/spring-boot-actuator-autoconfigure/3.3.4/spring-boot-actuator-autoconfigure-3.3.4.jar (778 kB at 194 kB/s)
Progress (3): 25/93 MB | 8.8/18 MB | 0.8/1.5 MB                                               Downloading from central: https://repo.maven.apache.org/maven2/org/springframework/boot/spring-boot-actuator/3.3.4/spring-boot-actuator-3.3.4.jar
Progress (3): 25/93 MB | 8.8/18 MB | 0.8/1.5 MBProgress (3): 25/93 MB | 8.8/18 MB | 0.8/1.5 MB                                               Downloading from central: https://repo.maven.apache.org/maven2/io/micrometer/micrometer-jakarta9/1.13.4/micrometer-jakarta9-1.13.4.jar
Progress (3): 25/93 MB | 8.8/18 MB | 0.8/1.5 MBProgress (3): 25/93 MB | 8.8/18 MB | 0.9/1.5 MBProgress (3): 25/93 MB | 8.9/18 MB | 0.9/1.5 MBProgress (3): 25/93 MB | 8.9/18 MB | 0.9/1.5 MBProgress (3): 25/93 MB | 8.9/18 MB | 0.9/1.5 MBProgress (3): 25/93 MB | 8.9/18 MB | 0.9/1.5 MBProgress (3): 25/93 MB | 8.9/18 MB | 0.9/1.5 MBProgress (3): 25/93 MB | 8.9/18 MB | 0.9/1.5 MBProgress (3): 25/93 MB | 8.9/18 MB | 0.9/1.5 MBProgress (3): 25/93 MB | 8.9/18 MB | 0.9/1.5 MBProgress (3): 25/93 MB | 8.9/18 MB | 0.9/1.5 MBProgress (3): 25/93 MB | 8.9/18 MB | 0.9/1.5 MBProgress (3): 25/93 MB | 8.9/18 MB | 0.9/1.5 MBProgress (3): 25/93 MB | 8.9/18 MB | 0.9/1.5 MBProgress (3): 25/93 MB | 8.9/18 MB | 0.9/1.5 MBProgress (3): 25/93 MB | 8.9/18 MB | 0.9/1.5 MBProgress (3): 25/93 MB | 8.9/18 MB | 0.9/1.5 MBProgress (3): 25/93 MB | 9.0/18 MB | 0.9/1.5 MBProgress (3): 25/93 MB | 9.0/18 MB | 1.0/1.5 MBProgress (3): 25/93 MB | 9.0/18 MB | 1.0/1.5 MBProgress (3): 25/93 MB | 9.0/18 MB | 1.0/1.5 MBProgress (3): 25/93 MB | 9.0/18 MB | 1.0/1.5 MBProgress (3): 25/93 MB | 9.0/18 MB | 1.0/1.5 MBProgress (3): 25/93 MB | 9.0/18 MB | 1.0/1.5 MBProgress (3): 25/93 MB | 9.0/18 MB | 1.0/1.5 MBProgress (3): 25/93 MB | 9.0/18 MB | 1.0/1.5 MBProgress (3): 25/93 MB | 9.0/18 MB | 1.0/1.5 MBProgress (3): 26/93 MB | 9.0/18 MB | 1.0/1.5 MBProgress (3): 26/93 MB | 9.0/18 MB | 1.0/1.5 MBProgress (3): 26/93 MB | 9.0/18 MB | 1.0/1.5 MBProgress (3): 26/93 MB | 9.0/18 MB | 1.0/1.5 MBProgress (3): 26/93 MB | 9.0/18 MB | 1.0/1.5 MBProgress (3): 26/93 MB | 9.1/18 MB | 1.0/1.5 MBProgress (3): 26/93 MB | 9.1/18 MB | 1.0/1.5 MBProgress (3): 26/93 MB | 9.1/18 MB | 1.0/1.5 MBProgress (3): 26/93 MB | 9.1/18 MB | 1.0/1.5 MBProgress (3): 26/93 MB | 9.1/18 MB | 1.0/1.5 MBProgress (3): 26/93 MB | 9.1/18 MB | 1.0/1.5 MBProgress (4): 26/93 MB | 9.1/18 MB | 1.0/1.5 MB | 7.7/676 kBProgress (4): 26/93 MB | 9.1/18 MB | 1.0/1.5 MB | 7.7/676 kBProgress (4): 26/93 MB | 9.1/18 MB | 1.0/1.5 MB | 7.7/676 kBProgress (4): 26/93 MB | 9.1/18 MB | 1.0/1.5 MB | 7.7/676 kBProgress (4): 26/93 MB | 9.1/18 MB | 1.1/1.5 MB | 7.7/676 kBProgress (4): 26/93 MB | 9.1/18 MB | 1.1/1.5 MB | 7.7/676 kBProgress (4): 26/93 MB | 9.1/18 MB | 1.1/1.5 MB | 7.7/676 kBProgress (5): 26/93 MB | 9.1/18 MB | 1.1/1.5 MB | 7.7/676 kB | 7.7/32 kBProgress (5): 26/93 MB | 9.1/18 MB | 1.1/1.5 MB | 7.7/676 kB | 16/32 kB Progress (5): 26/93 MB | 9.1/18 MB | 1.1/1.5 MB | 7.7/676 kB | 16/32 kBProgress (5): 26/93 MB | 9.1/18 MB | 1.1/1.5 MB | 7.7/676 kB | 32/32 kBProgress (5): 26/93 MB | 9.1/18 MB | 1.1/1.5 MB | 7.7/676 kB | 32 kB   Progress (5): 26/93 MB | 9.2/18 MB | 1.1/1.5 MB | 7.7/676 kB | 32 kB                                                                    Downloaded from central: https://repo.maven.apache.org/maven2/io/micrometer/micrometer-jakarta9/1.13.4/micrometer-jakarta9-1.13.4.jar (32 kB at 8.0 kB/s)
Progress (4): 26/93 MB | 9.2/18 MB | 1.1/1.5 MB | 16/676 kBProgress (4): 26/93 MB | 9.2/18 MB | 1.1/1.5 MB | 16/676 kBProgress (4): 26/93 MB | 9.2/18 MB | 1.1/1.5 MB | 32/676 kBProgress (4): 26/93 MB | 9.2/18 MB | 1.1/1.5 MB | 32/676 kB                                                           Downloading from central: https://repo.maven.apache.org/maven2/io/micrometer/micrometer-core/1.13.4/micrometer-core-1.13.4.jar
Progress (4): 26/93 MB | 9.2/18 MB | 1.1/1.5 MB | 49/676 kBProgress (4): 26/93 MB | 9.2/18 MB | 1.1/1.5 MB | 49/676 kBProgress (4): 26/93 MB | 9.2/18 MB | 1.1/1.5 MB | 65/676 kBProgress (4): 26/93 MB | 9.2/18 MB | 1.1/1.5 MB | 81/676 kBProgress (4): 26/93 MB | 9.2/18 MB | 1.1/1.5 MB | 98/676 kBProgress (4): 26/93 MB | 9.2/18 MB | 1.1/1.5 MB | 114/676 kBProgress (4): 26/93 MB | 9.2/18 MB | 1.1/1.5 MB | 114/676 kBProgress (4): 26/93 MB | 9.2/18 MB | 1.1/1.5 MB | 114/676 kBProgress (4): 26/93 MB | 9.2/18 MB | 1.1/1.5 MB | 114/676 kBProgress (4): 26/93 MB | 9.2/18 MB | 1.1/1.5 MB | 114/676 kBProgress (4): 26/93 MB | 9.2/18 MB | 1.1/1.5 MB | 114/676 kBProgress (4): 26/93 MB | 9.2/18 MB | 1.1/1.5 MB | 114/676 kBProgress (4): 26/93 MB | 9.2/18 MB | 1.1/1.5 MB | 114/676 kBProgress (4): 26/93 MB | 9.2/18 MB | 1.1/1.5 MB | 114/676 kBProgress (4): 26/93 MB | 9.2/18 MB | 1.2/1.5 MB | 114/676 kBProgress (4): 26/93 MB | 9.2/18 MB | 1.2/1.5 MB | 114/676 kBProgress (4): 26/93 MB | 9.2/18 MB | 1.2/1.5 MB | 130/676 kBProgress (4): 26/93 MB | 9.2/18 MB | 1.2/1.5 MB | 130/676 kBProgress (4): 26/93 MB | 9.2/18 MB | 1.2/1.5 MB | 130/676 kBProgress (4): 26/93 MB | 9.2/18 MB | 1.2/1.5 MB | 130/676 kBProgress (4): 26/93 MB | 9.2/18 MB | 1.2/1.5 MB | 147/676 kBProgress (4): 26/93 MB | 9.2/18 MB | 1.2/1.5 MB | 147/676 kBProgress (4): 26/93 MB | 9.2/18 MB | 1.2/1.5 MB | 163/676 kBProgress (4): 26/93 MB | 9.2/18 MB | 1.2/1.5 MB | 163/676 kBProgress (4): 26/93 MB | 9.2/18 MB | 1.2/1.5 MB | 180/676 kBProgress (4): 26/93 MB | 9.2/18 MB | 1.2/1.5 MB | 196/676 kBProgress (4): 26/93 MB | 9.2/18 MB | 1.2/1.5 MB | 196/676 kBProgress (4): 26/93 MB | 9.2/18 MB | 1.2/1.5 MB | 196/676 kBProgress (4): 26/93 MB | 9.2/18 MB | 1.2/1.5 MB | 196/676 kBProgress (4): 26/93 MB | 9.2/18 MB | 1.2/1.5 MB | 196/676 kBProgress (4): 26/93 MB | 9.2/18 MB | 1.2/1.5 MB | 196/676 kBProgress (4): 26/93 MB | 9.2/18 MB | 1.3/1.5 MB | 196/676 kBProgress (4): 26/93 MB | 9.3/18 MB | 1.3/1.5 MB | 196/676 kBProgress (4): 26/93 MB | 9.3/18 MB | 1.3/1.5 MB | 196/676 kBProgress (4): 26/93 MB | 9.3/18 MB | 1.3/1.5 MB | 196/676 kBProgress (4): 26/93 MB | 9.3/18 MB | 1.3/1.5 MB | 212/676 kBProgress (4): 26/93 MB | 9.3/18 MB | 1.3/1.5 MB | 212/676 kBProgress (4): 26/93 MB | 9.3/18 MB | 1.3/1.5 MB | 229/676 kBProgress (4): 26/93 MB | 9.3/18 MB | 1.3/1.5 MB | 245/676 kBProgress (4): 26/93 MB | 9.3/18 MB | 1.3/1.5 MB | 261/676 kBProgress (4): 26/93 MB | 9.3/18 MB | 1.3/1.5 MB | 261/676 kBProgress (4): 26/93 MB | 9.3/18 MB | 1.3/1.5 MB | 261/676 kBProgress (4): 26/93 MB | 9.3/18 MB | 1.3/1.5 MB | 261/676 kBProgress (4): 26/93 MB | 9.3/18 MB | 1.3/1.5 MB | 261/676 kBProgress (4): 26/93 MB | 9.3/18 MB | 1.3/1.5 MB | 261/676 kBProgress (4): 26/93 MB | 9.3/18 MB | 1.3/1.5 MB | 261/676 kBProgress (4): 26/93 MB | 9.3/18 MB | 1.3/1.5 MB | 278/676 kBProgress (4): 26/93 MB | 9.3/18 MB | 1.3/1.5 MB | 282/676 kBProgress (4): 26/93 MB | 9.3/18 MB | 1.3/1.5 MB | 282/676 kBProgress (4): 26/93 MB | 9.3/18 MB | 1.3/1.5 MB | 299/676 kBProgress (4): 26/93 MB | 9.3/18 MB | 1.3/1.5 MB | 299/676 kBProgress (4): 26/93 MB | 9.3/18 MB | 1.3/1.5 MB | 299/676 kBProgress (4): 26/93 MB | 9.3/18 MB | 1.3/1.5 MB | 315/676 kBProgress (4): 26/93 MB | 9.3/18 MB | 1.3/1.5 MB | 315/676 kBProgress (4): 26/93 MB | 9.3/18 MB | 1.4/1.5 MB | 315/676 kBProgress (4): 26/93 MB | 9.3/18 MB | 1.4/1.5 MB | 331/676 kBProgress (4): 26/93 MB | 9.3/18 MB | 1.4/1.5 MB | 331/676 kBProgress (4): 26/93 MB | 9.3/18 MB | 1.4/1.5 MB | 331/676 kBProgress (5): 26/93 MB | 9.3/18 MB | 1.4/1.5 MB | 331/676 kB | 7.7/862 kBProgress (5): 26/93 MB | 9.3/18 MB | 1.4/1.5 MB | 331/676 kB | 16/862 kB Progress (5): 26/93 MB | 9.3/18 MB | 1.4/1.5 MB | 331/676 kB | 16/862 kBProgress (5): 26/93 MB | 9.3/18 MB | 1.4/1.5 MB | 331/676 kB | 32/862 kBProgress (5): 26/93 MB | 9.3/18 MB | 1.4/1.5 MB | 331/676 kB | 32/862 kBProgress (5): 26/93 MB | 9.4/18 MB | 1.4/1.5 MB | 331/676 kB | 32/862 kBProgress (5): 26/93 MB | 9.4/18 MB | 1.4/1.5 MB | 331/676 kB | 32/862 kBProgress (5): 26/93 MB | 9.4/18 MB | 1.4/1.5 MB | 331/676 kB | 32/862 kBProgress (5): 26/93 MB | 9.4/18 MB | 1.4/1.5 MB | 331/676 kB | 32/862 kBProgress (5): 26/93 MB | 9.4/18 MB | 1.4/1.5 MB | 331/676 kB | 32/862 kBProgress (5): 26/93 MB | 9.4/18 MB | 1.4/1.5 MB | 331/676 kB | 32/862 kBProgress (5): 26/93 MB | 9.4/18 MB | 1.4/1.5 MB | 331/676 kB | 32/862 kBProgress (5): 26/93 MB | 9.4/18 MB | 1.4/1.5 MB | 331/676 kB | 32/862 kBProgress (5): 26/93 MB | 9.4/18 MB | 1.4/1.5 MB | 348/676 kB | 32/862 kBProgress (5): 26/93 MB | 9.4/18 MB | 1.4/1.5 MB | 364/676 kB | 32/862 kBProgress (5): 26/93 MB | 9.4/18 MB | 1.4/1.5 MB | 381/676 kB | 32/862 kBProgress (5): 26/93 MB | 9.4/18 MB | 1.4/1.5 MB | 397/676 kB | 32/862 kBProgress (5): 26/93 MB | 9.4/18 MB | 1.4/1.5 MB | 397/676 kB | 32/862 kBProgress (5): 26/93 MB | 9.4/18 MB | 1.4/1.5 MB | 397/676 kB | 32/862 kBProgress (5): 26/93 MB | 9.4/18 MB | 1.4/1.5 MB | 397/676 kB | 49/862 kBProgress (5): 26/93 MB | 9.4/18 MB | 1.4/1.5 MB | 397/676 kB | 49/862 kBProgress (5): 26/93 MB | 9.4/18 MB | 1.4/1.5 MB | 397/676 kB | 65/862 kBProgress (5): 26/93 MB | 9.4/18 MB | 1.4/1.5 MB | 397/676 kB | 65/862 kBProgress (5): 26/93 MB | 9.4/18 MB | 1.4/1.5 MB | 397/676 kB | 65/862 kBProgress (5): 26/93 MB | 9.4/18 MB | 1.4/1.5 MB | 397/676 kB | 65/862 kBProgress (5): 26/93 MB | 9.4/18 MB | 1.4/1.5 MB | 397/676 kB | 65/862 kBProgress (5): 26/93 MB | 9.4/18 MB | 1.4/1.5 MB | 397/676 kB | 65/862 kBProgress (5): 26/93 MB | 9.4/18 MB | 1.4/1.5 MB | 397/676 kB | 81/862 kBProgress (5): 26/93 MB | 9.4/18 MB | 1.4/1.5 MB | 397/676 kB | 98/862 kBProgress (5): 26/93 MB | 9.4/18 MB | 1.4/1.5 MB | 413/676 kB | 98/862 kBProgress (5): 26/93 MB | 9.4/18 MB | 1.4/1.5 MB | 430/676 kB | 98/862 kBProgress (5): 26/93 MB | 9.4/18 MB | 1.4/1.5 MB | 446/676 kB | 98/862 kBProgress (5): 26/93 MB | 9.4/18 MB | 1.4/1.5 MB | 446/676 kB | 98/862 kBProgress (5): 26/93 MB | 9.4/18 MB | 1.4/1.5 MB | 463/676 kB | 98/862 kBProgress (5): 26/93 MB | 9.4/18 MB | 1.4/1.5 MB | 463/676 kB | 98/862 kBProgress (5): 26/93 MB | 9.4/18 MB | 1.5/1.5 MB | 463/676 kB | 98/862 kBProgress (5): 26/93 MB | 9.4/18 MB | 1.5/1.5 MB | 463/676 kB | 98/862 kBProgress (5): 26/93 MB | 9.4/18 MB | 1.5 MB | 463/676 kB | 98/862 kB    Progress (5): 26/93 MB | 9.4/18 MB | 1.5 MB | 463/676 kB | 98/862 kB                                                                    Downloaded from central: https://repo.maven.apache.org/maven2/org/springframework/data/spring-data-commons/3.3.4/spring-data-commons-3.3.4.jar (1.5 MB at 362 kB/s)
Progress (4): 26/93 MB | 9.5/18 MB | 463/676 kB | 98/862 kBProgress (4): 26/93 MB | 9.5/18 MB | 463/676 kB | 114/862 kBProgress (4): 26/93 MB | 9.5/18 MB | 463/676 kB | 114/862 kBProgress (4): 26/93 MB | 9.5/18 MB | 463/676 kB | 131/862 kBProgress (4): 26/93 MB | 9.5/18 MB | 463/676 kB | 131/862 kB                                                            Downloading from central: https://repo.maven.apache.org/maven2/org/hdrhistogram/HdrHistogram/2.2.2/HdrHistogram-2.2.2.jar
Progress (4): 26/93 MB | 9.5/18 MB | 479/676 kB | 131/862 kBProgress (4): 26/93 MB | 9.5/18 MB | 479/676 kB | 131/862 kBProgress (4): 26/93 MB | 9.5/18 MB | 479/676 kB | 131/862 kBProgress (4): 26/93 MB | 9.5/18 MB | 479/676 kB | 131/862 kBProgress (4): 26/93 MB | 9.5/18 MB | 479/676 kB | 131/862 kBProgress (4): 26/93 MB | 9.5/18 MB | 479/676 kB | 131/862 kBProgress (4): 26/93 MB | 9.5/18 MB | 479/676 kB | 131/862 kBProgress (4): 26/93 MB | 9.5/18 MB | 479/676 kB | 131/862 kBProgress (4): 26/93 MB | 9.5/18 MB | 495/676 kB | 131/862 kBProgress (4): 26/93 MB | 9.5/18 MB | 512/676 kB | 131/862 kBProgress (4): 26/93 MB | 9.5/18 MB | 528/676 kB | 131/862 kBProgress (4): 26/93 MB | 9.6/18 MB | 528/676 kB | 131/862 kBProgress (4): 26/93 MB | 9.6/18 MB | 528/676 kB | 147/862 kBProgress (4): 26/93 MB | 9.6/18 MB | 528/676 kB | 163/862 kBProgress (4): 26/93 MB | 9.6/18 MB | 528/676 kB | 180/862 kBProgress (4): 26/93 MB | 9.6/18 MB | 528/676 kB | 196/862 kBProgress (4): 26/93 MB | 9.6/18 MB | 528/676 kB | 196/862 kBProgress (4): 26/93 MB | 9.6/18 MB | 528/676 kB | 196/862 kBProgress (4): 26/93 MB | 9.6/18 MB | 528/676 kB | 213/862 kBProgress (4): 26/93 MB | 9.6/18 MB | 528/676 kB | 213/862 kBProgress (4): 26/93 MB | 9.6/18 MB | 544/676 kB | 213/862 kBProgress (4): 26/93 MB | 9.6/18 MB | 561/676 kB | 213/862 kBProgress (4): 26/93 MB | 9.6/18 MB | 577/676 kB | 213/862 kBProgress (4): 26/93 MB | 9.6/18 MB | 577/676 kB | 229/862 kBProgress (4): 26/93 MB | 9.6/18 MB | 577/676 kB | 229/862 kBProgress (4): 26/93 MB | 9.6/18 MB | 577/676 kB | 229/862 kBProgress (4): 26/93 MB | 9.6/18 MB | 577/676 kB | 229/862 kBProgress (4): 26/93 MB | 9.6/18 MB | 577/676 kB | 229/862 kBProgress (4): 26/93 MB | 9.6/18 MB | 577/676 kB | 229/862 kBProgress (4): 26/93 MB | 9.6/18 MB | 577/676 kB | 229/862 kBProgress (4): 26/93 MB | 9.6/18 MB | 577/676 kB | 245/862 kBProgress (4): 26/93 MB | 9.6/18 MB | 577/676 kB | 262/862 kBProgress (4): 26/93 MB | 9.6/18 MB | 577/676 kB | 278/862 kBProgress (4): 26/93 MB | 9.7/18 MB | 577/676 kB | 278/862 kBProgress (4): 26/93 MB | 9.7/18 MB | 577/676 kB | 278/862 kBProgress (4): 26/93 MB | 9.7/18 MB | 594/676 kB | 278/862 kBProgress (4): 26/93 MB | 9.7/18 MB | 594/676 kB | 278/862 kBProgress (4): 26/93 MB | 9.7/18 MB | 610/676 kB | 278/862 kBProgress (4): 26/93 MB | 9.7/18 MB | 626/676 kB | 278/862 kBProgress (4): 26/93 MB | 9.7/18 MB | 643/676 kB | 278/862 kBProgress (4): 26/93 MB | 9.7/18 MB | 643/676 kB | 278/862 kBProgress (4): 26/93 MB | 9.7/18 MB | 643/676 kB | 278/862 kBProgress (4): 26/93 MB | 9.7/18 MB | 643/676 kB | 278/862 kBProgress (4): 26/93 MB | 9.7/18 MB | 643/676 kB | 278/862 kBProgress (4): 26/93 MB | 9.7/18 MB | 643/676 kB | 278/862 kBProgress (4): 26/93 MB | 9.7/18 MB | 643/676 kB | 278/862 kBProgress (4): 26/93 MB | 9.7/18 MB | 643/676 kB | 294/862 kBProgress (4): 26/93 MB | 9.7/18 MB | 643/676 kB | 294/862 kBProgress (4): 26/93 MB | 9.7/18 MB | 643/676 kB | 311/862 kBProgress (4): 26/93 MB | 9.8/18 MB | 643/676 kB | 311/862 kBProgress (4): 26/93 MB | 9.8/18 MB | 643/676 kB | 327/862 kBProgress (4): 26/93 MB | 9.8/18 MB | 659/676 kB | 327/862 kBProgress (5): 26/93 MB | 9.8/18 MB | 659/676 kB | 327/862 kB | 7.7/177 kBProgress (5): 26/93 MB | 9.8/18 MB | 676/676 kB | 327/862 kB | 7.7/177 kBProgress (5): 26/93 MB | 9.8/18 MB | 676 kB | 327/862 kB | 7.7/177 kB    Progress (5): 26/93 MB | 9.8/18 MB | 676 kB | 327/862 kB | 16/177 kB Progress (5): 26/93 MB | 9.8/18 MB | 676 kB | 327/862 kB | 16/177 kB                                                                    Downloaded from central: https://repo.maven.apache.org/maven2/org/springframework/boot/spring-boot-actuator/3.3.4/spring-boot-actuator-3.3.4.jar (676 kB at 165 kB/s)
Progress (4): 26/93 MB | 9.8/18 MB | 327/862 kB | 16/177 kBProgress (4): 26/93 MB | 9.8/18 MB | 344/862 kB | 16/177 kBProgress (4): 26/93 MB | 9.8/18 MB | 344/862 kB | 16/177 kBProgress (4): 26/93 MB | 9.8/18 MB | 360/862 kB | 16/177 kBProgress (4): 26/93 MB | 9.8/18 MB | 360/862 kB | 16/177 kBProgress (4): 26/93 MB | 9.8/18 MB | 376/862 kB | 16/177 kBProgress (4): 26/93 MB | 9.8/18 MB | 393/862 kB | 16/177 kBProgress (4): 26/93 MB | 9.8/18 MB | 393/862 kB | 32/177 kBProgress (4): 26/93 MB | 9.8/18 MB | 393/862 kB | 32/177 kBProgress (4): 26/93 MB | 9.8/18 MB | 393/862 kB | 32/177 kBProgress (4): 26/93 MB | 9.8/18 MB | 393/862 kB | 32/177 kB                                                           Downloading from central: https://repo.maven.apache.org/maven2/org/latencyutils/LatencyUtils/2.0.3/LatencyUtils-2.0.3.jar
Progress (4): 26/93 MB | 9.8/18 MB | 393/862 kB | 49/177 kBProgress (4): 26/93 MB | 9.8/18 MB | 393/862 kB | 65/177 kBProgress (4): 26/93 MB | 9.8/18 MB | 393/862 kB | 65/177 kBProgress (4): 26/93 MB | 9.8/18 MB | 393/862 kB | 81/177 kBProgress (4): 26/93 MB | 9.8/18 MB | 393/862 kB | 81/177 kBProgress (4): 26/93 MB | 9.8/18 MB | 409/862 kB | 81/177 kBProgress (4): 26/93 MB | 9.8/18 MB | 426/862 kB | 81/177 kBProgress (4): 26/93 MB | 9.8/18 MB | 426/862 kB | 81/177 kBProgress (4): 26/93 MB | 9.8/18 MB | 442/862 kB | 81/177 kBProgress (4): 26/93 MB | 9.8/18 MB | 442/862 kB | 81/177 kBProgress (4): 26/93 MB | 9.8/18 MB | 458/862 kB | 81/177 kBProgress (4): 26/93 MB | 9.9/18 MB | 458/862 kB | 81/177 kBProgress (4): 26/93 MB | 9.9/18 MB | 458/862 kB | 81/177 kBProgress (4): 26/93 MB | 9.9/18 MB | 458/862 kB | 81/177 kBProgress (4): 26/93 MB | 9.9/18 MB | 458/862 kB | 81/177 kBProgress (4): 26/93 MB | 9.9/18 MB | 458/862 kB | 81/177 kBProgress (4): 26/93 MB | 9.9/18 MB | 458/862 kB | 98/177 kBProgress (4): 26/93 MB | 9.9/18 MB | 475/862 kB | 98/177 kBProgress (4): 26/93 MB | 9.9/18 MB | 475/862 kB | 114/177 kBProgress (4): 26/93 MB | 9.9/18 MB | 475/862 kB | 130/177 kBProgress (4): 26/93 MB | 9.9/18 MB | 475/862 kB | 130/177 kBProgress (4): 26/93 MB | 9.9/18 MB | 475/862 kB | 130/177 kBProgress (4): 26/93 MB | 9.9/18 MB | 475/862 kB | 130/177 kBProgress (4): 26/93 MB | 9.9/18 MB | 475/862 kB | 130/177 kBProgress (4): 26/93 MB | 9.9/18 MB | 491/862 kB | 130/177 kBProgress (4): 26/93 MB | 9.9/18 MB | 491/862 kB | 130/177 kBProgress (4): 26/93 MB | 9.9/18 MB | 507/862 kB | 130/177 kBProgress (4): 26/93 MB | 9.9/18 MB | 507/862 kB | 130/177 kBProgress (4): 26/93 MB | 9.9/18 MB | 524/862 kB | 130/177 kBProgress (4): 26/93 MB | 9.9/18 MB | 524/862 kB | 130/177 kBProgress (4): 26/93 MB | 9.9/18 MB | 540/862 kB | 130/177 kBProgress (4): 26/93 MB | 9.9/18 MB | 540/862 kB | 147/177 kBProgress (4): 26/93 MB | 9.9/18 MB | 540/862 kB | 147/177 kBProgress (4): 26/93 MB | 9.9/18 MB | 540/862 kB | 163/177 kBProgress (4): 26/93 MB | 9.9/18 MB | 540/862 kB | 163/177 kBProgress (4): 26/93 MB | 9.9/18 MB | 540/862 kB | 177 kB    Progress (4): 26/93 MB | 9.9/18 MB | 557/862 kB | 177 kB                                                        Downloaded from central: https://repo.maven.apache.org/maven2/org/hdrhistogram/HdrHistogram/2.2.2/HdrHistogram-2.2.2.jar (177 kB at 43 kB/s)
Downloading from central: https://repo.maven.apache.org/maven2/org/apache/kerby/kerb-admin/1.1.1/kerb-admin-1.1.1.jar
Progress (3): 26/93 MB | 9.9/18 MB | 573/862 kBProgress (3): 26/93 MB | 9.9/18 MB | 573/862 kBProgress (3): 26/93 MB | 9.9/18 MB | 589/862 kBProgress (3): 26/93 MB | 10.0/18 MB | 589/862 kBProgress (3): 26/93 MB | 10.0/18 MB | 589/862 kBProgress (3): 26/93 MB | 10.0/18 MB | 589/862 kBProgress (3): 26/93 MB | 10.0/18 MB | 589/862 kBProgress (3): 26/93 MB | 10.0/18 MB | 589/862 kBProgress (3): 26/93 MB | 10.0/18 MB | 589/862 kBProgress (3): 26/93 MB | 10/18 MB | 589/862 kB  Progress (3): 26/93 MB | 10/18 MB | 606/862 kBProgress (3): 26/93 MB | 10/18 MB | 622/862 kBProgress (3): 26/93 MB | 10/18 MB | 639/862 kBProgress (3): 26/93 MB | 10/18 MB | 655/862 kBProgress (3): 26/93 MB | 10/18 MB | 671/862 kBProgress (3): 26/93 MB | 10/18 MB | 671/862 kBProgress (3): 26/93 MB | 10/18 MB | 671/862 kBProgress (3): 26/93 MB | 10/18 MB | 671/862 kBProgress (3): 26/93 MB | 10/18 MB | 671/862 kBProgress (3): 26/93 MB | 10/18 MB | 671/862 kBProgress (3): 26/93 MB | 10/18 MB | 671/862 kBProgress (4): 26/93 MB | 10/18 MB | 671/862 kB | 7.7/30 kBProgress (4): 26/93 MB | 10/18 MB | 671/862 kB | 16/30 kB Progress (4): 26/93 MB | 10/18 MB | 671/862 kB | 30 kB                                                         Downloaded from central: https://repo.maven.apache.org/maven2/org/latencyutils/LatencyUtils/2.0.3/LatencyUtils-2.0.3.jar (30 kB at 7.2 kB/s)
Progress (3): 26/93 MB | 10/18 MB | 671/862 kBProgress (3): 26/93 MB | 10/18 MB | 671/862 kBProgress (3): 26/93 MB | 10/18 MB | 688/862 kBProgress (3): 26/93 MB | 10/18 MB | 704/862 kBProgress (3): 26/93 MB | 10/18 MB | 720/862 kBProgress (3): 26/93 MB | 10/18 MB | 720/862 kBProgress (3): 26/93 MB | 10/18 MB | 720/862 kBProgress (3): 27/93 MB | 10/18 MB | 720/862 kBProgress (3): 27/93 MB | 10/18 MB | 720/862 kBProgress (3): 27/93 MB | 10/18 MB | 720/862 kBProgress (3): 27/93 MB | 10/18 MB | 720/862 kB                                              Downloading from central: https://repo.maven.apache.org/maven2/org/apache/kerby/kerb-server/1.1.1/kerb-server-1.1.1.jar
Progress (3): 27/93 MB | 10/18 MB | 720/862 kBProgress (3): 27/93 MB | 10/18 MB | 737/862 kBProgress (3): 27/93 MB | 10/18 MB | 753/862 kBProgress (3): 27/93 MB | 10/18 MB | 770/862 kBProgress (3): 27/93 MB | 10/18 MB | 770/862 kBProgress (3): 27/93 MB | 10/18 MB | 770/862 kBProgress (3): 27/93 MB | 10/18 MB | 770/862 kBProgress (3): 27/93 MB | 10/18 MB | 770/862 kBProgress (3): 27/93 MB | 10/18 MB | 770/862 kBProgress (3): 27/93 MB | 10/18 MB | 770/862 kBProgress (3): 27/93 MB | 10/18 MB | 786/862 kBProgress (3): 27/93 MB | 10/18 MB | 786/862 kBProgress (3): 27/93 MB | 10/18 MB | 802/862 kBProgress (3): 27/93 MB | 10/18 MB | 819/862 kBProgress (3): 27/93 MB | 10/18 MB | 819/862 kBProgress (3): 27/93 MB | 10/18 MB | 819/862 kBProgress (3): 27/93 MB | 10/18 MB | 819/862 kBProgress (3): 27/93 MB | 10/18 MB | 819/862 kBProgress (3): 27/93 MB | 10/18 MB | 819/862 kBProgress (3): 27/93 MB | 10/18 MB | 835/862 kBProgress (3): 27/93 MB | 10/18 MB | 835/862 kBProgress (3): 27/93 MB | 10/18 MB | 835/862 kBProgress (3): 27/93 MB | 10/18 MB | 852/862 kBProgress (3): 27/93 MB | 10/18 MB | 862 kB    Progress (3): 27/93 MB | 10/18 MB | 862 kBProgress (3): 27/93 MB | 10/18 MB | 862 kB                                          Downloaded from central: https://repo.maven.apache.org/maven2/io/micrometer/micrometer-core/1.13.4/micrometer-core-1.13.4.jar (862 kB at 208 kB/s)
Downloading from central: https://repo.maven.apache.org/maven2/org/apache/kerby/kerb-common/1.1.1/kerb-common-1.1.1.jar
Progress (3): 27/93 MB | 10/18 MB | 7.7/81 kBProgress (3): 27/93 MB | 10/18 MB | 16/81 kB Progress (3): 27/93 MB | 10/18 MB | 16/81 kBProgress (3): 27/93 MB | 10/18 MB | 32/81 kBProgress (3): 27/93 MB | 10/18 MB | 32/81 kBProgress (3): 27/93 MB | 10/18 MB | 49/81 kBProgress (3): 27/93 MB | 10/18 MB | 49/81 kBProgress (3): 27/93 MB | 10/18 MB | 49/81 kBProgress (3): 27/93 MB | 10/18 MB | 49/81 kBProgress (3): 27/93 MB | 10/18 MB | 49/81 kBProgress (3): 27/93 MB | 10/18 MB | 49/81 kBProgress (3): 27/93 MB | 10/18 MB | 49/81 kBProgress (3): 27/93 MB | 10/18 MB | 49/81 kBProgress (3): 27/93 MB | 10/18 MB | 65/81 kBProgress (3): 27/93 MB | 10/18 MB | 65/81 kBProgress (3): 27/93 MB | 10/18 MB | 81 kB   Progress (4): 27/93 MB | 10/18 MB | 81 kB | 4.1/86 kBProgress (4): 27/93 MB | 10/18 MB | 81 kB | 20/86 kB Progress (4): 27/93 MB | 10/18 MB | 81 kB | 20/86 kBProgress (4): 27/93 MB | 10/18 MB | 81 kB | 37/86 kBProgress (4): 27/93 MB | 10/18 MB | 81 kB | 37/86 kBProgress (4): 27/93 MB | 10/18 MB | 81 kB | 53/86 kBProgress (4): 27/93 MB | 10/18 MB | 81 kB | 53/86 kB                                                    Downloaded from central: https://repo.maven.apache.org/maven2/org/apache/kerby/kerb-admin/1.1.1/kerb-admin-1.1.1.jar (81 kB at 20 kB/s)
Downloading from central: https://repo.maven.apache.org/maven2/org/apache/kerby/kerb-util/1.1.1/kerb-util-1.1.1.jar
Progress (3): 27/93 MB | 10/18 MB | 53/86 kBProgress (3): 27/93 MB | 10/18 MB | 53/86 kBProgress (3): 27/93 MB | 10/18 MB | 53/86 kBProgress (3): 27/93 MB | 10/18 MB | 53/86 kBProgress (3): 27/93 MB | 10/18 MB | 53/86 kBProgress (3): 27/93 MB | 10/18 MB | 70/86 kBProgress (3): 27/93 MB | 10/18 MB | 86 kB                                            Downloaded from central: https://repo.maven.apache.org/maven2/org/apache/kerby/kerb-server/1.1.1/kerb-server-1.1.1.jar (86 kB at 21 kB/s)
Progress (2): 27/93 MB | 10/18 MBProgress (2): 27/93 MB | 10/18 MBProgress (2): 27/93 MB | 10/18 MBProgress (2): 27/93 MB | 10/18 MBProgress (2): 27/93 MB | 10/18 MBProgress (2): 27/93 MB | 10/18 MBProgress (2): 27/93 MB | 10/18 MB                                 Downloading from central: https://repo.maven.apache.org/maven2/org/apache/kerby/kerb-crypto/1.1.1/kerb-crypto-1.1.1.jar
Progress (2): 27/93 MB | 10/18 MBProgress (2): 27/93 MB | 10/18 MBProgress (2): 27/93 MB | 10/18 MBProgress (2): 27/93 MB | 10/18 MBProgress (2): 27/93 MB | 10/18 MBProgress (2): 27/93 MB | 10/18 MBProgress (2): 27/93 MB | 10/18 MBProgress (2): 27/93 MB | 10/18 MBProgress (2): 27/93 MB | 10/18 MBProgress (2): 27/93 MB | 10/18 MBProgress (2): 27/93 MB | 10/18 MBProgress (2): 27/93 MB | 10/18 MBProgress (2): 27/93 MB | 10/18 MBProgress (2): 27/93 MB | 10/18 MBProgress (2): 27/93 MB | 10/18 MBProgress (2): 27/93 MB | 10/18 MBProgress (2): 27/93 MB | 10/18 MBProgress (2): 27/93 MB | 10/18 MBProgress (2): 27/93 MB | 11/18 MBProgress (2): 27/93 MB | 11/18 MBProgress (2): 27/93 MB | 11/18 MBProgress (2): 27/93 MB | 11/18 MBProgress (2): 27/93 MB | 11/18 MBProgress (2): 27/93 MB | 11/18 MBProgress (2): 27/93 MB | 11/18 MBProgress (2): 27/93 MB | 11/18 MBProgress (2): 27/93 MB | 11/18 MBProgress (2): 27/93 MB | 11/18 MBProgress (2): 27/93 MB | 11/18 MBProgress (2): 27/93 MB | 11/18 MBProgress (2): 27/93 MB | 11/18 MBProgress (2): 27/93 MB | 11/18 MBProgress (2): 27/93 MB | 11/18 MBProgress (2): 27/93 MB | 11/18 MBProgress (2): 27/93 MB | 11/18 MBProgress (2): 27/93 MB | 11/18 MBProgress (2): 27/93 MB | 11/18 MBProgress (2): 27/93 MB | 11/18 MBProgress (2): 27/93 MB | 11/18 MBProgress (2): 27/93 MB | 11/18 MBProgress (2): 27/93 MB | 11/18 MBProgress (2): 27/93 MB | 11/18 MBProgress (2): 27/93 MB | 11/18 MBProgress (2): 27/93 MB | 11/18 MBProgress (2): 27/93 MB | 11/18 MBProgress (2): 27/93 MB | 11/18 MBProgress (2): 27/93 MB | 11/18 MBProgress (2): 27/93 MB | 11/18 MBProgress (2): 27/93 MB | 11/18 MBProgress (2): 27/93 MB | 11/18 MBProgress (2): 27/93 MB | 11/18 MBProgress (2): 27/93 MB | 11/18 MBProgress (2): 27/93 MB | 11/18 MBProgress (2): 27/93 MB | 11/18 MBProgress (2): 27/93 MB | 11/18 MBProgress (2): 27/93 MB | 11/18 MBProgress (2): 27/93 MB | 11/18 MBProgress (3): 27/93 MB | 11/18 MB | 7.7/71 kBProgress (3): 27/93 MB | 11/18 MB | 16/71 kB Progress (3): 27/93 MB | 11/18 MB | 32/71 kBProgress (3): 27/93 MB | 11/18 MB | 49/71 kBProgress (3): 27/93 MB | 11/18 MB | 65/71 kBProgress (3): 27/93 MB | 11/18 MB | 71 kB   Progress (3): 27/93 MB | 11/18 MB | 71 kB                                         Downloaded from central: https://repo.maven.apache.org/maven2/org/apache/kerby/kerb-common/1.1.1/kerb-common-1.1.1.jar (71 kB at 17 kB/s)
Progress (2): 27/93 MB | 11/18 MBProgress (2): 27/93 MB | 11/18 MBProgress (2): 27/93 MB | 11/18 MBProgress (2): 27/93 MB | 11/18 MB                                 Downloading from central: https://repo.maven.apache.org/maven2/org/apache/kerby/kerby-xdr/1.1.1/kerby-xdr-1.1.1.jar
Progress (2): 27/93 MB | 11/18 MBProgress (2): 27/93 MB | 11/18 MBProgress (2): 27/93 MB | 11/18 MBProgress (2): 27/93 MB | 11/18 MBProgress (2): 27/93 MB | 11/18 MBProgress (2): 27/93 MB | 11/18 MBProgress (2): 27/93 MB | 11/18 MBProgress (2): 27/93 MB | 11/18 MBProgress (2): 27/93 MB | 11/18 MBProgress (2): 27/93 MB | 11/18 MBProgress (2): 27/93 MB | 11/18 MBProgress (2): 28/93 MB | 11/18 MBProgress (2): 28/93 MB | 11/18 MBProgress (2): 28/93 MB | 11/18 MBProgress (2): 28/93 MB | 11/18 MBProgress (2): 28/93 MB | 11/18 MBProgress (2): 28/93 MB | 11/18 MBProgress (2): 28/93 MB | 11/18 MBProgress (2): 28/93 MB | 11/18 MBProgress (2): 28/93 MB | 11/18 MBProgress (2): 28/93 MB | 11/18 MBProgress (2): 28/93 MB | 11/18 MBProgress (2): 28/93 MB | 11/18 MBProgress (2): 28/93 MB | 11/18 MBProgress (2): 28/93 MB | 11/18 MBProgress (2): 28/93 MB | 11/18 MBProgress (2): 28/93 MB | 11/18 MBProgress (2): 28/93 MB | 11/18 MBProgress (2): 28/93 MB | 11/18 MBProgress (2): 28/93 MB | 11/18 MBProgress (2): 28/93 MB | 11/18 MBProgress (3): 28/93 MB | 11/18 MB | 4.1/117 kBProgress (3): 28/93 MB | 11/18 MB | 4.1/117 kBProgress (3): 28/93 MB | 11/18 MB | 20/117 kB Progress (3): 28/93 MB | 11/18 MB | 37/117 kBProgress (3): 28/93 MB | 11/18 MB | 37/117 kBProgress (3): 28/93 MB | 11/18 MB | 53/117 kBProgress (3): 28/93 MB | 11/18 MB | 53/117 kBProgress (4): 28/93 MB | 11/18 MB | 53/117 kB | 7.7/37 kBProgress (4): 28/93 MB | 11/18 MB | 53/117 kB | 16/37 kB Progress (4): 28/93 MB | 11/18 MB | 53/117 kB | 32/37 kBProgress (4): 28/93 MB | 11/18 MB | 61/117 kB | 32/37 kBProgress (4): 28/93 MB | 11/18 MB | 78/117 kB | 32/37 kBProgress (4): 28/93 MB | 11/18 MB | 78/117 kB | 32/37 kBProgress (4): 28/93 MB | 11/18 MB | 78/117 kB | 32/37 kBProgress (4): 28/93 MB | 11/18 MB | 78/117 kB | 32/37 kBProgress (4): 28/93 MB | 11/18 MB | 78/117 kB | 37 kB   Progress (4): 28/93 MB | 11/18 MB | 78/117 kB | 37 kBProgress (4): 28/93 MB | 11/18 MB | 78/117 kB | 37 kBProgress (4): 28/93 MB | 11/18 MB | 78/117 kB | 37 kBProgress (4): 28/93 MB | 11/18 MB | 78/117 kB | 37 kBProgress (4): 28/93 MB | 11/18 MB | 78/117 kB | 37 kBProgress (4): 28/93 MB | 11/18 MB | 78/117 kB | 37 kB                                                     Downloaded from central: https://repo.maven.apache.org/maven2/org/apache/kerby/kerb-util/1.1.1/kerb-util-1.1.1.jar (37 kB at 8.8 kB/s)
Downloading from central: https://repo.maven.apache.org/maven2/org/apache/kerby/kerby-util/2.0.3/kerby-util-2.0.3.jar
Progress (3): 28/93 MB | 11/18 MB | 94/117 kBProgress (3): 28/93 MB | 11/18 MB | 111/117 kBProgress (3): 28/93 MB | 11/18 MB | 117 kB    Progress (3): 28/93 MB | 11/18 MB | 117 kB                                          Downloaded from central: https://repo.maven.apache.org/maven2/org/apache/kerby/kerb-crypto/1.1.1/kerb-crypto-1.1.1.jar (117 kB at 28 kB/s)
Progress (2): 28/93 MB | 11/18 MBProgress (2): 28/93 MB | 11/18 MBProgress (2): 28/93 MB | 11/18 MBProgress (2): 28/93 MB | 11/18 MBProgress (2): 28/93 MB | 11/18 MBProgress (2): 28/93 MB | 11/18 MBProgress (2): 28/93 MB | 11/18 MBProgress (2): 28/93 MB | 11/18 MBProgress (2): 28/93 MB | 11/18 MBProgress (2): 28/93 MB | 11/18 MBProgress (2): 28/93 MB | 11/18 MBProgress (2): 28/93 MB | 11/18 MBProgress (2): 28/93 MB | 11/18 MBProgress (2): 28/93 MB | 11/18 MB                                 Downloading from central: https://repo.maven.apache.org/maven2/jakarta/annotation/jakarta.annotation-api/2.0.0/jakarta.annotation-api-2.0.0.jar
Progress (2): 28/93 MB | 11/18 MBProgress (2): 28/93 MB | 11/18 MBProgress (2): 28/93 MB | 11/18 MBProgress (2): 28/93 MB | 11/18 MBProgress (2): 28/93 MB | 11/18 MBProgress (2): 28/93 MB | 11/18 MBProgress (2): 28/93 MB | 11/18 MBProgress (2): 28/93 MB | 11/18 MBProgress (2): 28/93 MB | 11/18 MBProgress (2): 28/93 MB | 11/18 MBProgress (2): 28/93 MB | 11/18 MBProgress (2): 28/93 MB | 11/18 MBProgress (2): 28/93 MB | 11/18 MBProgress (2): 28/93 MB | 11/18 MBProgress (2): 28/93 MB | 11/18 MBProgress (2): 28/93 MB | 11/18 MBProgress (2): 28/93 MB | 12/18 MBProgress (2): 28/93 MB | 12/18 MBProgress (2): 28/93 MB | 12/18 MBProgress (2): 28/93 MB | 12/18 MBProgress (2): 28/93 MB | 12/18 MBProgress (2): 28/93 MB | 12/18 MBProgress (2): 28/93 MB | 12/18 MBProgress (2): 28/93 MB | 12/18 MBProgress (2): 28/93 MB | 12/18 MBProgress (2): 28/93 MB | 12/18 MBProgress (2): 28/93 MB | 12/18 MBProgress (2): 28/93 MB | 12/18 MBProgress (2): 28/93 MB | 12/18 MBProgress (2): 28/93 MB | 12/18 MBProgress (2): 28/93 MB | 12/18 MBProgress (2): 28/93 MB | 12/18 MBProgress (2): 28/93 MB | 12/18 MBProgress (2): 28/93 MB | 12/18 MBProgress (2): 28/93 MB | 12/18 MBProgress (2): 28/93 MB | 12/18 MBProgress (2): 28/93 MB | 12/18 MBProgress (2): 28/93 MB | 12/18 MBProgress (2): 28/93 MB | 12/18 MBProgress (2): 28/93 MB | 12/18 MBProgress (2): 28/93 MB | 12/18 MBProgress (2): 28/93 MB | 12/18 MBProgress (2): 28/93 MB | 12/18 MBProgress (2): 28/93 MB | 12/18 MBProgress (2): 28/93 MB | 12/18 MBProgress (2): 28/93 MB | 12/18 MBProgress (2): 28/93 MB | 12/18 MBProgress (2): 28/93 MB | 12/18 MBProgress (2): 28/93 MB | 12/18 MBProgress (2): 28/93 MB | 12/18 MBProgress (2): 28/93 MB | 12/18 MBProgress (2): 28/93 MB | 12/18 MBProgress (2): 28/93 MB | 12/18 MBProgress (2): 28/93 MB | 12/18 MBProgress (2): 29/93 MB | 12/18 MBProgress (2): 29/93 MB | 12/18 MBProgress (2): 29/93 MB | 12/18 MBProgress (2): 29/93 MB | 12/18 MBProgress (2): 29/93 MB | 12/18 MBProgress (2): 29/93 MB | 12/18 MBProgress (2): 29/93 MB | 12/18 MBProgress (2): 29/93 MB | 12/18 MBProgress (2): 29/93 MB | 12/18 MBProgress (2): 29/93 MB | 12/18 MBProgress (2): 29/93 MB | 12/18 MBProgress (2): 29/93 MB | 12/18 MBProgress (2): 29/93 MB | 12/18 MBProgress (3): 29/93 MB | 12/18 MB | 7.7/29 kBProgress (3): 29/93 MB | 12/18 MB | 16/29 kB Progress (3): 29/93 MB | 12/18 MB | 16/29 kBProgress (3): 29/93 MB | 12/18 MB | 25/29 kBProgress (3): 29/93 MB | 12/18 MB | 29 kB   Progress (3): 29/93 MB | 12/18 MB | 29 kBProgress (3): 29/93 MB | 12/18 MB | 29 kBProgress (3): 29/93 MB | 12/18 MB | 29 kB                                         Downloaded from central: https://repo.maven.apache.org/maven2/org/apache/kerby/kerby-xdr/1.1.1/kerby-xdr-1.1.1.jar (29 kB at 7.0 kB/s)
Downloading from central: https://repo.maven.apache.org/maven2/org/mongodb/mongodb-driver-sync/5.1.4/mongodb-driver-sync-5.1.4.jar
Progress (2): 29/93 MB | 12/18 MBProgress (2): 29/93 MB | 12/18 MBProgress (2): 29/93 MB | 12/18 MBProgress (2): 29/93 MB | 12/18 MBProgress (2): 29/93 MB | 12/18 MBProgress (2): 29/93 MB | 12/18 MBProgress (2): 29/93 MB | 12/18 MBProgress (2): 29/93 MB | 12/18 MBProgress (2): 29/93 MB | 12/18 MBProgress (2): 29/93 MB | 12/18 MBProgress (2): 29/93 MB | 12/18 MBProgress (2): 29/93 MB | 12/18 MBProgress (2): 29/93 MB | 12/18 MBProgress (2): 29/93 MB | 12/18 MBProgress (2): 29/93 MB | 12/18 MBProgress (2): 29/93 MB | 12/18 MBProgress (2): 29/93 MB | 12/18 MBProgress (2): 29/93 MB | 12/18 MBProgress (2): 29/93 MB | 12/18 MBProgress (2): 29/93 MB | 12/18 MBProgress (2): 29/93 MB | 12/18 MBProgress (2): 29/93 MB | 12/18 MBProgress (2): 29/93 MB | 12/18 MBProgress (2): 29/93 MB | 12/18 MBProgress (2): 29/93 MB | 12/18 MBProgress (2): 29/93 MB | 12/18 MBProgress (2): 29/93 MB | 12/18 MBProgress (2): 29/93 MB | 12/18 MBProgress (2): 29/93 MB | 12/18 MBProgress (2): 29/93 MB | 12/18 MBProgress (2): 29/93 MB | 12/18 MBProgress (2): 29/93 MB | 12/18 MBProgress (2): 29/93 MB | 12/18 MBProgress (2): 29/93 MB | 12/18 MBProgress (2): 29/93 MB | 12/18 MBProgress (2): 29/93 MB | 12/18 MBProgress (2): 29/93 MB | 12/18 MBProgress (2): 29/93 MB | 12/18 MBProgress (2): 29/93 MB | 12/18 MBProgress (2): 29/93 MB | 12/18 MBProgress (2): 29/93 MB | 12/18 MBProgress (2): 29/93 MB | 12/18 MBProgress (2): 29/93 MB | 12/18 MBProgress (2): 29/93 MB | 12/18 MBProgress (2): 29/93 MB | 12/18 MBProgress (2): 29/93 MB | 12/18 MBProgress (2): 29/93 MB | 12/18 MBProgress (2): 29/93 MB | 12/18 MBProgress (2): 29/93 MB | 12/18 MBProgress (2): 29/93 MB | 12/18 MBProgress (2): 29/93 MB | 12/18 MBProgress (2): 29/93 MB | 12/18 MBProgress (2): 29/93 MB | 12/18 MBProgress (2): 29/93 MB | 12/18 MBProgress (2): 29/93 MB | 12/18 MBProgress (2): 29/93 MB | 12/18 MBProgress (2): 29/93 MB | 12/18 MBProgress (2): 29/93 MB | 12/18 MBProgress (2): 29/93 MB | 12/18 MBProgress (2): 29/93 MB | 12/18 MBProgress (2): 29/93 MB | 12/18 MBProgress (2): 29/93 MB | 12/18 MBProgress (2): 29/93 MB | 12/18 MBProgress (2): 29/93 MB | 12/18 MBProgress (3): 29/93 MB | 12/18 MB | 7.7/25 kBProgress (3): 29/93 MB | 12/18 MB | 7.7/25 kBProgress (3): 29/93 MB | 12/18 MB | 16/25 kB Progress (3): 29/93 MB | 12/18 MB | 16/25 kBProgress (3): 29/93 MB | 12/18 MB | 25 kB   Progress (3): 29/93 MB | 12/18 MB | 25 kBProgress (3): 29/93 MB | 12/18 MB | 25 kBProgress (3): 29/93 MB | 12/18 MB | 25 kBProgress (3): 29/93 MB | 12/18 MB | 25 kB                                         Downloaded from central: https://repo.maven.apache.org/maven2/jakarta/annotation/jakarta.annotation-api/2.0.0/jakarta.annotation-api-2.0.0.jar (25 kB at 6.1 kB/s)
Progress (3): 29/93 MB | 12/18 MB | 7.7/41 kBProgress (3): 29/93 MB | 12/18 MB | 16/41 kB                                             Downloading from central: https://repo.maven.apache.org/maven2/org/mongodb/bson/5.0.1/bson-5.0.1.jar
Progress (3): 29/93 MB | 12/18 MB | 32/41 kBProgress (3): 29/93 MB | 12/18 MB | 41 kB                                            Downloaded from central: https://repo.maven.apache.org/maven2/org/apache/kerby/kerby-util/2.0.3/kerby-util-2.0.3.jar (41 kB at 9.7 kB/s)
Downloading from central: https://repo.maven.apache.org/maven2/org/mongodb/mongodb-driver-core/5.0.1/mongodb-driver-core-5.0.1.jar
Progress (2): 29/93 MB | 12/18 MBProgress (2): 29/93 MB | 12/18 MBProgress (2): 29/93 MB | 12/18 MBProgress (2): 29/93 MB | 12/18 MBProgress (2): 29/93 MB | 12/18 MBProgress (2): 29/93 MB | 12/18 MBProgress (2): 29/93 MB | 12/18 MBProgress (2): 29/93 MB | 12/18 MBProgress (2): 29/93 MB | 12/18 MBProgress (2): 29/93 MB | 13/18 MBProgress (2): 29/93 MB | 13/18 MBProgress (2): 29/93 MB | 13/18 MBProgress (2): 29/93 MB | 13/18 MBProgress (2): 29/93 MB | 13/18 MBProgress (2): 29/93 MB | 13/18 MBProgress (2): 29/93 MB | 13/18 MBProgress (2): 29/93 MB | 13/18 MBProgress (2): 29/93 MB | 13/18 MBProgress (2): 29/93 MB | 13/18 MBProgress (2): 29/93 MB | 13/18 MBProgress (2): 29/93 MB | 13/18 MBProgress (2): 29/93 MB | 13/18 MBProgress (2): 29/93 MB | 13/18 MBProgress (2): 29/93 MB | 13/18 MBProgress (2): 29/93 MB | 13/18 MBProgress (2): 29/93 MB | 13/18 MBProgress (2): 29/93 MB | 13/18 MBProgress (2): 29/93 MB | 13/18 MBProgress (2): 29/93 MB | 13/18 MBProgress (2): 29/93 MB | 13/18 MBProgress (2): 29/93 MB | 13/18 MBProgress (2): 29/93 MB | 13/18 MBProgress (2): 29/93 MB | 13/18 MBProgress (2): 29/93 MB | 13/18 MBProgress (2): 29/93 MB | 13/18 MBProgress (2): 29/93 MB | 13/18 MBProgress (2): 29/93 MB | 13/18 MBProgress (2): 29/93 MB | 13/18 MBProgress (2): 29/93 MB | 13/18 MBProgress (2): 29/93 MB | 13/18 MBProgress (2): 29/93 MB | 13/18 MBProgress (2): 29/93 MB | 13/18 MBProgress (3): 29/93 MB | 13/18 MB | 7.7/154 kBProgress (3): 29/93 MB | 13/18 MB | 16/154 kB Progress (3): 29/93 MB | 13/18 MB | 16/154 kBProgress (3): 29/93 MB | 13/18 MB | 32/154 kBProgress (3): 29/93 MB | 13/18 MB | 32/154 kBProgress (3): 29/93 MB | 13/18 MB | 32/154 kBProgress (3): 29/93 MB | 13/18 MB | 32/154 kBProgress (3): 29/93 MB | 13/18 MB | 32/154 kBProgress (3): 29/93 MB | 13/18 MB | 32/154 kBProgress (3): 29/93 MB | 13/18 MB | 32/154 kBProgress (3): 29/93 MB | 13/18 MB | 32/154 kBProgress (3): 29/93 MB | 13/18 MB | 32/154 kBProgress (3): 29/93 MB | 13/18 MB | 32/154 kBProgress (3): 29/93 MB | 13/18 MB | 32/154 kBProgress (3): 29/93 MB | 13/18 MB | 32/154 kBProgress (3): 29/93 MB | 13/18 MB | 48/154 kBProgress (3): 29/93 MB | 13/18 MB | 65/154 kBProgress (3): 30/93 MB | 13/18 MB | 65/154 kBProgress (3): 30/93 MB | 13/18 MB | 81/154 kBProgress (3): 30/93 MB | 13/18 MB | 81/154 kBProgress (3): 30/93 MB | 13/18 MB | 98/154 kBProgress (3): 30/93 MB | 13/18 MB | 98/154 kBProgress (3): 30/93 MB | 13/18 MB | 98/154 kBProgress (3): 30/93 MB | 13/18 MB | 98/154 kBProgress (3): 30/93 MB | 13/18 MB | 98/154 kBProgress (3): 30/93 MB | 13/18 MB | 98/154 kBProgress (3): 30/93 MB | 13/18 MB | 98/154 kBProgress (3): 30/93 MB | 13/18 MB | 98/154 kBProgress (3): 30/93 MB | 13/18 MB | 98/154 kBProgress (3): 30/93 MB | 13/18 MB | 98/154 kBProgress (3): 30/93 MB | 13/18 MB | 98/154 kBProgress (3): 30/93 MB | 13/18 MB | 98/154 kBProgress (3): 30/93 MB | 13/18 MB | 98/154 kBProgress (3): 30/93 MB | 13/18 MB | 98/154 kBProgress (3): 30/93 MB | 13/18 MB | 114/154 kBProgress (3): 30/93 MB | 13/18 MB | 130/154 kBProgress (3): 30/93 MB | 13/18 MB | 130/154 kBProgress (3): 30/93 MB | 13/18 MB | 130/154 kBProgress (3): 30/93 MB | 13/18 MB | 130/154 kBProgress (3): 30/93 MB | 13/18 MB | 130/154 kBProgress (3): 30/93 MB | 13/18 MB | 130/154 kBProgress (3): 30/93 MB | 13/18 MB | 130/154 kBProgress (3): 30/93 MB | 13/18 MB | 130/154 kBProgress (3): 30/93 MB | 13/18 MB | 130/154 kBProgress (3): 30/93 MB | 13/18 MB | 130/154 kBProgress (3): 30/93 MB | 13/18 MB | 130/154 kBProgress (3): 30/93 MB | 13/18 MB | 130/154 kBProgress (3): 30/93 MB | 13/18 MB | 130/154 kBProgress (3): 30/93 MB | 13/18 MB | 147/154 kBProgress (3): 30/93 MB | 13/18 MB | 154 kB    Progress (3): 30/93 MB | 13/18 MB | 154 kBProgress (3): 30/93 MB | 13/18 MB | 154 kBProgress (3): 30/93 MB | 13/18 MB | 154 kBProgress (3): 30/93 MB | 13/18 MB | 154 kBProgress (3): 30/93 MB | 13/18 MB | 154 kBProgress (3): 30/93 MB | 13/18 MB | 154 kBProgress (3): 30/93 MB | 13/18 MB | 154 kBProgress (3): 30/93 MB | 13/18 MB | 154 kBProgress (3): 30/93 MB | 13/18 MB | 154 kBProgress (3): 30/93 MB | 13/18 MB | 154 kBProgress (3): 30/93 MB | 13/18 MB | 154 kBProgress (3): 30/93 MB | 13/18 MB | 154 kBProgress (3): 30/93 MB | 13/18 MB | 154 kBProgress (3): 30/93 MB | 13/18 MB | 154 kBProgress (3): 30/93 MB | 13/18 MB | 154 kBProgress (3): 30/93 MB | 13/18 MB | 154 kBProgress (3): 30/93 MB | 13/18 MB | 154 kBProgress (3): 30/93 MB | 13/18 MB | 154 kBProgress (3): 30/93 MB | 13/18 MB | 154 kB                                          Downloaded from central: https://repo.maven.apache.org/maven2/org/mongodb/mongodb-driver-sync/5.1.4/mongodb-driver-sync-5.1.4.jar (154 kB at 36 kB/s)
Downloading from central: https://repo.maven.apache.org/maven2/org/mongodb/bson-record-codec/5.0.1/bson-record-codec-5.0.1.jar
Progress (2): 30/93 MB | 13/18 MBProgress (2): 30/93 MB | 13/18 MBProgress (2): 30/93 MB | 13/18 MBProgress (2): 30/93 MB | 13/18 MBProgress (2): 30/93 MB | 13/18 MBProgress (2): 30/93 MB | 13/18 MBProgress (2): 30/93 MB | 13/18 MBProgress (2): 30/93 MB | 13/18 MBProgress (2): 30/93 MB | 13/18 MBProgress (2): 30/93 MB | 13/18 MBProgress (2): 30/93 MB | 13/18 MBProgress (2): 30/93 MB | 13/18 MBProgress (2): 30/93 MB | 13/18 MBProgress (2): 30/93 MB | 13/18 MBProgress (2): 30/93 MB | 13/18 MBProgress (2): 30/93 MB | 13/18 MBProgress (2): 30/93 MB | 13/18 MBProgress (2): 30/93 MB | 13/18 MBProgress (2): 30/93 MB | 13/18 MBProgress (2): 30/93 MB | 13/18 MBProgress (2): 30/93 MB | 13/18 MBProgress (2): 30/93 MB | 13/18 MBProgress (2): 30/93 MB | 13/18 MBProgress (2): 30/93 MB | 13/18 MBProgress (2): 30/93 MB | 13/18 MBProgress (2): 30/93 MB | 13/18 MBProgress (2): 30/93 MB | 13/18 MBProgress (2): 30/93 MB | 13/18 MBProgress (2): 30/93 MB | 13/18 MBProgress (2): 30/93 MB | 13/18 MBProgress (2): 30/93 MB | 13/18 MBProgress (2): 30/93 MB | 13/18 MBProgress (2): 30/93 MB | 13/18 MBProgress (2): 30/93 MB | 13/18 MBProgress (2): 30/93 MB | 14/18 MBProgress (2): 30/93 MB | 14/18 MBProgress (2): 30/93 MB | 14/18 MBProgress (2): 30/93 MB | 14/18 MBProgress (2): 30/93 MB | 14/18 MBProgress (2): 30/93 MB | 14/18 MBProgress (2): 30/93 MB | 14/18 MBProgress (2): 30/93 MB | 14/18 MBProgress (2): 30/93 MB | 14/18 MBProgress (2): 30/93 MB | 14/18 MBProgress (2): 30/93 MB | 14/18 MBProgress (2): 30/93 MB | 14/18 MBProgress (2): 30/93 MB | 14/18 MBProgress (2): 30/93 MB | 14/18 MBProgress (2): 30/93 MB | 14/18 MBProgress (2): 30/93 MB | 14/18 MBProgress (2): 30/93 MB | 14/18 MBProgress (2): 30/93 MB | 14/18 MBProgress (2): 30/93 MB | 14/18 MBProgress (2): 30/93 MB | 14/18 MBProgress (2): 30/93 MB | 14/18 MBProgress (2): 30/93 MB | 14/18 MBProgress (3): 30/93 MB | 14/18 MB | 0/1.7 MBProgress (3): 30/93 MB | 14/18 MB | 0/1.7 MBProgress (3): 30/93 MB | 14/18 MB | 0/1.7 MBProgress (3): 30/93 MB | 14/18 MB | 0/1.7 MBProgress (3): 30/93 MB | 14/18 MB | 0.1/1.7 MBProgress (3): 30/93 MB | 14/18 MB | 0.1/1.7 MBProgress (3): 30/93 MB | 14/18 MB | 0.1/1.7 MBProgress (3): 30/93 MB | 14/18 MB | 0.1/1.7 MBProgress (4): 30/93 MB | 14/18 MB | 0.1/1.7 MB | 7.7/507 kBProgress (4): 30/93 MB | 14/18 MB | 0.1/1.7 MB | 16/507 kB Progress (4): 30/93 MB | 14/18 MB | 0.1/1.7 MB | 16/507 kBProgress (4): 30/93 MB | 14/18 MB | 0.1/1.7 MB | 16/507 kBProgress (4): 30/93 MB | 14/18 MB | 0.1/1.7 MB | 32/507 kBProgress (4): 30/93 MB | 14/18 MB | 0.1/1.7 MB | 32/507 kBProgress (4): 30/93 MB | 14/18 MB | 0.1/1.7 MB | 32/507 kBProgress (4): 30/93 MB | 14/18 MB | 0.1/1.7 MB | 32/507 kBProgress (4): 30/93 MB | 14/18 MB | 0.1/1.7 MB | 32/507 kBProgress (4): 30/93 MB | 14/18 MB | 0.1/1.7 MB | 32/507 kBProgress (4): 30/93 MB | 14/18 MB | 0.1/1.7 MB | 32/507 kBProgress (4): 30/93 MB | 14/18 MB | 0.1/1.7 MB | 32/507 kBProgress (4): 30/93 MB | 14/18 MB | 0.1/1.7 MB | 49/507 kBProgress (4): 30/93 MB | 14/18 MB | 0.1/1.7 MB | 49/507 kBProgress (4): 30/93 MB | 14/18 MB | 0.1/1.7 MB | 49/507 kBProgress (4): 30/93 MB | 14/18 MB | 0.1/1.7 MB | 65/507 kBProgress (4): 30/93 MB | 14/18 MB | 0.1/1.7 MB | 65/507 kBProgress (4): 30/93 MB | 14/18 MB | 0.1/1.7 MB | 65/507 kBProgress (4): 30/93 MB | 14/18 MB | 0.1/1.7 MB | 65/507 kBProgress (4): 30/93 MB | 14/18 MB | 0.1/1.7 MB | 65/507 kBProgress (4): 30/93 MB | 14/18 MB | 0.1/1.7 MB | 65/507 kBProgress (4): 30/93 MB | 14/18 MB | 0.1/1.7 MB | 81/507 kBProgress (4): 30/93 MB | 14/18 MB | 0.1/1.7 MB | 81/507 kBProgress (4): 30/93 MB | 14/18 MB | 0.1/1.7 MB | 98/507 kBProgress (4): 30/93 MB | 14/18 MB | 0.1/1.7 MB | 98/507 kBProgress (4): 30/93 MB | 14/18 MB | 0.1/1.7 MB | 98/507 kBProgress (4): 30/93 MB | 14/18 MB | 0.1/1.7 MB | 98/507 kBProgress (4): 30/93 MB | 14/18 MB | 0.1/1.7 MB | 98/507 kBProgress (4): 30/93 MB | 14/18 MB | 0.1/1.7 MB | 98/507 kBProgress (4): 30/93 MB | 14/18 MB | 0.1/1.7 MB | 98/507 kBProgress (4): 30/93 MB | 14/18 MB | 0.1/1.7 MB | 98/507 kBProgress (4): 30/93 MB | 14/18 MB | 0.1/1.7 MB | 98/507 kBProgress (4): 30/93 MB | 14/18 MB | 0.1/1.7 MB | 98/507 kBProgress (4): 30/93 MB | 14/18 MB | 0.1/1.7 MB | 98/507 kBProgress (4): 30/93 MB | 14/18 MB | 0.1/1.7 MB | 98/507 kBProgress (4): 30/93 MB | 14/18 MB | 0.1/1.7 MB | 98/507 kBProgress (4): 30/93 MB | 14/18 MB | 0.1/1.7 MB | 98/507 kBProgress (4): 30/93 MB | 14/18 MB | 0.1/1.7 MB | 114/507 kBProgress (4): 30/93 MB | 14/18 MB | 0.1/1.7 MB | 131/507 kBProgress (4): 30/93 MB | 14/18 MB | 0.1/1.7 MB | 131/507 kBProgress (4): 30/93 MB | 14/18 MB | 0.1/1.7 MB | 131/507 kBProgress (4): 30/93 MB | 14/18 MB | 0.1/1.7 MB | 131/507 kBProgress (4): 30/93 MB | 14/18 MB | 0.1/1.7 MB | 131/507 kBProgress (4): 30/93 MB | 14/18 MB | 0.2/1.7 MB | 131/507 kBProgress (4): 30/93 MB | 14/18 MB | 0.2/1.7 MB | 131/507 kBProgress (4): 30/93 MB | 14/18 MB | 0.2/1.7 MB | 131/507 kBProgress (4): 30/93 MB | 14/18 MB | 0.2/1.7 MB | 131/507 kBProgress (4): 30/93 MB | 14/18 MB | 0.2/1.7 MB | 131/507 kBProgress (4): 30/93 MB | 14/18 MB | 0.2/1.7 MB | 131/507 kBProgress (4): 30/93 MB | 14/18 MB | 0.2/1.7 MB | 131/507 kBProgress (4): 30/93 MB | 14/18 MB | 0.2/1.7 MB | 131/507 kBProgress (4): 30/93 MB | 14/18 MB | 0.2/1.7 MB | 131/507 kBProgress (4): 30/93 MB | 14/18 MB | 0.2/1.7 MB | 131/507 kBProgress (4): 30/93 MB | 14/18 MB | 0.2/1.7 MB | 131/507 kBProgress (4): 30/93 MB | 14/18 MB | 0.2/1.7 MB | 131/507 kBProgress (4): 30/93 MB | 14/18 MB | 0.2/1.7 MB | 131/507 kBProgress (4): 30/93 MB | 14/18 MB | 0.2/1.7 MB | 131/507 kBProgress (4): 31/93 MB | 14/18 MB | 0.2/1.7 MB | 131/507 kBProgress (4): 31/93 MB | 14/18 MB | 0.2/1.7 MB | 131/507 kBProgress (4): 31/93 MB | 14/18 MB | 0.2/1.7 MB | 131/507 kBProgress (4): 31/93 MB | 14/18 MB | 0.2/1.7 MB | 131/507 kBProgress (4): 31/93 MB | 14/18 MB | 0.2/1.7 MB | 131/507 kBProgress (4): 31/93 MB | 14/18 MB | 0.2/1.7 MB | 131/507 kBProgress (4): 31/93 MB | 14/18 MB | 0.2/1.7 MB | 131/507 kBProgress (4): 31/93 MB | 14/18 MB | 0.2/1.7 MB | 131/507 kBProgress (4): 31/93 MB | 14/18 MB | 0.2/1.7 MB | 131/507 kBProgress (4): 31/93 MB | 14/18 MB | 0.2/1.7 MB | 131/507 kBProgress (4): 31/93 MB | 14/18 MB | 0.2/1.7 MB | 131/507 kBProgress (4): 31/93 MB | 14/18 MB | 0.2/1.7 MB | 131/507 kBProgress (4): 31/93 MB | 14/18 MB | 0.2/1.7 MB | 131/507 kBProgress (4): 31/93 MB | 14/18 MB | 0.2/1.7 MB | 131/507 kBProgress (4): 31/93 MB | 14/18 MB | 0.2/1.7 MB | 131/507 kBProgress (4): 31/93 MB | 14/18 MB | 0.2/1.7 MB | 131/507 kBProgress (4): 31/93 MB | 14/18 MB | 0.2/1.7 MB | 131/507 kBProgress (4): 31/93 MB | 14/18 MB | 0.2/1.7 MB | 131/507 kBProgress (4): 31/93 MB | 14/18 MB | 0.2/1.7 MB | 131/507 kBProgress (4): 31/93 MB | 14/18 MB | 0.2/1.7 MB | 131/507 kBProgress (4): 31/93 MB | 14/18 MB | 0.2/1.7 MB | 131/507 kBProgress (4): 31/93 MB | 14/18 MB | 0.2/1.7 MB | 131/507 kBProgress (4): 31/93 MB | 14/18 MB | 0.2/1.7 MB | 131/507 kBProgress (4): 31/93 MB | 14/18 MB | 0.2/1.7 MB | 131/507 kBProgress (4): 31/93 MB | 14/18 MB | 0.2/1.7 MB | 131/507 kBProgress (4): 31/93 MB | 14/18 MB | 0.2/1.7 MB | 131/507 kBProgress (4): 31/93 MB | 14/18 MB | 0.2/1.7 MB | 131/507 kBProgress (4): 31/93 MB | 14/18 MB | 0.2/1.7 MB | 131/507 kBProgress (4): 31/93 MB | 14/18 MB | 0.2/1.7 MB | 131/507 kBProgress (4): 31/93 MB | 14/18 MB | 0.2/1.7 MB | 131/507 kBProgress (4): 31/93 MB | 14/18 MB | 0.2/1.7 MB | 147/507 kBProgress (4): 31/93 MB | 14/18 MB | 0.2/1.7 MB | 163/507 kBProgress (4): 31/93 MB | 14/18 MB | 0.2/1.7 MB | 180/507 kBProgress (4): 31/93 MB | 14/18 MB | 0.2/1.7 MB | 196/507 kBProgress (4): 31/93 MB | 14/18 MB | 0.2/1.7 MB | 213/507 kBProgress (4): 31/93 MB | 14/18 MB | 0.2/1.7 MB | 229/507 kBProgress (4): 31/93 MB | 14/18 MB | 0.2/1.7 MB | 245/507 kBProgress (4): 31/93 MB | 14/18 MB | 0.2/1.7 MB | 262/507 kBProgress (4): 31/93 MB | 14/18 MB | 0.3/1.7 MB | 262/507 kBProgress (4): 31/93 MB | 14/18 MB | 0.3/1.7 MB | 262/507 kBProgress (4): 31/93 MB | 14/18 MB | 0.3/1.7 MB | 262/507 kBProgress (4): 31/93 MB | 14/18 MB | 0.3/1.7 MB | 262/507 kBProgress (4): 31/93 MB | 14/18 MB | 0.3/1.7 MB | 262/507 kBProgress (5): 31/93 MB | 14/18 MB | 0.3/1.7 MB | 262/507 kB | 7.7/12 kBProgress (5): 31/93 MB | 14/18 MB | 0.3/1.7 MB | 262/507 kB | 12 kB    Progress (5): 31/93 MB | 14/18 MB | 0.3/1.7 MB | 262/507 kB | 12 kBProgress (5): 31/93 MB | 14/18 MB | 0.3/1.7 MB | 262/507 kB | 12 kBProgress (5): 31/93 MB | 14/18 MB | 0.3/1.7 MB | 278/507 kB | 12 kBProgress (5): 31/93 MB | 14/18 MB | 0.3/1.7 MB | 294/507 kB | 12 kBProgress (5): 31/93 MB | 14/18 MB | 0.4/1.7 MB | 294/507 kB | 12 kBProgress (5): 31/93 MB | 14/18 MB | 0.4/1.7 MB | 294/507 kB | 12 kB                                                                   Downloaded from central: https://repo.maven.apache.org/maven2/org/mongodb/bson-record-codec/5.0.1/bson-record-codec-5.0.1.jar (12 kB at 2.8 kB/s)
Progress (4): 31/93 MB | 14/18 MB | 0.4/1.7 MB | 294/507 kBProgress (4): 31/93 MB | 14/18 MB | 0.4/1.7 MB | 294/507 kBProgress (4): 31/93 MB | 14/18 MB | 0.4/1.7 MB | 294/507 kBProgress (4): 31/93 MB | 14/18 MB | 0.4/1.7 MB | 311/507 kBProgress (4): 31/93 MB | 14/18 MB | 0.4/1.7 MB | 311/507 kBProgress (4): 31/93 MB | 14/18 MB | 0.4/1.7 MB | 327/507 kBProgress (4): 31/93 MB | 14/18 MB | 0.4/1.7 MB | 327/507 kBProgress (4): 31/93 MB | 14/18 MB | 0.4/1.7 MB | 344/507 kBProgress (4): 31/93 MB | 14/18 MB | 0.4/1.7 MB | 344/507 kBProgress (4): 31/93 MB | 14/18 MB | 0.4/1.7 MB | 344/507 kBProgress (4): 31/93 MB | 14/18 MB | 0.4/1.7 MB | 344/507 kBProgress (4): 31/93 MB | 14/18 MB | 0.4/1.7 MB | 344/507 kB                                                           Downloading from central: https://repo.maven.apache.org/maven2/org/apache/kerby/kerb-server-api-all/2.0.3/kerb-server-api-all-2.0.3.jar
Progress (4): 31/93 MB | 14/18 MB | 0.4/1.7 MB | 344/507 kBProgress (4): 31/93 MB | 14/18 MB | 0.4/1.7 MB | 344/507 kBProgress (4): 31/93 MB | 14/18 MB | 0.4/1.7 MB | 344/507 kBProgress (4): 31/93 MB | 14/18 MB | 0.4/1.7 MB | 344/507 kBProgress (4): 31/93 MB | 14/18 MB | 0.4/1.7 MB | 344/507 kBProgress (4): 31/93 MB | 14/18 MB | 0.4/1.7 MB | 344/507 kBProgress (4): 31/93 MB | 14/18 MB | 0.4/1.7 MB | 344/507 kBProgress (4): 31/93 MB | 14/18 MB | 0.4/1.7 MB | 344/507 kBProgress (4): 31/93 MB | 14/18 MB | 0.4/1.7 MB | 344/507 kBProgress (4): 31/93 MB | 14/18 MB | 0.4/1.7 MB | 360/507 kBProgress (4): 31/93 MB | 14/18 MB | 0.4/1.7 MB | 360/507 kBProgress (4): 31/93 MB | 14/18 MB | 0.4/1.7 MB | 376/507 kBProgress (4): 31/93 MB | 14/18 MB | 0.4/1.7 MB | 376/507 kBProgress (4): 31/93 MB | 14/18 MB | 0.4/1.7 MB | 376/507 kBProgress (4): 31/93 MB | 14/18 MB | 0.4/1.7 MB | 376/507 kBProgress (4): 31/93 MB | 14/18 MB | 0.4/1.7 MB | 376/507 kBProgress (4): 31/93 MB | 14/18 MB | 0.4/1.7 MB | 393/507 kBProgress (4): 31/93 MB | 14/18 MB | 0.4/1.7 MB | 409/507 kBProgress (4): 31/93 MB | 14/18 MB | 0.4/1.7 MB | 409/507 kBProgress (4): 31/93 MB | 14/18 MB | 0.4/1.7 MB | 409/507 kBProgress (4): 31/93 MB | 14/18 MB | 0.4/1.7 MB | 426/507 kBProgress (4): 31/93 MB | 15/18 MB | 0.4/1.7 MB | 426/507 kBProgress (4): 31/93 MB | 15/18 MB | 0.4/1.7 MB | 442/507 kBProgress (4): 31/93 MB | 15/18 MB | 0.4/1.7 MB | 442/507 kBProgress (4): 31/93 MB | 15/18 MB | 0.4/1.7 MB | 458/507 kBProgress (4): 31/93 MB | 15/18 MB | 0.4/1.7 MB | 458/507 kBProgress (4): 31/93 MB | 15/18 MB | 0.4/1.7 MB | 475/507 kBProgress (4): 31/93 MB | 15/18 MB | 0.4/1.7 MB | 475/507 kBProgress (4): 31/93 MB | 15/18 MB | 0.4/1.7 MB | 491/507 kBProgress (4): 31/93 MB | 15/18 MB | 0.4/1.7 MB | 491/507 kBProgress (4): 31/93 MB | 15/18 MB | 0.4/1.7 MB | 507 kB    Progress (4): 31/93 MB | 15/18 MB | 0.4/1.7 MB | 507 kBProgress (4): 31/93 MB | 15/18 MB | 0.4/1.7 MB | 507 kBProgress (4): 31/93 MB | 15/18 MB | 0.4/1.7 MB | 507 kBProgress (4): 31/93 MB | 15/18 MB | 0.4/1.7 MB | 507 kBProgress (4): 31/93 MB | 15/18 MB | 0.4/1.7 MB | 507 kBProgress (4): 31/93 MB | 15/18 MB | 0.4/1.7 MB | 507 kBProgress (4): 31/93 MB | 15/18 MB | 0.4/1.7 MB | 507 kBProgress (4): 31/93 MB | 15/18 MB | 0.4/1.7 MB | 507 kBProgress (4): 31/93 MB | 15/18 MB | 0.4/1.7 MB | 507 kBProgress (4): 31/93 MB | 15/18 MB | 0.4/1.7 MB | 507 kBProgress (4): 31/93 MB | 15/18 MB | 0.4/1.7 MB | 507 kBProgress (4): 31/93 MB | 15/18 MB | 0.4/1.7 MB | 507 kBProgress (4): 31/93 MB | 15/18 MB | 0.4/1.7 MB | 507 kBProgress (4): 31/93 MB | 15/18 MB | 0.4/1.7 MB | 507 kBProgress (4): 31/93 MB | 15/18 MB | 0.5/1.7 MB | 507 kBProgress (4): 31/93 MB | 15/18 MB | 0.5/1.7 MB | 507 kBProgress (4): 31/93 MB | 15/18 MB | 0.5/1.7 MB | 507 kBProgress (4): 31/93 MB | 15/18 MB | 0.5/1.7 MB | 507 kBProgress (4): 31/93 MB | 15/18 MB | 0.5/1.7 MB | 507 kBProgress (4): 31/93 MB | 15/18 MB | 0.5/1.7 MB | 507 kBProgress (4): 31/93 MB | 15/18 MB | 0.6/1.7 MB | 507 kBProgress (4): 31/93 MB | 15/18 MB | 0.6/1.7 MB | 507 kBProgress (4): 31/93 MB | 15/18 MB | 0.6/1.7 MB | 507 kBProgress (4): 31/93 MB | 15/18 MB | 0.6/1.7 MB | 507 kBProgress (4): 31/93 MB | 15/18 MB | 0.6/1.7 MB | 507 kB                                                       Downloaded from central: https://repo.maven.apache.org/maven2/org/mongodb/bson/5.0.1/bson-5.0.1.jar (507 kB at 120 kB/s)
Downloading from central: https://repo.maven.apache.org/maven2/org/apache/kerby/json-backend/2.0.3/json-backend-2.0.3.jar
Progress (3): 31/93 MB | 15/18 MB | 0.6/1.7 MBProgress (3): 31/93 MB | 15/18 MB | 0.7/1.7 MBProgress (3): 31/93 MB | 15/18 MB | 0.7/1.7 MBProgress (3): 31/93 MB | 15/18 MB | 0.7/1.7 MBProgress (3): 31/93 MB | 15/18 MB | 0.7/1.7 MBProgress (3): 31/93 MB | 15/18 MB | 0.7/1.7 MBProgress (3): 31/93 MB | 15/18 MB | 0.7/1.7 MBProgress (3): 31/93 MB | 15/18 MB | 0.7/1.7 MBProgress (3): 31/93 MB | 15/18 MB | 0.7/1.7 MBProgress (3): 31/93 MB | 15/18 MB | 0.7/1.7 MBProgress (3): 31/93 MB | 15/18 MB | 0.7/1.7 MBProgress (3): 31/93 MB | 15/18 MB | 0.7/1.7 MBProgress (3): 31/93 MB | 15/18 MB | 0.7/1.7 MBProgress (3): 31/93 MB | 15/18 MB | 0.7/1.7 MBProgress (3): 31/93 MB | 15/18 MB | 0.7/1.7 MBProgress (3): 31/93 MB | 15/18 MB | 0.7/1.7 MBProgress (3): 31/93 MB | 15/18 MB | 0.7/1.7 MBProgress (3): 31/93 MB | 15/18 MB | 0.7/1.7 MBProgress (3): 31/93 MB | 15/18 MB | 0.7/1.7 MBProgress (3): 31/93 MB | 15/18 MB | 0.7/1.7 MBProgress (3): 31/93 MB | 15/18 MB | 0.7/1.7 MBProgress (3): 31/93 MB | 15/18 MB | 0.7/1.7 MBProgress (3): 31/93 MB | 15/18 MB | 0.7/1.7 MBProgress (3): 31/93 MB | 15/18 MB | 0.7/1.7 MBProgress (3): 31/93 MB | 15/18 MB | 0.7/1.7 MBProgress (3): 31/93 MB | 15/18 MB | 0.7/1.7 MBProgress (3): 31/93 MB | 15/18 MB | 0.7/1.7 MBProgress (3): 31/93 MB | 15/18 MB | 0.7/1.7 MBProgress (3): 31/93 MB | 15/18 MB | 0.7/1.7 MBProgress (3): 31/93 MB | 15/18 MB | 0.7/1.7 MBProgress (3): 31/93 MB | 15/18 MB | 0.7/1.7 MBProgress (3): 31/93 MB | 15/18 MB | 0.7/1.7 MBProgress (3): 31/93 MB | 15/18 MB | 0.7/1.7 MBProgress (3): 31/93 MB | 15/18 MB | 0.7/1.7 MBProgress (3): 31/93 MB | 15/18 MB | 0.7/1.7 MBProgress (3): 31/93 MB | 15/18 MB | 0.7/1.7 MBProgress (3): 31/93 MB | 15/18 MB | 0.7/1.7 MBProgress (3): 31/93 MB | 15/18 MB | 0.7/1.7 MBProgress (3): 31/93 MB | 15/18 MB | 0.7/1.7 MBProgress (3): 31/93 MB | 15/18 MB | 0.7/1.7 MBProgress (3): 31/93 MB | 15/18 MB | 0.7/1.7 MBProgress (3): 31/93 MB | 15/18 MB | 0.7/1.7 MBProgress (3): 31/93 MB | 15/18 MB | 0.7/1.7 MBProgress (3): 31/93 MB | 15/18 MB | 0.7/1.7 MBProgress (3): 31/93 MB | 15/18 MB | 0.8/1.7 MBProgress (3): 31/93 MB | 15/18 MB | 0.8/1.7 MBProgress (3): 31/93 MB | 15/18 MB | 0.8/1.7 MBProgress (3): 31/93 MB | 15/18 MB | 0.8/1.7 MBProgress (3): 31/93 MB | 15/18 MB | 0.8/1.7 MBProgress (3): 31/93 MB | 15/18 MB | 0.8/1.7 MBProgress (3): 31/93 MB | 15/18 MB | 0.9/1.7 MBProgress (3): 31/93 MB | 15/18 MB | 0.9/1.7 MBProgress (3): 31/93 MB | 15/18 MB | 0.9/1.7 MBProgress (3): 31/93 MB | 15/18 MB | 0.9/1.7 MBProgress (3): 31/93 MB | 15/18 MB | 0.9/1.7 MBProgress (3): 31/93 MB | 15/18 MB | 0.9/1.7 MBProgress (3): 31/93 MB | 15/18 MB | 0.9/1.7 MBProgress (3): 31/93 MB | 15/18 MB | 0.9/1.7 MBProgress (3): 31/93 MB | 15/18 MB | 0.9/1.7 MBProgress (3): 31/93 MB | 15/18 MB | 0.9/1.7 MBProgress (3): 31/93 MB | 15/18 MB | 0.9/1.7 MBProgress (3): 31/93 MB | 15/18 MB | 0.9/1.7 MBProgress (3): 31/93 MB | 15/18 MB | 0.9/1.7 MBProgress (3): 31/93 MB | 15/18 MB | 0.9/1.7 MBProgress (3): 31/93 MB | 15/18 MB | 0.9/1.7 MBProgress (3): 32/93 MB | 15/18 MB | 0.9/1.7 MBProgress (3): 32/93 MB | 15/18 MB | 0.9/1.7 MBProgress (3): 32/93 MB | 15/18 MB | 0.9/1.7 MBProgress (3): 32/93 MB | 15/18 MB | 0.9/1.7 MBProgress (3): 32/93 MB | 15/18 MB | 0.9/1.7 MBProgress (3): 32/93 MB | 15/18 MB | 0.9/1.7 MBProgress (3): 32/93 MB | 15/18 MB | 0.9/1.7 MBProgress (3): 32/93 MB | 15/18 MB | 0.9/1.7 MBProgress (3): 32/93 MB | 15/18 MB | 0.9/1.7 MBProgress (3): 32/93 MB | 15/18 MB | 1.0/1.7 MBProgress (4): 32/93 MB | 15/18 MB | 1.0/1.7 MB | 7.5 kBProgress (4): 32/93 MB | 15/18 MB | 1.0/1.7 MB | 7.5 kBProgress (4): 32/93 MB | 15/18 MB | 1.0/1.7 MB | 7.5 kBProgress (4): 32/93 MB | 15/18 MB | 1.0/1.7 MB | 7.5 kBProgress (4): 32/93 MB | 15/18 MB | 1.0/1.7 MB | 7.5 kB                                                       Downloaded from central: https://repo.maven.apache.org/maven2/org/apache/kerby/kerb-server-api-all/2.0.3/kerb-server-api-all-2.0.3.jar (7.5 kB at 1.8 kB/s)
Progress (3): 32/93 MB | 15/18 MB | 1.0/1.7 MBProgress (3): 32/93 MB | 15/18 MB | 1.1/1.7 MBProgress (3): 32/93 MB | 15/18 MB | 1.1/1.7 MBProgress (3): 32/93 MB | 15/18 MB | 1.1/1.7 MBProgress (3): 32/93 MB | 15/18 MB | 1.1/1.7 MBProgress (3): 32/93 MB | 15/18 MB | 1.1/1.7 MBProgress (3): 32/93 MB | 15/18 MB | 1.1/1.7 MBProgress (3): 32/93 MB | 15/18 MB | 1.2/1.7 MBProgress (3): 32/93 MB | 15/18 MB | 1.2/1.7 MBProgress (3): 32/93 MB | 15/18 MB | 1.2/1.7 MBProgress (3): 32/93 MB | 15/18 MB | 1.2/1.7 MBProgress (3): 32/93 MB | 15/18 MB | 1.2/1.7 MBProgress (3): 32/93 MB | 15/18 MB | 1.2/1.7 MB                                              Downloading from central: https://repo.maven.apache.org/maven2/org/apache/kerby/kerby-config/2.0.3/kerby-config-2.0.3.jar
Progress (3): 32/93 MB | 15/18 MB | 1.2/1.7 MBProgress (3): 32/93 MB | 15/18 MB | 1.2/1.7 MBProgress (3): 32/93 MB | 15/18 MB | 1.2/1.7 MBProgress (3): 32/93 MB | 15/18 MB | 1.2/1.7 MBProgress (3): 32/93 MB | 15/18 MB | 1.2/1.7 MBProgress (3): 32/93 MB | 15/18 MB | 1.2/1.7 MBProgress (3): 32/93 MB | 15/18 MB | 1.2/1.7 MBProgress (3): 32/93 MB | 15/18 MB | 1.2/1.7 MBProgress (3): 32/93 MB | 15/18 MB | 1.2/1.7 MBProgress (3): 32/93 MB | 15/18 MB | 1.2/1.7 MBProgress (3): 32/93 MB | 15/18 MB | 1.2/1.7 MBProgress (3): 32/93 MB | 15/18 MB | 1.2/1.7 MBProgress (3): 32/93 MB | 15/18 MB | 1.2/1.7 MBProgress (3): 32/93 MB | 15/18 MB | 1.2/1.7 MBProgress (3): 32/93 MB | 15/18 MB | 1.2/1.7 MBProgress (3): 32/93 MB | 15/18 MB | 1.2/1.7 MBProgress (3): 32/93 MB | 15/18 MB | 1.2/1.7 MBProgress (3): 32/93 MB | 15/18 MB | 1.2/1.7 MBProgress (3): 32/93 MB | 15/18 MB | 1.2/1.7 MBProgress (3): 32/93 MB | 15/18 MB | 1.2/1.7 MBProgress (3): 32/93 MB | 15/18 MB | 1.2/1.7 MBProgress (3): 32/93 MB | 15/18 MB | 1.2/1.7 MBProgress (3): 32/93 MB | 15/18 MB | 1.2/1.7 MBProgress (3): 32/93 MB | 15/18 MB | 1.2/1.7 MBProgress (3): 32/93 MB | 15/18 MB | 1.2/1.7 MBProgress (3): 32/93 MB | 15/18 MB | 1.2/1.7 MBProgress (3): 32/93 MB | 15/18 MB | 1.2/1.7 MBProgress (3): 32/93 MB | 15/18 MB | 1.2/1.7 MBProgress (3): 32/93 MB | 15/18 MB | 1.2/1.7 MBProgress (3): 32/93 MB | 15/18 MB | 1.2/1.7 MBProgress (3): 32/93 MB | 15/18 MB | 1.2/1.7 MBProgress (3): 32/93 MB | 15/18 MB | 1.2/1.7 MBProgress (3): 32/93 MB | 15/18 MB | 1.2/1.7 MBProgress (3): 32/93 MB | 15/18 MB | 1.2/1.7 MBProgress (3): 32/93 MB | 15/18 MB | 1.2/1.7 MBProgress (3): 32/93 MB | 15/18 MB | 1.2/1.7 MBProgress (3): 32/93 MB | 15/18 MB | 1.2/1.7 MBProgress (3): 32/93 MB | 15/18 MB | 1.3/1.7 MBProgress (3): 32/93 MB | 15/18 MB | 1.3/1.7 MBProgress (3): 32/93 MB | 15/18 MB | 1.3/1.7 MBProgress (3): 32/93 MB | 15/18 MB | 1.3/1.7 MBProgress (3): 32/93 MB | 15/18 MB | 1.3/1.7 MBProgress (3): 32/93 MB | 15/18 MB | 1.3/1.7 MBProgress (3): 32/93 MB | 15/18 MB | 1.4/1.7 MBProgress (3): 32/93 MB | 15/18 MB | 1.4/1.7 MBProgress (3): 32/93 MB | 15/18 MB | 1.4/1.7 MBProgress (3): 32/93 MB | 15/18 MB | 1.4/1.7 MBProgress (3): 32/93 MB | 15/18 MB | 1.4/1.7 MBProgress (3): 32/93 MB | 15/18 MB | 1.4/1.7 MBProgress (3): 32/93 MB | 15/18 MB | 1.4/1.7 MBProgress (3): 32/93 MB | 15/18 MB | 1.4/1.7 MBProgress (3): 32/93 MB | 16/18 MB | 1.4/1.7 MBProgress (3): 32/93 MB | 16/18 MB | 1.4/1.7 MBProgress (3): 32/93 MB | 16/18 MB | 1.4/1.7 MBProgress (3): 32/93 MB | 16/18 MB | 1.4/1.7 MBProgress (3): 32/93 MB | 16/18 MB | 1.4/1.7 MBProgress (3): 32/93 MB | 16/18 MB | 1.4/1.7 MBProgress (3): 32/93 MB | 16/18 MB | 1.4/1.7 MBProgress (3): 32/93 MB | 16/18 MB | 1.4/1.7 MBProgress (3): 32/93 MB | 16/18 MB | 1.4/1.7 MBProgress (3): 32/93 MB | 16/18 MB | 1.4/1.7 MBProgress (3): 32/93 MB | 16/18 MB | 1.4/1.7 MBProgress (3): 32/93 MB | 16/18 MB | 1.4/1.7 MBProgress (3): 32/93 MB | 16/18 MB | 1.4/1.7 MBProgress (3): 32/93 MB | 16/18 MB | 1.4/1.7 MBProgress (3): 32/93 MB | 16/18 MB | 1.4/1.7 MBProgress (3): 32/93 MB | 16/18 MB | 1.4/1.7 MBProgress (3): 32/93 MB | 16/18 MB | 1.4/1.7 MBProgress (3): 32/93 MB | 16/18 MB | 1.4/1.7 MBProgress (3): 32/93 MB | 16/18 MB | 1.4/1.7 MBProgress (4): 32/93 MB | 16/18 MB | 1.4/1.7 MB | 7.7/18 kBProgress (4): 32/93 MB | 16/18 MB | 1.4/1.7 MB | 7.7/18 kBProgress (4): 32/93 MB | 16/18 MB | 1.4/1.7 MB | 7.7/18 kBProgress (4): 32/93 MB | 16/18 MB | 1.4/1.7 MB | 7.7/18 kBProgress (4): 32/93 MB | 16/18 MB | 1.4/1.7 MB | 7.7/18 kBProgress (4): 32/93 MB | 16/18 MB | 1.4/1.7 MB | 7.7/18 kBProgress (4): 32/93 MB | 16/18 MB | 1.4/1.7 MB | 7.7/18 kBProgress (4): 32/93 MB | 16/18 MB | 1.4/1.7 MB | 7.7/18 kBProgress (4): 32/93 MB | 16/18 MB | 1.4/1.7 MB | 7.7/18 kBProgress (4): 32/93 MB | 16/18 MB | 1.4/1.7 MB | 7.7/18 kBProgress (4): 32/93 MB | 16/18 MB | 1.4/1.7 MB | 7.7/18 kBProgress (4): 32/93 MB | 16/18 MB | 1.4/1.7 MB | 7.7/18 kBProgress (4): 32/93 MB | 16/18 MB | 1.4/1.7 MB | 7.7/18 kBProgress (4): 32/93 MB | 16/18 MB | 1.4/1.7 MB | 7.7/18 kBProgress (4): 32/93 MB | 16/18 MB | 1.4/1.7 MB | 7.7/18 kBProgress (4): 32/93 MB | 16/18 MB | 1.5/1.7 MB | 7.7/18 kBProgress (4): 32/93 MB | 16/18 MB | 1.5/1.7 MB | 7.7/18 kBProgress (4): 32/93 MB | 16/18 MB | 1.5/1.7 MB | 16/18 kB Progress (4): 32/93 MB | 16/18 MB | 1.5/1.7 MB | 16/18 kBProgress (4): 32/93 MB | 16/18 MB | 1.5/1.7 MB | 18 kB   Progress (4): 32/93 MB | 16/18 MB | 1.5/1.7 MB | 18 kBProgress (4): 32/93 MB | 16/18 MB | 1.5/1.7 MB | 18 kBProgress (4): 32/93 MB | 16/18 MB | 1.5/1.7 MB | 18 kBProgress (4): 32/93 MB | 16/18 MB | 1.6/1.7 MB | 18 kB                                                      Downloaded from central: https://repo.maven.apache.org/maven2/org/apache/kerby/json-backend/2.0.3/json-backend-2.0.3.jar (18 kB at 4.2 kB/s)
Downloading from central: https://repo.maven.apache.org/maven2/org/apache/kerby/kerb-identity/2.0.3/kerb-identity-2.0.3.jar
Progress (3): 32/93 MB | 16/18 MB | 1.6/1.7 MBProgress (3): 32/93 MB | 16/18 MB | 1.6/1.7 MBProgress (3): 32/93 MB | 16/18 MB | 1.6/1.7 MBProgress (3): 32/93 MB | 16/18 MB | 1.6/1.7 MBProgress (3): 32/93 MB | 16/18 MB | 1.6/1.7 MBProgress (3): 32/93 MB | 16/18 MB | 1.7/1.7 MBProgress (3): 32/93 MB | 16/18 MB | 1.7/1.7 MBProgress (3): 32/93 MB | 16/18 MB | 1.7 MB                                              Downloaded from central: https://repo.maven.apache.org/maven2/org/mongodb/mongodb-driver-core/5.0.1/mongodb-driver-core-5.0.1.jar (1.7 MB at 393 kB/s)
Downloading from central: https://repo.maven.apache.org/maven2/com/google/code/gson/gson/2.10.1/gson-2.10.1.jar
Progress (2): 32/93 MB | 16/18 MBProgress (2): 32/93 MB | 16/18 MBProgress (2): 32/93 MB | 16/18 MBProgress (2): 32/93 MB | 16/18 MBProgress (2): 32/93 MB | 16/18 MBProgress (2): 32/93 MB | 16/18 MBProgress (2): 32/93 MB | 16/18 MBProgress (2): 32/93 MB | 16/18 MBProgress (2): 32/93 MB | 16/18 MBProgress (2): 32/93 MB | 16/18 MBProgress (2): 32/93 MB | 16/18 MBProgress (2): 32/93 MB | 16/18 MBProgress (2): 32/93 MB | 16/18 MBProgress (2): 32/93 MB | 16/18 MBProgress (2): 32/93 MB | 16/18 MBProgress (2): 32/93 MB | 16/18 MBProgress (2): 32/93 MB | 16/18 MBProgress (2): 32/93 MB | 16/18 MBProgress (2): 32/93 MB | 16/18 MBProgress (3): 32/93 MB | 16/18 MB | 7.7/30 kBProgress (3): 32/93 MB | 16/18 MB | 7.7/30 kBProgress (3): 32/93 MB | 16/18 MB | 16/30 kB Progress (3): 32/93 MB | 16/18 MB | 16/30 kBProgress (3): 32/93 MB | 16/18 MB | 30 kB                                            Downloaded from central: https://repo.maven.apache.org/maven2/org/apache/kerby/kerby-config/2.0.3/kerby-config-2.0.3.jar (30 kB at 7.1 kB/s)
Progress (2): 32/93 MB | 16/18 MBProgress (2): 32/93 MB | 16/18 MBProgress (2): 32/93 MB | 16/18 MBProgress (2): 32/93 MB | 16/18 MBProgress (2): 32/93 MB | 16/18 MBProgress (2): 32/93 MB | 16/18 MBProgress (2): 32/93 MB | 16/18 MBProgress (2): 32/93 MB | 16/18 MB                                 Downloading from central: https://repo.maven.apache.org/maven2/org/apache/kerby/kerby-asn1/2.0.3/kerby-asn1-2.0.3.jar
Progress (2): 32/93 MB | 16/18 MBProgress (2): 32/93 MB | 16/18 MBProgress (2): 32/93 MB | 16/18 MBProgress (2): 32/93 MB | 16/18 MBProgress (2): 32/93 MB | 16/18 MBProgress (2): 32/93 MB | 16/18 MBProgress (2): 32/93 MB | 16/18 MBProgress (2): 32/93 MB | 16/18 MBProgress (2): 32/93 MB | 16/18 MBProgress (2): 32/93 MB | 16/18 MBProgress (2): 32/93 MB | 16/18 MBProgress (2): 32/93 MB | 16/18 MBProgress (2): 32/93 MB | 16/18 MBProgress (2): 32/93 MB | 16/18 MBProgress (2): 32/93 MB | 16/18 MBProgress (2): 32/93 MB | 16/18 MBProgress (2): 32/93 MB | 16/18 MBProgress (2): 32/93 MB | 16/18 MBProgress (2): 32/93 MB | 16/18 MBProgress (2): 32/93 MB | 16/18 MBProgress (2): 32/93 MB | 16/18 MBProgress (2): 32/93 MB | 16/18 MBProgress (2): 32/93 MB | 16/18 MBProgress (2): 32/93 MB | 16/18 MBProgress (2): 32/93 MB | 16/18 MBProgress (2): 32/93 MB | 16/18 MBProgress (2): 32/93 MB | 16/18 MBProgress (2): 32/93 MB | 16/18 MBProgress (2): 32/93 MB | 16/18 MBProgress (2): 32/93 MB | 16/18 MBProgress (2): 33/93 MB | 16/18 MBProgress (2): 33/93 MB | 16/18 MBProgress (2): 33/93 MB | 16/18 MBProgress (2): 33/93 MB | 16/18 MBProgress (2): 33/93 MB | 16/18 MBProgress (2): 33/93 MB | 16/18 MBProgress (2): 33/93 MB | 16/18 MBProgress (2): 33/93 MB | 16/18 MBProgress (2): 33/93 MB | 16/18 MBProgress (2): 33/93 MB | 16/18 MBProgress (2): 33/93 MB | 16/18 MBProgress (2): 33/93 MB | 16/18 MBProgress (2): 33/93 MB | 16/18 MBProgress (2): 33/93 MB | 16/18 MBProgress (2): 33/93 MB | 16/18 MBProgress (2): 33/93 MB | 16/18 MBProgress (2): 33/93 MB | 16/18 MBProgress (2): 33/93 MB | 16/18 MBProgress (2): 33/93 MB | 16/18 MBProgress (2): 33/93 MB | 16/18 MBProgress (2): 33/93 MB | 16/18 MBProgress (2): 33/93 MB | 16/18 MBProgress (2): 33/93 MB | 16/18 MBProgress (2): 33/93 MB | 16/18 MBProgress (2): 33/93 MB | 17/18 MBProgress (2): 33/93 MB | 17/18 MBProgress (2): 33/93 MB | 17/18 MBProgress (2): 33/93 MB | 17/18 MBProgress (2): 33/93 MB | 17/18 MBProgress (2): 33/93 MB | 17/18 MBProgress (2): 33/93 MB | 17/18 MBProgress (2): 33/93 MB | 17/18 MBProgress (2): 33/93 MB | 17/18 MBProgress (2): 33/93 MB | 17/18 MBProgress (2): 33/93 MB | 17/18 MBProgress (2): 33/93 MB | 17/18 MBProgress (2): 33/93 MB | 17/18 MBProgress (2): 33/93 MB | 17/18 MBProgress (2): 33/93 MB | 17/18 MBProgress (2): 33/93 MB | 17/18 MBProgress (2): 33/93 MB | 17/18 MBProgress (2): 33/93 MB | 17/18 MBProgress (2): 33/93 MB | 17/18 MBProgress (2): 33/93 MB | 17/18 MBProgress (3): 33/93 MB | 17/18 MB | 7.7/283 kBProgress (3): 33/93 MB | 17/18 MB | 12/283 kB Progress (3): 33/93 MB | 17/18 MB | 28/283 kBProgress (3): 33/93 MB | 17/18 MB | 44/283 kBProgress (3): 33/93 MB | 17/18 MB | 61/283 kBProgress (3): 33/93 MB | 17/18 MB | 61/283 kBProgress (3): 33/93 MB | 17/18 MB | 61/283 kBProgress (3): 33/93 MB | 17/18 MB | 61/283 kBProgress (3): 33/93 MB | 17/18 MB | 61/283 kBProgress (3): 33/93 MB | 17/18 MB | 61/283 kBProgress (3): 33/93 MB | 17/18 MB | 61/283 kBProgress (3): 33/93 MB | 17/18 MB | 61/283 kBProgress (3): 33/93 MB | 17/18 MB | 61/283 kBProgress (3): 33/93 MB | 17/18 MB | 61/283 kBProgress (3): 33/93 MB | 17/18 MB | 61/283 kBProgress (3): 33/93 MB | 17/18 MB | 61/283 kBProgress (3): 33/93 MB | 17/18 MB | 61/283 kBProgress (3): 33/93 MB | 17/18 MB | 61/283 kBProgress (3): 33/93 MB | 17/18 MB | 61/283 kBProgress (3): 33/93 MB | 17/18 MB | 61/283 kBProgress (3): 33/93 MB | 17/18 MB | 61/283 kBProgress (3): 33/93 MB | 17/18 MB | 77/283 kBProgress (3): 33/93 MB | 17/18 MB | 94/283 kBProgress (3): 33/93 MB | 17/18 MB | 110/283 kBProgress (3): 33/93 MB | 17/18 MB | 126/283 kBProgress (3): 33/93 MB | 17/18 MB | 143/283 kBProgress (3): 33/93 MB | 17/18 MB | 159/283 kBProgress (3): 33/93 MB | 17/18 MB | 175/283 kBProgress (3): 33/93 MB | 17/18 MB | 192/283 kBProgress (3): 33/93 MB | 17/18 MB | 208/283 kBProgress (3): 33/93 MB | 17/18 MB | 225/283 kBProgress (3): 33/93 MB | 17/18 MB | 225/283 kBProgress (4): 33/93 MB | 17/18 MB | 225/283 kB | 7.7/18 kBProgress (4): 33/93 MB | 17/18 MB | 225/283 kB | 7.8/18 kBProgress (4): 33/93 MB | 17/18 MB | 225/283 kB | 7.8/18 kBProgress (4): 33/93 MB | 17/18 MB | 225/283 kB | 18 kB    Progress (4): 33/93 MB | 17/18 MB | 225/283 kB | 18 kBProgress (4): 33/93 MB | 17/18 MB | 225/283 kB | 18 kBProgress (4): 33/93 MB | 17/18 MB | 225/283 kB | 18 kBProgress (4): 33/93 MB | 17/18 MB | 225/283 kB | 18 kB                                                      Downloaded from central: https://repo.maven.apache.org/maven2/org/apache/kerby/kerb-identity/2.0.3/kerb-identity-2.0.3.jar (18 kB at 4.2 kB/s)
Progress (3): 33/93 MB | 17/18 MB | 225/283 kBProgress (3): 33/93 MB | 17/18 MB | 225/283 kBProgress (3): 33/93 MB | 17/18 MB | 225/283 kBProgress (3): 33/93 MB | 17/18 MB | 225/283 kBProgress (3): 33/93 MB | 17/18 MB | 225/283 kBProgress (3): 33/93 MB | 17/18 MB | 225/283 kBProgress (3): 33/93 MB | 17/18 MB | 225/283 kBProgress (3): 33/93 MB | 17/18 MB | 225/283 kBProgress (4): 33/93 MB | 17/18 MB | 225/283 kB | 7.7/100 kBProgress (4): 33/93 MB | 17/18 MB | 225/283 kB | 7.7/100 kBProgress (4): 33/93 MB | 17/18 MB | 225/283 kB | 12/100 kB Progress (4): 33/93 MB | 17/18 MB | 225/283 kB | 12/100 kBProgress (4): 33/93 MB | 17/18 MB | 225/283 kB | 29/100 kBProgress (4): 33/93 MB | 17/18 MB | 225/283 kB | 45/100 kBProgress (4): 33/93 MB | 17/18 MB | 225/283 kB | 45/100 kBProgress (4): 33/93 MB | 17/18 MB | 225/283 kB | 45/100 kBProgress (4): 33/93 MB | 17/18 MB | 225/283 kB | 61/100 kB                                                          Downloading from central: https://repo.maven.apache.org/maven2/org/apache/kerby/kerb-client-api-all/2.1.0/kerb-client-api-all-2.1.0.jar
Progress (4): 33/93 MB | 17/18 MB | 225/283 kB | 61/100 kBProgress (4): 33/93 MB | 17/18 MB | 225/283 kB | 61/100 kBProgress (4): 33/93 MB | 17/18 MB | 225/283 kB | 61/100 kBProgress (4): 33/93 MB | 17/18 MB | 225/283 kB | 61/100 kBProgress (4): 33/93 MB | 17/18 MB | 225/283 kB | 61/100 kBProgress (4): 33/93 MB | 17/18 MB | 225/283 kB | 61/100 kBProgress (4): 33/93 MB | 17/18 MB | 225/283 kB | 61/100 kBProgress (4): 33/93 MB | 17/18 MB | 225/283 kB | 61/100 kBProgress (4): 33/93 MB | 17/18 MB | 225/283 kB | 61/100 kBProgress (4): 33/93 MB | 17/18 MB | 225/283 kB | 61/100 kBProgress (4): 33/93 MB | 17/18 MB | 225/283 kB | 61/100 kBProgress (4): 33/93 MB | 17/18 MB | 225/283 kB | 61/100 kBProgress (4): 33/93 MB | 17/18 MB | 225/283 kB | 61/100 kBProgress (4): 33/93 MB | 17/18 MB | 225/283 kB | 61/100 kBProgress (4): 33/93 MB | 17/18 MB | 225/283 kB | 61/100 kBProgress (4): 33/93 MB | 17/18 MB | 225/283 kB | 61/100 kBProgress (4): 33/93 MB | 17/18 MB | 225/283 kB | 61/100 kBProgress (4): 33/93 MB | 17/18 MB | 225/283 kB | 78/100 kBProgress (4): 33/93 MB | 17/18 MB | 241/283 kB | 78/100 kBProgress (4): 33/93 MB | 17/18 MB | 241/283 kB | 94/100 kBProgress (4): 33/93 MB | 17/18 MB | 246/283 kB | 94/100 kBProgress (4): 33/93 MB | 17/18 MB | 246/283 kB | 100 kB   Progress (4): 33/93 MB | 17/18 MB | 262/283 kB | 100 kBProgress (4): 33/93 MB | 17/18 MB | 279/283 kB | 100 kBProgress (4): 33/93 MB | 17/18 MB | 283 kB | 100 kB                                                       Downloaded from central: https://repo.maven.apache.org/maven2/org/apache/kerby/kerby-asn1/2.0.3/kerby-asn1-2.0.3.jar (100 kB at 23 kB/s)
Downloaded from central: https://repo.maven.apache.org/maven2/com/google/code/gson/gson/2.10.1/gson-2.10.1.jar (283 kB at 66 kB/s)
Downloading from central: https://repo.maven.apache.org/maven2/org/apache/kerby/kerb-client/2.1.0/kerb-client-2.1.0.jar
Downloading from central: https://repo.maven.apache.org/maven2/org/apache/kerby/token-provider/2.1.0/token-provider-2.1.0.jar
Progress (2): 33/93 MB | 17/18 MBProgress (2): 33/93 MB | 17/18 MBProgress (2): 33/93 MB | 17/18 MBProgress (2): 33/93 MB | 17/18 MBProgress (2): 33/93 MB | 17/18 MBProgress (2): 33/93 MB | 17/18 MBProgress (2): 33/93 MB | 17/18 MBProgress (2): 33/93 MB | 17/18 MBProgress (2): 33/93 MB | 17/18 MBProgress (2): 33/93 MB | 17/18 MBProgress (2): 33/93 MB | 17/18 MBProgress (2): 33/93 MB | 17/18 MBProgress (2): 33/93 MB | 17/18 MBProgress (2): 33/93 MB | 17/18 MBProgress (2): 33/93 MB | 17/18 MBProgress (2): 33/93 MB | 17/18 MBProgress (2): 33/93 MB | 17/18 MBProgress (2): 33/93 MB | 17/18 MBProgress (2): 34/93 MB | 17/18 MBProgress (2): 34/93 MB | 17/18 MBProgress (2): 34/93 MB | 17/18 MBProgress (2): 34/93 MB | 17/18 MBProgress (2): 34/93 MB | 17/18 MBProgress (2): 34/93 MB | 17/18 MBProgress (2): 34/93 MB | 17/18 MBProgress (2): 34/93 MB | 17/18 MBProgress (2): 34/93 MB | 17/18 MBProgress (2): 34/93 MB | 17/18 MBProgress (2): 34/93 MB | 17/18 MBProgress (2): 34/93 MB | 17/18 MBProgress (2): 34/93 MB | 17/18 MBProgress (2): 34/93 MB | 17/18 MBProgress (2): 34/93 MB | 17/18 MBProgress (2): 34/93 MB | 17/18 MBProgress (2): 34/93 MB | 17/18 MBProgress (2): 34/93 MB | 17/18 MBProgress (2): 34/93 MB | 17/18 MBProgress (2): 34/93 MB | 17/18 MBProgress (2): 34/93 MB | 17/18 MBProgress (2): 34/93 MB | 17/18 MBProgress (2): 34/93 MB | 17/18 MBProgress (2): 34/93 MB | 17/18 MBProgress (2): 34/93 MB | 17/18 MBProgress (2): 34/93 MB | 17/18 MBProgress (2): 34/93 MB | 17/18 MBProgress (2): 34/93 MB | 17/18 MBProgress (2): 34/93 MB | 17/18 MBProgress (2): 34/93 MB | 17/18 MBProgress (2): 34/93 MB | 17/18 MBProgress (2): 34/93 MB | 17/18 MBProgress (2): 34/93 MB | 17/18 MBProgress (2): 34/93 MB | 17/18 MBProgress (2): 34/93 MB | 17/18 MBProgress (2): 34/93 MB | 17/18 MBProgress (2): 34/93 MB | 17/18 MBProgress (2): 34/93 MB | 17/18 MBProgress (2): 34/93 MB | 17/18 MBProgress (2): 34/93 MB | 17/18 MBProgress (2): 34/93 MB | 17/18 MBProgress (2): 34/93 MB | 17/18 MBProgress (2): 34/93 MB | 17/18 MBProgress (2): 34/93 MB | 17/18 MBProgress (2): 34/93 MB | 17/18 MBProgress (2): 34/93 MB | 18/18 MBProgress (2): 34/93 MB | 18/18 MBProgress (2): 34/93 MB | 18/18 MBProgress (2): 34/93 MB | 18/18 MBProgress (2): 34/93 MB | 18/18 MBProgress (2): 34/93 MB | 18/18 MBProgress (2): 34/93 MB | 18/18 MBProgress (2): 34/93 MB | 18/18 MBProgress (2): 34/93 MB | 18/18 MBProgress (2): 34/93 MB | 18/18 MBProgress (2): 34/93 MB | 18/18 MBProgress (2): 34/93 MB | 18/18 MBProgress (2): 34/93 MB | 18/18 MBProgress (2): 34/93 MB | 18/18 MBProgress (2): 34/93 MB | 18/18 MBProgress (2): 34/93 MB | 18/18 MBProgress (2): 34/93 MB | 18/18 MBProgress (2): 34/93 MB | 18/18 MBProgress (2): 34/93 MB | 18/18 MBProgress (2): 34/93 MB | 18/18 MBProgress (2): 34/93 MB | 18 MB                                 Downloaded from central: https://repo.maven.apache.org/maven2/org/testcontainers/testcontainers/1.19.3/testcontainers-1.19.3.jar (18 MB at 4.1 MB/s)
Downloading from central: https://repo.maven.apache.org/maven2/com/nimbusds/nimbus-jose-jwt/9.40/nimbus-jose-jwt-9.40.jar
Progress (1): 34/93 MBProgress (1): 34/93 MBProgress (1): 34/93 MBProgress (1): 34/93 MBProgress (1): 34/93 MBProgress (1): 34/93 MBProgress (1): 34/93 MBProgress (1): 34/93 MBProgress (1): 34/93 MBProgress (1): 34/93 MBProgress (1): 34/93 MBProgress (1): 34/93 MBProgress (1): 34/93 MBProgress (2): 34/93 MB | 7.7/19 kBProgress (2): 34/93 MB | 7.7/19 kBProgress (2): 34/93 MB | 16/19 kB Progress (2): 34/93 MB | 19 kB   Progress (2): 34/93 MB | 19 kBProgress (2): 34/93 MB | 19 kBProgress (2): 34/93 MB | 19 kBProgress (2): 34/93 MB | 19 kBProgress (2): 34/93 MB | 19 kBProgress (2): 34/93 MB | 19 kBProgress (2): 34/93 MB | 19 kBProgress (2): 34/93 MB | 19 kBProgress (2): 34/93 MB | 19 kBProgress (2): 34/93 MB | 19 kBProgress (2): 34/93 MB | 19 kBProgress (2): 34/93 MB | 19 kBProgress (3): 34/93 MB | 19 kB | 7.7/116 kBProgress (3): 34/93 MB | 19 kB | 16/116 kB Progress (3): 34/93 MB | 19 kB | 32/116 kBProgress (3): 34/93 MB | 19 kB | 32/116 kBProgress (3): 34/93 MB | 19 kB | 48/116 kBProgress (3): 34/93 MB | 19 kB | 65/116 kB                                          Downloaded from central: https://repo.maven.apache.org/maven2/org/apache/kerby/token-provider/2.1.0/token-provider-2.1.0.jar (19 kB at 4.4 kB/s)
Progress (2): 34/93 MB | 65/116 kB                                  Downloading from central: https://repo.maven.apache.org/maven2/org/apache/kerby/kerb-core/1.1.0/kerb-core-1.1.0.jar
Progress (2): 34/93 MB | 65/116 kBProgress (2): 34/93 MB | 65/116 kBProgress (2): 34/93 MB | 65/116 kBProgress (2): 34/93 MB | 81/116 kBProgress (2): 34/93 MB | 98/116 kBProgress (2): 34/93 MB | 114/116 kBProgress (2): 34/93 MB | 116 kB                                   Downloaded from central: https://repo.maven.apache.org/maven2/org/apache/kerby/kerb-client/2.1.0/kerb-client-2.1.0.jar (116 kB at 27 kB/s)
Downloading from central: https://repo.maven.apache.org/maven2/org/apache/kerby/kerby-pkix/1.1.0/kerby-pkix-1.1.0.jar
Progress (1): 34/93 MBProgress (1): 34/93 MBProgress (1): 34/93 MBProgress (1): 34/93 MBProgress (1): 35/93 MBProgress (1): 35/93 MBProgress (1): 35/93 MBProgress (1): 35/93 MBProgress (1): 35/93 MBProgress (1): 35/93 MBProgress (1): 35/93 MBProgress (1): 35/93 MBProgress (1): 35/93 MBProgress (1): 35/93 MBProgress (1): 35/93 MBProgress (1): 35/93 MBProgress (1): 35/93 MBProgress (1): 35/93 MBProgress (1): 35/93 MBProgress (1): 35/93 MBProgress (1): 35/93 MBProgress (1): 35/93 MBProgress (1): 35/93 MBProgress (1): 35/93 MBProgress (1): 35/93 MBProgress (1): 35/93 MBProgress (1): 35/93 MBProgress (1): 35/93 MBProgress (1): 35/93 MBProgress (1): 35/93 MBProgress (1): 35/93 MBProgress (1): 35/93 MBProgress (1): 35/93 MBProgress (1): 35/93 MBProgress (1): 35/93 MBProgress (1): 35/93 MBProgress (1): 35/93 MBProgress (1): 35/93 MBProgress (1): 35/93 MBProgress (1): 35/93 MBProgress (1): 35/93 MBProgress (1): 35/93 MBProgress (1): 35/93 MBProgress (1): 35/93 MBProgress (1): 35/93 MBProgress (1): 35/93 MBProgress (1): 35/93 MBProgress (1): 35/93 MBProgress (1): 35/93 MBProgress (2): 35/93 MB | 7.7/811 kBProgress (2): 35/93 MB | 16/811 kB Progress (2): 35/93 MB | 16/811 kBProgress (2): 35/93 MB | 16/811 kBProgress (2): 35/93 MB | 16/811 kBProgress (2): 35/93 MB | 16/811 kBProgress (2): 35/93 MB | 16/811 kBProgress (2): 35/93 MB | 16/811 kBProgress (2): 35/93 MB | 16/811 kBProgress (2): 35/93 MB | 16/811 kBProgress (2): 35/93 MB | 16/811 kBProgress (2): 35/93 MB | 16/811 kBProgress (2): 35/93 MB | 16/811 kBProgress (2): 35/93 MB | 16/811 kBProgress (2): 35/93 MB | 16/811 kBProgress (2): 35/93 MB | 16/811 kBProgress (2): 35/93 MB | 16/811 kBProgress (2): 35/93 MB | 16/811 kBProgress (2): 36/93 MB | 16/811 kBProgress (2): 36/93 MB | 16/811 kBProgress (2): 36/93 MB | 32/811 kBProgress (2): 36/93 MB | 49/811 kBProgress (2): 36/93 MB | 65/811 kBProgress (2): 36/93 MB | 81/811 kBProgress (2): 36/93 MB | 98/811 kBProgress (2): 36/93 MB | 114/811 kBProgress (2): 36/93 MB | 131/811 kBProgress (2): 36/93 MB | 147/811 kBProgress (3): 36/93 MB | 147/811 kB | 7.4 kBProgress (3): 36/93 MB | 163/811 kB | 7.4 kB                                            Downloaded from central: https://repo.maven.apache.org/maven2/org/apache/kerby/kerb-client-api-all/2.1.0/kerb-client-api-all-2.1.0.jar (7.4 kB at 1.7 kB/s)
Progress (3): 36/93 MB | 163/811 kB | 7.7/205 kBProgress (3): 36/93 MB | 163/811 kB | 16/205 kB Progress (3): 36/93 MB | 180/811 kB | 16/205 kBProgress (3): 36/93 MB | 196/811 kB | 16/205 kBProgress (3): 36/93 MB | 213/811 kB | 16/205 kBProgress (3): 36/93 MB | 229/811 kB | 16/205 kBProgress (3): 36/93 MB | 229/811 kB | 32/205 kBProgress (3): 36/93 MB | 229/811 kB | 49/205 kBProgress (3): 36/93 MB | 245/811 kB | 49/205 kBProgress (3): 36/93 MB | 262/811 kB | 49/205 kBProgress (3): 36/93 MB | 262/811 kB | 65/205 kBProgress (3): 36/93 MB | 262/811 kB | 81/205 kBProgress (3): 36/93 MB | 278/811 kB | 81/205 kBProgress (3): 36/93 MB | 278/811 kB | 98/205 kBProgress (3): 36/93 MB | 294/811 kB | 98/205 kBProgress (3): 36/93 MB | 311/811 kB | 98/205 kBProgress (3): 36/93 MB | 327/811 kB | 98/205 kBProgress (3): 36/93 MB | 344/811 kB | 98/205 kBProgress (3): 36/93 MB | 360/811 kB | 98/205 kBProgress (3): 36/93 MB | 376/811 kB | 98/205 kBProgress (3): 36/93 MB | 393/811 kB | 98/205 kBProgress (3): 36/93 MB | 409/811 kB | 98/205 kBProgress (3): 36/93 MB | 426/811 kB | 98/205 kBProgress (3): 36/93 MB | 442/811 kB | 98/205 kBProgress (3): 36/93 MB | 458/811 kB | 98/205 kBProgress (3): 36/93 MB | 475/811 kB | 98/205 kBProgress (3): 36/93 MB | 475/811 kB | 114/205 kBProgress (3): 36/93 MB | 475/811 kB | 114/205 kBProgress (3): 36/93 MB | 475/811 kB | 131/205 kBProgress (3): 36/93 MB | 475/811 kB | 147/205 kBProgress (3): 36/93 MB | 475/811 kB | 163/205 kBProgress (3): 36/93 MB | 475/811 kB | 163/205 kBProgress (3): 36/93 MB | 475/811 kB | 163/205 kBProgress (3): 36/93 MB | 475/811 kB | 163/205 kBProgress (3): 36/93 MB | 475/811 kB | 163/205 kBProgress (3): 36/93 MB | 475/811 kB | 163/205 kBProgress (3): 36/93 MB | 475/811 kB | 163/205 kBProgress (3): 36/93 MB | 475/811 kB | 163/205 kBProgress (3): 36/93 MB | 475/811 kB | 180/205 kBProgress (3): 36/93 MB | 475/811 kB | 196/205 kBProgress (3): 36/93 MB | 475/811 kB | 205 kB    Progress (3): 36/93 MB | 475/811 kB | 205 kB                                            Downloaded from central: https://repo.maven.apache.org/maven2/org/apache/kerby/kerby-pkix/1.1.0/kerby-pkix-1.1.0.jar (205 kB at 47 kB/s)
Progress (2): 36/93 MB | 475/811 kBProgress (2): 36/93 MB | 475/811 kBProgress (2): 36/93 MB | 475/811 kBProgress (2): 36/93 MB | 475/811 kBProgress (2): 36/93 MB | 475/811 kBProgress (2): 36/93 MB | 475/811 kBProgress (2): 36/93 MB | 475/811 kBProgress (2): 36/93 MB | 475/811 kBProgress (2): 36/93 MB | 475/811 kBProgress (2): 36/93 MB | 491/811 kBProgress (2): 36/93 MB | 507/811 kBProgress (2): 36/93 MB | 524/811 kBProgress (2): 36/93 MB | 540/811 kBProgress (2): 36/93 MB | 557/811 kBProgress (2): 36/93 MB | 573/811 kBProgress (2): 36/93 MB | 589/811 kBProgress (2): 36/93 MB | 606/811 kBProgress (2): 36/93 MB | 622/811 kBProgress (2): 36/93 MB | 639/811 kBProgress (2): 36/93 MB | 655/811 kBProgress (2): 36/93 MB | 671/811 kBProgress (2): 36/93 MB | 688/811 kBProgress (2): 36/93 MB | 704/811 kBProgress (2): 36/93 MB | 720/811 kBProgress (2): 36/93 MB | 737/811 kBProgress (2): 36/93 MB | 753/811 kBProgress (2): 36/93 MB | 753/811 kBProgress (2): 36/93 MB | 753/811 kBProgress (2): 36/93 MB | 753/811 kBProgress (2): 36/93 MB | 753/811 kBProgress (2): 36/93 MB | 753/811 kBProgress (2): 36/93 MB | 753/811 kBProgress (2): 36/93 MB | 753/811 kBProgress (2): 36/93 MB | 753/811 kBProgress (2): 36/93 MB | 753/811 kBProgress (2): 36/93 MB | 753/811 kBProgress (2): 36/93 MB | 753/811 kBProgress (2): 36/93 MB | 753/811 kBProgress (2): 36/93 MB | 753/811 kBProgress (2): 36/93 MB | 753/811 kBProgress (2): 36/93 MB | 753/811 kBProgress (2): 36/93 MB | 753/811 kBProgress (2): 36/93 MB | 753/811 kBProgress (2): 36/93 MB | 753/811 kBProgress (2): 36/93 MB | 753/811 kBProgress (2): 36/93 MB | 770/811 kBProgress (2): 36/93 MB | 786/811 kBProgress (2): 36/93 MB | 802/811 kBProgress (2): 36/93 MB | 811 kB                                   Downloaded from central: https://repo.maven.apache.org/maven2/com/nimbusds/nimbus-jose-jwt/9.40/nimbus-jose-jwt-9.40.jar (811 kB at 187 kB/s)
Progress (1): 36/93 MBProgress (1): 36/93 MBProgress (1): 36/93 MBProgress (1): 36/93 MBProgress (1): 36/93 MBProgress (1): 36/93 MBProgress (1): 36/93 MBProgress (1): 36/93 MBProgress (1): 36/93 MBProgress (1): 36/93 MBProgress (1): 36/93 MBProgress (1): 36/93 MBProgress (1): 36/93 MBProgress (1): 36/93 MBProgress (1): 36/93 MBProgress (1): 36/93 MBProgress (1): 36/93 MBProgress (1): 36/93 MBProgress (1): 36/93 MBProgress (1): 36/93 MBProgress (1): 36/93 MBProgress (1): 36/93 MBProgress (1): 36/93 MBProgress (1): 36/93 MBProgress (1): 36/93 MBProgress (1): 36/93 MBProgress (1): 37/93 MBProgress (1): 37/93 MBProgress (1): 37/93 MBProgress (1): 37/93 MBProgress (1): 37/93 MBProgress (1): 37/93 MBProgress (1): 37/93 MBProgress (1): 37/93 MBProgress (1): 37/93 MBProgress (1): 37/93 MBProgress (1): 37/93 MBProgress (1): 37/93 MBProgress (1): 37/93 MBProgress (1): 37/93 MBProgress (1): 37/93 MBProgress (1): 37/93 MBProgress (1): 37/93 MBProgress (1): 37/93 MBProgress (1): 37/93 MBProgress (1): 37/93 MBProgress (1): 37/93 MBProgress (1): 37/93 MBProgress (1): 37/93 MBProgress (1): 37/93 MBProgress (1): 37/93 MBProgress (1): 37/93 MBProgress (1): 37/93 MBProgress (1): 37/93 MBProgress (1): 37/93 MBProgress (1): 37/93 MBProgress (1): 37/93 MBProgress (1): 37/93 MBProgress (1): 37/93 MBProgress (1): 37/93 MBProgress (1): 37/93 MBProgress (1): 37/93 MBProgress (1): 37/93 MBProgress (1): 37/93 MBProgress (1): 37/93 MBProgress (1): 37/93 MBProgress (1): 37/93 MBProgress (1): 37/93 MBProgress (1): 37/93 MBProgress (1): 37/93 MBProgress (1): 37/93 MBProgress (1): 37/93 MBProgress (1): 37/93 MBProgress (1): 37/93 MBProgress (1): 37/93 MBProgress (1): 37/93 MBProgress (1): 37/93 MBProgress (1): 37/93 MBProgress (1): 37/93 MBProgress (1): 37/93 MBProgress (1): 37/93 MBProgress (1): 37/93 MBProgress (1): 37/93 MBProgress (1): 37/93 MBProgress (1): 37/93 MBProgress (1): 37/93 MBProgress (1): 37/93 MBProgress (1): 37/93 MBProgress (1): 37/93 MBProgress (1): 38/93 MBProgress (1): 38/93 MBProgress (1): 38/93 MBProgress (1): 38/93 MBProgress (1): 38/93 MBProgress (1): 38/93 MBProgress (1): 38/93 MBProgress (1): 38/93 MBProgress (1): 38/93 MBProgress (1): 38/93 MBProgress (1): 38/93 MBProgress (1): 38/93 MBProgress (1): 38/93 MBProgress (1): 38/93 MBProgress (1): 38/93 MBProgress (1): 38/93 MBProgress (1): 38/93 MBProgress (1): 38/93 MBProgress (1): 38/93 MBProgress (1): 38/93 MBProgress (1): 38/93 MBProgress (1): 38/93 MBProgress (2): 38/93 MB | 8.2/228 kBProgress (2): 38/93 MB | 8.2/228 kBProgress (2): 38/93 MB | 16/228 kB Progress (2): 38/93 MB | 16/228 kBProgress (2): 38/93 MB | 16/228 kBProgress (2): 38/93 MB | 16/228 kBProgress (2): 38/93 MB | 16/228 kBProgress (2): 38/93 MB | 16/228 kBProgress (2): 38/93 MB | 16/228 kBProgress (2): 38/93 MB | 16/228 kBProgress (2): 38/93 MB | 16/228 kBProgress (2): 38/93 MB | 33/228 kBProgress (2): 38/93 MB | 41/228 kBProgress (2): 38/93 MB | 41/228 kBProgress (2): 38/93 MB | 41/228 kBProgress (2): 38/93 MB | 41/228 kBProgress (2): 38/93 MB | 57/228 kBProgress (2): 38/93 MB | 57/228 kBProgress (2): 38/93 MB | 57/228 kBProgress (2): 38/93 MB | 66/228 kBProgress (2): 38/93 MB | 66/228 kBProgress (2): 38/93 MB | 66/228 kBProgress (2): 38/93 MB | 66/228 kBProgress (2): 38/93 MB | 66/228 kBProgress (2): 38/93 MB | 66/228 kBProgress (2): 38/93 MB | 66/228 kBProgress (2): 38/93 MB | 66/228 kBProgress (2): 38/93 MB | 66/228 kBProgress (2): 38/93 MB | 66/228 kBProgress (2): 38/93 MB | 66/228 kBProgress (2): 38/93 MB | 66/228 kBProgress (2): 38/93 MB | 66/228 kBProgress (2): 38/93 MB | 66/228 kBProgress (2): 38/93 MB | 66/228 kBProgress (2): 38/93 MB | 82/228 kBProgress (2): 38/93 MB | 82/228 kBProgress (2): 38/93 MB | 98/228 kBProgress (2): 38/93 MB | 98/228 kBProgress (2): 38/93 MB | 115/228 kBProgress (2): 38/93 MB | 115/228 kBProgress (2): 38/93 MB | 131/228 kBProgress (2): 38/93 MB | 131/228 kBProgress (2): 38/93 MB | 147/228 kBProgress (2): 38/93 MB | 164/228 kBProgress (2): 38/93 MB | 180/228 kBProgress (2): 38/93 MB | 180/228 kBProgress (2): 38/93 MB | 197/228 kBProgress (2): 38/93 MB | 197/228 kBProgress (2): 38/93 MB | 213/228 kBProgress (2): 38/93 MB | 213/228 kBProgress (2): 38/93 MB | 228 kB    Progress (2): 38/93 MB | 228 kBProgress (2): 38/93 MB | 228 kBProgress (2): 38/93 MB | 228 kBProgress (2): 38/93 MB | 228 kBProgress (2): 38/93 MB | 228 kBProgress (2): 39/93 MB | 228 kB                               Downloaded from central: https://repo.maven.apache.org/maven2/org/apache/kerby/kerb-core/1.1.0/kerb-core-1.1.0.jar (228 kB at 52 kB/s)
Progress (1): 39/93 MBProgress (1): 39/93 MBProgress (1): 39/93 MBProgress (1): 39/93 MBProgress (1): 39/93 MBProgress (1): 39/93 MBProgress (1): 39/93 MBProgress (1): 39/93 MBProgress (1): 39/93 MBProgress (1): 39/93 MBProgress (1): 39/93 MBProgress (1): 39/93 MBProgress (1): 39/93 MBProgress (1): 39/93 MBProgress (1): 39/93 MBProgress (1): 39/93 MBProgress (1): 39/93 MBProgress (1): 39/93 MBProgress (1): 39/93 MBProgress (1): 39/93 MBProgress (1): 39/93 MBProgress (1): 39/93 MBProgress (1): 39/93 MBProgress (1): 39/93 MBProgress (1): 39/93 MBProgress (1): 39/93 MBProgress (1): 39/93 MBProgress (1): 39/93 MBProgress (1): 39/93 MBProgress (1): 39/93 MBProgress (1): 39/93 MBProgress (1): 39/93 MBProgress (1): 39/93 MBProgress (1): 39/93 MBProgress (1): 39/93 MBProgress (1): 39/93 MBProgress (1): 39/93 MBProgress (1): 39/93 MBProgress (1): 39/93 MBProgress (1): 39/93 MBProgress (1): 39/93 MBProgress (1): 39/93 MBProgress (1): 39/93 MBProgress (1): 39/93 MBProgress (1): 39/93 MBProgress (1): 39/93 MBProgress (1): 39/93 MBProgress (1): 39/93 MBProgress (1): 39/93 MBProgress (1): 39/93 MBProgress (1): 39/93 MBProgress (1): 39/93 MBProgress (1): 39/93 MBProgress (1): 39/93 MBProgress (1): 39/93 MBProgress (1): 39/93 MBProgress (1): 39/93 MBProgress (1): 39/93 MBProgress (1): 39/93 MBProgress (1): 39/93 MBProgress (1): 39/93 MBProgress (1): 40/93 MBProgress (1): 40/93 MBProgress (1): 40/93 MBProgress (1): 40/93 MBProgress (1): 40/93 MBProgress (1): 40/93 MBProgress (1): 40/93 MBProgress (1): 40/93 MBProgress (1): 40/93 MBProgress (1): 40/93 MBProgress (1): 40/93 MBProgress (1): 40/93 MBProgress (1): 40/93 MBProgress (1): 40/93 MBProgress (1): 40/93 MBProgress (1): 40/93 MBProgress (1): 40/93 MBProgress (1): 40/93 MBProgress (1): 40/93 MBProgress (1): 40/93 MBProgress (1): 40/93 MBProgress (1): 40/93 MBProgress (1): 40/93 MBProgress (1): 40/93 MBProgress (1): 40/93 MBProgress (1): 40/93 MBProgress (1): 40/93 MBProgress (1): 40/93 MBProgress (1): 40/93 MBProgress (1): 40/93 MBProgress (1): 40/93 MBProgress (1): 40/93 MBProgress (1): 40/93 MBProgress (1): 40/93 MBProgress (1): 40/93 MBProgress (1): 40/93 MBProgress (1): 40/93 MBProgress (1): 40/93 MBProgress (1): 40/93 MBProgress (1): 40/93 MBProgress (1): 40/93 MBProgress (1): 40/93 MBProgress (1): 40/93 MBProgress (1): 40/93 MBProgress (1): 40/93 MBProgress (1): 40/93 MBProgress (1): 40/93 MBProgress (1): 40/93 MBProgress (1): 40/93 MBProgress (1): 40/93 MBProgress (1): 40/93 MBProgress (1): 40/93 MBProgress (1): 40/93 MBProgress (1): 40/93 MBProgress (1): 40/93 MBProgress (1): 40/93 MBProgress (1): 40/93 MBProgress (1): 40/93 MBProgress (1): 40/93 MBProgress (1): 40/93 MBProgress (1): 40/93 MBProgress (1): 40/93 MBProgress (1): 41/93 MBProgress (1): 41/93 MBProgress (1): 41/93 MBProgress (1): 41/93 MBProgress (1): 41/93 MBProgress (1): 41/93 MBProgress (1): 41/93 MBProgress (1): 41/93 MBProgress (1): 41/93 MBProgress (1): 41/93 MBProgress (1): 41/93 MBProgress (1): 41/93 MBProgress (1): 41/93 MBProgress (1): 41/93 MBProgress (1): 41/93 MBProgress (1): 41/93 MBProgress (1): 41/93 MBProgress (1): 41/93 MBProgress (1): 41/93 MBProgress (1): 41/93 MBProgress (1): 41/93 MBProgress (1): 41/93 MBProgress (1): 41/93 MBProgress (1): 41/93 MBProgress (1): 41/93 MBProgress (1): 41/93 MBProgress (1): 41/93 MBProgress (1): 41/93 MBProgress (1): 41/93 MBProgress (1): 41/93 MBProgress (1): 41/93 MBProgress (1): 41/93 MBProgress (1): 41/93 MBProgress (1): 41/93 MBProgress (1): 41/93 MBProgress (1): 41/93 MBProgress (1): 41/93 MBProgress (1): 41/93 MBProgress (1): 41/93 MBProgress (1): 41/93 MBProgress (1): 41/93 MBProgress (1): 41/93 MBProgress (1): 41/93 MBProgress (1): 41/93 MBProgress (1): 41/93 MBProgress (1): 41/93 MBProgress (1): 41/93 MBProgress (1): 41/93 MBProgress (1): 41/93 MBProgress (1): 41/93 MBProgress (1): 41/93 MBProgress (1): 41/93 MBProgress (1): 41/93 MBProgress (1): 41/93 MBProgress (1): 41/93 MBProgress (1): 41/93 MBProgress (1): 41/93 MBProgress (1): 41/93 MBProgress (1): 41/93 MBProgress (1): 41/93 MBProgress (1): 41/93 MBProgress (1): 41/93 MBProgress (1): 41/93 MBProgress (1): 42/93 MBProgress (1): 42/93 MBProgress (1): 42/93 MBProgress (1): 42/93 MBProgress (1): 42/93 MBProgress (1): 42/93 MBProgress (1): 42/93 MBProgress (1): 42/93 MBProgress (1): 42/93 MBProgress (1): 42/93 MBProgress (1): 42/93 MBProgress (1): 42/93 MBProgress (1): 42/93 MBProgress (1): 42/93 MBProgress (1): 42/93 MBProgress (1): 42/93 MBProgress (1): 42/93 MBProgress (1): 42/93 MBProgress (1): 42/93 MBProgress (1): 42/93 MBProgress (1): 42/93 MBProgress (1): 42/93 MBProgress (1): 42/93 MBProgress (1): 42/93 MBProgress (1): 42/93 MBProgress (1): 42/93 MBProgress (1): 42/93 MBProgress (1): 42/93 MBProgress (1): 42/93 MBProgress (1): 42/93 MBProgress (1): 42/93 MBProgress (1): 42/93 MBProgress (1): 42/93 MBProgress (1): 42/93 MBProgress (1): 42/93 MBProgress (1): 42/93 MBProgress (1): 42/93 MBProgress (1): 42/93 MBProgress (1): 42/93 MBProgress (1): 42/93 MBProgress (1): 42/93 MBProgress (1): 42/93 MBProgress (1): 42/93 MBProgress (1): 42/93 MBProgress (1): 42/93 MBProgress (1): 42/93 MBProgress (1): 42/93 MBProgress (1): 42/93 MBProgress (1): 42/93 MBProgress (1): 42/93 MBProgress (1): 42/93 MBProgress (1): 42/93 MBProgress (1): 42/93 MBProgress (1): 42/93 MBProgress (1): 42/93 MBProgress (1): 42/93 MBProgress (1): 42/93 MBProgress (1): 42/93 MBProgress (1): 42/93 MBProgress (1): 42/93 MBProgress (1): 42/93 MBProgress (1): 42/93 MBProgress (1): 42/93 MBProgress (1): 43/93 MBProgress (1): 43/93 MBProgress (1): 43/93 MBProgress (1): 43/93 MBProgress (1): 43/93 MBProgress (1): 43/93 MBProgress (1): 43/93 MBProgress (1): 43/93 MBProgress (1): 43/93 MBProgress (1): 43/93 MBProgress (1): 43/93 MBProgress (1): 43/93 MBProgress (1): 43/93 MBProgress (1): 43/93 MBProgress (1): 43/93 MBProgress (1): 43/93 MBProgress (1): 43/93 MBProgress (1): 43/93 MBProgress (1): 43/93 MBProgress (1): 43/93 MBProgress (1): 43/93 MBProgress (1): 43/93 MBProgress (1): 43/93 MBProgress (1): 43/93 MBProgress (1): 43/93 MBProgress (1): 43/93 MBProgress (1): 43/93 MBProgress (1): 43/93 MBProgress (1): 43/93 MBProgress (1): 43/93 MBProgress (1): 43/93 MBProgress (1): 43/93 MBProgress (1): 43/93 MBProgress (1): 43/93 MBProgress (1): 43/93 MBProgress (1): 43/93 MBProgress (1): 43/93 MBProgress (1): 43/93 MBProgress (1): 43/93 MBProgress (1): 43/93 MBProgress (1): 43/93 MBProgress (1): 43/93 MBProgress (1): 43/93 MBProgress (1): 43/93 MBProgress (1): 43/93 MBProgress (1): 43/93 MBProgress (1): 43/93 MBProgress (1): 43/93 MBProgress (1): 43/93 MBProgress (1): 43/93 MBProgress (1): 43/93 MBProgress (1): 43/93 MBProgress (1): 43/93 MBProgress (1): 43/93 MBProgress (1): 43/93 MBProgress (1): 43/93 MBProgress (1): 43/93 MBProgress (1): 43/93 MBProgress (1): 43/93 MBProgress (1): 43/93 MBProgress (1): 43/93 MBProgress (1): 43/93 MBProgress (1): 44/93 MBProgress (1): 44/93 MBProgress (1): 44/93 MBProgress (1): 44/93 MBProgress (1): 44/93 MBProgress (1): 44/93 MBProgress (1): 44/93 MBProgress (1): 44/93 MBProgress (1): 44/93 MBProgress (1): 44/93 MBProgress (1): 44/93 MBProgress (1): 44/93 MBProgress (1): 44/93 MBProgress (1): 44/93 MBProgress (1): 44/93 MBProgress (1): 44/93 MBProgress (1): 44/93 MBProgress (1): 44/93 MBProgress (1): 44/93 MBProgress (1): 44/93 MBProgress (1): 44/93 MBProgress (1): 44/93 MBProgress (1): 44/93 MBProgress (1): 44/93 MBProgress (1): 44/93 MBProgress (1): 44/93 MBProgress (1): 44/93 MBProgress (1): 44/93 MBProgress (1): 44/93 MBProgress (1): 44/93 MBProgress (1): 44/93 MBProgress (1): 44/93 MBProgress (1): 44/93 MBProgress (1): 44/93 MBProgress (1): 44/93 MBProgress (1): 44/93 MBProgress (1): 44/93 MBProgress (1): 44/93 MBProgress (1): 44/93 MBProgress (1): 44/93 MBProgress (1): 44/93 MBProgress (1): 44/93 MBProgress (1): 44/93 MBProgress (1): 44/93 MBProgress (1): 44/93 MBProgress (1): 44/93 MBProgress (1): 44/93 MBProgress (1): 44/93 MBProgress (1): 44/93 MBProgress (1): 44/93 MBProgress (1): 44/93 MBProgress (1): 44/93 MBProgress (1): 44/93 MBProgress (1): 44/93 MBProgress (1): 44/93 MBProgress (1): 44/93 MBProgress (1): 44/93 MBProgress (1): 44/93 MBProgress (1): 44/93 MBProgress (1): 44/93 MBProgress (1): 44/93 MBProgress (1): 45/93 MBProgress (1): 45/93 MBProgress (1): 45/93 MBProgress (1): 45/93 MBProgress (1): 45/93 MBProgress (1): 45/93 MBProgress (1): 45/93 MBProgress (1): 45/93 MBProgress (1): 45/93 MBProgress (1): 45/93 MBProgress (1): 45/93 MBProgress (1): 45/93 MBProgress (1): 45/93 MBProgress (1): 45/93 MBProgress (1): 45/93 MBProgress (1): 45/93 MBProgress (1): 45/93 MBProgress (1): 45/93 MBProgress (1): 45/93 MBProgress (1): 45/93 MBProgress (1): 45/93 MBProgress (1): 45/93 MBProgress (1): 45/93 MBProgress (1): 45/93 MBProgress (1): 45/93 MBProgress (1): 45/93 MBProgress (1): 45/93 MBProgress (1): 45/93 MBProgress (1): 45/93 MBProgress (1): 45/93 MBProgress (1): 45/93 MBProgress (1): 45/93 MBProgress (1): 45/93 MBProgress (1): 45/93 MBProgress (1): 45/93 MBProgress (1): 45/93 MBProgress (1): 45/93 MBProgress (1): 45/93 MBProgress (1): 45/93 MBProgress (1): 45/93 MBProgress (1): 45/93 MBProgress (1): 45/93 MBProgress (1): 45/93 MBProgress (1): 45/93 MBProgress (1): 45/93 MBProgress (1): 45/93 MBProgress (1): 45/93 MBProgress (1): 45/93 MBProgress (1): 45/93 MBProgress (1): 45/93 MBProgress (1): 45/93 MBProgress (1): 45/93 MBProgress (1): 45/93 MBProgress (1): 45/93 MBProgress (1): 45/93 MBProgress (1): 45/93 MBProgress (1): 45/93 MBProgress (1): 45/93 MBProgress (1): 45/93 MBProgress (1): 45/93 MBProgress (1): 45/93 MBProgress (1): 45/93 MBProgress (1): 45/93 MBProgress (1): 45/93 MBProgress (1): 46/93 MBProgress (1): 46/93 MBProgress (1): 46/93 MBProgress (1): 46/93 MBProgress (1): 46/93 MBProgress (1): 46/93 MBProgress (1): 46/93 MBProgress (1): 46/93 MBProgress (1): 46/93 MBProgress (1): 46/93 MBProgress (1): 46/93 MBProgress (1): 46/93 MBProgress (1): 46/93 MBProgress (1): 46/93 MBProgress (1): 46/93 MBProgress (1): 46/93 MBProgress (1): 46/93 MBProgress (1): 46/93 MBProgress (1): 46/93 MBProgress (1): 46/93 MBProgress (1): 46/93 MBProgress (1): 46/93 MBProgress (1): 46/93 MBProgress (1): 46/93 MBProgress (1): 46/93 MBProgress (1): 46/93 MBProgress (1): 46/93 MBProgress (1): 46/93 MBProgress (1): 46/93 MBProgress (1): 46/93 MBProgress (1): 46/93 MBProgress (1): 46/93 MBProgress (1): 46/93 MBProgress (1): 46/93 MBProgress (1): 46/93 MBProgress (1): 46/93 MBProgress (1): 46/93 MBProgress (1): 46/93 MBProgress (1): 46/93 MBProgress (1): 46/93 MBProgress (1): 46/93 MBProgress (1): 46/93 MBProgress (1): 46/93 MBProgress (1): 46/93 MBProgress (1): 46/93 MBProgress (1): 46/93 MBProgress (1): 46/93 MBProgress (1): 46/93 MBProgress (1): 46/93 MBProgress (1): 46/93 MBProgress (1): 46/93 MBProgress (1): 46/93 MBProgress (1): 46/93 MBProgress (1): 46/93 MBProgress (1): 46/93 MBProgress (1): 46/93 MBProgress (1): 46/93 MBProgress (1): 46/93 MBProgress (1): 46/93 MBProgress (1): 46/93 MBProgress (1): 46/93 MBProgress (1): 46/93 MBProgress (1): 46/93 MBProgress (1): 46/93 MBProgress (1): 47/93 MBProgress (1): 47/93 MBProgress (1): 47/93 MBProgress (1): 47/93 MBProgress (1): 47/93 MBProgress (1): 47/93 MBProgress (1): 47/93 MBProgress (1): 47/93 MBProgress (1): 47/93 MBProgress (1): 47/93 MBProgress (1): 47/93 MBProgress (1): 47/93 MBProgress (1): 47/93 MBProgress (1): 47/93 MBProgress (1): 47/93 MBProgress (1): 47/93 MBProgress (1): 47/93 MBProgress (1): 47/93 MBProgress (1): 47/93 MBProgress (1): 47/93 MBProgress (1): 47/93 MBProgress (1): 47/93 MBProgress (1): 47/93 MBProgress (1): 47/93 MBProgress (1): 47/93 MBProgress (1): 47/93 MBProgress (1): 47/93 MBProgress (1): 47/93 MBProgress (1): 47/93 MBProgress (1): 47/93 MBProgress (1): 47/93 MBProgress (1): 47/93 MBProgress (1): 47/93 MBProgress (1): 47/93 MBProgress (1): 47/93 MBProgress (1): 47/93 MBProgress (1): 47/93 MBProgress (1): 47/93 MBProgress (1): 47/93 MBProgress (1): 47/93 MBProgress (1): 47/93 MBProgress (1): 47/93 MBProgress (1): 47/93 MBProgress (1): 47/93 MBProgress (1): 47/93 MBProgress (1): 47/93 MBProgress (1): 47/93 MBProgress (1): 47/93 MBProgress (1): 47/93 MBProgress (1): 47/93 MBProgress (1): 47/93 MBProgress (1): 47/93 MBProgress (1): 47/93 MBProgress (1): 47/93 MBProgress (1): 47/93 MBProgress (1): 47/93 MBProgress (1): 47/93 MBProgress (1): 47/93 MBProgress (1): 47/93 MBProgress (1): 47/93 MBProgress (1): 47/93 MBProgress (1): 47/93 MBProgress (1): 48/93 MBProgress (1): 48/93 MBProgress (1): 48/93 MBProgress (1): 48/93 MBProgress (1): 48/93 MBProgress (1): 48/93 MBProgress (1): 48/93 MBProgress (1): 48/93 MBProgress (1): 48/93 MBProgress (1): 48/93 MBProgress (1): 48/93 MBProgress (1): 48/93 MBProgress (1): 48/93 MBProgress (1): 48/93 MBProgress (1): 48/93 MBProgress (1): 48/93 MBProgress (1): 48/93 MBProgress (1): 48/93 MBProgress (1): 48/93 MBProgress (1): 48/93 MBProgress (1): 48/93 MBProgress (1): 48/93 MBProgress (1): 48/93 MBProgress (1): 48/93 MBProgress (1): 48/93 MBProgress (1): 48/93 MBProgress (1): 48/93 MBProgress (1): 48/93 MBProgress (1): 48/93 MBProgress (1): 48/93 MBProgress (1): 48/93 MBProgress (1): 48/93 MBProgress (1): 48/93 MBProgress (1): 48/93 MBProgress (1): 48/93 MBProgress (1): 48/93 MBProgress (1): 48/93 MBProgress (1): 48/93 MBProgress (1): 48/93 MBProgress (1): 48/93 MBProgress (1): 48/93 MBProgress (1): 48/93 MBProgress (1): 48/93 MBProgress (1): 48/93 MBProgress (1): 48/93 MBProgress (1): 48/93 MBProgress (1): 48/93 MBProgress (1): 48/93 MBProgress (1): 48/93 MBProgress (1): 48/93 MBProgress (1): 48/93 MBProgress (1): 48/93 MBProgress (1): 48/93 MBProgress (1): 48/93 MBProgress (1): 48/93 MBProgress (1): 48/93 MBProgress (1): 48/93 MBProgress (1): 48/93 MBProgress (1): 48/93 MBProgress (1): 48/93 MBProgress (1): 48/93 MBProgress (1): 48/93 MBProgress (1): 49/93 MBProgress (1): 49/93 MBProgress (1): 49/93 MBProgress (1): 49/93 MBProgress (1): 49/93 MBProgress (1): 49/93 MBProgress (1): 49/93 MBProgress (1): 49/93 MBProgress (1): 49/93 MBProgress (1): 49/93 MBProgress (1): 49/93 MBProgress (1): 49/93 MBProgress (1): 49/93 MBProgress (1): 49/93 MBProgress (1): 49/93 MBProgress (1): 49/93 MBProgress (1): 49/93 MBProgress (1): 49/93 MBProgress (1): 49/93 MBProgress (1): 49/93 MBProgress (1): 49/93 MBProgress (1): 49/93 MBProgress (1): 49/93 MBProgress (1): 49/93 MBProgress (1): 49/93 MBProgress (1): 49/93 MBProgress (1): 49/93 MBProgress (1): 49/93 MBProgress (1): 49/93 MBProgress (1): 49/93 MBProgress (1): 49/93 MBProgress (1): 49/93 MBProgress (1): 49/93 MBProgress (1): 49/93 MBProgress (1): 49/93 MBProgress (1): 49/93 MBProgress (1): 49/93 MBProgress (1): 49/93 MBProgress (1): 49/93 MBProgress (1): 49/93 MBProgress (1): 49/93 MBProgress (1): 49/93 MBProgress (1): 49/93 MBProgress (1): 49/93 MBProgress (1): 49/93 MBProgress (1): 49/93 MBProgress (1): 49/93 MBProgress (1): 49/93 MBProgress (1): 49/93 MBProgress (1): 49/93 MBProgress (1): 49/93 MBProgress (1): 49/93 MBProgress (1): 49/93 MBProgress (1): 49/93 MBProgress (1): 49/93 MBProgress (1): 49/93 MBProgress (1): 49/93 MBProgress (1): 49/93 MBProgress (1): 49/93 MBProgress (1): 49/93 MBProgress (1): 49/93 MBProgress (1): 49/93 MBProgress (1): 49/93 MBProgress (1): 49/93 MBProgress (1): 49/93 MBProgress (1): 50/93 MBProgress (1): 50/93 MBProgress (1): 50/93 MBProgress (1): 50/93 MBProgress (1): 50/93 MBProgress (1): 50/93 MBProgress (1): 50/93 MBProgress (1): 50/93 MBProgress (1): 50/93 MBProgress (1): 50/93 MBProgress (1): 50/93 MBProgress (1): 50/93 MBProgress (1): 50/93 MBProgress (1): 50/93 MBProgress (1): 50/93 MBProgress (1): 50/93 MBProgress (1): 50/93 MBProgress (1): 50/93 MBProgress (1): 50/93 MBProgress (1): 50/93 MBProgress (1): 50/93 MBProgress (1): 50/93 MBProgress (1): 50/93 MBProgress (1): 50/93 MBProgress (1): 50/93 MBProgress (1): 50/93 MBProgress (1): 50/93 MBProgress (1): 50/93 MBProgress (1): 50/93 MBProgress (1): 50/93 MBProgress (1): 50/93 MBProgress (1): 50/93 MBProgress (1): 50/93 MBProgress (1): 50/93 MBProgress (1): 50/93 MBProgress (1): 50/93 MBProgress (1): 50/93 MBProgress (1): 50/93 MBProgress (1): 50/93 MBProgress (1): 50/93 MBProgress (1): 50/93 MBProgress (1): 50/93 MBProgress (1): 50/93 MBProgress (1): 50/93 MBProgress (1): 50/93 MBProgress (1): 50/93 MBProgress (1): 50/93 MBProgress (1): 50/93 MBProgress (1): 50/93 MBProgress (1): 50/93 MBProgress (1): 50/93 MBProgress (1): 50/93 MBProgress (1): 50/93 MBProgress (1): 50/93 MBProgress (1): 50/93 MBProgress (1): 50/93 MBProgress (1): 50/93 MBProgress (1): 50/93 MBProgress (1): 50/93 MBProgress (1): 50/93 MBProgress (1): 50/93 MBProgress (1): 50/93 MBProgress (1): 50/93 MBProgress (1): 50/93 MBProgress (1): 51/93 MBProgress (1): 51/93 MBProgress (1): 51/93 MBProgress (1): 51/93 MBProgress (1): 51/93 MBProgress (1): 51/93 MBProgress (1): 51/93 MBProgress (1): 51/93 MBProgress (1): 51/93 MBProgress (1): 51/93 MBProgress (1): 51/93 MBProgress (1): 51/93 MBProgress (1): 51/93 MBProgress (1): 51/93 MBProgress (1): 51/93 MBProgress (1): 51/93 MBProgress (1): 51/93 MBProgress (1): 51/93 MBProgress (1): 51/93 MBProgress (1): 51/93 MBProgress (1): 51/93 MBProgress (1): 51/93 MBProgress (1): 51/93 MBProgress (1): 51/93 MBProgress (1): 51/93 MBProgress (1): 51/93 MBProgress (1): 51/93 MBProgress (1): 51/93 MBProgress (1): 51/93 MBProgress (1): 51/93 MBProgress (1): 51/93 MBProgress (1): 51/93 MBProgress (1): 51/93 MBProgress (1): 51/93 MBProgress (1): 51/93 MBProgress (1): 51/93 MBProgress (1): 51/93 MBProgress (1): 51/93 MBProgress (1): 51/93 MBProgress (1): 51/93 MBProgress (1): 51/93 MBProgress (1): 51/93 MBProgress (1): 51/93 MBProgress (1): 51/93 MBProgress (1): 51/93 MBProgress (1): 51/93 MBProgress (1): 51/93 MBProgress (1): 51/93 MBProgress (1): 51/93 MBProgress (1): 51/93 MBProgress (1): 51/93 MBProgress (1): 51/93 MBProgress (1): 51/93 MBProgress (1): 51/93 MBProgress (1): 51/93 MBProgress (1): 51/93 MBProgress (1): 51/93 MBProgress (1): 51/93 MBProgress (1): 51/93 MBProgress (1): 51/93 MBProgress (1): 51/93 MBProgress (1): 51/93 MBProgress (1): 51/93 MBProgress (1): 51/93 MBProgress (1): 52/93 MBProgress (1): 52/93 MBProgress (1): 52/93 MBProgress (1): 52/93 MBProgress (1): 52/93 MBProgress (1): 52/93 MBProgress (1): 52/93 MBProgress (1): 52/93 MBProgress (1): 52/93 MBProgress (1): 52/93 MBProgress (1): 52/93 MBProgress (1): 52/93 MBProgress (1): 52/93 MBProgress (1): 52/93 MBProgress (1): 52/93 MBProgress (1): 52/93 MBProgress (1): 52/93 MBProgress (1): 52/93 MBProgress (1): 52/93 MBProgress (1): 52/93 MBProgress (1): 52/93 MBProgress (1): 52/93 MBProgress (1): 52/93 MBProgress (1): 52/93 MBProgress (1): 52/93 MBProgress (1): 52/93 MBProgress (1): 52/93 MBProgress (1): 52/93 MBProgress (1): 52/93 MBProgress (1): 52/93 MBProgress (1): 52/93 MBProgress (1): 52/93 MBProgress (1): 52/93 MBProgress (1): 52/93 MBProgress (1): 52/93 MBProgress (1): 52/93 MBProgress (1): 52/93 MBProgress (1): 52/93 MBProgress (1): 52/93 MBProgress (1): 52/93 MBProgress (1): 52/93 MBProgress (1): 52/93 MBProgress (1): 52/93 MBProgress (1): 52/93 MBProgress (1): 52/93 MBProgress (1): 52/93 MBProgress (1): 52/93 MBProgress (1): 52/93 MBProgress (1): 52/93 MBProgress (1): 52/93 MBProgress (1): 52/93 MBProgress (1): 52/93 MBProgress (1): 52/93 MBProgress (1): 52/93 MBProgress (1): 52/93 MBProgress (1): 52/93 MBProgress (1): 52/93 MBProgress (1): 52/93 MBProgress (1): 52/93 MBProgress (1): 52/93 MBProgress (1): 52/93 MBProgress (1): 53/93 MBProgress (1): 53/93 MBProgress (1): 53/93 MBProgress (1): 53/93 MBProgress (1): 53/93 MBProgress (1): 53/93 MBProgress (1): 53/93 MBProgress (1): 53/93 MBProgress (1): 53/93 MBProgress (1): 53/93 MBProgress (1): 53/93 MBProgress (1): 53/93 MBProgress (1): 53/93 MBProgress (1): 53/93 MBProgress (1): 53/93 MBProgress (1): 53/93 MBProgress (1): 53/93 MBProgress (1): 53/93 MBProgress (1): 53/93 MBProgress (1): 53/93 MBProgress (1): 53/93 MBProgress (1): 53/93 MBProgress (1): 53/93 MBProgress (1): 53/93 MBProgress (1): 53/93 MBProgress (1): 53/93 MBProgress (1): 53/93 MBProgress (1): 53/93 MBProgress (1): 53/93 MBProgress (1): 53/93 MBProgress (1): 53/93 MBProgress (1): 53/93 MBProgress (1): 53/93 MBProgress (1): 53/93 MBProgress (1): 53/93 MBProgress (1): 53/93 MBProgress (1): 53/93 MBProgress (1): 53/93 MBProgress (1): 53/93 MBProgress (1): 53/93 MBProgress (1): 53/93 MBProgress (1): 53/93 MBProgress (1): 53/93 MBProgress (1): 53/93 MBProgress (1): 53/93 MBProgress (1): 53/93 MBProgress (1): 53/93 MBProgress (1): 53/93 MBProgress (1): 53/93 MBProgress (1): 53/93 MBProgress (1): 53/93 MBProgress (1): 53/93 MBProgress (1): 53/93 MBProgress (1): 53/93 MBProgress (1): 53/93 MBProgress (1): 53/93 MBProgress (1): 53/93 MBProgress (1): 53/93 MBProgress (1): 53/93 MBProgress (1): 53/93 MBProgress (1): 53/93 MBProgress (1): 53/93 MBProgress (1): 54/93 MBProgress (1): 54/93 MBProgress (1): 54/93 MBProgress (1): 54/93 MBProgress (1): 54/93 MBProgress (1): 54/93 MBProgress (1): 54/93 MBProgress (1): 54/93 MBProgress (1): 54/93 MBProgress (1): 54/93 MBProgress (1): 54/93 MBProgress (1): 54/93 MBProgress (1): 54/93 MBProgress (1): 54/93 MBProgress (1): 54/93 MBProgress (1): 54/93 MBProgress (1): 54/93 MBProgress (1): 54/93 MBProgress (1): 54/93 MBProgress (1): 54/93 MBProgress (1): 54/93 MBProgress (1): 54/93 MBProgress (1): 54/93 MBProgress (1): 54/93 MBProgress (1): 54/93 MBProgress (1): 54/93 MBProgress (1): 54/93 MBProgress (1): 54/93 MBProgress (1): 54/93 MBProgress (1): 54/93 MBProgress (1): 54/93 MBProgress (1): 54/93 MBProgress (1): 54/93 MBProgress (1): 54/93 MBProgress (1): 54/93 MBProgress (1): 54/93 MBProgress (1): 54/93 MBProgress (1): 54/93 MBProgress (1): 54/93 MBProgress (1): 54/93 MBProgress (1): 54/93 MBProgress (1): 54/93 MBProgress (1): 54/93 MBProgress (1): 54/93 MBProgress (1): 54/93 MBProgress (1): 54/93 MBProgress (1): 54/93 MBProgress (1): 54/93 MBProgress (1): 54/93 MBProgress (1): 54/93 MBProgress (1): 54/93 MBProgress (1): 54/93 MBProgress (1): 54/93 MBProgress (1): 54/93 MBProgress (1): 54/93 MBProgress (1): 54/93 MBProgress (1): 54/93 MBProgress (1): 54/93 MBProgress (1): 54/93 MBProgress (1): 54/93 MBProgress (1): 54/93 MBProgress (1): 55/93 MBProgress (1): 55/93 MBProgress (1): 55/93 MBProgress (1): 55/93 MBProgress (1): 55/93 MBProgress (1): 55/93 MBProgress (1): 55/93 MBProgress (1): 55/93 MBProgress (1): 55/93 MBProgress (1): 55/93 MBProgress (1): 55/93 MBProgress (1): 55/93 MBProgress (1): 55/93 MBProgress (1): 55/93 MBProgress (1): 55/93 MBProgress (1): 55/93 MBProgress (1): 55/93 MBProgress (1): 55/93 MBProgress (1): 55/93 MBProgress (1): 55/93 MBProgress (1): 55/93 MBProgress (1): 55/93 MBProgress (1): 55/93 MBProgress (1): 55/93 MBProgress (1): 55/93 MBProgress (1): 55/93 MBProgress (1): 55/93 MBProgress (1): 55/93 MBProgress (1): 55/93 MBProgress (1): 55/93 MBProgress (1): 55/93 MBProgress (1): 55/93 MBProgress (1): 55/93 MBProgress (1): 55/93 MBProgress (1): 55/93 MBProgress (1): 55/93 MBProgress (1): 55/93 MBProgress (1): 55/93 MBProgress (1): 55/93 MBProgress (1): 55/93 MBProgress (1): 55/93 MBProgress (1): 55/93 MBProgress (1): 55/93 MBProgress (1): 55/93 MBProgress (1): 55/93 MBProgress (1): 55/93 MBProgress (1): 55/93 MBProgress (1): 55/93 MBProgress (1): 55/93 MBProgress (1): 55/93 MBProgress (1): 55/93 MBProgress (1): 55/93 MBProgress (1): 55/93 MBProgress (1): 55/93 MBProgress (1): 55/93 MBProgress (1): 55/93 MBProgress (1): 55/93 MBProgress (1): 55/93 MBProgress (1): 55/93 MBProgress (1): 55/93 MBProgress (1): 55/93 MBProgress (1): 55/93 MBProgress (1): 55/93 MBProgress (1): 56/93 MBProgress (1): 56/93 MBProgress (1): 56/93 MBProgress (1): 56/93 MBProgress (1): 56/93 MBProgress (1): 56/93 MBProgress (1): 56/93 MBProgress (1): 56/93 MBProgress (1): 56/93 MBProgress (1): 56/93 MBProgress (1): 56/93 MBProgress (1): 56/93 MBProgress (1): 56/93 MBProgress (1): 56/93 MBProgress (1): 56/93 MBProgress (1): 56/93 MBProgress (1): 56/93 MBProgress (1): 56/93 MBProgress (1): 56/93 MBProgress (1): 56/93 MBProgress (1): 56/93 MBProgress (1): 56/93 MBProgress (1): 56/93 MBProgress (1): 56/93 MBProgress (1): 56/93 MBProgress (1): 56/93 MBProgress (1): 56/93 MBProgress (1): 56/93 MBProgress (1): 56/93 MBProgress (1): 56/93 MBProgress (1): 56/93 MBProgress (1): 56/93 MBProgress (1): 56/93 MBProgress (1): 56/93 MBProgress (1): 56/93 MBProgress (1): 56/93 MBProgress (1): 56/93 MBProgress (1): 56/93 MBProgress (1): 56/93 MBProgress (1): 56/93 MBProgress (1): 56/93 MBProgress (1): 56/93 MBProgress (1): 56/93 MBProgress (1): 56/93 MBProgress (1): 56/93 MBProgress (1): 56/93 MBProgress (1): 56/93 MBProgress (1): 56/93 MBProgress (1): 56/93 MBProgress (1): 56/93 MBProgress (1): 56/93 MBProgress (1): 56/93 MBProgress (1): 56/93 MBProgress (1): 56/93 MBProgress (1): 56/93 MBProgress (1): 56/93 MBProgress (1): 56/93 MBProgress (1): 56/93 MBProgress (1): 56/93 MBProgress (1): 56/93 MBProgress (1): 56/93 MBProgress (1): 57/93 MBProgress (1): 57/93 MBProgress (1): 57/93 MBProgress (1): 57/93 MBProgress (1): 57/93 MBProgress (1): 57/93 MBProgress (1): 57/93 MBProgress (1): 57/93 MBProgress (1): 57/93 MBProgress (1): 57/93 MBProgress (1): 57/93 MBProgress (1): 57/93 MBProgress (1): 57/93 MBProgress (1): 57/93 MBProgress (1): 57/93 MBProgress (1): 57/93 MBProgress (1): 57/93 MBProgress (1): 57/93 MBProgress (1): 57/93 MBProgress (1): 57/93 MBProgress (1): 57/93 MBProgress (1): 57/93 MBProgress (1): 57/93 MBProgress (1): 57/93 MBProgress (1): 57/93 MBProgress (1): 57/93 MBProgress (1): 57/93 MBProgress (1): 57/93 MBProgress (1): 57/93 MBProgress (1): 57/93 MBProgress (1): 57/93 MBProgress (1): 57/93 MBProgress (1): 57/93 MBProgress (1): 57/93 MBProgress (1): 57/93 MBProgress (1): 57/93 MBProgress (1): 57/93 MBProgress (1): 57/93 MBProgress (1): 57/93 MBProgress (1): 57/93 MBProgress (1): 57/93 MBProgress (1): 57/93 MBProgress (1): 57/93 MBProgress (1): 57/93 MBProgress (1): 57/93 MBProgress (1): 57/93 MBProgress (1): 57/93 MBProgress (1): 57/93 MBProgress (1): 57/93 MBProgress (1): 57/93 MBProgress (1): 57/93 MBProgress (1): 57/93 MBProgress (1): 57/93 MBProgress (1): 57/93 MBProgress (1): 57/93 MBProgress (1): 57/93 MBProgress (1): 57/93 MBProgress (1): 57/93 MBProgress (1): 57/93 MBProgress (1): 57/93 MBProgress (1): 57/93 MBProgress (1): 57/93 MBProgress (1): 57/93 MBProgress (1): 58/93 MBProgress (1): 58/93 MBProgress (1): 58/93 MBProgress (1): 58/93 MBProgress (1): 58/93 MBProgress (1): 58/93 MBProgress (1): 58/93 MBProgress (1): 58/93 MBProgress (1): 58/93 MBProgress (1): 58/93 MBProgress (1): 58/93 MBProgress (1): 58/93 MBProgress (1): 58/93 MBProgress (1): 58/93 MBProgress (1): 58/93 MBProgress (1): 58/93 MBProgress (1): 58/93 MBProgress (1): 58/93 MBProgress (1): 58/93 MBProgress (1): 58/93 MBProgress (1): 58/93 MBProgress (1): 58/93 MBProgress (1): 58/93 MBProgress (1): 58/93 MBProgress (1): 58/93 MBProgress (1): 58/93 MBProgress (1): 58/93 MBProgress (1): 58/93 MBProgress (1): 58/93 MBProgress (1): 58/93 MBProgress (1): 58/93 MBProgress (1): 58/93 MBProgress (1): 58/93 MBProgress (1): 58/93 MBProgress (1): 58/93 MBProgress (1): 58/93 MBProgress (1): 58/93 MBProgress (1): 58/93 MBProgress (1): 58/93 MBProgress (1): 58/93 MBProgress (1): 58/93 MBProgress (1): 58/93 MBProgress (1): 58/93 MBProgress (1): 58/93 MBProgress (1): 58/93 MBProgress (1): 58/93 MBProgress (1): 58/93 MBProgress (1): 58/93 MBProgress (1): 58/93 MBProgress (1): 58/93 MBProgress (1): 58/93 MBProgress (1): 58/93 MBProgress (1): 58/93 MBProgress (1): 58/93 MBProgress (1): 58/93 MBProgress (1): 58/93 MBProgress (1): 58/93 MBProgress (1): 58/93 MBProgress (1): 58/93 MBProgress (1): 58/93 MBProgress (1): 58/93 MBProgress (1): 58/93 MBProgress (1): 59/93 MBProgress (1): 59/93 MBProgress (1): 59/93 MBProgress (1): 59/93 MBProgress (1): 59/93 MBProgress (1): 59/93 MBProgress (1): 59/93 MBProgress (1): 59/93 MBProgress (1): 59/93 MBProgress (1): 59/93 MBProgress (1): 59/93 MBProgress (1): 59/93 MBProgress (1): 59/93 MBProgress (1): 59/93 MBProgress (1): 59/93 MBProgress (1): 59/93 MBProgress (1): 59/93 MBProgress (1): 59/93 MBProgress (1): 59/93 MBProgress (1): 59/93 MBProgress (1): 59/93 MBProgress (1): 59/93 MBProgress (1): 59/93 MBProgress (1): 59/93 MBProgress (1): 59/93 MBProgress (1): 59/93 MBProgress (1): 59/93 MBProgress (1): 59/93 MBProgress (1): 59/93 MBProgress (1): 59/93 MBProgress (1): 59/93 MBProgress (1): 59/93 MBProgress (1): 59/93 MBProgress (1): 59/93 MBProgress (1): 59/93 MBProgress (1): 59/93 MBProgress (1): 59/93 MBProgress (1): 59/93 MBProgress (1): 59/93 MBProgress (1): 59/93 MBProgress (1): 59/93 MBProgress (1): 59/93 MBProgress (1): 59/93 MBProgress (1): 59/93 MBProgress (1): 59/93 MBProgress (1): 59/93 MBProgress (1): 59/93 MBProgress (1): 59/93 MBProgress (1): 59/93 MBProgress (1): 59/93 MBProgress (1): 59/93 MBProgress (1): 59/93 MBProgress (1): 59/93 MBProgress (1): 59/93 MBProgress (1): 59/93 MBProgress (1): 59/93 MBProgress (1): 59/93 MBProgress (1): 59/93 MBProgress (1): 59/93 MBProgress (1): 59/93 MBProgress (1): 59/93 MBProgress (1): 60/93 MBProgress (1): 60/93 MBProgress (1): 60/93 MBProgress (1): 60/93 MBProgress (1): 60/93 MBProgress (1): 60/93 MBProgress (1): 60/93 MBProgress (1): 60/93 MBProgress (1): 60/93 MBProgress (1): 60/93 MBProgress (1): 60/93 MBProgress (1): 60/93 MBProgress (1): 60/93 MBProgress (1): 60/93 MBProgress (1): 60/93 MBProgress (1): 60/93 MBProgress (1): 60/93 MBProgress (1): 60/93 MBProgress (1): 60/93 MBProgress (1): 60/93 MBProgress (1): 60/93 MBProgress (1): 60/93 MBProgress (1): 60/93 MBProgress (1): 60/93 MBProgress (1): 60/93 MBProgress (1): 60/93 MBProgress (1): 60/93 MBProgress (1): 60/93 MBProgress (1): 60/93 MBProgress (1): 60/93 MBProgress (1): 60/93 MBProgress (1): 60/93 MBProgress (1): 60/93 MBProgress (1): 60/93 MBProgress (1): 60/93 MBProgress (1): 60/93 MBProgress (1): 60/93 MBProgress (1): 60/93 MBProgress (1): 60/93 MBProgress (1): 60/93 MBProgress (1): 60/93 MBProgress (1): 60/93 MBProgress (1): 60/93 MBProgress (1): 60/93 MBProgress (1): 60/93 MBProgress (1): 60/93 MBProgress (1): 60/93 MBProgress (1): 60/93 MBProgress (1): 60/93 MBProgress (1): 60/93 MBProgress (1): 60/93 MBProgress (1): 60/93 MBProgress (1): 60/93 MBProgress (1): 60/93 MBProgress (1): 60/93 MBProgress (1): 60/93 MBProgress (1): 60/93 MBProgress (1): 60/93 MBProgress (1): 60/93 MBProgress (1): 60/93 MBProgress (1): 60/93 MBProgress (1): 60/93 MBProgress (1): 60/93 MBProgress (1): 61/93 MBProgress (1): 61/93 MBProgress (1): 61/93 MBProgress (1): 61/93 MBProgress (1): 61/93 MBProgress (1): 61/93 MBProgress (1): 61/93 MBProgress (1): 61/93 MBProgress (1): 61/93 MBProgress (1): 61/93 MBProgress (1): 61/93 MBProgress (1): 61/93 MBProgress (1): 61/93 MBProgress (1): 61/93 MBProgress (1): 61/93 MBProgress (1): 61/93 MBProgress (1): 61/93 MBProgress (1): 61/93 MBProgress (1): 61/93 MBProgress (1): 61/93 MBProgress (1): 61/93 MBProgress (1): 61/93 MBProgress (1): 61/93 MBProgress (1): 61/93 MBProgress (1): 61/93 MBProgress (1): 61/93 MBProgress (1): 61/93 MBProgress (1): 61/93 MBProgress (1): 61/93 MBProgress (1): 61/93 MBProgress (1): 61/93 MBProgress (1): 61/93 MBProgress (1): 61/93 MBProgress (1): 61/93 MBProgress (1): 61/93 MBProgress (1): 61/93 MBProgress (1): 61/93 MBProgress (1): 61/93 MBProgress (1): 61/93 MBProgress (1): 61/93 MBProgress (1): 61/93 MBProgress (1): 61/93 MBProgress (1): 61/93 MBProgress (1): 61/93 MBProgress (1): 61/93 MBProgress (1): 61/93 MBProgress (1): 61/93 MBProgress (1): 61/93 MBProgress (1): 61/93 MBProgress (1): 61/93 MBProgress (1): 61/93 MBProgress (1): 61/93 MBProgress (1): 61/93 MBProgress (1): 61/93 MBProgress (1): 61/93 MBProgress (1): 61/93 MBProgress (1): 61/93 MBProgress (1): 61/93 MBProgress (1): 61/93 MBProgress (1): 61/93 MBProgress (1): 61/93 MBProgress (1): 61/93 MBProgress (1): 62/93 MBProgress (1): 62/93 MBProgress (1): 62/93 MBProgress (1): 62/93 MBProgress (1): 62/93 MBProgress (1): 62/93 MBProgress (1): 62/93 MBProgress (1): 62/93 MBProgress (1): 62/93 MBProgress (1): 62/93 MBProgress (1): 62/93 MBProgress (1): 62/93 MBProgress (1): 62/93 MBProgress (1): 62/93 MBProgress (1): 62/93 MBProgress (1): 62/93 MBProgress (1): 62/93 MBProgress (1): 62/93 MBProgress (1): 62/93 MBProgress (1): 62/93 MBProgress (1): 62/93 MBProgress (1): 62/93 MBProgress (1): 62/93 MBProgress (1): 62/93 MBProgress (1): 62/93 MBProgress (1): 62/93 MBProgress (1): 62/93 MBProgress (1): 62/93 MBProgress (1): 62/93 MBProgress (1): 62/93 MBProgress (1): 62/93 MBProgress (1): 62/93 MBProgress (1): 62/93 MBProgress (1): 62/93 MBProgress (1): 62/93 MBProgress (1): 62/93 MBProgress (1): 62/93 MBProgress (1): 62/93 MBProgress (1): 62/93 MBProgress (1): 62/93 MBProgress (1): 62/93 MBProgress (1): 62/93 MBProgress (1): 62/93 MBProgress (1): 62/93 MBProgress (1): 62/93 MBProgress (1): 62/93 MBProgress (1): 62/93 MBProgress (1): 62/93 MBProgress (1): 62/93 MBProgress (1): 62/93 MBProgress (1): 62/93 MBProgress (1): 62/93 MBProgress (1): 62/93 MBProgress (1): 62/93 MBProgress (1): 62/93 MBProgress (1): 62/93 MBProgress (1): 62/93 MBProgress (1): 62/93 MBProgress (1): 62/93 MBProgress (1): 62/93 MBProgress (1): 62/93 MBProgress (1): 63/93 MBProgress (1): 63/93 MBProgress (1): 63/93 MBProgress (1): 63/93 MBProgress (1): 63/93 MBProgress (1): 63/93 MBProgress (1): 63/93 MBProgress (1): 63/93 MBProgress (1): 63/93 MBProgress (1): 63/93 MBProgress (1): 63/93 MBProgress (1): 63/93 MBProgress (1): 63/93 MBProgress (1): 63/93 MBProgress (1): 63/93 MBProgress (1): 63/93 MBProgress (1): 63/93 MBProgress (1): 63/93 MBProgress (1): 63/93 MBProgress (1): 63/93 MBProgress (1): 63/93 MBProgress (1): 63/93 MBProgress (1): 63/93 MBProgress (1): 63/93 MBProgress (1): 63/93 MBProgress (1): 63/93 MBProgress (1): 63/93 MBProgress (1): 63/93 MBProgress (1): 63/93 MBProgress (1): 63/93 MBProgress (1): 63/93 MBProgress (1): 63/93 MBProgress (1): 63/93 MBProgress (1): 63/93 MBProgress (1): 63/93 MBProgress (1): 63/93 MBProgress (1): 63/93 MBProgress (1): 63/93 MBProgress (1): 63/93 MBProgress (1): 63/93 MBProgress (1): 63/93 MBProgress (1): 63/93 MBProgress (1): 63/93 MBProgress (1): 63/93 MBProgress (1): 63/93 MBProgress (1): 63/93 MBProgress (1): 63/93 MBProgress (1): 63/93 MBProgress (1): 63/93 MBProgress (1): 63/93 MBProgress (1): 63/93 MBProgress (1): 63/93 MBProgress (1): 63/93 MBProgress (1): 63/93 MBProgress (1): 63/93 MBProgress (1): 63/93 MBProgress (1): 63/93 MBProgress (1): 63/93 MBProgress (1): 63/93 MBProgress (1): 63/93 MBProgress (1): 63/93 MBProgress (1): 63/93 MBProgress (1): 64/93 MBProgress (1): 64/93 MBProgress (1): 64/93 MBProgress (1): 64/93 MBProgress (1): 64/93 MBProgress (1): 64/93 MBProgress (1): 64/93 MBProgress (1): 64/93 MBProgress (1): 64/93 MBProgress (1): 64/93 MBProgress (1): 64/93 MBProgress (1): 64/93 MBProgress (1): 64/93 MBProgress (1): 64/93 MBProgress (1): 64/93 MBProgress (1): 64/93 MBProgress (1): 64/93 MBProgress (1): 64/93 MBProgress (1): 64/93 MBProgress (1): 64/93 MBProgress (1): 64/93 MBProgress (1): 64/93 MBProgress (1): 64/93 MBProgress (1): 64/93 MBProgress (1): 64/93 MBProgress (1): 64/93 MBProgress (1): 64/93 MBProgress (1): 64/93 MBProgress (1): 64/93 MBProgress (1): 64/93 MBProgress (1): 64/93 MBProgress (1): 64/93 MBProgress (1): 64/93 MBProgress (1): 64/93 MBProgress (1): 64/93 MBProgress (1): 64/93 MBProgress (1): 64/93 MBProgress (1): 64/93 MBProgress (1): 64/93 MBProgress (1): 64/93 MBProgress (1): 64/93 MBProgress (1): 64/93 MBProgress (1): 64/93 MBProgress (1): 64/93 MBProgress (1): 64/93 MBProgress (1): 64/93 MBProgress (1): 64/93 MBProgress (1): 64/93 MBProgress (1): 64/93 MBProgress (1): 64/93 MBProgress (1): 64/93 MBProgress (1): 64/93 MBProgress (1): 64/93 MBProgress (1): 64/93 MBProgress (1): 64/93 MBProgress (1): 64/93 MBProgress (1): 64/93 MBProgress (1): 64/93 MBProgress (1): 64/93 MBProgress (1): 64/93 MBProgress (1): 64/93 MBProgress (1): 64/93 MBProgress (1): 64/93 MBProgress (1): 65/93 MBProgress (1): 65/93 MBProgress (1): 65/93 MBProgress (1): 65/93 MBProgress (1): 65/93 MBProgress (1): 65/93 MBProgress (1): 65/93 MBProgress (1): 65/93 MBProgress (1): 65/93 MBProgress (1): 65/93 MBProgress (1): 65/93 MBProgress (1): 65/93 MBProgress (1): 65/93 MBProgress (1): 65/93 MBProgress (1): 65/93 MBProgress (1): 65/93 MBProgress (1): 65/93 MBProgress (1): 65/93 MBProgress (1): 65/93 MBProgress (1): 65/93 MBProgress (1): 65/93 MBProgress (1): 65/93 MBProgress (1): 65/93 MBProgress (1): 65/93 MBProgress (1): 65/93 MBProgress (1): 65/93 MBProgress (1): 65/93 MBProgress (1): 65/93 MBProgress (1): 65/93 MBProgress (1): 65/93 MBProgress (1): 65/93 MBProgress (1): 65/93 MBProgress (1): 65/93 MBProgress (1): 65/93 MBProgress (1): 65/93 MBProgress (1): 65/93 MBProgress (1): 65/93 MBProgress (1): 65/93 MBProgress (1): 65/93 MBProgress (1): 65/93 MBProgress (1): 65/93 MBProgress (1): 65/93 MBProgress (1): 65/93 MBProgress (1): 65/93 MBProgress (1): 65/93 MBProgress (1): 65/93 MBProgress (1): 65/93 MBProgress (1): 65/93 MBProgress (1): 65/93 MBProgress (1): 65/93 MBProgress (1): 65/93 MBProgress (1): 65/93 MBProgress (1): 65/93 MBProgress (1): 65/93 MBProgress (1): 65/93 MBProgress (1): 65/93 MBProgress (1): 65/93 MBProgress (1): 65/93 MBProgress (1): 65/93 MBProgress (1): 65/93 MBProgress (1): 65/93 MBProgress (1): 66/93 MBProgress (1): 66/93 MBProgress (1): 66/93 MBProgress (1): 66/93 MBProgress (1): 66/93 MBProgress (1): 66/93 MBProgress (1): 66/93 MBProgress (1): 66/93 MBProgress (1): 66/93 MBProgress (1): 66/93 MBProgress (1): 66/93 MBProgress (1): 66/93 MBProgress (1): 66/93 MBProgress (1): 66/93 MBProgress (1): 66/93 MBProgress (1): 66/93 MBProgress (1): 66/93 MBProgress (1): 66/93 MBProgress (1): 66/93 MBProgress (1): 66/93 MBProgress (1): 66/93 MBProgress (1): 66/93 MBProgress (1): 66/93 MBProgress (1): 66/93 MBProgress (1): 66/93 MBProgress (1): 66/93 MBProgress (1): 66/93 MBProgress (1): 66/93 MBProgress (1): 66/93 MBProgress (1): 66/93 MBProgress (1): 66/93 MBProgress (1): 66/93 MBProgress (1): 66/93 MBProgress (1): 66/93 MBProgress (1): 66/93 MBProgress (1): 66/93 MBProgress (1): 66/93 MBProgress (1): 66/93 MBProgress (1): 66/93 MBProgress (1): 66/93 MBProgress (1): 66/93 MBProgress (1): 66/93 MBProgress (1): 66/93 MBProgress (1): 66/93 MBProgress (1): 66/93 MBProgress (1): 66/93 MBProgress (1): 66/93 MBProgress (1): 66/93 MBProgress (1): 66/93 MBProgress (1): 66/93 MBProgress (1): 66/93 MBProgress (1): 66/93 MBProgress (1): 66/93 MBProgress (1): 66/93 MBProgress (1): 66/93 MBProgress (1): 66/93 MBProgress (1): 66/93 MBProgress (1): 66/93 MBProgress (1): 66/93 MBProgress (1): 66/93 MBProgress (1): 66/93 MBProgress (1): 66/93 MBProgress (1): 67/93 MBProgress (1): 67/93 MBProgress (1): 67/93 MBProgress (1): 67/93 MBProgress (1): 67/93 MBProgress (1): 67/93 MBProgress (1): 67/93 MBProgress (1): 67/93 MBProgress (1): 67/93 MBProgress (1): 67/93 MBProgress (1): 67/93 MBProgress (1): 67/93 MBProgress (1): 67/93 MBProgress (1): 67/93 MBProgress (1): 67/93 MBProgress (1): 67/93 MBProgress (1): 67/93 MBProgress (1): 67/93 MBProgress (1): 67/93 MBProgress (1): 67/93 MBProgress (1): 67/93 MBProgress (1): 67/93 MBProgress (1): 67/93 MBProgress (1): 67/93 MBProgress (1): 67/93 MBProgress (1): 67/93 MBProgress (1): 67/93 MBProgress (1): 67/93 MBProgress (1): 67/93 MBProgress (1): 67/93 MBProgress (1): 67/93 MBProgress (1): 67/93 MBProgress (1): 67/93 MBProgress (1): 67/93 MBProgress (1): 67/93 MBProgress (1): 67/93 MBProgress (1): 67/93 MBProgress (1): 67/93 MBProgress (1): 67/93 MBProgress (1): 67/93 MBProgress (1): 67/93 MBProgress (1): 67/93 MBProgress (1): 67/93 MBProgress (1): 67/93 MBProgress (1): 67/93 MBProgress (1): 67/93 MBProgress (1): 67/93 MBProgress (1): 67/93 MBProgress (1): 67/93 MBProgress (1): 67/93 MBProgress (1): 67/93 MBProgress (1): 67/93 MBProgress (1): 67/93 MBProgress (1): 67/93 MBProgress (1): 67/93 MBProgress (1): 67/93 MBProgress (1): 67/93 MBProgress (1): 67/93 MBProgress (1): 67/93 MBProgress (1): 67/93 MBProgress (1): 67/93 MBProgress (1): 67/93 MBProgress (1): 68/93 MBProgress (1): 68/93 MBProgress (1): 68/93 MBProgress (1): 68/93 MBProgress (1): 68/93 MBProgress (1): 68/93 MBProgress (1): 68/93 MBProgress (1): 68/93 MBProgress (1): 68/93 MBProgress (1): 68/93 MBProgress (1): 68/93 MBProgress (1): 68/93 MBProgress (1): 68/93 MBProgress (1): 68/93 MBProgress (1): 68/93 MBProgress (1): 68/93 MBProgress (1): 68/93 MBProgress (1): 68/93 MBProgress (1): 68/93 MBProgress (1): 68/93 MBProgress (1): 68/93 MBProgress (1): 68/93 MBProgress (1): 68/93 MBProgress (1): 68/93 MBProgress (1): 68/93 MBProgress (1): 68/93 MBProgress (1): 68/93 MBProgress (1): 68/93 MBProgress (1): 68/93 MBProgress (1): 68/93 MBProgress (1): 68/93 MBProgress (1): 68/93 MBProgress (1): 68/93 MBProgress (1): 68/93 MBProgress (1): 68/93 MBProgress (1): 68/93 MBProgress (1): 68/93 MBProgress (1): 68/93 MBProgress (1): 68/93 MBProgress (1): 68/93 MBProgress (1): 68/93 MBProgress (1): 68/93 MBProgress (1): 68/93 MBProgress (1): 68/93 MBProgress (1): 68/93 MBProgress (1): 68/93 MBProgress (1): 68/93 MBProgress (1): 68/93 MBProgress (1): 68/93 MBProgress (1): 68/93 MBProgress (1): 68/93 MBProgress (1): 68/93 MBProgress (1): 68/93 MBProgress (1): 68/93 MBProgress (1): 68/93 MBProgress (1): 68/93 MBProgress (1): 68/93 MBProgress (1): 68/93 MBProgress (1): 68/93 MBProgress (1): 68/93 MBProgress (1): 68/93 MBProgress (1): 69/93 MBProgress (1): 69/93 MBProgress (1): 69/93 MBProgress (1): 69/93 MBProgress (1): 69/93 MBProgress (1): 69/93 MBProgress (1): 69/93 MBProgress (1): 69/93 MBProgress (1): 69/93 MBProgress (1): 69/93 MBProgress (1): 69/93 MBProgress (1): 69/93 MBProgress (1): 69/93 MBProgress (1): 69/93 MBProgress (1): 69/93 MBProgress (1): 69/93 MBProgress (1): 69/93 MBProgress (1): 69/93 MBProgress (1): 69/93 MBProgress (1): 69/93 MBProgress (1): 69/93 MBProgress (1): 69/93 MBProgress (1): 69/93 MBProgress (1): 69/93 MBProgress (1): 69/93 MBProgress (1): 69/93 MBProgress (1): 69/93 MBProgress (1): 69/93 MBProgress (1): 69/93 MBProgress (1): 69/93 MBProgress (1): 69/93 MBProgress (1): 69/93 MBProgress (1): 69/93 MBProgress (1): 69/93 MBProgress (1): 69/93 MBProgress (1): 69/93 MBProgress (1): 69/93 MBProgress (1): 69/93 MBProgress (1): 69/93 MBProgress (1): 69/93 MBProgress (1): 69/93 MBProgress (1): 69/93 MBProgress (1): 69/93 MBProgress (1): 69/93 MBProgress (1): 69/93 MBProgress (1): 69/93 MBProgress (1): 69/93 MBProgress (1): 69/93 MBProgress (1): 69/93 MBProgress (1): 69/93 MBProgress (1): 69/93 MBProgress (1): 69/93 MBProgress (1): 69/93 MBProgress (1): 69/93 MBProgress (1): 69/93 MBProgress (1): 69/93 MBProgress (1): 69/93 MBProgress (1): 69/93 MBProgress (1): 69/93 MBProgress (1): 69/93 MBProgress (1): 69/93 MBProgress (1): 69/93 MBProgress (1): 69/93 MBProgress (1): 70/93 MBProgress (1): 70/93 MBProgress (1): 70/93 MBProgress (1): 70/93 MBProgress (1): 70/93 MBProgress (1): 70/93 MBProgress (1): 70/93 MBProgress (1): 70/93 MBProgress (1): 70/93 MBProgress (1): 70/93 MBProgress (1): 70/93 MBProgress (1): 70/93 MBProgress (1): 70/93 MBProgress (1): 70/93 MBProgress (1): 70/93 MBProgress (1): 70/93 MBProgress (1): 70/93 MBProgress (1): 70/93 MBProgress (1): 70/93 MBProgress (1): 70/93 MBProgress (1): 70/93 MBProgress (1): 70/93 MBProgress (1): 70/93 MBProgress (1): 70/93 MBProgress (1): 70/93 MBProgress (1): 70/93 MBProgress (1): 70/93 MBProgress (1): 70/93 MBProgress (1): 70/93 MBProgress (1): 70/93 MBProgress (1): 70/93 MBProgress (1): 70/93 MBProgress (1): 70/93 MBProgress (1): 70/93 MBProgress (1): 70/93 MBProgress (1): 70/93 MBProgress (1): 70/93 MBProgress (1): 70/93 MBProgress (1): 70/93 MBProgress (1): 70/93 MBProgress (1): 70/93 MBProgress (1): 70/93 MBProgress (1): 70/93 MBProgress (1): 70/93 MBProgress (1): 70/93 MBProgress (1): 70/93 MBProgress (1): 70/93 MBProgress (1): 70/93 MBProgress (1): 70/93 MBProgress (1): 70/93 MBProgress (1): 70/93 MBProgress (1): 70/93 MBProgress (1): 70/93 MBProgress (1): 70/93 MBProgress (1): 70/93 MBProgress (1): 70/93 MBProgress (1): 70/93 MBProgress (1): 70/93 MBProgress (1): 70/93 MBProgress (1): 70/93 MBProgress (1): 70/93 MBProgress (1): 70/93 MBProgress (1): 71/93 MBProgress (1): 71/93 MBProgress (1): 71/93 MBProgress (1): 71/93 MBProgress (1): 71/93 MBProgress (1): 71/93 MBProgress (1): 71/93 MBProgress (1): 71/93 MBProgress (1): 71/93 MBProgress (1): 71/93 MBProgress (1): 71/93 MBProgress (1): 71/93 MBProgress (1): 71/93 MBProgress (1): 71/93 MBProgress (1): 71/93 MBProgress (1): 71/93 MBProgress (1): 71/93 MBProgress (1): 71/93 MBProgress (1): 71/93 MBProgress (1): 71/93 MBProgress (1): 71/93 MBProgress (1): 71/93 MBProgress (1): 71/93 MBProgress (1): 71/93 MBProgress (1): 71/93 MBProgress (1): 71/93 MBProgress (1): 71/93 MBProgress (1): 71/93 MBProgress (1): 71/93 MBProgress (1): 71/93 MBProgress (1): 71/93 MBProgress (1): 71/93 MBProgress (1): 71/93 MBProgress (1): 71/93 MBProgress (1): 71/93 MBProgress (1): 71/93 MBProgress (1): 71/93 MBProgress (1): 71/93 MBProgress (1): 71/93 MBProgress (1): 71/93 MBProgress (1): 71/93 MBProgress (1): 71/93 MBProgress (1): 71/93 MBProgress (1): 71/93 MBProgress (1): 71/93 MBProgress (1): 71/93 MBProgress (1): 71/93 MBProgress (1): 71/93 MBProgress (1): 71/93 MBProgress (1): 71/93 MBProgress (1): 71/93 MBProgress (1): 71/93 MBProgress (1): 71/93 MBProgress (1): 71/93 MBProgress (1): 71/93 MBProgress (1): 71/93 MBProgress (1): 71/93 MBProgress (1): 71/93 MBProgress (1): 71/93 MBProgress (1): 71/93 MBProgress (1): 71/93 MBProgress (1): 71/93 MBProgress (1): 72/93 MBProgress (1): 72/93 MBProgress (1): 72/93 MBProgress (1): 72/93 MBProgress (1): 72/93 MBProgress (1): 72/93 MBProgress (1): 72/93 MBProgress (1): 72/93 MBProgress (1): 72/93 MBProgress (1): 72/93 MBProgress (1): 72/93 MBProgress (1): 72/93 MBProgress (1): 72/93 MBProgress (1): 72/93 MBProgress (1): 72/93 MBProgress (1): 72/93 MBProgress (1): 72/93 MBProgress (1): 72/93 MBProgress (1): 72/93 MBProgress (1): 72/93 MBProgress (1): 72/93 MBProgress (1): 72/93 MBProgress (1): 72/93 MBProgress (1): 72/93 MBProgress (1): 72/93 MBProgress (1): 72/93 MBProgress (1): 72/93 MBProgress (1): 72/93 MBProgress (1): 72/93 MBProgress (1): 72/93 MBProgress (1): 72/93 MBProgress (1): 72/93 MBProgress (1): 72/93 MBProgress (1): 72/93 MBProgress (1): 72/93 MBProgress (1): 72/93 MBProgress (1): 72/93 MBProgress (1): 72/93 MBProgress (1): 72/93 MBProgress (1): 72/93 MBProgress (1): 72/93 MBProgress (1): 72/93 MBProgress (1): 72/93 MBProgress (1): 72/93 MBProgress (1): 72/93 MBProgress (1): 72/93 MBProgress (1): 72/93 MBProgress (1): 72/93 MBProgress (1): 72/93 MBProgress (1): 72/93 MBProgress (1): 72/93 MBProgress (1): 72/93 MBProgress (1): 72/93 MBProgress (1): 72/93 MBProgress (1): 72/93 MBProgress (1): 72/93 MBProgress (1): 72/93 MBProgress (1): 72/93 MBProgress (1): 72/93 MBProgress (1): 72/93 MBProgress (1): 72/93 MBProgress (1): 72/93 MBProgress (1): 73/93 MBProgress (1): 73/93 MBProgress (1): 73/93 MBProgress (1): 73/93 MBProgress (1): 73/93 MBProgress (1): 73/93 MBProgress (1): 73/93 MBProgress (1): 73/93 MBProgress (1): 73/93 MBProgress (1): 73/93 MBProgress (1): 73/93 MBProgress (1): 73/93 MBProgress (1): 73/93 MBProgress (1): 73/93 MBProgress (1): 73/93 MBProgress (1): 73/93 MBProgress (1): 73/93 MBProgress (1): 73/93 MBProgress (1): 73/93 MBProgress (1): 73/93 MBProgress (1): 73/93 MBProgress (1): 73/93 MBProgress (1): 73/93 MBProgress (1): 73/93 MBProgress (1): 73/93 MBProgress (1): 73/93 MBProgress (1): 73/93 MBProgress (1): 73/93 MBProgress (1): 73/93 MBProgress (1): 73/93 MBProgress (1): 73/93 MBProgress (1): 73/93 MBProgress (1): 73/93 MBProgress (1): 73/93 MBProgress (1): 73/93 MBProgress (1): 73/93 MBProgress (1): 73/93 MBProgress (1): 73/93 MBProgress (1): 73/93 MBProgress (1): 73/93 MBProgress (1): 73/93 MBProgress (1): 73/93 MBProgress (1): 73/93 MBProgress (1): 73/93 MBProgress (1): 73/93 MBProgress (1): 73/93 MBProgress (1): 73/93 MBProgress (1): 73/93 MBProgress (1): 73/93 MBProgress (1): 73/93 MBProgress (1): 73/93 MBProgress (1): 73/93 MBProgress (1): 73/93 MBProgress (1): 73/93 MBProgress (1): 73/93 MBProgress (1): 73/93 MBProgress (1): 73/93 MBProgress (1): 73/93 MBProgress (1): 73/93 MBProgress (1): 73/93 MBProgress (1): 73/93 MBProgress (1): 73/93 MBProgress (1): 73/93 MBProgress (1): 74/93 MBProgress (1): 74/93 MBProgress (1): 74/93 MBProgress (1): 74/93 MBProgress (1): 74/93 MBProgress (1): 74/93 MBProgress (1): 74/93 MBProgress (1): 74/93 MBProgress (1): 74/93 MBProgress (1): 74/93 MBProgress (1): 74/93 MBProgress (1): 74/93 MBProgress (1): 74/93 MBProgress (1): 74/93 MBProgress (1): 74/93 MBProgress (1): 74/93 MBProgress (1): 74/93 MBProgress (1): 74/93 MBProgress (1): 74/93 MBProgress (1): 74/93 MBProgress (1): 74/93 MBProgress (1): 74/93 MBProgress (1): 74/93 MBProgress (1): 74/93 MBProgress (1): 74/93 MBProgress (1): 74/93 MBProgress (1): 74/93 MBProgress (1): 74/93 MBProgress (1): 74/93 MBProgress (1): 74/93 MBProgress (1): 74/93 MBProgress (1): 74/93 MBProgress (1): 74/93 MBProgress (1): 74/93 MBProgress (1): 74/93 MBProgress (1): 74/93 MBProgress (1): 74/93 MBProgress (1): 74/93 MBProgress (1): 74/93 MBProgress (1): 74/93 MBProgress (1): 74/93 MBProgress (1): 74/93 MBProgress (1): 74/93 MBProgress (1): 74/93 MBProgress (1): 74/93 MBProgress (1): 74/93 MBProgress (1): 74/93 MBProgress (1): 74/93 MBProgress (1): 74/93 MBProgress (1): 74/93 MBProgress (1): 74/93 MBProgress (1): 74/93 MBProgress (1): 74/93 MBProgress (1): 74/93 MBProgress (1): 74/93 MBProgress (1): 74/93 MBProgress (1): 74/93 MBProgress (1): 74/93 MBProgress (1): 74/93 MBProgress (1): 74/93 MBProgress (1): 74/93 MBProgress (1): 74/93 MBProgress (1): 75/93 MBProgress (1): 75/93 MBProgress (1): 75/93 MBProgress (1): 75/93 MBProgress (1): 75/93 MBProgress (1): 75/93 MBProgress (1): 75/93 MBProgress (1): 75/93 MBProgress (1): 75/93 MBProgress (1): 75/93 MBProgress (1): 75/93 MBProgress (1): 75/93 MBProgress (1): 75/93 MBProgress (1): 75/93 MBProgress (1): 75/93 MBProgress (1): 75/93 MBProgress (1): 75/93 MBProgress (1): 75/93 MBProgress (1): 75/93 MBProgress (1): 75/93 MBProgress (1): 75/93 MBProgress (1): 75/93 MBProgress (1): 75/93 MBProgress (1): 75/93 MBProgress (1): 75/93 MBProgress (1): 75/93 MBProgress (1): 75/93 MBProgress (1): 75/93 MBProgress (1): 75/93 MBProgress (1): 75/93 MBProgress (1): 75/93 MBProgress (1): 75/93 MBProgress (1): 75/93 MBProgress (1): 75/93 MBProgress (1): 75/93 MBProgress (1): 75/93 MBProgress (1): 75/93 MBProgress (1): 75/93 MBProgress (1): 75/93 MBProgress (1): 75/93 MBProgress (1): 75/93 MBProgress (1): 75/93 MBProgress (1): 75/93 MBProgress (1): 75/93 MBProgress (1): 75/93 MBProgress (1): 75/93 MBProgress (1): 75/93 MBProgress (1): 75/93 MBProgress (1): 75/93 MBProgress (1): 75/93 MBProgress (1): 75/93 MBProgress (1): 75/93 MBProgress (1): 75/93 MBProgress (1): 75/93 MBProgress (1): 75/93 MBProgress (1): 75/93 MBProgress (1): 75/93 MBProgress (1): 75/93 MBProgress (1): 75/93 MBProgress (1): 75/93 MBProgress (1): 75/93 MBProgress (1): 75/93 MBProgress (1): 76/93 MBProgress (1): 76/93 MBProgress (1): 76/93 MBProgress (1): 76/93 MBProgress (1): 76/93 MBProgress (1): 76/93 MBProgress (1): 76/93 MBProgress (1): 76/93 MBProgress (1): 76/93 MBProgress (1): 76/93 MBProgress (1): 76/93 MBProgress (1): 76/93 MBProgress (1): 76/93 MBProgress (1): 76/93 MBProgress (1): 76/93 MBProgress (1): 76/93 MBProgress (1): 76/93 MBProgress (1): 76/93 MBProgress (1): 76/93 MBProgress (1): 76/93 MBProgress (1): 76/93 MBProgress (1): 76/93 MBProgress (1): 76/93 MBProgress (1): 76/93 MBProgress (1): 76/93 MBProgress (1): 76/93 MBProgress (1): 76/93 MBProgress (1): 76/93 MBProgress (1): 76/93 MBProgress (1): 76/93 MBProgress (1): 76/93 MBProgress (1): 76/93 MBProgress (1): 76/93 MBProgress (1): 76/93 MBProgress (1): 76/93 MBProgress (1): 76/93 MBProgress (1): 76/93 MBProgress (1): 76/93 MBProgress (1): 76/93 MBProgress (1): 76/93 MBProgress (1): 76/93 MBProgress (1): 76/93 MBProgress (1): 76/93 MBProgress (1): 76/93 MBProgress (1): 76/93 MBProgress (1): 76/93 MBProgress (1): 76/93 MBProgress (1): 76/93 MBProgress (1): 76/93 MBProgress (1): 76/93 MBProgress (1): 76/93 MBProgress (1): 76/93 MBProgress (1): 76/93 MBProgress (1): 76/93 MBProgress (1): 76/93 MBProgress (1): 76/93 MBProgress (1): 76/93 MBProgress (1): 76/93 MBProgress (1): 76/93 MBProgress (1): 76/93 MBProgress (1): 76/93 MBProgress (1): 76/93 MBProgress (1): 76/93 MBProgress (1): 77/93 MBProgress (1): 77/93 MBProgress (1): 77/93 MBProgress (1): 77/93 MBProgress (1): 77/93 MBProgress (1): 77/93 MBProgress (1): 77/93 MBProgress (1): 77/93 MBProgress (1): 77/93 MBProgress (1): 77/93 MBProgress (1): 77/93 MBProgress (1): 77/93 MBProgress (1): 77/93 MBProgress (1): 77/93 MBProgress (1): 77/93 MBProgress (1): 77/93 MBProgress (1): 77/93 MBProgress (1): 77/93 MBProgress (1): 77/93 MBProgress (1): 77/93 MBProgress (1): 77/93 MBProgress (1): 77/93 MBProgress (1): 77/93 MBProgress (1): 77/93 MBProgress (1): 77/93 MBProgress (1): 77/93 MBProgress (1): 77/93 MBProgress (1): 77/93 MBProgress (1): 77/93 MBProgress (1): 77/93 MBProgress (1): 77/93 MBProgress (1): 77/93 MBProgress (1): 77/93 MBProgress (1): 77/93 MBProgress (1): 77/93 MBProgress (1): 77/93 MBProgress (1): 77/93 MBProgress (1): 77/93 MBProgress (1): 77/93 MBProgress (1): 77/93 MBProgress (1): 77/93 MBProgress (1): 77/93 MBProgress (1): 77/93 MBProgress (1): 77/93 MBProgress (1): 77/93 MBProgress (1): 77/93 MBProgress (1): 77/93 MBProgress (1): 77/93 MBProgress (1): 77/93 MBProgress (1): 77/93 MBProgress (1): 77/93 MBProgress (1): 77/93 MBProgress (1): 77/93 MBProgress (1): 77/93 MBProgress (1): 77/93 MBProgress (1): 77/93 MBProgress (1): 77/93 MBProgress (1): 77/93 MBProgress (1): 77/93 MBProgress (1): 77/93 MBProgress (1): 77/93 MBProgress (1): 77/93 MBProgress (1): 77/93 MBProgress (1): 78/93 MBProgress (1): 78/93 MBProgress (1): 78/93 MBProgress (1): 78/93 MBProgress (1): 78/93 MBProgress (1): 78/93 MBProgress (1): 78/93 MBProgress (1): 78/93 MBProgress (1): 78/93 MBProgress (1): 78/93 MBProgress (1): 78/93 MBProgress (1): 78/93 MBProgress (1): 78/93 MBProgress (1): 78/93 MBProgress (1): 78/93 MBProgress (1): 78/93 MBProgress (1): 78/93 MBProgress (1): 78/93 MBProgress (1): 78/93 MBProgress (1): 78/93 MBProgress (1): 78/93 MBProgress (1): 78/93 MBProgress (1): 78/93 MBProgress (1): 78/93 MBProgress (1): 78/93 MBProgress (1): 78/93 MBProgress (1): 78/93 MBProgress (1): 78/93 MBProgress (1): 78/93 MBProgress (1): 78/93 MBProgress (1): 78/93 MBProgress (1): 78/93 MBProgress (1): 78/93 MBProgress (1): 78/93 MBProgress (1): 78/93 MBProgress (1): 78/93 MBProgress (1): 78/93 MBProgress (1): 78/93 MBProgress (1): 78/93 MBProgress (1): 78/93 MBProgress (1): 78/93 MBProgress (1): 78/93 MBProgress (1): 78/93 MBProgress (1): 78/93 MBProgress (1): 78/93 MBProgress (1): 78/93 MBProgress (1): 78/93 MBProgress (1): 78/93 MBProgress (1): 78/93 MBProgress (1): 78/93 MBProgress (1): 78/93 MBProgress (1): 78/93 MBProgress (1): 78/93 MBProgress (1): 78/93 MBProgress (1): 78/93 MBProgress (1): 78/93 MBProgress (1): 78/93 MBProgress (1): 78/93 MBProgress (1): 78/93 MBProgress (1): 78/93 MBProgress (1): 78/93 MBProgress (1): 78/93 MBProgress (1): 79/93 MBProgress (1): 79/93 MBProgress (1): 79/93 MBProgress (1): 79/93 MBProgress (1): 79/93 MBProgress (1): 79/93 MBProgress (1): 79/93 MBProgress (1): 79/93 MBProgress (1): 79/93 MBProgress (1): 79/93 MBProgress (1): 79/93 MBProgress (1): 79/93 MBProgress (1): 79/93 MBProgress (1): 79/93 MBProgress (1): 79/93 MBProgress (1): 79/93 MBProgress (1): 79/93 MBProgress (1): 79/93 MBProgress (1): 79/93 MBProgress (1): 79/93 MBProgress (1): 79/93 MBProgress (1): 79/93 MBProgress (1): 79/93 MBProgress (1): 79/93 MBProgress (1): 79/93 MBProgress (1): 79/93 MBProgress (1): 79/93 MBProgress (1): 79/93 MBProgress (1): 79/93 MBProgress (1): 79/93 MBProgress (1): 79/93 MBProgress (1): 79/93 MBProgress (1): 79/93 MBProgress (1): 79/93 MBProgress (1): 79/93 MBProgress (1): 79/93 MBProgress (1): 79/93 MBProgress (1): 79/93 MBProgress (1): 79/93 MBProgress (1): 79/93 MBProgress (1): 79/93 MBProgress (1): 79/93 MBProgress (1): 79/93 MBProgress (1): 79/93 MBProgress (1): 79/93 MBProgress (1): 79/93 MBProgress (1): 79/93 MBProgress (1): 79/93 MBProgress (1): 79/93 MBProgress (1): 79/93 MBProgress (1): 79/93 MBProgress (1): 79/93 MBProgress (1): 79/93 MBProgress (1): 79/93 MBProgress (1): 79/93 MBProgress (1): 79/93 MBProgress (1): 79/93 MBProgress (1): 79/93 MBProgress (1): 79/93 MBProgress (1): 79/93 MBProgress (1): 79/93 MBProgress (1): 79/93 MBProgress (1): 79/93 MBProgress (1): 80/93 MBProgress (1): 80/93 MBProgress (1): 80/93 MBProgress (1): 80/93 MBProgress (1): 80/93 MBProgress (1): 80/93 MBProgress (1): 80/93 MBProgress (1): 80/93 MBProgress (1): 80/93 MBProgress (1): 80/93 MBProgress (1): 80/93 MBProgress (1): 80/93 MBProgress (1): 80/93 MBProgress (1): 80/93 MBProgress (1): 80/93 MBProgress (1): 80/93 MBProgress (1): 80/93 MBProgress (1): 80/93 MBProgress (1): 80/93 MBProgress (1): 80/93 MBProgress (1): 80/93 MBProgress (1): 80/93 MBProgress (1): 80/93 MBProgress (1): 80/93 MBProgress (1): 80/93 MBProgress (1): 80/93 MBProgress (1): 80/93 MBProgress (1): 80/93 MBProgress (1): 80/93 MBProgress (1): 80/93 MBProgress (1): 80/93 MBProgress (1): 80/93 MBProgress (1): 80/93 MBProgress (1): 80/93 MBProgress (1): 80/93 MBProgress (1): 80/93 MBProgress (1): 80/93 MBProgress (1): 80/93 MBProgress (1): 80/93 MBProgress (1): 80/93 MBProgress (1): 80/93 MBProgress (1): 80/93 MBProgress (1): 80/93 MBProgress (1): 80/93 MBProgress (1): 80/93 MBProgress (1): 80/93 MBProgress (1): 80/93 MBProgress (1): 80/93 MBProgress (1): 80/93 MBProgress (1): 80/93 MBProgress (1): 80/93 MBProgress (1): 80/93 MBProgress (1): 80/93 MBProgress (1): 80/93 MBProgress (1): 80/93 MBProgress (1): 80/93 MBProgress (1): 80/93 MBProgress (1): 80/93 MBProgress (1): 80/93 MBProgress (1): 80/93 MBProgress (1): 80/93 MBProgress (1): 80/93 MBProgress (1): 80/93 MBProgress (1): 81/93 MBProgress (1): 81/93 MBProgress (1): 81/93 MBProgress (1): 81/93 MBProgress (1): 81/93 MBProgress (1): 81/93 MBProgress (1): 81/93 MBProgress (1): 81/93 MBProgress (1): 81/93 MBProgress (1): 81/93 MBProgress (1): 81/93 MBProgress (1): 81/93 MBProgress (1): 81/93 MBProgress (1): 81/93 MBProgress (1): 81/93 MBProgress (1): 81/93 MBProgress (1): 81/93 MBProgress (1): 81/93 MBProgress (1): 81/93 MBProgress (1): 81/93 MBProgress (1): 81/93 MBProgress (1): 81/93 MBProgress (1): 81/93 MBProgress (1): 81/93 MBProgress (1): 81/93 MBProgress (1): 81/93 MBProgress (1): 81/93 MBProgress (1): 81/93 MBProgress (1): 81/93 MBProgress (1): 81/93 MBProgress (1): 81/93 MBProgress (1): 81/93 MBProgress (1): 81/93 MBProgress (1): 81/93 MBProgress (1): 81/93 MBProgress (1): 81/93 MBProgress (1): 81/93 MBProgress (1): 81/93 MBProgress (1): 81/93 MBProgress (1): 81/93 MBProgress (1): 81/93 MBProgress (1): 81/93 MBProgress (1): 81/93 MBProgress (1): 81/93 MBProgress (1): 81/93 MBProgress (1): 81/93 MBProgress (1): 81/93 MBProgress (1): 81/93 MBProgress (1): 81/93 MBProgress (1): 81/93 MBProgress (1): 81/93 MBProgress (1): 81/93 MBProgress (1): 81/93 MBProgress (1): 81/93 MBProgress (1): 81/93 MBProgress (1): 81/93 MBProgress (1): 81/93 MBProgress (1): 81/93 MBProgress (1): 81/93 MBProgress (1): 81/93 MBProgress (1): 81/93 MBProgress (1): 81/93 MBProgress (1): 81/93 MBProgress (1): 82/93 MBProgress (1): 82/93 MBProgress (1): 82/93 MBProgress (1): 82/93 MBProgress (1): 82/93 MBProgress (1): 82/93 MBProgress (1): 82/93 MBProgress (1): 82/93 MBProgress (1): 82/93 MBProgress (1): 82/93 MBProgress (1): 82/93 MBProgress (1): 82/93 MBProgress (1): 82/93 MBProgress (1): 82/93 MBProgress (1): 82/93 MBProgress (1): 82/93 MBProgress (1): 82/93 MBProgress (1): 82/93 MBProgress (1): 82/93 MBProgress (1): 82/93 MBProgress (1): 82/93 MBProgress (1): 82/93 MBProgress (1): 82/93 MBProgress (1): 82/93 MBProgress (1): 82/93 MBProgress (1): 82/93 MBProgress (1): 82/93 MBProgress (1): 82/93 MBProgress (1): 82/93 MBProgress (1): 82/93 MBProgress (1): 82/93 MBProgress (1): 82/93 MBProgress (1): 82/93 MBProgress (1): 82/93 MBProgress (1): 82/93 MBProgress (1): 82/93 MBProgress (1): 82/93 MBProgress (1): 82/93 MBProgress (1): 82/93 MBProgress (1): 82/93 MBProgress (1): 82/93 MBProgress (1): 82/93 MBProgress (1): 82/93 MBProgress (1): 82/93 MBProgress (1): 82/93 MBProgress (1): 82/93 MBProgress (1): 82/93 MBProgress (1): 82/93 MBProgress (1): 82/93 MBProgress (1): 82/93 MBProgress (1): 82/93 MBProgress (1): 82/93 MBProgress (1): 82/93 MBProgress (1): 82/93 MBProgress (1): 82/93 MBProgress (1): 82/93 MBProgress (1): 82/93 MBProgress (1): 82/93 MBProgress (1): 82/93 MBProgress (1): 82/93 MBProgress (1): 82/93 MBProgress (1): 82/93 MBProgress (1): 83/93 MBProgress (1): 83/93 MBProgress (1): 83/93 MBProgress (1): 83/93 MBProgress (1): 83/93 MBProgress (1): 83/93 MBProgress (1): 83/93 MBProgress (1): 83/93 MBProgress (1): 83/93 MBProgress (1): 83/93 MBProgress (1): 83/93 MBProgress (1): 83/93 MBProgress (1): 83/93 MBProgress (1): 83/93 MBProgress (1): 83/93 MBProgress (1): 83/93 MBProgress (1): 83/93 MBProgress (1): 83/93 MBProgress (1): 83/93 MBProgress (1): 83/93 MBProgress (1): 83/93 MBProgress (1): 83/93 MBProgress (1): 83/93 MBProgress (1): 83/93 MBProgress (1): 83/93 MBProgress (1): 83/93 MBProgress (1): 83/93 MBProgress (1): 83/93 MBProgress (1): 83/93 MBProgress (1): 83/93 MBProgress (1): 83/93 MBProgress (1): 83/93 MBProgress (1): 83/93 MBProgress (1): 83/93 MBProgress (1): 83/93 MBProgress (1): 83/93 MBProgress (1): 83/93 MBProgress (1): 83/93 MBProgress (1): 83/93 MBProgress (1): 83/93 MBProgress (1): 83/93 MBProgress (1): 83/93 MBProgress (1): 83/93 MBProgress (1): 83/93 MBProgress (1): 83/93 MBProgress (1): 83/93 MBProgress (1): 83/93 MBProgress (1): 83/93 MBProgress (1): 83/93 MBProgress (1): 83/93 MBProgress (1): 83/93 MBProgress (1): 83/93 MBProgress (1): 83/93 MBProgress (1): 83/93 MBProgress (1): 83/93 MBProgress (1): 83/93 MBProgress (1): 83/93 MBProgress (1): 83/93 MBProgress (1): 83/93 MBProgress (1): 83/93 MBProgress (1): 83/93 MBProgress (1): 83/93 MBProgress (1): 83/93 MBProgress (1): 83/93 MBProgress (1): 84/93 MBProgress (1): 84/93 MBProgress (1): 84/93 MBProgress (1): 84/93 MBProgress (1): 84/93 MBProgress (1): 84/93 MBProgress (1): 84/93 MBProgress (1): 84/93 MBProgress (1): 84/93 MBProgress (1): 84/93 MBProgress (1): 84/93 MBProgress (1): 84/93 MBProgress (1): 84/93 MBProgress (1): 84/93 MBProgress (1): 84/93 MBProgress (1): 84/93 MBProgress (1): 84/93 MBProgress (1): 84/93 MBProgress (1): 84/93 MBProgress (1): 84/93 MBProgress (1): 84/93 MBProgress (1): 84/93 MBProgress (1): 84/93 MBProgress (1): 84/93 MBProgress (1): 84/93 MBProgress (1): 84/93 MBProgress (1): 84/93 MBProgress (1): 84/93 MBProgress (1): 84/93 MBProgress (1): 84/93 MBProgress (1): 84/93 MBProgress (1): 84/93 MBProgress (1): 84/93 MBProgress (1): 84/93 MBProgress (1): 84/93 MBProgress (1): 84/93 MBProgress (1): 84/93 MBProgress (1): 84/93 MBProgress (1): 84/93 MBProgress (1): 84/93 MBProgress (1): 84/93 MBProgress (1): 84/93 MBProgress (1): 84/93 MBProgress (1): 84/93 MBProgress (1): 84/93 MBProgress (1): 84/93 MBProgress (1): 84/93 MBProgress (1): 84/93 MBProgress (1): 84/93 MBProgress (1): 84/93 MBProgress (1): 84/93 MBProgress (1): 84/93 MBProgress (1): 84/93 MBProgress (1): 84/93 MBProgress (1): 84/93 MBProgress (1): 84/93 MBProgress (1): 84/93 MBProgress (1): 84/93 MBProgress (1): 84/93 MBProgress (1): 84/93 MBProgress (1): 84/93 MBProgress (1): 84/93 MBProgress (1): 84/93 MBProgress (1): 85/93 MBProgress (1): 85/93 MBProgress (1): 85/93 MBProgress (1): 85/93 MBProgress (1): 85/93 MBProgress (1): 85/93 MBProgress (1): 85/93 MBProgress (1): 85/93 MBProgress (1): 85/93 MBProgress (1): 85/93 MBProgress (1): 85/93 MBProgress (1): 85/93 MBProgress (1): 85/93 MBProgress (1): 85/93 MBProgress (1): 85/93 MBProgress (1): 85/93 MBProgress (1): 85/93 MBProgress (1): 85/93 MBProgress (1): 85/93 MBProgress (1): 85/93 MBProgress (1): 85/93 MBProgress (1): 85/93 MBProgress (1): 85/93 MBProgress (1): 85/93 MBProgress (1): 85/93 MBProgress (1): 85/93 MBProgress (1): 85/93 MBProgress (1): 85/93 MBProgress (1): 85/93 MBProgress (1): 85/93 MBProgress (1): 85/93 MBProgress (1): 85/93 MBProgress (1): 85/93 MBProgress (1): 85/93 MBProgress (1): 85/93 MBProgress (1): 85/93 MBProgress (1): 85/93 MBProgress (1): 85/93 MBProgress (1): 85/93 MBProgress (1): 85/93 MBProgress (1): 85/93 MBProgress (1): 85/93 MBProgress (1): 85/93 MBProgress (1): 85/93 MBProgress (1): 85/93 MBProgress (1): 85/93 MBProgress (1): 85/93 MBProgress (1): 85/93 MBProgress (1): 85/93 MBProgress (1): 85/93 MBProgress (1): 85/93 MBProgress (1): 85/93 MBProgress (1): 85/93 MBProgress (1): 85/93 MBProgress (1): 85/93 MBProgress (1): 85/93 MBProgress (1): 85/93 MBProgress (1): 85/93 MBProgress (1): 85/93 MBProgress (1): 85/93 MBProgress (1): 85/93 MBProgress (1): 86/93 MBProgress (1): 86/93 MBProgress (1): 86/93 MBProgress (1): 86/93 MBProgress (1): 86/93 MBProgress (1): 86/93 MBProgress (1): 86/93 MBProgress (1): 86/93 MBProgress (1): 86/93 MBProgress (1): 86/93 MBProgress (1): 86/93 MBProgress (1): 86/93 MBProgress (1): 86/93 MBProgress (1): 86/93 MBProgress (1): 86/93 MBProgress (1): 86/93 MBProgress (1): 86/93 MBProgress (1): 86/93 MBProgress (1): 86/93 MBProgress (1): 86/93 MBProgress (1): 86/93 MBProgress (1): 86/93 MBProgress (1): 86/93 MBProgress (1): 86/93 MBProgress (1): 86/93 MBProgress (1): 86/93 MBProgress (1): 86/93 MBProgress (1): 86/93 MBProgress (1): 86/93 MBProgress (1): 86/93 MBProgress (1): 86/93 MBProgress (1): 86/93 MBProgress (1): 86/93 MBProgress (1): 86/93 MBProgress (1): 86/93 MBProgress (1): 86/93 MBProgress (1): 86/93 MBProgress (1): 86/93 MBProgress (1): 86/93 MBProgress (1): 86/93 MBProgress (1): 86/93 MBProgress (1): 86/93 MBProgress (1): 86/93 MBProgress (1): 86/93 MBProgress (1): 86/93 MBProgress (1): 86/93 MBProgress (1): 86/93 MBProgress (1): 86/93 MBProgress (1): 86/93 MBProgress (1): 86/93 MBProgress (1): 86/93 MBProgress (1): 86/93 MBProgress (1): 86/93 MBProgress (1): 86/93 MBProgress (1): 86/93 MBProgress (1): 86/93 MBProgress (1): 86/93 MBProgress (1): 86/93 MBProgress (1): 86/93 MBProgress (1): 86/93 MBProgress (1): 86/93 MBProgress (1): 87/93 MBProgress (1): 87/93 MBProgress (1): 87/93 MBProgress (1): 87/93 MBProgress (1): 87/93 MBProgress (1): 87/93 MBProgress (1): 87/93 MBProgress (1): 87/93 MBProgress (1): 87/93 MBProgress (1): 87/93 MBProgress (1): 87/93 MBProgress (1): 87/93 MBProgress (1): 87/93 MBProgress (1): 87/93 MBProgress (1): 87/93 MBProgress (1): 87/93 MBProgress (1): 87/93 MBProgress (1): 87/93 MBProgress (1): 87/93 MBProgress (1): 87/93 MBProgress (1): 87/93 MBProgress (1): 87/93 MBProgress (1): 87/93 MBProgress (1): 87/93 MBProgress (1): 87/93 MBProgress (1): 87/93 MBProgress (1): 87/93 MBProgress (1): 87/93 MBProgress (1): 87/93 MBProgress (1): 87/93 MBProgress (1): 87/93 MBProgress (1): 87/93 MBProgress (1): 87/93 MBProgress (1): 87/93 MBProgress (1): 87/93 MBProgress (1): 87/93 MBProgress (1): 87/93 MBProgress (1): 87/93 MBProgress (1): 87/93 MBProgress (1): 87/93 MBProgress (1): 87/93 MBProgress (1): 87/93 MBProgress (1): 87/93 MBProgress (1): 87/93 MBProgress (1): 87/93 MBProgress (1): 87/93 MBProgress (1): 87/93 MBProgress (1): 87/93 MBProgress (1): 87/93 MBProgress (1): 87/93 MBProgress (1): 87/93 MBProgress (1): 87/93 MBProgress (1): 87/93 MBProgress (1): 87/93 MBProgress (1): 87/93 MBProgress (1): 87/93 MBProgress (1): 87/93 MBProgress (1): 87/93 MBProgress (1): 87/93 MBProgress (1): 87/93 MBProgress (1): 87/93 MBProgress (1): 87/93 MBProgress (1): 88/93 MBProgress (1): 88/93 MBProgress (1): 88/93 MBProgress (1): 88/93 MBProgress (1): 88/93 MBProgress (1): 88/93 MBProgress (1): 88/93 MBProgress (1): 88/93 MBProgress (1): 88/93 MBProgress (1): 88/93 MBProgress (1): 88/93 MBProgress (1): 88/93 MBProgress (1): 88/93 MBProgress (1): 88/93 MBProgress (1): 88/93 MBProgress (1): 88/93 MBProgress (1): 88/93 MBProgress (1): 88/93 MBProgress (1): 88/93 MBProgress (1): 88/93 MBProgress (1): 88/93 MBProgress (1): 88/93 MBProgress (1): 88/93 MBProgress (1): 88/93 MBProgress (1): 88/93 MBProgress (1): 88/93 MBProgress (1): 88/93 MBProgress (1): 88/93 MBProgress (1): 88/93 MBProgress (1): 88/93 MBProgress (1): 88/93 MBProgress (1): 88/93 MBProgress (1): 88/93 MBProgress (1): 88/93 MBProgress (1): 88/93 MBProgress (1): 88/93 MBProgress (1): 88/93 MBProgress (1): 88/93 MBProgress (1): 88/93 MBProgress (1): 88/93 MBProgress (1): 88/93 MBProgress (1): 88/93 MBProgress (1): 88/93 MBProgress (1): 88/93 MBProgress (1): 88/93 MBProgress (1): 88/93 MBProgress (1): 88/93 MBProgress (1): 88/93 MBProgress (1): 88/93 MBProgress (1): 88/93 MBProgress (1): 88/93 MBProgress (1): 88/93 MBProgress (1): 88/93 MBProgress (1): 88/93 MBProgress (1): 88/93 MBProgress (1): 88/93 MBProgress (1): 88/93 MBProgress (1): 88/93 MBProgress (1): 88/93 MBProgress (1): 88/93 MBProgress (1): 88/93 MBProgress (1): 89/93 MBProgress (1): 89/93 MBProgress (1): 89/93 MBProgress (1): 89/93 MBProgress (1): 89/93 MBProgress (1): 89/93 MBProgress (1): 89/93 MBProgress (1): 89/93 MBProgress (1): 89/93 MBProgress (1): 89/93 MBProgress (1): 89/93 MBProgress (1): 89/93 MBProgress (1): 89/93 MBProgress (1): 89/93 MBProgress (1): 89/93 MBProgress (1): 89/93 MBProgress (1): 89/93 MBProgress (1): 89/93 MBProgress (1): 89/93 MBProgress (1): 89/93 MBProgress (1): 89/93 MBProgress (1): 89/93 MBProgress (1): 89/93 MBProgress (1): 89/93 MBProgress (1): 89/93 MBProgress (1): 89/93 MBProgress (1): 89/93 MBProgress (1): 89/93 MBProgress (1): 89/93 MBProgress (1): 89/93 MBProgress (1): 89/93 MBProgress (1): 89/93 MBProgress (1): 89/93 MBProgress (1): 89/93 MBProgress (1): 89/93 MBProgress (1): 89/93 MBProgress (1): 89/93 MBProgress (1): 89/93 MBProgress (1): 89/93 MBProgress (1): 89/93 MBProgress (1): 89/93 MBProgress (1): 89/93 MBProgress (1): 89/93 MBProgress (1): 89/93 MBProgress (1): 89/93 MBProgress (1): 89/93 MBProgress (1): 89/93 MBProgress (1): 89/93 MBProgress (1): 89/93 MBProgress (1): 89/93 MBProgress (1): 89/93 MBProgress (1): 89/93 MBProgress (1): 89/93 MBProgress (1): 89/93 MBProgress (1): 89/93 MBProgress (1): 89/93 MBProgress (1): 89/93 MBProgress (1): 89/93 MBProgress (1): 89/93 MBProgress (1): 89/93 MBProgress (1): 89/93 MBProgress (1): 89/93 MBProgress (1): 89/93 MBProgress (1): 90/93 MBProgress (1): 90/93 MBProgress (1): 90/93 MBProgress (1): 90/93 MBProgress (1): 90/93 MBProgress (1): 90/93 MBProgress (1): 90/93 MBProgress (1): 90/93 MBProgress (1): 90/93 MBProgress (1): 90/93 MBProgress (1): 90/93 MBProgress (1): 90/93 MBProgress (1): 90/93 MBProgress (1): 90/93 MBProgress (1): 90/93 MBProgress (1): 90/93 MBProgress (1): 90/93 MBProgress (1): 90/93 MBProgress (1): 90/93 MBProgress (1): 90/93 MBProgress (1): 90/93 MBProgress (1): 90/93 MBProgress (1): 90/93 MBProgress (1): 90/93 MBProgress (1): 90/93 MBProgress (1): 90/93 MBProgress (1): 90/93 MBProgress (1): 90/93 MBProgress (1): 90/93 MBProgress (1): 90/93 MBProgress (1): 90/93 MBProgress (1): 90/93 MBProgress (1): 90/93 MBProgress (1): 90/93 MBProgress (1): 90/93 MBProgress (1): 90/93 MBProgress (1): 90/93 MBProgress (1): 90/93 MBProgress (1): 90/93 MBProgress (1): 90/93 MBProgress (1): 90/93 MBProgress (1): 90/93 MBProgress (1): 90/93 MBProgress (1): 90/93 MBProgress (1): 90/93 MBProgress (1): 90/93 MBProgress (1): 90/93 MBProgress (1): 90/93 MBProgress (1): 90/93 MBProgress (1): 90/93 MBProgress (1): 90/93 MBProgress (1): 90/93 MBProgress (1): 90/93 MBProgress (1): 90/93 MBProgress (1): 90/93 MBProgress (1): 90/93 MBProgress (1): 90/93 MBProgress (1): 90/93 MBProgress (1): 90/93 MBProgress (1): 90/93 MBProgress (1): 90/93 MBProgress (1): 91/93 MBProgress (1): 91/93 MBProgress (1): 91/93 MBProgress (1): 91/93 MBProgress (1): 91/93 MBProgress (1): 91/93 MBProgress (1): 91/93 MBProgress (1): 91/93 MBProgress (1): 91/93 MBProgress (1): 91/93 MBProgress (1): 91/93 MBProgress (1): 91/93 MBProgress (1): 91/93 MBProgress (1): 91/93 MBProgress (1): 91/93 MBProgress (1): 91/93 MBProgress (1): 91/93 MBProgress (1): 91/93 MBProgress (1): 91/93 MBProgress (1): 91/93 MBProgress (1): 91/93 MBProgress (1): 91/93 MBProgress (1): 91/93 MBProgress (1): 91/93 MBProgress (1): 91/93 MBProgress (1): 91/93 MBProgress (1): 91/93 MBProgress (1): 91/93 MBProgress (1): 91/93 MBProgress (1): 91/93 MBProgress (1): 91/93 MBProgress (1): 91/93 MBProgress (1): 91/93 MBProgress (1): 91/93 MBProgress (1): 91/93 MBProgress (1): 91/93 MBProgress (1): 91/93 MBProgress (1): 91/93 MBProgress (1): 91/93 MBProgress (1): 91/93 MBProgress (1): 91/93 MBProgress (1): 91/93 MBProgress (1): 91/93 MBProgress (1): 91/93 MBProgress (1): 91/93 MBProgress (1): 91/93 MBProgress (1): 91/93 MBProgress (1): 91/93 MBProgress (1): 91/93 MBProgress (1): 91/93 MBProgress (1): 91/93 MBProgress (1): 91/93 MBProgress (1): 91/93 MBProgress (1): 91/93 MBProgress (1): 91/93 MBProgress (1): 91/93 MBProgress (1): 91/93 MBProgress (1): 91/93 MBProgress (1): 91/93 MBProgress (1): 91/93 MBProgress (1): 91/93 MBProgress (1): 92/93 MBProgress (1): 92/93 MBProgress (1): 92/93 MBProgress (1): 92/93 MBProgress (1): 92/93 MBProgress (1): 92/93 MBProgress (1): 92/93 MBProgress (1): 92/93 MBProgress (1): 92/93 MBProgress (1): 92/93 MBProgress (1): 92/93 MBProgress (1): 92/93 MBProgress (1): 92/93 MBProgress (1): 92/93 MBProgress (1): 92/93 MBProgress (1): 92/93 MBProgress (1): 92/93 MBProgress (1): 92/93 MBProgress (1): 92/93 MBProgress (1): 92/93 MBProgress (1): 92/93 MBProgress (1): 92/93 MBProgress (1): 92/93 MBProgress (1): 92/93 MBProgress (1): 92/93 MBProgress (1): 92/93 MBProgress (1): 92/93 MBProgress (1): 92/93 MBProgress (1): 92/93 MBProgress (1): 92/93 MBProgress (1): 92/93 MBProgress (1): 92/93 MBProgress (1): 92/93 MBProgress (1): 92/93 MBProgress (1): 92/93 MBProgress (1): 92/93 MBProgress (1): 92/93 MBProgress (1): 92/93 MBProgress (1): 92/93 MBProgress (1): 92/93 MBProgress (1): 92/93 MBProgress (1): 92/93 MBProgress (1): 92/93 MBProgress (1): 92/93 MBProgress (1): 92/93 MBProgress (1): 92/93 MBProgress (1): 92/93 MBProgress (1): 92/93 MBProgress (1): 92/93 MBProgress (1): 92/93 MBProgress (1): 92/93 MBProgress (1): 92/93 MBProgress (1): 92/93 MBProgress (1): 92/93 MBProgress (1): 92/93 MBProgress (1): 92/93 MBProgress (1): 92/93 MBProgress (1): 92/93 MBProgress (1): 92/93 MBProgress (1): 92/93 MBProgress (1): 92/93 MBProgress (1): 93/93 MBProgress (1): 93/93 MBProgress (1): 93/93 MBProgress (1): 93/93 MBProgress (1): 93/93 MBProgress (1): 93/93 MBProgress (1): 93/93 MBProgress (1): 93/93 MBProgress (1): 93/93 MBProgress (1): 93/93 MBProgress (1): 93/93 MBProgress (1): 93/93 MBProgress (1): 93/93 MBProgress (1): 93/93 MBProgress (1): 93/93 MBProgress (1): 93/93 MBProgress (1): 93/93 MBProgress (1): 93/93 MBProgress (1): 93/93 MBProgress (1): 93/93 MBProgress (1): 93/93 MBProgress (1): 93/93 MBProgress (1): 93/93 MBProgress (1): 93/93 MBProgress (1): 93/93 MBProgress (1): 93/93 MBProgress (1): 93/93 MBProgress (1): 93/93 MBProgress (1): 93/93 MBProgress (1): 93/93 MBProgress (1): 93 MB                      Downloaded from central: https://repo.maven.apache.org/maven2/com/microsoft/onnxruntime/onnxruntime/1.20.0/onnxruntime-1.20.0.jar (93 MB at 19 MB/s)
[INFO] 
[INFO] --- jacoco:0.8.8:prepare-agent (prepare-agent) @ taniwha ---
Downloading from central: https://repo.maven.apache.org/maven2/org/codehaus/plexus/plexus-utils/3.0.22/plexus-utils-3.0.22.pom
Progress (1): 812 BProgress (1): 2.3 kBProgress (1): 3.8 kB                    Downloaded from central: https://repo.maven.apache.org/maven2/org/codehaus/plexus/plexus-utils/3.0.22/plexus-utils-3.0.22.pom (3.8 kB at 192 kB/s)
Downloading from central: https://repo.maven.apache.org/maven2/org/codehaus/plexus/plexus/3.3.1/plexus-3.3.1.pom
Progress (1): 707 BProgress (1): 2.6 kBProgress (1): 6.1 kBProgress (1): 8.6 kBProgress (1): 11 kB Progress (1): 16 kBProgress (1): 20 kBProgress (1): 20 kB                   Downloaded from central: https://repo.maven.apache.org/maven2/org/codehaus/plexus/plexus/3.3.1/plexus-3.3.1.pom (20 kB at 1.1 MB/s)
Downloading from central: https://repo.maven.apache.org/maven2/org/sonatype/spice/spice-parent/17/spice-parent-17.pom
Progress (1): 1.2 kBProgress (1): 3.4 kBProgress (1): 6.7 kBProgress (1): 6.8 kB                    Downloaded from central: https://repo.maven.apache.org/maven2/org/sonatype/spice/spice-parent/17/spice-parent-17.pom (6.8 kB at 294 kB/s)
Downloading from central: https://repo.maven.apache.org/maven2/org/sonatype/forge/forge-parent/10/forge-parent-10.pom
Progress (1): 735 BProgress (1): 2.6 kBProgress (1): 8.6 kBProgress (1): 12 kB Progress (1): 14 kB                   Downloaded from central: https://repo.maven.apache.org/maven2/org/sonatype/forge/forge-parent/10/forge-parent-10.pom (14 kB at 646 kB/s)
Downloading from central: https://repo.maven.apache.org/maven2/org/apache/maven/shared/file-management/1.2.1/file-management-1.2.1.pom
Progress (1): 788 BProgress (1): 2.4 kBProgress (1): 3.9 kB                    Downloaded from central: https://repo.maven.apache.org/maven2/org/apache/maven/shared/file-management/1.2.1/file-management-1.2.1.pom (3.9 kB at 194 kB/s)
Downloading from central: https://repo.maven.apache.org/maven2/org/apache/maven/shared/maven-shared-components/10/maven-shared-components-10.pom
Progress (1): 776 BProgress (1): 2.9 kBProgress (1): 6.6 kBProgress (1): 8.4 kB                    Downloaded from central: https://repo.maven.apache.org/maven2/org/apache/maven/shared/maven-shared-components/10/maven-shared-components-10.pom (8.4 kB at 444 kB/s)
Downloading from central: https://repo.maven.apache.org/maven2/org/apache/maven/maven-parent/9/maven-parent-9.pom
Progress (1): 725 BProgress (1): 1.9 kBProgress (1): 6.2 kBProgress (1): 11 kB Progress (1): 14 kBProgress (1): 16 kBProgress (1): 21 kBProgress (1): 24 kBProgress (1): 30 kBProgress (1): 33 kB                   Downloaded from central: https://repo.maven.apache.org/maven2/org/apache/maven/maven-parent/9/maven-parent-9.pom (33 kB at 1.8 MB/s)
Downloading from central: https://repo.maven.apache.org/maven2/org/apache/apache/4/apache-4.pom
Progress (1): 790 BProgress (1): 2.1 kBProgress (1): 4.2 kBProgress (1): 4.5 kB                    Downloaded from central: https://repo.maven.apache.org/maven2/org/apache/apache/4/apache-4.pom (4.5 kB at 300 kB/s)
Downloading from central: https://repo.maven.apache.org/maven2/org/apache/maven/maven-plugin-api/2.0.6/maven-plugin-api-2.0.6.pom
Progress (1): 847 BProgress (1): 1.5 kB                    Downloaded from central: https://repo.maven.apache.org/maven2/org/apache/maven/maven-plugin-api/2.0.6/maven-plugin-api-2.0.6.pom (1.5 kB at 86 kB/s)
Downloading from central: https://repo.maven.apache.org/maven2/org/apache/maven/maven/2.0.6/maven-2.0.6.pom
Progress (1): 782 BProgress (1): 2.0 kBProgress (1): 4.4 kBProgress (1): 9.0 kB                    Downloaded from central: https://repo.maven.apache.org/maven2/org/apache/maven/maven/2.0.6/maven-2.0.6.pom (9.0 kB at 503 kB/s)
Downloading from central: https://repo.maven.apache.org/maven2/org/apache/maven/maven-parent/5/maven-parent-5.pom
Progress (1): 755 BProgress (1): 2.1 kBProgress (1): 5.4 kBProgress (1): 9.1 kBProgress (1): 12 kB Progress (1): 15 kB                   Downloaded from central: https://repo.maven.apache.org/maven2/org/apache/maven/maven-parent/5/maven-parent-5.pom (15 kB at 896 kB/s)
Downloading from central: https://repo.maven.apache.org/maven2/org/apache/apache/3/apache-3.pom
Progress (1): 812 BProgress (1): 2.3 kBProgress (1): 3.4 kB                    Downloaded from central: https://repo.maven.apache.org/maven2/org/apache/apache/3/apache-3.pom (3.4 kB at 214 kB/s)
Downloading from central: https://repo.maven.apache.org/maven2/org/apache/maven/shared/maven-shared-io/1.1/maven-shared-io-1.1.pom
Progress (1): 813 BProgress (1): 2.9 kBProgress (1): 4.1 kB                    Downloaded from central: https://repo.maven.apache.org/maven2/org/apache/maven/shared/maven-shared-io/1.1/maven-shared-io-1.1.pom (4.1 kB at 254 kB/s)
Downloading from central: https://repo.maven.apache.org/maven2/org/apache/maven/shared/maven-shared-components/8/maven-shared-components-8.pom
Progress (1): 1.4 kBProgress (1): 2.7 kB                    Downloaded from central: https://repo.maven.apache.org/maven2/org/apache/maven/shared/maven-shared-components/8/maven-shared-components-8.pom (2.7 kB at 157 kB/s)
Downloading from central: https://repo.maven.apache.org/maven2/org/apache/maven/maven-parent/7/maven-parent-7.pom
Progress (1): 751 BProgress (1): 2.0 kBProgress (1): 4.5 kBProgress (1): 8.0 kBProgress (1): 12 kB Progress (1): 16 kBProgress (1): 20 kBProgress (1): 21 kB                   Downloaded from central: https://repo.maven.apache.org/maven2/org/apache/maven/maven-parent/7/maven-parent-7.pom (21 kB at 1.3 MB/s)
Downloading from central: https://repo.maven.apache.org/maven2/org/apache/maven/maven-artifact/2.0.2/maven-artifact-2.0.2.pom
Progress (1): 765 B                   Downloaded from central: https://repo.maven.apache.org/maven2/org/apache/maven/maven-artifact/2.0.2/maven-artifact-2.0.2.pom (765 B at 42 kB/s)
Downloading from central: https://repo.maven.apache.org/maven2/org/apache/maven/maven/2.0.2/maven-2.0.2.pom
Progress (1): 903 BProgress (1): 3.6 kBProgress (1): 9.7 kBProgress (1): 13 kB Progress (1): 13 kB                   Downloaded from central: https://repo.maven.apache.org/maven2/org/apache/maven/maven/2.0.2/maven-2.0.2.pom (13 kB at 775 kB/s)
Downloading from central: https://repo.maven.apache.org/maven2/org/codehaus/plexus/plexus-utils/1.1/plexus-utils-1.1.pom
Progress (1): 767 B                   Downloaded from central: https://repo.maven.apache.org/maven2/org/codehaus/plexus/plexus-utils/1.1/plexus-utils-1.1.pom (767 B at 45 kB/s)
Downloading from central: https://repo.maven.apache.org/maven2/org/codehaus/plexus/plexus/1.0.4/plexus-1.0.4.pom
Progress (1): 1.5 kBProgress (1): 4.6 kBProgress (1): 5.7 kB                    Downloaded from central: https://repo.maven.apache.org/maven2/org/codehaus/plexus/plexus/1.0.4/plexus-1.0.4.pom (5.7 kB at 319 kB/s)
Downloading from central: https://repo.maven.apache.org/maven2/org/apache/maven/maven-artifact-manager/2.0.2/maven-artifact-manager-2.0.2.pom
Progress (1): 1.4 kB                    Downloaded from central: https://repo.maven.apache.org/maven2/org/apache/maven/maven-artifact-manager/2.0.2/maven-artifact-manager-2.0.2.pom (1.4 kB at 78 kB/s)
Downloading from central: https://repo.maven.apache.org/maven2/org/apache/maven/maven-repository-metadata/2.0.2/maven-repository-metadata-2.0.2.pom
Progress (1): 1.3 kB                    Downloaded from central: https://repo.maven.apache.org/maven2/org/apache/maven/maven-repository-metadata/2.0.2/maven-repository-metadata-2.0.2.pom (1.3 kB at 69 kB/s)
Downloading from central: https://repo.maven.apache.org/maven2/org/codehaus/plexus/plexus-container-default/1.0-alpha-9/plexus-container-default-1.0-alpha-9.pom
Progress (1): 1.2 kB                    Downloaded from central: https://repo.maven.apache.org/maven2/org/codehaus/plexus/plexus-container-default/1.0-alpha-9/plexus-container-default-1.0-alpha-9.pom (1.2 kB at 62 kB/s)
Downloading from central: https://repo.maven.apache.org/maven2/org/codehaus/plexus/plexus-containers/1.0.3/plexus-containers-1.0.3.pom
Progress (1): 492 B                   Downloaded from central: https://repo.maven.apache.org/maven2/org/codehaus/plexus/plexus-containers/1.0.3/plexus-containers-1.0.3.pom (492 B at 29 kB/s)
Downloading from central: https://repo.maven.apache.org/maven2/junit/junit/4.13.1/junit-4.13.1.pom
Progress (1): 1.0 kBProgress (1): 3.3 kBProgress (1): 5.0 kBProgress (1): 7.1 kBProgress (1): 9.8 kBProgress (1): 13 kB Progress (1): 16 kBProgress (1): 21 kBProgress (1): 25 kB                   Downloaded from central: https://repo.maven.apache.org/maven2/junit/junit/4.13.1/junit-4.13.1.pom (25 kB at 1.3 MB/s)
Downloading from central: https://repo.maven.apache.org/maven2/org/hamcrest/hamcrest-core/1.3/hamcrest-core-1.3.pom
Progress (1): 766 B                   Downloaded from central: https://repo.maven.apache.org/maven2/org/hamcrest/hamcrest-core/1.3/hamcrest-core-1.3.pom (766 B at 45 kB/s)
Downloading from central: https://repo.maven.apache.org/maven2/org/hamcrest/hamcrest-parent/1.3/hamcrest-parent-1.3.pom
Progress (1): 1.1 kBProgress (1): 2.0 kB                    Downloaded from central: https://repo.maven.apache.org/maven2/org/hamcrest/hamcrest-parent/1.3/hamcrest-parent-1.3.pom (2.0 kB at 123 kB/s)
Downloading from central: https://repo.maven.apache.org/maven2/org/codehaus/plexus/plexus-utils/1.0.4/plexus-utils-1.0.4.pom
Progress (1): 1.5 kBProgress (1): 4.4 kBProgress (1): 6.9 kB                    Downloaded from central: https://repo.maven.apache.org/maven2/org/codehaus/plexus/plexus-utils/1.0.4/plexus-utils-1.0.4.pom (6.9 kB at 457 kB/s)
Downloading from central: https://repo.maven.apache.org/maven2/classworlds/classworlds/1.1-alpha-2/classworlds-1.1-alpha-2.pom
Progress (1): 2.0 kBProgress (1): 3.1 kB                    Downloaded from central: https://repo.maven.apache.org/maven2/classworlds/classworlds/1.1-alpha-2/classworlds-1.1-alpha-2.pom (3.1 kB at 184 kB/s)
Downloading from central: https://repo.maven.apache.org/maven2/org/apache/maven/wagon/wagon-provider-api/1.0-alpha-6/wagon-provider-api-1.0-alpha-6.pom
Progress (1): 588 B                   Downloaded from central: https://repo.maven.apache.org/maven2/org/apache/maven/wagon/wagon-provider-api/1.0-alpha-6/wagon-provider-api-1.0-alpha-6.pom (588 B at 27 kB/s)
Downloading from central: https://repo.maven.apache.org/maven2/org/apache/maven/wagon/wagon/1.0-alpha-6/wagon-1.0-alpha-6.pom
Progress (1): 1.2 kBProgress (1): 4.8 kBProgress (1): 6.4 kB                    Downloaded from central: https://repo.maven.apache.org/maven2/org/apache/maven/wagon/wagon/1.0-alpha-6/wagon-1.0-alpha-6.pom (6.4 kB at 427 kB/s)
Downloading from central: https://repo.maven.apache.org/maven2/org/codehaus/plexus/plexus-utils/1.4.6/plexus-utils-1.4.6.pom
Progress (1): 1.2 kBProgress (1): 2.3 kB                    Downloaded from central: https://repo.maven.apache.org/maven2/org/codehaus/plexus/plexus-utils/1.4.6/plexus-utils-1.4.6.pom (2.3 kB at 142 kB/s)
Downloading from central: https://repo.maven.apache.org/maven2/org/codehaus/plexus/plexus/1.0.11/plexus-1.0.11.pom
Progress (1): 1.2 kBProgress (1): 4.4 kBProgress (1): 7.6 kBProgress (1): 9.0 kB                    Downloaded from central: https://repo.maven.apache.org/maven2/org/codehaus/plexus/plexus/1.0.11/plexus-1.0.11.pom (9.0 kB at 472 kB/s)
Downloading from central: https://repo.maven.apache.org/maven2/org/codehaus/plexus/plexus-utils/1.5.6/plexus-utils-1.5.6.pom
Progress (1): 1.4 kBProgress (1): 4.4 kBProgress (1): 5.3 kB                    Downloaded from central: https://repo.maven.apache.org/maven2/org/codehaus/plexus/plexus-utils/1.5.6/plexus-utils-1.5.6.pom (5.3 kB at 331 kB/s)
Downloading from central: https://repo.maven.apache.org/maven2/org/codehaus/plexus/plexus/1.0.12/plexus-1.0.12.pom
Progress (1): 1.2 kBProgress (1): 4.1 kBProgress (1): 7.3 kBProgress (1): 9.8 kBProgress (1): 9.8 kB                    Downloaded from central: https://repo.maven.apache.org/maven2/org/codehaus/plexus/plexus/1.0.12/plexus-1.0.12.pom (9.8 kB at 612 kB/s)
Downloading from central: https://repo.maven.apache.org/maven2/org/apache/maven/reporting/maven-reporting-api/3.0/maven-reporting-api-3.0.pom
Progress (1): 816 BProgress (1): 2.4 kBProgress (1): 2.4 kB                    Downloaded from central: https://repo.maven.apache.org/maven2/org/apache/maven/reporting/maven-reporting-api/3.0/maven-reporting-api-3.0.pom (2.4 kB at 113 kB/s)
Downloading from central: https://repo.maven.apache.org/maven2/org/apache/maven/shared/maven-shared-components/15/maven-shared-components-15.pom
Progress (1): 770 BProgress (1): 2.9 kBProgress (1): 6.5 kBProgress (1): 9.1 kBProgress (1): 9.3 kB                    Downloaded from central: https://repo.maven.apache.org/maven2/org/apache/maven/shared/maven-shared-components/15/maven-shared-components-15.pom (9.3 kB at 622 kB/s)
Downloading from central: https://repo.maven.apache.org/maven2/org/apache/maven/maven-parent/16/maven-parent-16.pom
Progress (1): 742 BProgress (1): 2.0 kBProgress (1): 6.6 kBProgress (1): 11 kB Progress (1): 15 kBProgress (1): 17 kBProgress (1): 21 kBProgress (1): 23 kB                   Downloaded from central: https://repo.maven.apache.org/maven2/org/apache/maven/maven-parent/16/maven-parent-16.pom (23 kB at 1.5 MB/s)
Downloading from central: https://repo.maven.apache.org/maven2/org/apache/apache/7/apache-7.pom
Progress (1): 754 BProgress (1): 2.0 kBProgress (1): 3.7 kBProgress (1): 7.1 kBProgress (1): 11 kB Progress (1): 14 kBProgress (1): 14 kB                   Downloaded from central: https://repo.maven.apache.org/maven2/org/apache/apache/7/apache-7.pom (14 kB at 962 kB/s)
Downloading from central: https://repo.maven.apache.org/maven2/org/apache/maven/doxia/doxia-sink-api/1.0/doxia-sink-api-1.0.pom
Progress (1): 835 BProgress (1): 1.4 kB                    Downloaded from central: https://repo.maven.apache.org/maven2/org/apache/maven/doxia/doxia-sink-api/1.0/doxia-sink-api-1.0.pom (1.4 kB at 92 kB/s)
Downloading from central: https://repo.maven.apache.org/maven2/org/apache/maven/doxia/doxia/1.0/doxia-1.0.pom
Progress (1): 762 BProgress (1): 2.2 kBProgress (1): 5.7 kBProgress (1): 8.9 kBProgress (1): 9.6 kB                    Downloaded from central: https://repo.maven.apache.org/maven2/org/apache/maven/doxia/doxia/1.0/doxia-1.0.pom (9.6 kB at 643 kB/s)
Downloading from central: https://repo.maven.apache.org/maven2/org/apache/maven/maven-parent/10/maven-parent-10.pom
Progress (1): 736 BProgress (1): 1.9 kBProgress (1): 6.2 kBProgress (1): 11 kB Progress (1): 14 kBProgress (1): 16 kBProgress (1): 22 kBProgress (1): 25 kBProgress (1): 29 kBProgress (1): 32 kB                   Downloaded from central: https://repo.maven.apache.org/maven2/org/apache/maven/maven-parent/10/maven-parent-10.pom (32 kB at 2.0 MB/s)
Downloading from central: https://repo.maven.apache.org/maven2/org/jacoco/org.jacoco.agent/0.8.8/org.jacoco.agent-0.8.8.pom
Progress (1): 887 BProgress (1): 3.5 kBProgress (1): 3.5 kB                    Downloaded from central: https://repo.maven.apache.org/maven2/org/jacoco/org.jacoco.agent/0.8.8/org.jacoco.agent-0.8.8.pom (3.5 kB at 233 kB/s)
Downloading from central: https://repo.maven.apache.org/maven2/org/jacoco/org.jacoco.core/0.8.8/org.jacoco.core-0.8.8.pom
Progress (1): 895 BProgress (1): 2.1 kB                    Downloaded from central: https://repo.maven.apache.org/maven2/org/jacoco/org.jacoco.core/0.8.8/org.jacoco.core-0.8.8.pom (2.1 kB at 130 kB/s)
Downloading from central: https://repo.maven.apache.org/maven2/org/ow2/asm/asm/9.2/asm-9.2.pom
Progress (1): 1.3 kBProgress (1): 2.4 kB                    Downloaded from central: https://repo.maven.apache.org/maven2/org/ow2/asm/asm/9.2/asm-9.2.pom (2.4 kB at 148 kB/s)
Downloading from central: https://repo.maven.apache.org/maven2/org/ow2/ow2/1.5/ow2-1.5.pom
Progress (1): 708 BProgress (1): 2.1 kBProgress (1): 3.6 kBProgress (1): 6.0 kBProgress (1): 8.2 kBProgress (1): 11 kB                    Downloaded from central: https://repo.maven.apache.org/maven2/org/ow2/ow2/1.5/ow2-1.5.pom (11 kB at 749 kB/s)
Downloading from central: https://repo.maven.apache.org/maven2/org/ow2/asm/asm-commons/9.2/asm-commons-9.2.pom
Progress (1): 1.1 kBProgress (1): 3.0 kB                    Downloaded from central: https://repo.maven.apache.org/maven2/org/ow2/asm/asm-commons/9.2/asm-commons-9.2.pom (3.0 kB at 164 kB/s)
Downloading from central: https://repo.maven.apache.org/maven2/org/ow2/asm/asm-tree/9.2/asm-tree-9.2.pom
Progress (1): 1.2 kBProgress (1): 2.6 kB                    Downloaded from central: https://repo.maven.apache.org/maven2/org/ow2/asm/asm-tree/9.2/asm-tree-9.2.pom (2.6 kB at 136 kB/s)
Downloading from central: https://repo.maven.apache.org/maven2/org/ow2/asm/asm-analysis/9.2/asm-analysis-9.2.pom
Progress (1): 1.1 kBProgress (1): 2.6 kB                    Downloaded from central: https://repo.maven.apache.org/maven2/org/ow2/asm/asm-analysis/9.2/asm-analysis-9.2.pom (2.6 kB at 145 kB/s)
Downloading from central: https://repo.maven.apache.org/maven2/org/jacoco/org.jacoco.report/0.8.8/org.jacoco.report-0.8.8.pom
Progress (1): 900 BProgress (1): 1.9 kB                    Downloaded from central: https://repo.maven.apache.org/maven2/org/jacoco/org.jacoco.report/0.8.8/org.jacoco.report-0.8.8.pom (1.9 kB at 99 kB/s)
Downloading from central: https://repo.maven.apache.org/maven2/org/codehaus/plexus/plexus-utils/3.0.22/plexus-utils-3.0.22.jar
Downloading from central: https://repo.maven.apache.org/maven2/org/apache/maven/maven-plugin-api/2.0.6/maven-plugin-api-2.0.6.jar
Downloading from central: https://repo.maven.apache.org/maven2/org/apache/maven/shared/file-management/1.2.1/file-management-1.2.1.jar
Downloading from central: https://repo.maven.apache.org/maven2/org/apache/maven/shared/maven-shared-io/1.1/maven-shared-io-1.1.jar
Downloading from central: https://repo.maven.apache.org/maven2/org/apache/maven/maven-artifact/2.0.2/maven-artifact-2.0.2.jar
Progress (1): 7.7/245 kBProgress (1): 16/245 kB Progress (1): 32/245 kBProgress (1): 49/245 kBProgress (1): 65/245 kBProgress (1): 81/245 kBProgress (1): 98/245 kBProgress (1): 114/245 kBProgress (1): 131/245 kBProgress (1): 147/245 kBProgress (1): 163/245 kBProgress (1): 180/245 kBProgress (2): 180/245 kB | 7.7/13 kBProgress (2): 180/245 kB | 13 kB    Progress (2): 196/245 kB | 13 kBProgress (2): 213/245 kB | 13 kBProgress (2): 229/245 kB | 13 kBProgress (2): 245 kB | 13 kB                                Downloaded from central: https://repo.maven.apache.org/maven2/org/apache/maven/maven-plugin-api/2.0.6/maven-plugin-api-2.0.6.jar (13 kB at 677 kB/s)
Downloading from central: https://repo.maven.apache.org/maven2/org/apache/maven/maven-artifact-manager/2.0.2/maven-artifact-manager-2.0.2.jar
Downloaded from central: https://repo.maven.apache.org/maven2/org/codehaus/plexus/plexus-utils/3.0.22/plexus-utils-3.0.22.jar (245 kB at 12 MB/s)
Downloading from central: https://repo.maven.apache.org/maven2/org/apache/maven/maven-repository-metadata/2.0.2/maven-repository-metadata-2.0.2.jar
Progress (1): 7.7/39 kBProgress (1): 16/39 kB Progress (1): 24/39 kBProgress (1): 39 kB                      Downloaded from central: https://repo.maven.apache.org/maven2/org/apache/maven/shared/maven-shared-io/1.1/maven-shared-io-1.1.jar (39 kB at 1.6 MB/s)
Downloading from central: https://repo.maven.apache.org/maven2/org/apache/maven/wagon/wagon-provider-api/1.0-alpha-6/wagon-provider-api-1.0-alpha-6.jar
Progress (1): 7.7/78 kBProgress (1): 16/78 kB Progress (1): 32/78 kBProgress (1): 49/78 kBProgress (1): 65/78 kBProgress (1): 78 kB   Progress (2): 78 kB | 7.7/38 kBProgress (2): 78 kB | 16/38 kB Progress (2): 78 kB | 32/38 kBProgress (2): 78 kB | 38 kB                              Downloaded from central: https://repo.maven.apache.org/maven2/org/apache/maven/shared/file-management/1.2.1/file-management-1.2.1.jar (38 kB at 1.3 MB/s)
Downloading from central: https://repo.maven.apache.org/maven2/org/codehaus/plexus/plexus-container-default/1.0-alpha-9/plexus-container-default-1.0-alpha-9.jar
Downloaded from central: https://repo.maven.apache.org/maven2/org/apache/maven/maven-artifact/2.0.2/maven-artifact-2.0.2.jar (78 kB at 3.0 MB/s)
Downloading from central: https://repo.maven.apache.org/maven2/junit/junit/4.13.1/junit-4.13.1.jar
Progress (1): 7.5/49 kBProgress (1): 24/49 kB Progress (1): 40/49 kBProgress (1): 49 kB                      Downloaded from central: https://repo.maven.apache.org/maven2/org/apache/maven/maven-artifact-manager/2.0.2/maven-artifact-manager-2.0.2.jar (49 kB at 1.5 MB/s)
Downloading from central: https://repo.maven.apache.org/maven2/org/hamcrest/hamcrest-core/1.3/hamcrest-core-1.3.jar
Progress (1): 7.7/20 kBProgress (1): 16/20 kB Progress (1): 20 kB                      Downloaded from central: https://repo.maven.apache.org/maven2/org/apache/maven/maven-repository-metadata/2.0.2/maven-repository-metadata-2.0.2.jar (20 kB at 563 kB/s)
Downloading from central: https://repo.maven.apache.org/maven2/classworlds/classworlds/1.1-alpha-2/classworlds-1.1-alpha-2.jar
Progress (1): 7.7/43 kBProgress (1): 12/43 kB Progress (1): 29/43 kBProgress (1): 43 kB                      Downloaded from central: https://repo.maven.apache.org/maven2/org/apache/maven/wagon/wagon-provider-api/1.0-alpha-6/wagon-provider-api-1.0-alpha-6.jar (43 kB at 1.1 MB/s)
Downloading from central: https://repo.maven.apache.org/maven2/org/apache/maven/reporting/maven-reporting-api/3.0/maven-reporting-api-3.0.jar
Progress (1): 7.7/45 kBProgress (1): 16/45 kB Progress (1): 32/45 kBProgress (1): 45 kB                      Downloaded from central: https://repo.maven.apache.org/maven2/org/hamcrest/hamcrest-core/1.3/hamcrest-core-1.3.jar (45 kB at 938 kB/s)
Downloading from central: https://repo.maven.apache.org/maven2/org/apache/maven/doxia/doxia-sink-api/1.0/doxia-sink-api-1.0.jar
Progress (1): 7.7/383 kBProgress (1): 16/383 kB Progress (1): 32/383 kBProgress (1): 49/383 kBProgress (1): 65/383 kBProgress (2): 65/383 kB | 7.7/195 kBProgress (2): 65/383 kB | 16/195 kB Progress (2): 65/383 kB | 28/195 kBProgress (2): 65/383 kB | 44/195 kBProgress (2): 65/383 kB | 61/195 kBProgress (2): 65/383 kB | 77/195 kBProgress (2): 81/383 kB | 77/195 kBProgress (2): 98/383 kB | 77/195 kBProgress (2): 114/383 kB | 77/195 kBProgress (2): 131/383 kB | 77/195 kBProgress (2): 147/383 kB | 77/195 kBProgress (2): 163/383 kB | 77/195 kBProgress (2): 163/383 kB | 94/195 kBProgress (2): 163/383 kB | 110/195 kBProgress (2): 163/383 kB | 126/195 kBProgress (3): 163/383 kB | 126/195 kB | 7.7/38 kBProgress (3): 163/383 kB | 126/195 kB | 16/38 kB Progress (3): 163/383 kB | 143/195 kB | 16/38 kBProgress (3): 163/383 kB | 143/195 kB | 32/38 kBProgress (3): 163/383 kB | 159/195 kB | 32/38 kBProgress (3): 163/383 kB | 159/195 kB | 38 kB   Progress (3): 163/383 kB | 175/195 kB | 38 kBProgress (3): 163/383 kB | 192/195 kB | 38 kBProgress (3): 163/383 kB | 195 kB | 38 kB                                             Downloaded from central: https://repo.maven.apache.org/maven2/classworlds/classworlds/1.1-alpha-2/classworlds-1.1-alpha-2.jar (38 kB at 695 kB/s)
Downloading from central: https://repo.maven.apache.org/maven2/org/jacoco/org.jacoco.agent/0.8.8/org.jacoco.agent-0.8.8-runtime.jar
Progress (2): 180/383 kB | 195 kBProgress (2): 196/383 kB | 195 kBProgress (2): 213/383 kB | 195 kB                                 Downloaded from central: https://repo.maven.apache.org/maven2/org/codehaus/plexus/plexus-container-default/1.0-alpha-9/plexus-container-default-1.0-alpha-9.jar (195 kB at 3.6 MB/s)
Downloading from central: https://repo.maven.apache.org/maven2/org/jacoco/org.jacoco.core/0.8.8/org.jacoco.core-0.8.8.jar
Progress (1): 229/383 kBProgress (1): 245/383 kBProgress (1): 262/383 kBProgress (1): 278/383 kBProgress (1): 294/383 kBProgress (1): 311/383 kBProgress (1): 327/383 kBProgress (1): 344/383 kBProgress (1): 360/383 kBProgress (1): 376/383 kBProgress (1): 383 kB                        Downloaded from central: https://repo.maven.apache.org/maven2/junit/junit/4.13.1/junit-4.13.1.jar (383 kB at 6.5 MB/s)
Downloading from central: https://repo.maven.apache.org/maven2/org/ow2/asm/asm/9.2/asm-9.2.jar
Progress (1): 7.7/11 kBProgress (2): 7.7/11 kB | 7.7/10 kBProgress (2): 7.7/11 kB | 10 kB    Progress (2): 11 kB | 10 kB                               Downloaded from central: https://repo.maven.apache.org/maven2/org/apache/maven/doxia/doxia-sink-api/1.0/doxia-sink-api-1.0.jar (10 kB at 155 kB/s)
Downloading from central: https://repo.maven.apache.org/maven2/org/ow2/asm/asm-commons/9.2/asm-commons-9.2.jar
Downloaded from central: https://repo.maven.apache.org/maven2/org/apache/maven/reporting/maven-reporting-api/3.0/maven-reporting-api-3.0.jar (11 kB at 168 kB/s)
Downloading from central: https://repo.maven.apache.org/maven2/org/ow2/asm/asm-analysis/9.2/asm-analysis-9.2.jar
Progress (1): 7.7/203 kBProgress (1): 16/203 kB Progress (1): 32/203 kBProgress (1): 49/203 kBProgress (1): 65/203 kBProgress (1): 81/203 kBProgress (1): 98/203 kBProgress (2): 98/203 kB | 7.7/293 kBProgress (2): 98/203 kB | 16/293 kB Progress (2): 98/203 kB | 32/293 kBProgress (2): 98/203 kB | 49/293 kBProgress (2): 98/203 kB | 61/293 kBProgress (2): 98/203 kB | 77/293 kBProgress (2): 98/203 kB | 93/293 kBProgress (2): 98/203 kB | 110/293 kBProgress (2): 98/203 kB | 126/293 kBProgress (2): 98/203 kB | 143/293 kBProgress (2): 98/203 kB | 159/293 kBProgress (2): 114/203 kB | 159/293 kBProgress (2): 131/203 kB | 159/293 kBProgress (2): 131/203 kB | 175/293 kBProgress (2): 131/203 kB | 192/293 kBProgress (2): 131/203 kB | 208/293 kBProgress (2): 131/203 kB | 225/293 kBProgress (2): 131/203 kB | 241/293 kBProgress (2): 131/203 kB | 257/293 kBProgress (2): 131/203 kB | 274/293 kBProgress (2): 131/203 kB | 290/293 kBProgress (2): 131/203 kB | 293 kB    Progress (2): 147/203 kB | 293 kB                                 Downloaded from central: https://repo.maven.apache.org/maven2/org/jacoco/org.jacoco.agent/0.8.8/org.jacoco.agent-0.8.8-runtime.jar (293 kB at 3.8 MB/s)
Progress (1): 163/203 kBProgress (1): 180/203 kBProgress (1): 196/203 kBProgress (1): 203 kB                        Downloaded from central: https://repo.maven.apache.org/maven2/org/jacoco/org.jacoco.core/0.8.8/org.jacoco.core-0.8.8.jar (203 kB at 2.6 MB/s)
Downloading from central: https://repo.maven.apache.org/maven2/org/ow2/asm/asm-tree/9.2/asm-tree-9.2.jar
Downloading from central: https://repo.maven.apache.org/maven2/org/jacoco/org.jacoco.report/0.8.8/org.jacoco.report-0.8.8.jar
Progress (1): 7.7/122 kBProgress (1): 16/122 kB Progress (1): 32/122 kBProgress (1): 48/122 kBProgress (1): 65/122 kBProgress (2): 65/122 kB | 3.4/34 kBProgress (2): 65/122 kB | 20/34 kB Progress (2): 65/122 kB | 34 kB                                  Downloaded from central: https://repo.maven.apache.org/maven2/org/ow2/asm/asm-analysis/9.2/asm-analysis-9.2.jar (34 kB at 428 kB/s)
Progress (1): 81/122 kBProgress (1): 98/122 kBProgress (1): 114/122 kBProgress (2): 114/122 kB | 7.7/73 kBProgress (2): 114/122 kB | 16/73 kB Progress (2): 114/122 kB | 32/73 kBProgress (2): 114/122 kB | 49/73 kBProgress (2): 114/122 kB | 65/73 kBProgress (2): 122 kB | 65/73 kB                                   Downloaded from central: https://repo.maven.apache.org/maven2/org/ow2/asm/asm/9.2/asm-9.2.jar (122 kB at 1.5 MB/s)
Progress (1): 73 kB                   Downloaded from central: https://repo.maven.apache.org/maven2/org/ow2/asm/asm-commons/9.2/asm-commons-9.2.jar (73 kB at 875 kB/s)
Progress (1): 7.7/129 kBProgress (1): 12/129 kB Progress (1): 29/129 kBProgress (1): 45/129 kBProgress (1): 61/129 kBProgress (1): 78/129 kBProgress (1): 94/129 kBProgress (1): 111/129 kBProgress (1): 127/129 kBProgress (1): 129 kB                        Downloaded from central: https://repo.maven.apache.org/maven2/org/jacoco/org.jacoco.report/0.8.8/org.jacoco.report-0.8.8.jar (129 kB at 1.3 MB/s)
Progress (1): 7.7/53 kBProgress (1): 16/53 kB Progress (1): 25/53 kBProgress (1): 41/53 kBProgress (1): 53 kB                      Downloaded from central: https://repo.maven.apache.org/maven2/org/ow2/asm/asm-tree/9.2/asm-tree-9.2.jar (53 kB at 532 kB/s)
[INFO] argLine set to -javaagent:/home/runner/.m2/repository/org/jacoco/org.jacoco.agent/0.8.8/org.jacoco.agent-0.8.8-runtime.jar=destfile=/home/runner/work/MEDIATA_orchestrator/MEDIATA_orchestrator/target/jacoco.exec
[INFO] 
[INFO] --- resources:3.3.1:resources (default-resources) @ taniwha ---
Downloading from central: https://repo.maven.apache.org/maven2/org/codehaus/plexus/plexus-interpolation/1.26/plexus-interpolation-1.26.pom
Progress (1): 1.4 kBProgress (1): 2.7 kB                    Downloaded from central: https://repo.maven.apache.org/maven2/org/codehaus/plexus/plexus-interpolation/1.26/plexus-interpolation-1.26.pom (2.7 kB at 126 kB/s)
Downloading from central: https://repo.maven.apache.org/maven2/org/codehaus/plexus/plexus/5.1/plexus-5.1.pom
Progress (1): 700 BProgress (1): 2.7 kBProgress (1): 6.5 kBProgress (1): 9.1 kBProgress (1): 12 kB Progress (1): 16 kBProgress (1): 21 kBProgress (1): 23 kB                   Downloaded from central: https://repo.maven.apache.org/maven2/org/codehaus/plexus/plexus/5.1/plexus-5.1.pom (23 kB at 866 kB/s)
Downloading from central: https://repo.maven.apache.org/maven2/org/codehaus/plexus/plexus-utils/3.5.1/plexus-utils-3.5.1.pom
Progress (1): 726 BProgress (1): 2.4 kBProgress (1): 4.4 kBProgress (1): 8.6 kBProgress (1): 8.8 kB                    Downloaded from central: https://repo.maven.apache.org/maven2/org/codehaus/plexus/plexus-utils/3.5.1/plexus-utils-3.5.1.pom (8.8 kB at 381 kB/s)
Downloading from central: https://repo.maven.apache.org/maven2/org/codehaus/plexus/plexus/10/plexus-10.pom
Progress (1): 696 BProgress (1): 2.7 kBProgress (1): 6.4 kBProgress (1): 9.2 kBProgress (1): 11 kB Progress (1): 16 kBProgress (1): 20 kBProgress (1): 24 kBProgress (1): 25 kB                   Downloaded from central: https://repo.maven.apache.org/maven2/org/codehaus/plexus/plexus/10/plexus-10.pom (25 kB at 1.2 MB/s)
Downloading from central: https://repo.maven.apache.org/maven2/org/apache/maven/shared/maven-filtering/3.3.1/maven-filtering-3.3.1.pom
Progress (1): 793 BProgress (1): 2.3 kBProgress (1): 5.6 kBProgress (1): 6.0 kB                    Downloaded from central: https://repo.maven.apache.org/maven2/org/apache/maven/shared/maven-filtering/3.3.1/maven-filtering-3.3.1.pom (6.0 kB at 262 kB/s)
Downloading from central: https://repo.maven.apache.org/maven2/org/apache/maven/shared/maven-shared-components/39/maven-shared-components-39.pom
Progress (1): 812 BProgress (1): 2.2 kBProgress (1): 3.2 kB                    Downloaded from central: https://repo.maven.apache.org/maven2/org/apache/maven/shared/maven-shared-components/39/maven-shared-components-39.pom (3.2 kB at 140 kB/s)
Downloading from central: https://repo.maven.apache.org/maven2/javax/inject/javax.inject/1/javax.inject-1.pom
Progress (1): 612 B                   Downloaded from central: https://repo.maven.apache.org/maven2/javax/inject/javax.inject/1/javax.inject-1.pom (612 B at 23 kB/s)
Downloading from central: https://repo.maven.apache.org/maven2/org/slf4j/slf4j-api/1.7.36/slf4j-api-1.7.36.pom
Progress (1): 1.0 kBProgress (1): 2.7 kB                    Downloaded from central: https://repo.maven.apache.org/maven2/org/slf4j/slf4j-api/1.7.36/slf4j-api-1.7.36.pom (2.7 kB at 119 kB/s)
Downloading from central: https://repo.maven.apache.org/maven2/org/slf4j/slf4j-parent/1.7.36/slf4j-parent-1.7.36.pom
Progress (1): 1.0 kBProgress (1): 3.0 kBProgress (1): 5.9 kBProgress (1): 8.7 kBProgress (1): 12 kB Progress (1): 14 kB                   Downloaded from central: https://repo.maven.apache.org/maven2/org/slf4j/slf4j-parent/1.7.36/slf4j-parent-1.7.36.pom (14 kB at 671 kB/s)
Downloading from central: https://repo.maven.apache.org/maven2/org/sonatype/plexus/plexus-build-api/0.0.7/plexus-build-api-0.0.7.pom
Progress (1): 910 BProgress (1): 3.2 kB                    Downloaded from central: https://repo.maven.apache.org/maven2/org/sonatype/plexus/plexus-build-api/0.0.7/plexus-build-api-0.0.7.pom (3.2 kB at 128 kB/s)
Downloading from central: https://repo.maven.apache.org/maven2/org/sonatype/spice/spice-parent/15/spice-parent-15.pom
Progress (1): 1.2 kBProgress (1): 3.7 kBProgress (1): 7.3 kBProgress (1): 8.4 kB                    Downloaded from central: https://repo.maven.apache.org/maven2/org/sonatype/spice/spice-parent/15/spice-parent-15.pom (8.4 kB at 348 kB/s)
Downloading from central: https://repo.maven.apache.org/maven2/org/sonatype/forge/forge-parent/5/forge-parent-5.pom
Progress (1): 1.3 kBProgress (1): 5.5 kBProgress (1): 8.4 kB                    Downloaded from central: https://repo.maven.apache.org/maven2/org/sonatype/forge/forge-parent/5/forge-parent-5.pom (8.4 kB at 398 kB/s)
Downloading from central: https://repo.maven.apache.org/maven2/org/codehaus/plexus/plexus-utils/3.5.0/plexus-utils-3.5.0.pom
Progress (1): 725 BProgress (1): 2.4 kBProgress (1): 4.5 kBProgress (1): 8.0 kB                    Downloaded from central: https://repo.maven.apache.org/maven2/org/codehaus/plexus/plexus-utils/3.5.0/plexus-utils-3.5.0.pom (8.0 kB at 382 kB/s)
Downloading from central: https://repo.maven.apache.org/maven2/org/codehaus/plexus/plexus-interpolation/1.26/plexus-interpolation-1.26.jar
Downloading from central: https://repo.maven.apache.org/maven2/org/codehaus/plexus/plexus-utils/3.5.1/plexus-utils-3.5.1.jar
Downloading from central: https://repo.maven.apache.org/maven2/javax/inject/javax.inject/1/javax.inject-1.jar
Downloading from central: https://repo.maven.apache.org/maven2/org/apache/maven/shared/maven-filtering/3.3.1/maven-filtering-3.3.1.jar
Downloading from central: https://repo.maven.apache.org/maven2/org/slf4j/slf4j-api/1.7.36/slf4j-api-1.7.36.jar
Progress (1): 7.7/269 kBProgress (1): 16/269 kB Progress (1): 32/269 kBProgress (1): 49/269 kBProgress (1): 65/269 kBProgress (1): 81/269 kBProgress (1): 98/269 kBProgress (1): 114/269 kBProgress (1): 123/269 kBProgress (1): 139/269 kBProgress (1): 156/269 kBProgress (1): 172/269 kBProgress (1): 188/269 kBProgress (1): 205/269 kBProgress (2): 205/269 kB | 7.7/41 kBProgress (2): 205/269 kB | 16/41 kB Progress (2): 205/269 kB | 32/41 kBProgress (2): 205/269 kB | 41 kB                                   Downloaded from central: https://repo.maven.apache.org/maven2/org/slf4j/slf4j-api/1.7.36/slf4j-api-1.7.36.jar (41 kB at 2.1 MB/s)
Downloading from central: https://repo.maven.apache.org/maven2/org/sonatype/plexus/plexus-build-api/0.0.7/plexus-build-api-0.0.7.jar
Progress (1): 221/269 kBProgress (1): 238/269 kBProgress (1): 254/269 kBProgress (1): 269 kB    Progress (2): 269 kB | 7.7/55 kBProgress (2): 269 kB | 16/55 kB Progress (2): 269 kB | 32/55 kBProgress (2): 269 kB | 49/55 kBProgress (2): 269 kB | 55 kB                               Downloaded from central: https://repo.maven.apache.org/maven2/org/apache/maven/shared/maven-filtering/3.3.1/maven-filtering-3.3.1.jar (55 kB at 2.4 MB/s)
Downloading from central: https://repo.maven.apache.org/maven2/commons-io/commons-io/2.11.0/commons-io-2.11.0.jar
Downloaded from central: https://repo.maven.apache.org/maven2/org/codehaus/plexus/plexus-utils/3.5.1/plexus-utils-3.5.1.jar (269 kB at 11 MB/s)
Progress (1): 2.5 kBProgress (2): 2.5 kB | 7.7/85 kBProgress (2): 2.5 kB | 16/85 kB                                Downloaded from central: https://repo.maven.apache.org/maven2/javax/inject/javax.inject/1/javax.inject-1.jar (2.5 kB at 104 kB/s)
Progress (1): 32/85 kBProgress (1): 49/85 kBProgress (1): 65/85 kBProgress (1): 81/85 kBProgress (1): 85 kB                      Downloaded from central: https://repo.maven.apache.org/maven2/org/codehaus/plexus/plexus-interpolation/1.26/plexus-interpolation-1.26.jar (85 kB at 3.2 MB/s)
Progress (1): 7.7/327 kBProgress (1): 16/327 kB Progress (1): 32/327 kBProgress (1): 49/327 kBProgress (1): 65/327 kBProgress (1): 81/327 kBProgress (1): 98/327 kBProgress (1): 114/327 kBProgress (1): 131/327 kBProgress (1): 147/327 kBProgress (1): 163/327 kBProgress (1): 180/327 kBProgress (1): 196/327 kBProgress (1): 213/327 kBProgress (1): 229/327 kBProgress (1): 245/327 kBProgress (1): 262/327 kBProgress (2): 262/327 kB | 7.7/8.5 kBProgress (2): 262/327 kB | 8.5 kB    Progress (2): 278/327 kB | 8.5 kBProgress (2): 294/327 kB | 8.5 kBProgress (2): 311/327 kB | 8.5 kBProgress (2): 327 kB | 8.5 kB                                 Downloaded from central: https://repo.maven.apache.org/maven2/commons-io/commons-io/2.11.0/commons-io-2.11.0.jar (327 kB at 7.4 MB/s)
Downloaded from central: https://repo.maven.apache.org/maven2/org/sonatype/plexus/plexus-build-api/0.0.7/plexus-build-api-0.0.7.jar (8.5 kB at 193 kB/s)
[INFO] Copying 2 resources from src/main/resources to target/classes
[INFO] Copying 2 resources from src/main/resources to target/classes
[INFO] 
[INFO] --- compiler:3.13.0:compile (default-compile) @ taniwha ---
Downloading from central: https://repo.maven.apache.org/maven2/org/apache/maven/shared/maven-shared-utils/3.4.2/maven-shared-utils-3.4.2.pom
Progress (1): 793 BProgress (1): 2.3 kBProgress (1): 4.3 kBProgress (1): 5.9 kB                    Downloaded from central: https://repo.maven.apache.org/maven2/org/apache/maven/shared/maven-shared-utils/3.4.2/maven-shared-utils-3.4.2.pom (5.9 kB at 256 kB/s)
Downloading from central: https://repo.maven.apache.org/maven2/org/apache/maven/shared/maven-shared-incremental/1.1/maven-shared-incremental-1.1.pom
Progress (1): 806 BProgress (1): 2.3 kBProgress (1): 4.7 kB                    Downloaded from central: https://repo.maven.apache.org/maven2/org/apache/maven/shared/maven-shared-incremental/1.1/maven-shared-incremental-1.1.pom (4.7 kB at 279 kB/s)
Downloading from central: https://repo.maven.apache.org/maven2/org/apache/maven/shared/maven-shared-components/19/maven-shared-components-19.pom
Progress (1): 773 BProgress (1): 2.4 kBProgress (1): 4.2 kBProgress (1): 6.4 kB                    Downloaded from central: https://repo.maven.apache.org/maven2/org/apache/maven/shared/maven-shared-components/19/maven-shared-components-19.pom (6.4 kB at 335 kB/s)
Downloading from central: https://repo.maven.apache.org/maven2/org/apache/maven/maven-parent/23/maven-parent-23.pom
Progress (1): 726 BProgress (1): 2.0 kBProgress (1): 5.9 kBProgress (1): 10 kB Progress (1): 15 kBProgress (1): 19 kBProgress (1): 22 kBProgress (1): 25 kBProgress (1): 27 kBProgress (1): 31 kBProgress (1): 33 kB                   Downloaded from central: https://repo.maven.apache.org/maven2/org/apache/maven/maven-parent/23/maven-parent-23.pom (33 kB at 1.6 MB/s)
Downloading from central: https://repo.maven.apache.org/maven2/org/apache/apache/13/apache-13.pom
Progress (1): 749 BProgress (1): 2.1 kBProgress (1): 4.1 kBProgress (1): 9.0 kBProgress (1): 11 kB Progress (1): 14 kB                   Downloaded from central: https://repo.maven.apache.org/maven2/org/apache/apache/13/apache-13.pom (14 kB at 699 kB/s)
Downloading from central: https://repo.maven.apache.org/maven2/org/codehaus/plexus/plexus-java/1.2.0/plexus-java-1.2.0.pom
Progress (1): 1.9 kBProgress (1): 4.3 kB                    Downloaded from central: https://repo.maven.apache.org/maven2/org/codehaus/plexus/plexus-java/1.2.0/plexus-java-1.2.0.pom (4.3 kB at 251 kB/s)
Downloading from central: https://repo.maven.apache.org/maven2/org/codehaus/plexus/plexus-languages/1.2.0/plexus-languages-1.2.0.pom
Progress (1): 1.3 kBProgress (1): 3.2 kB                    Downloaded from central: https://repo.maven.apache.org/maven2/org/codehaus/plexus/plexus-languages/1.2.0/plexus-languages-1.2.0.pom (3.2 kB at 200 kB/s)
Downloading from central: https://repo.maven.apache.org/maven2/org/codehaus/plexus/plexus/15/plexus-15.pom
Progress (1): 692 BProgress (1): 2.7 kBProgress (1): 6.4 kBProgress (1): 8.9 kBProgress (1): 11 kB Progress (1): 14 kBProgress (1): 18 kBProgress (1): 21 kBProgress (1): 25 kBProgress (1): 28 kB                   Downloaded from central: https://repo.maven.apache.org/maven2/org/codehaus/plexus/plexus/15/plexus-15.pom (28 kB at 1.9 MB/s)
Downloading from central: https://repo.maven.apache.org/maven2/com/thoughtworks/qdox/qdox/2.0.3/qdox-2.0.3.pom
Progress (1): 872 BProgress (1): 3.4 kBProgress (1): 6.6 kBProgress (1): 11 kB Progress (1): 13 kBProgress (1): 17 kB                   Downloaded from central: https://repo.maven.apache.org/maven2/com/thoughtworks/qdox/qdox/2.0.3/qdox-2.0.3.pom (17 kB at 958 kB/s)
Downloading from central: https://repo.maven.apache.org/maven2/org/codehaus/plexus/plexus-compiler-api/2.15.0/plexus-compiler-api-2.15.0.pom
Progress (1): 1.4 kB                    Downloaded from central: https://repo.maven.apache.org/maven2/org/codehaus/plexus/plexus-compiler-api/2.15.0/plexus-compiler-api-2.15.0.pom (1.4 kB at 80 kB/s)
Downloading from central: https://repo.maven.apache.org/maven2/org/codehaus/plexus/plexus-compiler/2.15.0/plexus-compiler-2.15.0.pom
Progress (1): 1.2 kBProgress (1): 4.5 kBProgress (1): 7.6 kBProgress (1): 7.6 kB                    Downloaded from central: https://repo.maven.apache.org/maven2/org/codehaus/plexus/plexus-compiler/2.15.0/plexus-compiler-2.15.0.pom (7.6 kB at 507 kB/s)
Downloading from central: https://repo.maven.apache.org/maven2/org/codehaus/plexus/plexus/17/plexus-17.pom
Progress (1): 691 BProgress (1): 2.5 kBProgress (1): 6.4 kBProgress (1): 8.9 kBProgress (1): 11 kB Progress (1): 14 kBProgress (1): 19 kBProgress (1): 21 kBProgress (1): 25 kBProgress (1): 28 kB                   Downloaded from central: https://repo.maven.apache.org/maven2/org/codehaus/plexus/plexus/17/plexus-17.pom (28 kB at 1.8 MB/s)
Downloading from central: https://repo.maven.apache.org/maven2/org/codehaus/plexus/plexus-utils/4.0.0/plexus-utils-4.0.0.pom
Progress (1): 724 BProgress (1): 2.3 kBProgress (1): 4.5 kBProgress (1): 8.7 kB                    Downloaded from central: https://repo.maven.apache.org/maven2/org/codehaus/plexus/plexus-utils/4.0.0/plexus-utils-4.0.0.pom (8.7 kB at 541 kB/s)
Downloading from central: https://repo.maven.apache.org/maven2/org/codehaus/plexus/plexus/13/plexus-13.pom
Progress (1): 693 BProgress (1): 2.5 kBProgress (1): 6.4 kBProgress (1): 8.9 kBProgress (1): 11 kB Progress (1): 14 kBProgress (1): 18 kBProgress (1): 21 kBProgress (1): 26 kBProgress (1): 27 kB                   Downloaded from central: https://repo.maven.apache.org/maven2/org/codehaus/plexus/plexus/13/plexus-13.pom (27 kB at 1.6 MB/s)
Downloading from central: https://repo.maven.apache.org/maven2/org/codehaus/plexus/plexus-compiler-manager/2.15.0/plexus-compiler-manager-2.15.0.pom
Progress (1): 1.3 kB                    Downloaded from central: https://repo.maven.apache.org/maven2/org/codehaus/plexus/plexus-compiler-manager/2.15.0/plexus-compiler-manager-2.15.0.pom (1.3 kB at 71 kB/s)
Downloading from central: https://repo.maven.apache.org/maven2/org/codehaus/plexus/plexus-xml/3.0.0/plexus-xml-3.0.0.pom
Progress (1): 815 BProgress (1): 2.7 kBProgress (1): 3.7 kB                    Downloaded from central: https://repo.maven.apache.org/maven2/org/codehaus/plexus/plexus-xml/3.0.0/plexus-xml-3.0.0.pom (3.7 kB at 208 kB/s)
Downloading from central: https://repo.maven.apache.org/maven2/org/codehaus/plexus/plexus-compiler-javac/2.15.0/plexus-compiler-javac-2.15.0.pom
Progress (1): 1.3 kB                    Downloaded from central: https://repo.maven.apache.org/maven2/org/codehaus/plexus/plexus-compiler-javac/2.15.0/plexus-compiler-javac-2.15.0.pom (1.3 kB at 81 kB/s)
Downloading from central: https://repo.maven.apache.org/maven2/org/codehaus/plexus/plexus-compilers/2.15.0/plexus-compilers-2.15.0.pom
Progress (1): 1.6 kBProgress (1): 1.6 kB                    Downloaded from central: https://repo.maven.apache.org/maven2/org/codehaus/plexus/plexus-compilers/2.15.0/plexus-compilers-2.15.0.pom (1.6 kB at 104 kB/s)
Downloading from central: https://repo.maven.apache.org/maven2/org/apache/maven/shared/maven-shared-utils/3.4.2/maven-shared-utils-3.4.2.jar
Downloading from central: https://repo.maven.apache.org/maven2/org/apache/maven/shared/maven-shared-incremental/1.1/maven-shared-incremental-1.1.jar
Downloading from central: https://repo.maven.apache.org/maven2/org/codehaus/plexus/plexus-java/1.2.0/plexus-java-1.2.0.jar
Downloading from central: https://repo.maven.apache.org/maven2/com/thoughtworks/qdox/qdox/2.0.3/qdox-2.0.3.jar
Downloading from central: https://repo.maven.apache.org/maven2/org/codehaus/plexus/plexus-compiler-api/2.15.0/plexus-compiler-api-2.15.0.jar
Progress (1): 7.7/151 kBProgress (1): 12/151 kB Progress (1): 29/151 kBProgress (1): 45/151 kBProgress (1): 61/151 kBProgress (1): 78/151 kBProgress (1): 94/151 kBProgress (1): 111/151 kBProgress (1): 127/151 kBProgress (1): 131/151 kBProgress (1): 147/151 kBProgress (1): 151 kB                        Downloaded from central: https://repo.maven.apache.org/maven2/org/apache/maven/shared/maven-shared-utils/3.4.2/maven-shared-utils-3.4.2.jar (151 kB at 8.4 MB/s)
Progress (1): 7.5/14 kBProgress (1): 14 kB                       Downloaded from central: https://repo.maven.apache.org/maven2/org/apache/maven/shared/maven-shared-incremental/1.1/maven-shared-incremental-1.1.jar (14 kB at 752 kB/s)
Downloading from central: https://repo.maven.apache.org/maven2/org/codehaus/plexus/plexus-compiler-manager/2.15.0/plexus-compiler-manager-2.15.0.jar
Downloading from central: https://repo.maven.apache.org/maven2/org/codehaus/plexus/plexus-xml/3.0.0/plexus-xml-3.0.0.jar
Progress (1): 7.7/29 kBProgress (1): 16/29 kB Progress (1): 29 kB                      Downloaded from central: https://repo.maven.apache.org/maven2/org/codehaus/plexus/plexus-compiler-api/2.15.0/plexus-compiler-api-2.15.0.jar (29 kB at 1.5 MB/s)
Downloading from central: https://repo.maven.apache.org/maven2/org/codehaus/plexus/plexus-compiler-javac/2.15.0/plexus-compiler-javac-2.15.0.jar
Progress (1): 7.7/58 kBProgress (1): 12/58 kB Progress (1): 28/58 kBProgress (1): 44/58 kBProgress (1): 58 kB                      Downloaded from central: https://repo.maven.apache.org/maven2/org/codehaus/plexus/plexus-java/1.2.0/plexus-java-1.2.0.jar (58 kB at 2.6 MB/s)
Downloading from central: https://repo.maven.apache.org/maven2/org/codehaus/plexus/plexus-utils/4.0.0/plexus-utils-4.0.0.jar
Progress (1): 7.7/334 kBProgress (1): 12/334 kB Progress (1): 28/334 kBProgress (1): 44/334 kBProgress (1): 61/334 kBProgress (1): 77/334 kBProgress (1): 94/334 kBProgress (1): 110/334 kBProgress (1): 126/334 kBProgress (1): 143/334 kBProgress (1): 159/334 kBProgress (1): 175/334 kBProgress (1): 192/334 kBProgress (1): 208/334 kBProgress (1): 225/334 kBProgress (1): 241/334 kBProgress (1): 257/334 kBProgress (1): 274/334 kBProgress (1): 290/334 kBProgress (1): 307/334 kBProgress (1): 323/334 kBProgress (1): 334 kB                        Downloaded from central: https://repo.maven.apache.org/maven2/com/thoughtworks/qdox/qdox/2.0.3/qdox-2.0.3.jar (334 kB at 11 MB/s)
Progress (1): 7.7/93 kBProgress (2): 7.7/93 kB | 5.2 kBProgress (2): 16/93 kB | 5.2 kB Progress (2): 32/93 kB | 5.2 kBProgress (2): 48/93 kB | 5.2 kBProgress (2): 65/93 kB | 5.2 kB                               Downloaded from central: https://repo.maven.apache.org/maven2/org/codehaus/plexus/plexus-compiler-manager/2.15.0/plexus-compiler-manager-2.15.0.jar (5.2 kB at 164 kB/s)
Progress (1): 81/93 kBProgress (1): 93 kB                      Downloaded from central: https://repo.maven.apache.org/maven2/org/codehaus/plexus/plexus-xml/3.0.0/plexus-xml-3.0.0.jar (93 kB at 2.9 MB/s)
Progress (1): 7.7/26 kBProgress (1): 16/26 kB Progress (1): 26 kB                      Downloaded from central: https://repo.maven.apache.org/maven2/org/codehaus/plexus/plexus-compiler-javac/2.15.0/plexus-compiler-javac-2.15.0.jar (26 kB at 677 kB/s)
Progress (1): 7.7/192 kBProgress (1): 7.8/192 kBProgress (1): 24/192 kB Progress (1): 41/192 kBProgress (1): 57/192 kBProgress (1): 73/192 kBProgress (1): 90/192 kBProgress (1): 106/192 kBProgress (1): 122/192 kBProgress (1): 139/192 kBProgress (1): 155/192 kBProgress (1): 172/192 kBProgress (1): 188/192 kBProgress (1): 192 kB                        Downloaded from central: https://repo.maven.apache.org/maven2/org/codehaus/plexus/plexus-utils/4.0.0/plexus-utils-4.0.0.jar (192 kB at 4.9 MB/s)
[INFO] Recompiling the module because of changed source code.
[INFO] Compiling 77 source files with javac [debug parameters release 17] to target/classes
[INFO] /home/runner/work/MEDIATA_orchestrator/MEDIATA_orchestrator/src/main/java/org/taniwha/service/MappingService.java: /home/runner/work/MEDIATA_orchestrator/MEDIATA_orchestrator/src/main/java/org/taniwha/service/MappingService.java uses or overrides a deprecated API.
[INFO] /home/runner/work/MEDIATA_orchestrator/MEDIATA_orchestrator/src/main/java/org/taniwha/service/MappingService.java: Recompile with -Xlint:deprecation for details.
[INFO] 
[INFO] --- resources:3.3.1:testResources (default-testResources) @ taniwha ---
[INFO] Copying 9 resources from src/test/resources to target/test-classes
[INFO] 
[INFO] --- compiler:3.13.0:testCompile (default-testCompile) @ taniwha ---
[INFO] Recompiling the module because of changed dependency.
[INFO] Compiling 47 source files with javac [debug parameters release 17] to target/test-classes
[INFO] /home/runner/work/MEDIATA_orchestrator/MEDIATA_orchestrator/src/test/java/org/taniwha/config/PythonLauncherConfigTest.java: Some input files use unchecked or unsafe operations.
[INFO] /home/runner/work/MEDIATA_orchestrator/MEDIATA_orchestrator/src/test/java/org/taniwha/config/PythonLauncherConfigTest.java: Recompile with -Xlint:unchecked for details.
[INFO] 
[INFO] --- surefire:3.5.2:test (default-test) @ taniwha ---
Downloading from central: https://repo.maven.apache.org/maven2/org/apache/maven/surefire/surefire-api/3.5.2/surefire-api-3.5.2.pom
Progress (1): 843 BProgress (1): 2.7 kBProgress (1): 3.5 kB                    Downloaded from central: https://repo.maven.apache.org/maven2/org/apache/maven/surefire/surefire-api/3.5.2/surefire-api-3.5.2.pom (3.5 kB at 114 kB/s)
Downloading from central: https://repo.maven.apache.org/maven2/org/apache/maven/surefire/surefire-logger-api/3.5.2/surefire-logger-api-3.5.2.pom
Progress (1): 833 BProgress (1): 2.3 kBProgress (1): 3.3 kB                    Downloaded from central: https://repo.maven.apache.org/maven2/org/apache/maven/surefire/surefire-logger-api/3.5.2/surefire-logger-api-3.5.2.pom (3.3 kB at 121 kB/s)
Downloading from central: https://repo.maven.apache.org/maven2/org/apache/maven/surefire/surefire-shared-utils/3.5.2/surefire-shared-utils-3.5.2.pom
Progress (1): 1.1 kBProgress (1): 4.2 kBProgress (1): 4.7 kB                    Downloaded from central: https://repo.maven.apache.org/maven2/org/apache/maven/surefire/surefire-shared-utils/3.5.2/surefire-shared-utils-3.5.2.pom (4.7 kB at 156 kB/s)
Downloading from central: https://repo.maven.apache.org/maven2/org/apache/maven/surefire/surefire-extensions-api/3.5.2/surefire-extensions-api-3.5.2.pom
Progress (1): 839 BProgress (1): 3.0 kBProgress (1): 3.5 kB                    Downloaded from central: https://repo.maven.apache.org/maven2/org/apache/maven/surefire/surefire-extensions-api/3.5.2/surefire-extensions-api-3.5.2.pom (3.5 kB at 160 kB/s)
Downloading from central: https://repo.maven.apache.org/maven2/org/apache/maven/surefire/maven-surefire-common/3.5.2/maven-surefire-common-3.5.2.pom
Progress (1): 824 BProgress (1): 4.3 kBProgress (1): 7.3 kBProgress (1): 7.8 kB                    Downloaded from central: https://repo.maven.apache.org/maven2/org/apache/maven/surefire/maven-surefire-common/3.5.2/maven-surefire-common-3.5.2.pom (7.8 kB at 301 kB/s)
Downloading from central: https://repo.maven.apache.org/maven2/org/apache/maven/surefire/surefire-booter/3.5.2/surefire-booter-3.5.2.pom
Progress (1): 834 BProgress (1): 3.3 kBProgress (1): 4.8 kB                    Downloaded from central: https://repo.maven.apache.org/maven2/org/apache/maven/surefire/surefire-booter/3.5.2/surefire-booter-3.5.2.pom (4.8 kB at 220 kB/s)
Downloading from central: https://repo.maven.apache.org/maven2/org/apache/maven/surefire/surefire-extensions-spi/3.5.2/surefire-extensions-spi-3.5.2.pom
Progress (1): 878 BProgress (1): 1.8 kB                    Downloaded from central: https://repo.maven.apache.org/maven2/org/apache/maven/surefire/surefire-extensions-spi/3.5.2/surefire-extensions-spi-3.5.2.pom (1.8 kB at 70 kB/s)
Downloading from central: https://repo.maven.apache.org/maven2/org/apache/maven/resolver/maven-resolver-util/1.4.1/maven-resolver-util-1.4.1.pom
Progress (1): 825 BProgress (1): 2.8 kBProgress (1): 2.8 kB                    Downloaded from central: https://repo.maven.apache.org/maven2/org/apache/maven/resolver/maven-resolver-util/1.4.1/maven-resolver-util-1.4.1.pom (2.8 kB at 117 kB/s)
Downloading from central: https://repo.maven.apache.org/maven2/org/apache/maven/resolver/maven-resolver/1.4.1/maven-resolver-1.4.1.pom
Progress (1): 774 BProgress (1): 2.2 kBProgress (1): 6.0 kBProgress (1): 9.6 kBProgress (1): 13 kB Progress (1): 16 kBProgress (1): 18 kB                   Downloaded from central: https://repo.maven.apache.org/maven2/org/apache/maven/resolver/maven-resolver/1.4.1/maven-resolver-1.4.1.pom (18 kB at 866 kB/s)
Downloading from central: https://repo.maven.apache.org/maven2/org/apache/maven/resolver/maven-resolver-api/1.4.1/maven-resolver-api-1.4.1.pom
Progress (1): 843 BProgress (1): 2.6 kBProgress (1): 2.6 kB                    Downloaded from central: https://repo.maven.apache.org/maven2/org/apache/maven/resolver/maven-resolver-api/1.4.1/maven-resolver-api-1.4.1.pom (2.6 kB at 125 kB/s)
Downloading from central: https://repo.maven.apache.org/maven2/org/apache/maven/shared/maven-common-artifact-filters/3.4.0/maven-common-artifact-filters-3.4.0.pom
Progress (1): 798 BProgress (1): 2.3 kBProgress (1): 5.4 kBProgress (1): 5.4 kB                    Downloaded from central: https://repo.maven.apache.org/maven2/org/apache/maven/shared/maven-common-artifact-filters/3.4.0/maven-common-artifact-filters-3.4.0.pom (5.4 kB at 224 kB/s)
Downloading from central: https://repo.maven.apache.org/maven2/org/apache/maven/shared/maven-shared-components/42/maven-shared-components-42.pom
Progress (1): 811 BProgress (1): 2.3 kBProgress (1): 3.8 kB                    Downloaded from central: https://repo.maven.apache.org/maven2/org/apache/maven/shared/maven-shared-components/42/maven-shared-components-42.pom (3.8 kB at 172 kB/s)
Downloading from central: https://repo.maven.apache.org/maven2/org/apache/maven/maven-parent/42/maven-parent-42.pom
Progress (1): 724 BProgress (1): 1.9 kBProgress (1): 5.5 kBProgress (1): 9.9 kBProgress (1): 14 kB Progress (1): 19 kBProgress (1): 23 kBProgress (1): 26 kBProgress (1): 28 kBProgress (1): 31 kBProgress (1): 34 kBProgress (1): 37 kBProgress (1): 40 kBProgress (1): 43 kBProgress (1): 47 kBProgress (1): 47 kBProgress (1): 50 kB                   Downloaded from central: https://repo.maven.apache.org/maven2/org/apache/maven/maven-parent/42/maven-parent-42.pom (50 kB at 2.0 MB/s)
Downloading from central: https://repo.maven.apache.org/maven2/org/apache/apache/32/apache-32.pom
Progress (1): 733 BProgress (1): 2.0 kBProgress (1): 4.0 kBProgress (1): 5.9 kBProgress (1): 10 kB Progress (1): 16 kBProgress (1): 19 kBProgress (1): 22 kBProgress (1): 24 kB                   Downloaded from central: https://repo.maven.apache.org/maven2/org/apache/apache/32/apache-32.pom (24 kB at 1.2 MB/s)
Downloading from central: https://repo.maven.apache.org/maven2/org/codehaus/plexus/plexus-java/1.3.0/plexus-java-1.3.0.pom
Progress (1): 1.0 kBProgress (1): 4.5 kBProgress (1): 7.8 kBProgress (1): 13 kB Progress (1): 14 kB                   Downloaded from central: https://repo.maven.apache.org/maven2/org/codehaus/plexus/plexus-java/1.3.0/plexus-java-1.3.0.pom (14 kB at 618 kB/s)
Downloading from central: https://repo.maven.apache.org/maven2/org/ow2/asm/asm/9.7/asm-9.7.pom
Progress (1): 1.3 kBProgress (1): 2.4 kB                    Downloaded from central: https://repo.maven.apache.org/maven2/org/ow2/asm/asm/9.7/asm-9.7.pom (2.4 kB at 125 kB/s)
Downloading from central: https://repo.maven.apache.org/maven2/com/thoughtworks/qdox/qdox/2.1.0/qdox-2.1.0.pom
Progress (1): 872 BProgress (1): 3.4 kBProgress (1): 6.6 kBProgress (1): 10 kB Progress (1): 13 kBProgress (1): 17 kBProgress (1): 18 kB                   Downloaded from central: https://repo.maven.apache.org/maven2/com/thoughtworks/qdox/qdox/2.1.0/qdox-2.1.0.pom (18 kB at 765 kB/s)
Downloading from central: https://repo.maven.apache.org/maven2/org/apache/maven/surefire/surefire-api/3.5.2/surefire-api-3.5.2.jar
Downloading from central: https://repo.maven.apache.org/maven2/org/apache/maven/surefire/surefire-shared-utils/3.5.2/surefire-shared-utils-3.5.2.jar
Downloading from central: https://repo.maven.apache.org/maven2/org/apache/maven/surefire/surefire-extensions-api/3.5.2/surefire-extensions-api-3.5.2.jar
Downloading from central: https://repo.maven.apache.org/maven2/org/apache/maven/surefire/surefire-logger-api/3.5.2/surefire-logger-api-3.5.2.jar
Downloading from central: https://repo.maven.apache.org/maven2/org/apache/maven/surefire/maven-surefire-common/3.5.2/maven-surefire-common-3.5.2.jar
Progress (1): 0/2.8 MBProgress (1): 0/2.8 MBProgress (2): 0/2.8 MB | 7.7/26 kBProgress (2): 0/2.8 MB | 7.7/26 kBProgress (2): 0/2.8 MB | 16/26 kB Progress (2): 0/2.8 MB | 16/26 kBProgress (2): 0/2.8 MB | 26 kB   Progress (2): 0.1/2.8 MB | 26 kBProgress (2): 0.1/2.8 MB | 26 kBProgress (2): 0.1/2.8 MB | 26 kBProgress (2): 0.1/2.8 MB | 26 kBProgress (3): 0.1/2.8 MB | 26 kB | 7.7/171 kBProgress (3): 0.1/2.8 MB | 26 kB | 16/171 kB Progress (4): 0.1/2.8 MB | 26 kB | 16/171 kB | 7.7/14 kBProgress (4): 0.1/2.8 MB | 26 kB | 32/171 kB | 7.7/14 kBProgress (4): 0.1/2.8 MB | 26 kB | 32/171 kB | 14 kB    Progress (4): 0.1/2.8 MB | 26 kB | 49/171 kB | 14 kBProgress (4): 0.1/2.8 MB | 26 kB | 65/171 kB | 14 kBProgress (4): 0.1/2.8 MB | 26 kB | 81/171 kB | 14 kBProgress (4): 0.1/2.8 MB | 26 kB | 98/171 kB | 14 kB                                                    Downloaded from central: https://repo.maven.apache.org/maven2/org/apache/maven/surefire/surefire-logger-api/3.5.2/surefire-logger-api-3.5.2.jar (14 kB at 566 kB/s)
Downloading from central: https://repo.maven.apache.org/maven2/org/apache/maven/surefire/surefire-booter/3.5.2/surefire-booter-3.5.2.jar
Progress (3): 0.1/2.8 MB | 26 kB | 114/171 kBProgress (3): 0.1/2.8 MB | 26 kB | 131/171 kBProgress (3): 0.1/2.8 MB | 26 kB | 147/171 kBProgress (3): 0.1/2.8 MB | 26 kB | 163/171 kBProgress (3): 0.1/2.8 MB | 26 kB | 171 kB    Progress (3): 0.1/2.8 MB | 26 kB | 171 kBProgress (3): 0.1/2.8 MB | 26 kB | 171 kBProgress (3): 0.2/2.8 MB | 26 kB | 171 kB                                         Downloaded from central: https://repo.maven.apache.org/maven2/org/apache/maven/surefire/surefire-api/3.5.2/surefire-api-3.5.2.jar (171 kB at 7.1 MB/s)
Downloading from central: https://repo.maven.apache.org/maven2/org/apache/maven/surefire/surefire-extensions-spi/3.5.2/surefire-extensions-spi-3.5.2.jar
Progress (2): 0.2/2.8 MB | 26 kBProgress (2): 0.2/2.8 MB | 26 kBProgress (2): 0.2/2.8 MB | 26 kBProgress (2): 0.2/2.8 MB | 26 kB                                Downloaded from central: https://repo.maven.apache.org/maven2/org/apache/maven/surefire/surefire-extensions-api/3.5.2/surefire-extensions-api-3.5.2.jar (26 kB at 1.1 MB/s)
Downloading from central: https://repo.maven.apache.org/maven2/org/apache/maven/resolver/maven-resolver-util/1.4.1/maven-resolver-util-1.4.1.jar
Progress (1): 0.2/2.8 MBProgress (1): 0.3/2.8 MBProgress (1): 0.3/2.8 MBProgress (1): 0.3/2.8 MBProgress (1): 0.3/2.8 MBProgress (1): 0.3/2.8 MBProgress (1): 0.3/2.8 MBProgress (1): 0.4/2.8 MBProgress (1): 0.4/2.8 MBProgress (1): 0.4/2.8 MBProgress (1): 0.4/2.8 MBProgress (1): 0.4/2.8 MBProgress (1): 0.4/2.8 MBProgress (1): 0.5/2.8 MBProgress (1): 0.5/2.8 MBProgress (1): 0.5/2.8 MBProgress (1): 0.5/2.8 MBProgress (1): 0.5/2.8 MBProgress (1): 0.5/2.8 MBProgress (1): 0.6/2.8 MBProgress (1): 0.6/2.8 MBProgress (1): 0.6/2.8 MBProgress (1): 0.6/2.8 MBProgress (1): 0.6/2.8 MBProgress (1): 0.6/2.8 MBProgress (1): 0.7/2.8 MBProgress (2): 0.7/2.8 MB | 7.7/311 kBProgress (2): 0.7/2.8 MB | 16/311 kB Progress (2): 0.7/2.8 MB | 32/311 kBProgress (2): 0.7/2.8 MB | 32/311 kBProgress (2): 0.7/2.8 MB | 49/311 kBProgress (2): 0.7/2.8 MB | 49/311 kBProgress (2): 0.7/2.8 MB | 65/311 kBProgress (2): 0.7/2.8 MB | 65/311 kBProgress (2): 0.7/2.8 MB | 81/311 kBProgress (2): 0.7/2.8 MB | 81/311 kBProgress (2): 0.7/2.8 MB | 98/311 kBProgress (2): 0.7/2.8 MB | 98/311 kBProgress (2): 0.8/2.8 MB | 98/311 kBProgress (2): 0.8/2.8 MB | 114/311 kBProgress (2): 0.8/2.8 MB | 114/311 kBProgress (2): 0.8/2.8 MB | 131/311 kBProgress (2): 0.8/2.8 MB | 131/311 kBProgress (2): 0.8/2.8 MB | 147/311 kBProgress (2): 0.8/2.8 MB | 147/311 kBProgress (2): 0.8/2.8 MB | 163/311 kBProgress (2): 0.8/2.8 MB | 163/311 kBProgress (2): 0.8/2.8 MB | 180/311 kBProgress (2): 0.8/2.8 MB | 180/311 kBProgress (2): 0.8/2.8 MB | 196/311 kBProgress (2): 0.8/2.8 MB | 213/311 kBProgress (2): 0.9/2.8 MB | 213/311 kBProgress (2): 0.9/2.8 MB | 229/311 kBProgress (2): 0.9/2.8 MB | 229/311 kBProgress (2): 0.9/2.8 MB | 245/311 kBProgress (2): 0.9/2.8 MB | 262/311 kBProgress (2): 0.9/2.8 MB | 278/311 kBProgress (2): 0.9/2.8 MB | 294/311 kBProgress (2): 0.9/2.8 MB | 311/311 kBProgress (2): 0.9/2.8 MB | 311 kB    Progress (2): 0.9/2.8 MB | 311 kBProgress (2): 0.9/2.8 MB | 311 kBProgress (2): 0.9/2.8 MB | 311 kBProgress (2): 0.9/2.8 MB | 311 kBProgress (2): 0.9/2.8 MB | 311 kBProgress (2): 1.0/2.8 MB | 311 kBProgress (2): 1.0/2.8 MB | 311 kBProgress (2): 1.0/2.8 MB | 311 kBProgress (2): 1.0/2.8 MB | 311 kBProgress (2): 1.0/2.8 MB | 311 kBProgress (2): 1.0/2.8 MB | 311 kBProgress (2): 1.1/2.8 MB | 311 kBProgress (2): 1.1/2.8 MB | 311 kBProgress (2): 1.1/2.8 MB | 311 kBProgress (2): 1.1/2.8 MB | 311 kB                                 Downloaded from central: https://repo.maven.apache.org/maven2/org/apache/maven/surefire/maven-surefire-common/3.5.2/maven-surefire-common-3.5.2.jar (311 kB at 8.6 MB/s)
Progress (1): 1.1/2.8 MB                        Downloading from central: https://repo.maven.apache.org/maven2/org/apache/maven/resolver/maven-resolver-api/1.4.1/maven-resolver-api-1.4.1.jar
Progress (1): 1.1/2.8 MBProgress (1): 1.2/2.8 MBProgress (1): 1.2/2.8 MBProgress (1): 1.2/2.8 MBProgress (1): 1.2/2.8 MBProgress (1): 1.2/2.8 MBProgress (1): 1.2/2.8 MBProgress (1): 1.3/2.8 MBProgress (2): 1.3/2.8 MB | 7.7/118 kBProgress (2): 1.3/2.8 MB | 16/118 kB Progress (2): 1.3/2.8 MB | 32/118 kBProgress (2): 1.3/2.8 MB | 49/118 kBProgress (2): 1.3/2.8 MB | 65/118 kBProgress (2): 1.3/2.8 MB | 81/118 kBProgress (2): 1.3/2.8 MB | 98/118 kBProgress (2): 1.3/2.8 MB | 114/118 kBProgress (2): 1.3/2.8 MB | 118 kB                                     Downloaded from central: https://repo.maven.apache.org/maven2/org/apache/maven/surefire/surefire-booter/3.5.2/surefire-booter-3.5.2.jar (118 kB at 2.9 MB/s)
Progress (1): 1.3/2.8 MBProgress (1): 1.3/2.8 MBProgress (1): 1.3/2.8 MBProgress (1): 1.3/2.8 MBProgress (1): 1.3/2.8 MBProgress (1): 1.4/2.8 MBProgress (1): 1.4/2.8 MBProgress (1): 1.4/2.8 MBProgress (1): 1.4/2.8 MBProgress (1): 1.4/2.8 MBProgress (1): 1.4/2.8 MBProgress (1): 1.5/2.8 MBProgress (1): 1.5/2.8 MBProgress (1): 1.5/2.8 MBProgress (1): 1.5/2.8 MBProgress (1): 1.5/2.8 MBProgress (2): 1.5/2.8 MB | 7.7/168 kBProgress (2): 1.5/2.8 MB | 7.7/168 kBProgress (2): 1.5/2.8 MB | 16/168 kB Progress (2): 1.6/2.8 MB | 16/168 kBProgress (2): 1.6/2.8 MB | 16/168 kBProgress (2): 1.6/2.8 MB | 32/168 kBProgress (2): 1.6/2.8 MB | 49/168 kBProgress (2): 1.6/2.8 MB | 49/168 kBProgress (2): 1.6/2.8 MB | 49/168 kBProgress (2): 1.6/2.8 MB | 65/168 kBProgress (2): 1.6/2.8 MB | 65/168 kBProgress (2): 1.6/2.8 MB | 81/168 kBProgress (2): 1.6/2.8 MB | 81/168 kBProgress (2): 1.6/2.8 MB | 98/168 kB                                    Downloading from central: https://repo.maven.apache.org/maven2/org/apache/maven/shared/maven-common-artifact-filters/3.4.0/maven-common-artifact-filters-3.4.0.jar
Progress (2): 1.6/2.8 MB | 114/168 kBProgress (2): 1.6/2.8 MB | 131/168 kBProgress (2): 1.6/2.8 MB | 147/168 kBProgress (2): 1.6/2.8 MB | 163/168 kBProgress (2): 1.6/2.8 MB | 168 kB    Progress (2): 1.7/2.8 MB | 168 kB                                 Downloaded from central: https://repo.maven.apache.org/maven2/org/apache/maven/resolver/maven-resolver-util/1.4.1/maven-resolver-util-1.4.1.jar (168 kB at 4.0 MB/s)
Downloading from central: https://repo.maven.apache.org/maven2/org/codehaus/plexus/plexus-java/1.3.0/plexus-java-1.3.0.jar
Progress (1): 1.7/2.8 MBProgress (1): 1.7/2.8 MBProgress (1): 1.7/2.8 MBProgress (1): 1.7/2.8 MBProgress (1): 1.7/2.8 MBProgress (1): 1.8/2.8 MBProgress (1): 1.8/2.8 MBProgress (1): 1.8/2.8 MBProgress (1): 1.8/2.8 MBProgress (1): 1.8/2.8 MBProgress (1): 1.8/2.8 MBProgress (1): 1.9/2.8 MBProgress (1): 1.9/2.8 MBProgress (1): 1.9/2.8 MBProgress (1): 1.9/2.8 MBProgress (1): 1.9/2.8 MBProgress (1): 1.9/2.8 MBProgress (1): 1.9/2.8 MBProgress (1): 2.0/2.8 MBProgress (1): 2.0/2.8 MBProgress (1): 2.0/2.8 MBProgress (1): 2.0/2.8 MBProgress (1): 2.0/2.8 MBProgress (2): 2.0/2.8 MB | 7.7/8.2 kBProgress (2): 2.0/2.8 MB | 8.2 kB    Progress (2): 2.0/2.8 MB | 8.2 kB                                 Downloaded from central: https://repo.maven.apache.org/maven2/org/apache/maven/surefire/surefire-extensions-spi/3.5.2/surefire-extensions-spi-3.5.2.jar (8.2 kB at 178 kB/s)
Downloading from central: https://repo.maven.apache.org/maven2/org/ow2/asm/asm/9.7/asm-9.7.jar
Progress (1): 2.1/2.8 MBProgress (1): 2.1/2.8 MBProgress (1): 2.1/2.8 MBProgress (1): 2.1/2.8 MBProgress (1): 2.1/2.8 MBProgress (1): 2.1/2.8 MBProgress (1): 2.2/2.8 MBProgress (1): 2.2/2.8 MBProgress (1): 2.2/2.8 MBProgress (1): 2.2/2.8 MBProgress (1): 2.2/2.8 MBProgress (1): 2.2/2.8 MBProgress (1): 2.3/2.8 MBProgress (1): 2.3/2.8 MBProgress (1): 2.3/2.8 MBProgress (1): 2.3/2.8 MBProgress (1): 2.3/2.8 MBProgress (1): 2.3/2.8 MBProgress (1): 2.4/2.8 MBProgress (1): 2.4/2.8 MBProgress (1): 2.4/2.8 MBProgress (1): 2.4/2.8 MBProgress (1): 2.4/2.8 MBProgress (1): 2.4/2.8 MBProgress (1): 2.5/2.8 MBProgress (1): 2.5/2.8 MBProgress (1): 2.5/2.8 MBProgress (1): 2.5/2.8 MBProgress (1): 2.5/2.8 MBProgress (1): 2.5/2.8 MBProgress (1): 2.6/2.8 MBProgress (1): 2.6/2.8 MBProgress (1): 2.6/2.8 MBProgress (1): 2.6/2.8 MBProgress (1): 2.6/2.8 MBProgress (1): 2.6/2.8 MBProgress (1): 2.7/2.8 MBProgress (1): 2.7/2.8 MBProgress (1): 2.7/2.8 MBProgress (1): 2.7/2.8 MBProgress (1): 2.7/2.8 MBProgress (1): 2.7/2.8 MBProgress (1): 2.8/2.8 MBProgress (1): 2.8/2.8 MBProgress (1): 2.8/2.8 MBProgress (1): 2.8/2.8 MBProgress (1): 2.8/2.8 MBProgress (1): 2.8 MB                        Downloaded from central: https://repo.maven.apache.org/maven2/org/apache/maven/surefire/surefire-shared-utils/3.5.2/surefire-shared-utils-3.5.2.jar (2.8 MB at 50 MB/s)
Downloading from central: https://repo.maven.apache.org/maven2/com/thoughtworks/qdox/qdox/2.1.0/qdox-2.1.0.jar
Progress (1): 7.7/149 kBProgress (1): 16/149 kB Progress (1): 32/149 kBProgress (1): 49/149 kBProgress (1): 65/149 kBProgress (1): 81/149 kBProgress (1): 98/149 kBProgress (1): 114/149 kBProgress (1): 131/149 kBProgress (2): 131/149 kB | 7.7/58 kBProgress (2): 147/149 kB | 7.7/58 kBProgress (2): 147/149 kB | 16/58 kB Progress (2): 149 kB | 16/58 kB    Progress (2): 149 kB | 32/58 kBProgress (2): 149 kB | 49/58 kBProgress (2): 149 kB | 58 kB                               Downloaded from central: https://repo.maven.apache.org/maven2/org/apache/maven/resolver/maven-resolver-api/1.4.1/maven-resolver-api-1.4.1.jar (149 kB at 2.6 MB/s)
Downloaded from central: https://repo.maven.apache.org/maven2/org/apache/maven/shared/maven-common-artifact-filters/3.4.0/maven-common-artifact-filters-3.4.0.jar (58 kB at 1.0 MB/s)
Progress (1): 4.1/57 kBProgress (1): 20/57 kB Progress (1): 37/57 kBProgress (1): 53/57 kBProgress (1): 57 kB                      Downloaded from central: https://repo.maven.apache.org/maven2/org/codehaus/plexus/plexus-java/1.3.0/plexus-java-1.3.0.jar (57 kB at 895 kB/s)
Progress (1): 7.7/125 kBProgress (1): 16/125 kB Progress (1): 28/125 kBProgress (1): 44/125 kBProgress (1): 61/125 kBProgress (1): 77/125 kBProgress (1): 94/125 kBProgress (1): 110/125 kBProgress (1): 125 kB                        Downloaded from central: https://repo.maven.apache.org/maven2/org/ow2/asm/asm/9.7/asm-9.7.jar (125 kB at 1.9 MB/s)
Progress (1): 7.7/348 kBProgress (1): 16/348 kB Progress (1): 32/348 kBProgress (1): 49/348 kBProgress (1): 65/348 kBProgress (1): 81/348 kBProgress (1): 98/348 kBProgress (1): 114/348 kBProgress (1): 131/348 kBProgress (1): 147/348 kBProgress (1): 163/348 kBProgress (1): 180/348 kBProgress (1): 196/348 kBProgress (1): 213/348 kBProgress (1): 229/348 kBProgress (1): 245/348 kBProgress (1): 262/348 kBProgress (1): 278/348 kBProgress (1): 294/348 kBProgress (1): 311/348 kBProgress (1): 327/348 kBProgress (1): 344/348 kBProgress (1): 348 kB                        Downloaded from central: https://repo.maven.apache.org/maven2/com/thoughtworks/qdox/qdox/2.1.0/qdox-2.1.0.jar (348 kB at 4.4 MB/s)
[INFO] Using auto detected provider org.apache.maven.surefire.junitplatform.JUnitPlatformProvider
Downloading from central: https://repo.maven.apache.org/maven2/org/apache/maven/surefire/surefire-junit-platform/3.5.2/surefire-junit-platform-3.5.2.pom
Progress (1): 839 BProgress (1): 3.1 kBProgress (1): 5.7 kB                    Downloaded from central: https://repo.maven.apache.org/maven2/org/apache/maven/surefire/surefire-junit-platform/3.5.2/surefire-junit-platform-3.5.2.pom (5.7 kB at 300 kB/s)
Downloading from central: https://repo.maven.apache.org/maven2/org/apache/maven/surefire/surefire-providers/3.5.2/surefire-providers-3.5.2.pom
Progress (1): 854 BProgress (1): 2.6 kB                    Downloaded from central: https://repo.maven.apache.org/maven2/org/apache/maven/surefire/surefire-providers/3.5.2/surefire-providers-3.5.2.pom (2.6 kB at 145 kB/s)
Downloading from central: https://repo.maven.apache.org/maven2/org/apache/maven/surefire/common-java5/3.5.2/common-java5-3.5.2.pom
Progress (1): 854 BProgress (1): 2.6 kBProgress (1): 2.8 kB                    Downloaded from central: https://repo.maven.apache.org/maven2/org/apache/maven/surefire/common-java5/3.5.2/common-java5-3.5.2.pom (2.8 kB at 173 kB/s)
Downloading from central: https://repo.maven.apache.org/maven2/org/junit/platform/junit-platform-engine/1.9.3/junit-platform-engine-1.9.3.pom
Progress (1): 957 BProgress (1): 3.2 kB                    Downloaded from central: https://repo.maven.apache.org/maven2/org/junit/platform/junit-platform-engine/1.9.3/junit-platform-engine-1.9.3.pom (3.2 kB at 188 kB/s)
Downloading from central: https://repo.maven.apache.org/maven2/org/opentest4j/opentest4j/1.2.0/opentest4j-1.2.0.pom
Progress (1): 1.2 kBProgress (1): 1.7 kB                    Downloaded from central: https://repo.maven.apache.org/maven2/org/opentest4j/opentest4j/1.2.0/opentest4j-1.2.0.pom (1.7 kB at 112 kB/s)
Downloading from central: https://repo.maven.apache.org/maven2/org/junit/platform/junit-platform-commons/1.9.3/junit-platform-commons-1.9.3.pom
Progress (1): 971 BProgress (1): 2.8 kB                    Downloaded from central: https://repo.maven.apache.org/maven2/org/junit/platform/junit-platform-commons/1.9.3/junit-platform-commons-1.9.3.pom (2.8 kB at 135 kB/s)
Downloading from central: https://repo.maven.apache.org/maven2/org/junit/platform/junit-platform-launcher/1.9.3/junit-platform-launcher-1.9.3.pom
Progress (1): 966 BProgress (1): 3.0 kB                    Downloaded from central: https://repo.maven.apache.org/maven2/org/junit/platform/junit-platform-launcher/1.9.3/junit-platform-launcher-1.9.3.pom (3.0 kB at 168 kB/s)
Downloading from central: https://repo.maven.apache.org/maven2/org/apache/maven/surefire/surefire-junit-platform/3.5.2/surefire-junit-platform-3.5.2.jar
Downloading from central: https://repo.maven.apache.org/maven2/org/apache/maven/surefire/common-java5/3.5.2/common-java5-3.5.2.jar
Downloading from central: https://repo.maven.apache.org/maven2/org/junit/platform/junit-platform-engine/1.9.3/junit-platform-engine-1.9.3.jar
Downloading from central: https://repo.maven.apache.org/maven2/org/opentest4j/opentest4j/1.2.0/opentest4j-1.2.0.jar
Downloading from central: https://repo.maven.apache.org/maven2/org/junit/platform/junit-platform-commons/1.9.3/junit-platform-commons-1.9.3.jar
Progress (1): 7.7/18 kBProgress (1): 8.2/18 kBProgress (1): 18 kB                       Downloaded from central: https://repo.maven.apache.org/maven2/org/apache/maven/surefire/common-java5/3.5.2/common-java5-3.5.2.jar (18 kB at 924 kB/s)
Downloading from central: https://repo.maven.apache.org/maven2/org/junit/platform/junit-platform-launcher/1.9.3/junit-platform-launcher-1.9.3.jar
Progress (1): 7.7/189 kBProgress (1): 16/189 kB Progress (1): 32/189 kBProgress (1): 49/189 kBProgress (1): 65/189 kBProgress (1): 81/189 kBProgress (1): 98/189 kBProgress (2): 98/189 kB | 7.7 kBProgress (2): 114/189 kB | 7.7 kBProgress (2): 131/189 kB | 7.7 kBProgress (2): 147/189 kB | 7.7 kBProgress (2): 163/189 kB | 7.7 kB                                 Downloaded from central: https://repo.maven.apache.org/maven2/org/opentest4j/opentest4j/1.2.0/opentest4j-1.2.0.jar (7.7 kB at 403 kB/s)
Progress (1): 180/189 kBProgress (1): 189 kB                        Downloaded from central: https://repo.maven.apache.org/maven2/org/junit/platform/junit-platform-engine/1.9.3/junit-platform-engine-1.9.3.jar (189 kB at 10.0 MB/s)
Progress (1): 7.7/27 kBProgress (1): 16/27 kB Progress (1): 27 kB                      Downloaded from central: https://repo.maven.apache.org/maven2/org/apache/maven/surefire/surefire-junit-platform/3.5.2/surefire-junit-platform-3.5.2.jar (27 kB at 1.1 MB/s)
Progress (1): 7.7/103 kBProgress (1): 16/103 kB Progress (1): 32/103 kBProgress (1): 48/103 kBProgress (1): 65/103 kBProgress (1): 81/103 kBProgress (1): 98/103 kBProgress (1): 103 kB                       Downloaded from central: https://repo.maven.apache.org/maven2/org/junit/platform/junit-platform-commons/1.9.3/junit-platform-commons-1.9.3.jar (103 kB at 4.0 MB/s)
Progress (1): 7.7/169 kBProgress (1): 16/169 kB Progress (1): 32/169 kBProgress (1): 49/169 kBProgress (1): 65/169 kBProgress (1): 81/169 kBProgress (1): 98/169 kBProgress (1): 114/169 kBProgress (1): 131/169 kBProgress (1): 147/169 kBProgress (1): 163/169 kBProgress (1): 169 kB                        Downloaded from central: https://repo.maven.apache.org/maven2/org/junit/platform/junit-platform-launcher/1.9.3/junit-platform-launcher-1.9.3.jar (169 kB at 5.1 MB/s)
Downloading from central: https://repo.maven.apache.org/maven2/org/junit/platform/junit-platform-launcher/1.10.3/junit-platform-launcher-1.10.3.pom
Progress (1): 967 BProgress (1): 3.0 kB                    Downloaded from central: https://repo.maven.apache.org/maven2/org/junit/platform/junit-platform-launcher/1.10.3/junit-platform-launcher-1.10.3.pom (3.0 kB at 189 kB/s)
Downloading from central: https://repo.maven.apache.org/maven2/org/junit/platform/junit-platform-launcher/1.10.3/junit-platform-launcher-1.10.3.jar
Progress (1): 7.7/184 kBProgress (1): 16/184 kB Progress (1): 32/184 kBProgress (1): 49/184 kBProgress (1): 65/184 kBProgress (1): 81/184 kBProgress (1): 98/184 kBProgress (1): 114/184 kBProgress (1): 131/184 kBProgress (1): 147/184 kBProgress (1): 163/184 kBProgress (1): 180/184 kBProgress (1): 184 kB                        Downloaded from central: https://repo.maven.apache.org/maven2/org/junit/platform/junit-platform-launcher/1.10.3/junit-platform-launcher-1.10.3.jar (184 kB at 10 MB/s)
[INFO] 
[INFO] -------------------------------------------------------
[INFO]  T E S T S
[INFO] -------------------------------------------------------
[INFO] Running org.taniwha.service.MappingServiceReportTest

  .   ____          _            __ _ _
 /\\ / ___'_ __ _ _(_)_ __  __ _ \ \ \ \
( ( )\___ | '_ | '_| | '_ \/ _` | \ \ \ \
 \\/  ___)| |_)| | | | | || (_| |  ) ) ) )
  '  |____| .__|_| |_|_| |_\__, | / / / /
 =========|_|==============|___/=/_/_/_/

 :: Spring Boot ::                (v3.3.4)

2026-02-13 10:21:33 - Initializing Dotenv with DotenvConfig{directory=null, filename=null, ignoreIfMalformed=false, ignoreIfMissing=true, systemProperties=false, prefix=null}
2026-02-13 10:21:33 - Starting MappingServiceReportTest using Java 17.0.18 with PID 2468 (started by runner in /home/runner/work/MEDIATA_orchestrator/MEDIATA_orchestrator)
2026-02-13 10:21:33 - Running with Spring Boot v3.3.4, Spring v6.1.13
2026-02-13 10:21:33 - No active profile set, falling back to 1 default profile: "default"
2026-02-13 10:21:35 - Bootstrapping Spring Data MongoDB repositories in DEFAULT mode.
2026-02-13 10:21:35 - Finished Spring Data repository scanning in 72 ms. Found 0 MongoDB repository interfaces.
2026-02-13 10:21:37 - Create cache root directory: /tmp/spring-ai-onnx-model
2026-02-13 10:21:38 - Caching the URL [https://raw.githubusercontent.com/spring-projects/spring-ai/main/models/spring-ai-transformers/src/main/resources/onnx/all-MiniLM-L6-v2/tokenizer.json] resource to: /tmp/spring-ai-onnx-model/4d42ba07-cb22-352f-bb44-beccc8c8c0b7/tokenizer.json
2026-02-13 10:21:38 - Found matching platform from: jar:file:/home/runner/.m2/repository/ai/djl/huggingface/tokenizers/0.32.0/tokenizers-0.32.0.jar!/native/lib/tokenizers.properties
2026-02-13 10:21:38 - Extracting native/lib/linux-x86_64/cpu/libtokenizers.so to cache ...
2026-02-13 10:21:41 - Caching the URL [https://github.com/spring-projects/spring-ai/raw/main/models/spring-ai-transformers/src/main/resources/onnx/all-MiniLM-L6-v2/model.onnx] resource to: /tmp/spring-ai-onnx-model/eb4e1bd7-63c5-301b-8383-5df6a4a2adea/model.onnx
2026-02-13 10:21:41 - Model input names: input_ids, attention_mask, token_type_ids
2026-02-13 10:21:41 - Model output names: last_hidden_state
2026-02-13 10:21:41 - Downloading https://publish.djl.ai/pytorch/2.5.1/cpu/linux-x86_64/native/lib/libc10.so.gz ...
2026-02-13 10:21:41 - Downloading https://publish.djl.ai/pytorch/2.5.1/cpu/linux-x86_64/native/lib/libtorch_cpu.so.gz ...
2026-02-13 10:21:43 - Downloading https://publish.djl.ai/pytorch/2.5.1/cpu/linux-x86_64/native/lib/libgomp-98b21ff3.so.1.gz ...
2026-02-13 10:21:43 - Downloading https://publish.djl.ai/pytorch/2.5.1/cpu/linux-x86_64/native/lib/libtorch.so.gz ...
2026-02-13 10:21:44 - Downloading jni https://publish.djl.ai/pytorch/2.5.1/jnilib/0.32.0/linux-x86_64/cpu/libdjl_torch.so to cache ...
2026-02-13 10:21:45 - PyTorch graph executor optimizer is enabled, this may impact your inference latency and throughput. See: https://docs.djl.ai/master/docs/development/inference_performance_optimization.html#graph-executor-optimization
2026-02-13 10:21:45 - Number of inter-op threads is 2
2026-02-13 10:21:45 - Number of intra-op threads is 1
2026-02-13 10:21:45 - [EmbeddingsClient] Initialized successfully. Embedding dimension: 384
OpenJDK 64-Bit Server VM warning: Sharing is only supported for boot loader classes because bootstrap classpath has been appended
[TEST] Creating LLMTextGenerator
[TEST] ChatModel available: true
[TEST] ChatModel class: org.springframework.ai.ollama.OllamaChatModel
[TEST] LLM enabled: true
2026-02-13 10:21:46 - [LLMTextGenerator] Initialized. LLM enabled: true, ChatModel available: true
2026-02-13 10:21:46 - [MappingService] Initialized with EmbeddingsClient: present, TerminologyService: present, DescriptionGenerator: present
2026-02-13 10:21:48 - Adding welcome page: class path resource [static/index.html]
2026-02-13 10:21:51 - 

Using generated security password: e0f31a46-37d1-4707-8a2a-af8e2b599ade

This generated password is for development use only. Your security configuration must be updated before running your application in production.

2026-02-13 10:21:51 - Global AuthenticationManager configured with UserDetailsService bean with name inMemoryUserDetailsManager
2026-02-13 10:21:51 - Exposing 1 endpoint beneath base path '/actuator'
2026-02-13 10:21:51 - Will secure any request with [org.springframework.security.web.session.DisableEncodeUrlFilter@22a26bd1, org.springframework.security.web.context.request.async.WebAsyncManagerIntegrationFilter@340a71d2, org.springframework.security.web.context.SecurityContextHolderFilter@35bb3c7c, org.springframework.security.web.header.HeaderWriterFilter@ccf49f, org.springframework.web.filter.CorsFilter@1f69063, org.springframework.security.web.csrf.CsrfFilter@1c0293a, org.springframework.security.web.authentication.logout.LogoutFilter@bb526c, org.springframework.security.web.authentication.UsernamePasswordAuthenticationFilter@7f0c6305, org.springframework.security.web.authentication.ui.DefaultLoginPageGeneratingFilter@1538ca32, org.springframework.security.web.authentication.ui.DefaultLogoutPageGeneratingFilter@31eb23c8, org.springframework.security.web.authentication.www.BasicAuthenticationFilter@5e7918f7, org.springframework.security.web.savedrequest.RequestCacheAwareFilter@70e9af2b, org.springframework.security.web.servletapi.SecurityContextHolderAwareRequestFilter@121bacf4, org.springframework.security.web.authentication.AnonymousAuthenticationFilter@263ac7, org.springframework.security.web.access.ExceptionTranslationFilter@59ef35de, org.springframework.security.web.access.intercept.AuthorizationFilter@1ef8f1ca]
2026-02-13 10:21:51 - Started MappingServiceReportTest in 19.103 seconds (process running for 21.992)
2026-02-13 10:21:52 - [TRACE] suggestMappings called with 50 element files
2026-02-13 10:21:52 - [TRACE] Column 'Type' -> canonical concept 'type'
2026-02-13 10:21:52 - [TRACE-EMBED] Column 'type: ischemic, hemorrhagic' -> vector[0..5]=[0.0203, -0.0289, 0.0020, 0.0552, 0.0452, -0.0359], magnitude=1.0000, dim=384
2026-02-13 10:21:52 - [TRACE] Column 'Etiology (Isch/Hem)' -> canonical concept 'etiology isch hem'
2026-02-13 10:21:52 - [TRACE-EMBED] Column 'etiology isch hem: hem, hem, isch' -> vector[0..5]=[-0.0085, 0.0207, -0.0077, -0.0204, 0.0497, 0.0580], magnitude=1.0000, dim=384
2026-02-13 10:21:52 - [TRACE] Column 'Sex' -> canonical concept 'sex'
2026-02-13 10:21:52 - [TRACE-EMBED] Column 'sex: d, h' -> vector[0..5]=[-0.0752, 0.0400, -0.0095, 0.0526, -0.1031, 0.0457], magnitude=1.0000, dim=384
2026-02-13 10:21:52 - [TRACE] Column 'Sex' -> canonical concept 'sex'
2026-02-13 10:21:52 - [TRACE] Column 'Toileting' -> canonical concept 'toilet'
2026-02-13 10:21:52 - [TRACE] Column 'ToiletBART1' -> canonical concept 'toilet'
2026-02-13 10:21:52 - [TRACE] Column 'ToiletBART2' -> canonical concept 'toilet'
2026-02-13 10:21:52 - [TRACE] Column 'Bowel Management' -> canonical concept 'bowel management'
2026-02-13 10:21:52 - [TRACE] Column 'BowelBART1' -> canonical concept 'bowel'
2026-02-13 10:21:52 - [TRACE] Column 'BowelBART2' -> canonical concept 'bowel'
2026-02-13 10:21:52 - [MappingService] No usable schema fields provided. Using schema-less suggestion mode.
2026-02-13 10:21:52 - [TRACE] suggestWithoutSchema: clustering 50 columns
2026-02-13 10:21:52 - [TRACE] clusterColumns: input 50 columns
2026-02-13 10:21:52 - [TRACE] clusterColumns: formed 32 initial concept-based clusters
2026-02-13 10:21:52 - [TRACE-CENTROID] Cluster 1 (): centroid[0..5]=[0.0203, -0.0289, 0.0020, 0.0552, 0.0452, -0.0359], magnitude=1.0000, 1 cols
2026-02-13 10:21:52 - [TRACE-CENTROID] Cluster 2 (): centroid[0..5]=[-0.0085, 0.0207, -0.0077, -0.0204, 0.0497, 0.0580], magnitude=1.0000, 1 cols
2026-02-13 10:21:52 - [TRACE-CENTROID] Cluster 3 (): centroid[0..5]=[-0.0309, 0.0365, -0.0228, 0.0615, -0.0963, 0.0686], magnitude=1.0000, 2 cols
2026-02-13 10:21:52 - [TRACE-MERGE] Merging cluster 1 (concept='') into existing cluster (similarity=0.5683)
2026-02-13 10:21:52 - [TRACE-MERGE] Merging cluster 2 (concept='') into existing cluster (similarity=0.7782)
2026-02-13 10:21:52 - [TRACE-MERGE] Merging cluster 3 (concept='') into existing cluster (similarity=0.8386)
2026-02-13 10:21:52 - [TRACE-MERGE] Merging cluster 4 (concept='') into existing cluster (similarity=0.5702)
2026-02-13 10:21:52 - [TRACE-MERGE] Merging cluster 5 (concept='') into existing cluster (similarity=0.5946)
2026-02-13 10:21:52 - [TRACE] clusterColumns: merged 5 clusters (threshold=0.56), final count: 27
2026-02-13 10:21:52 - [TRACE] clusterColumns: similarity stats - min=-0.0715, max=0.8386, avg=0.1702, comparisons=387
2026-02-13 10:21:52 - [TRACE] suggestWithoutSchema: formed 27 clusters
2026-02-13 10:21:52 - [TRACE] Cluster 1/27: key='bath', representative='bath', 6 cols, 2 picked
2026-02-13 10:21:52 - Error computing similarity: class java.lang.String cannot be cast to class org.taniwha.dto.OntologyTermDTO (java.lang.String is in module java.base of loader 'bootstrap'; org.taniwha.dto.OntologyTermDTO is in unnamed module of loader 'app')
2026-02-13 10:21:52 - [TerminologyService] Error selecting terminology for term 'toilet': class java.lang.String cannot be cast to class org.taniwha.dto.OntologyTermDTO (java.lang.String is in module java.base of loader 'bootstrap'; org.taniwha.dto.OntologyTermDTO is in unnamed module of loader 'app')
2026-02-13 10:21:52 - [TerminologyService] Generated fallback code CONCEPT_868239859 for term: toilet
2026-02-13 10:21:53 - Retry error. Retry count:1
org.springframework.web.client.ResourceAccessException: I/O error on POST request for "http://localhost:11434/api/chat": Connect to http://localhost:11434 [localhost/127.0.0.1, localhost/0:0:0:0:0:0:0:1] failed: Connection refused
	at org.springframework.web.client.DefaultRestClient$DefaultRequestBodyUriSpec.createResourceAccessException(DefaultRestClient.java:584)
	at org.springframework.web.client.DefaultRestClient$DefaultRequestBodyUriSpec.exchangeInternal(DefaultRestClient.java:498)
	at org.springframework.web.client.DefaultRestClient$DefaultRequestBodyUriSpec.retrieve(DefaultRestClient.java:458)
	at org.springframework.ai.ollama.api.OllamaApi.chat(OllamaApi.java:114)
	at org.springframework.ai.ollama.OllamaChatModel.lambda$internalCall$1(OllamaChatModel.java:248)
	at org.springframework.retry.support.RetryTemplate.doExecute(RetryTemplate.java:344)
	at org.springframework.retry.support.RetryTemplate.execute(RetryTemplate.java:217)
	at org.springframework.ai.ollama.OllamaChatModel.lambda$internalCall$3(OllamaChatModel.java:248)
	at io.micrometer.observation.Observation.observe(Observation.java:565)
	at org.springframework.ai.ollama.OllamaChatModel.internalCall(OllamaChatModel.java:246)
	at org.springframework.ai.ollama.OllamaChatModel.call(OllamaChatModel.java:231)
	at org.taniwha.service.LLMTextGenerator.callLLM(LLMTextGenerator.java:194)
	at org.taniwha.service.LLMTextGenerator.lambda$generateColumnDescription$0(LLMTextGenerator.java:79)
	at java.base/java.util.concurrent.ConcurrentHashMap.computeIfAbsent(ConcurrentHashMap.java:1708)
	at org.taniwha.service.LLMTextGenerator.generateColumnDescription(LLMTextGenerator.java:46)
	at org.taniwha.service.DescriptionGenerator.generateColumnDescription(DescriptionGenerator.java:36)
	at org.taniwha.service.MappingService.populateMappingTerminologyAndDescription(MappingService.java:856)
	at org.taniwha.service.MappingService.buildMappingSkeleton(MappingService.java:836)
	at org.taniwha.service.MappingService.suggestWithoutSchema(MappingService.java:267)
	at org.taniwha.service.MappingService.suggestMappings(MappingService.java:145)
	at org.taniwha.service.MappingServiceReportTest.generates_mapping_report_from_fixture(MappingServiceReportTest.java:221)
	at java.base/jdk.internal.reflect.NativeMethodAccessorImpl.invoke0(Native Method)
	at java.base/jdk.internal.reflect.NativeMethodAccessorImpl.invoke(NativeMethodAccessorImpl.java:77)
	at java.base/jdk.internal.reflect.DelegatingMethodAccessorImpl.invoke(DelegatingMethodAccessorImpl.java:43)
	at java.base/java.lang.reflect.Method.invoke(Method.java:569)
	at org.junit.platform.commons.util.ReflectionUtils.invokeMethod(ReflectionUtils.java:728)
	at org.junit.jupiter.engine.execution.MethodInvocation.proceed(MethodInvocation.java:60)
	at org.junit.jupiter.engine.execution.InvocationInterceptorChain$ValidatingInvocation.proceed(InvocationInterceptorChain.java:131)
	at org.junit.jupiter.engine.extension.TimeoutExtension.intercept(TimeoutExtension.java:156)
	at org.junit.jupiter.engine.extension.TimeoutExtension.interceptTestableMethod(TimeoutExtension.java:147)
	at org.junit.jupiter.engine.extension.TimeoutExtension.interceptTestMethod(TimeoutExtension.java:86)
	at org.junit.jupiter.engine.execution.InterceptingExecutableInvoker$ReflectiveInterceptorCall.lambda$ofVoidMethod$0(InterceptingExecutableInvoker.java:103)
	at org.junit.jupiter.engine.execution.InterceptingExecutableInvoker.lambda$invoke$0(InterceptingExecutableInvoker.java:93)
	at org.junit.jupiter.engine.execution.InvocationInterceptorChain$InterceptedInvocation.proceed(InvocationInterceptorChain.java:106)
	at org.junit.jupiter.engine.execution.InvocationInterceptorChain.proceed(InvocationInterceptorChain.java:64)
	at org.junit.jupiter.engine.execution.InvocationInterceptorChain.chainAndInvoke(InvocationInterceptorChain.java:45)
	at org.junit.jupiter.engine.execution.InvocationInterceptorChain.invoke(InvocationInterceptorChain.java:37)
	at org.junit.jupiter.engine.execution.InterceptingExecutableInvoker.invoke(InterceptingExecutableInvoker.java:92)
	at org.junit.jupiter.engine.execution.InterceptingExecutableInvoker.invoke(InterceptingExecutableInvoker.java:86)
	at org.junit.jupiter.engine.descriptor.TestMethodTestDescriptor.lambda$invokeTestMethod$7(TestMethodTestDescriptor.java:218)
	at org.junit.platform.engine.support.hierarchical.ThrowableCollector.execute(ThrowableCollector.java:73)
	at org.junit.jupiter.engine.descriptor.TestMethodTestDescriptor.invokeTestMethod(TestMethodTestDescriptor.java:214)
	at org.junit.jupiter.engine.descriptor.TestMethodTestDescriptor.execute(TestMethodTestDescriptor.java:139)
	at org.junit.jupiter.engine.descriptor.TestMethodTestDescriptor.execute(TestMethodTestDescriptor.java:69)
	at org.junit.platform.engine.support.hierarchical.NodeTestTask.lambda$executeRecursively$6(NodeTestTask.java:151)
	at org.junit.platform.engine.support.hierarchical.ThrowableCollector.execute(ThrowableCollector.java:73)
	at org.junit.platform.engine.support.hierarchical.NodeTestTask.lambda$executeRecursively$8(NodeTestTask.java:141)
	at org.junit.platform.engine.support.hierarchical.Node.around(Node.java:137)
	at org.junit.platform.engine.support.hierarchical.NodeTestTask.lambda$executeRecursively$9(NodeTestTask.java:139)
	at org.junit.platform.engine.support.hierarchical.ThrowableCollector.execute(ThrowableCollector.java:73)
	at org.junit.platform.engine.support.hierarchical.NodeTestTask.executeRecursively(NodeTestTask.java:138)
	at org.junit.platform.engine.support.hierarchical.NodeTestTask.execute(NodeTestTask.java:95)
	at java.base/java.util.ArrayList.forEach(ArrayList.java:1511)
	at org.junit.platform.engine.support.hierarchical.SameThreadHierarchicalTestExecutorService.invokeAll(SameThreadHierarchicalTestExecutorService.java:41)
	at org.junit.platform.engine.support.hierarchical.NodeTestTask.lambda$executeRecursively$6(NodeTestTask.java:155)
	at org.junit.platform.engine.support.hierarchical.ThrowableCollector.execute(ThrowableCollector.java:73)
	at org.junit.platform.engine.support.hierarchical.NodeTestTask.lambda$executeRecursively$8(NodeTestTask.java:141)
	at org.junit.platform.engine.support.hierarchical.Node.around(Node.java:137)
	at org.junit.platform.engine.support.hierarchical.NodeTestTask.lambda$executeRecursively$9(NodeTestTask.java:139)
	at org.junit.platform.engine.support.hierarchical.ThrowableCollector.execute(ThrowableCollector.java:73)
	at org.junit.platform.engine.support.hierarchical.NodeTestTask.executeRecursively(NodeTestTask.java:138)
	at org.junit.platform.engine.support.hierarchical.NodeTestTask.execute(NodeTestTask.java:95)
	at java.base/java.util.ArrayList.forEach(ArrayList.java:1511)
	at org.junit.platform.engine.support.hierarchical.SameThreadHierarchicalTestExecutorService.invokeAll(SameThreadHierarchicalTestExecutorService.java:41)
	at org.junit.platform.engine.support.hierarchical.NodeTestTask.lambda$executeRecursively$6(NodeTestTask.java:155)
	at org.junit.platform.engine.support.hierarchical.ThrowableCollector.execute(ThrowableCollector.java:73)
	at org.junit.platform.engine.support.hierarchical.NodeTestTask.lambda$executeRecursively$8(NodeTestTask.java:141)
	at org.junit.platform.engine.support.hierarchical.Node.around(Node.java:137)
	at org.junit.platform.engine.support.hierarchical.NodeTestTask.lambda$executeRecursively$9(NodeTestTask.java:139)
	at org.junit.platform.engine.support.hierarchical.ThrowableCollector.execute(ThrowableCollector.java:73)
	at org.junit.platform.engine.support.hierarchical.NodeTestTask.executeRecursively(NodeTestTask.java:138)
	at org.junit.platform.engine.support.hierarchical.NodeTestTask.execute(NodeTestTask.java:95)
	at org.junit.platform.engine.support.hierarchical.SameThreadHierarchicalTestExecutorService.submit(SameThreadHierarchicalTestExecutorService.java:35)
	at org.junit.platform.engine.support.hierarchical.HierarchicalTestExecutor.execute(HierarchicalTestExecutor.java:57)
	at org.junit.platform.engine.support.hierarchical.HierarchicalTestEngine.execute(HierarchicalTestEngine.java:54)
	at org.junit.platform.launcher.core.EngineExecutionOrchestrator.execute(EngineExecutionOrchestrator.java:198)
	at org.junit.platform.launcher.core.EngineExecutionOrchestrator.execute(EngineExecutionOrchestrator.java:169)
	at org.junit.platform.launcher.core.EngineExecutionOrchestrator.execute(EngineExecutionOrchestrator.java:93)
	at org.junit.platform.launcher.core.EngineExecutionOrchestrator.lambda$execute$0(EngineExecutionOrchestrator.java:58)
	at org.junit.platform.launcher.core.EngineExecutionOrchestrator.withInterceptedStreams(EngineExecutionOrchestrator.java:141)
	at org.junit.platform.launcher.core.EngineExecutionOrchestrator.execute(EngineExecutionOrchestrator.java:57)
	at org.junit.platform.launcher.core.DefaultLauncher.execute(DefaultLauncher.java:103)
	at org.junit.platform.launcher.core.DefaultLauncher.execute(DefaultLauncher.java:85)
	at org.junit.platform.launcher.core.DelegatingLauncher.execute(DelegatingLauncher.java:47)
	at org.apache.maven.surefire.junitplatform.LazyLauncher.execute(LazyLauncher.java:56)
	at org.apache.maven.surefire.junitplatform.JUnitPlatformProvider.execute(JUnitPlatformProvider.java:184)
	at org.apache.maven.surefire.junitplatform.JUnitPlatformProvider.invokeAllTests(JUnitPlatformProvider.java:148)
	at org.apache.maven.surefire.junitplatform.JUnitPlatformProvider.invoke(JUnitPlatformProvider.java:122)
	at org.apache.maven.surefire.booter.ForkedBooter.runSuitesInProcess(ForkedBooter.java:385)
	at org.apache.maven.surefire.booter.ForkedBooter.execute(ForkedBooter.java:162)
	at org.apache.maven.surefire.booter.ForkedBooter.run(ForkedBooter.java:507)
	at org.apache.maven.surefire.booter.ForkedBooter.main(ForkedBooter.java:495)
Caused by: org.apache.hc.client5.http.HttpHostConnectException: Connect to http://localhost:11434 [localhost/127.0.0.1, localhost/0:0:0:0:0:0:0:1] failed: Connection refused
	at java.base/sun.nio.ch.Net.pollConnect(Native Method)
	at java.base/sun.nio.ch.Net.pollConnectNow(Net.java:684)
	at java.base/sun.nio.ch.NioSocketImpl.timedFinishConnect(NioSocketImpl.java:547)
	at java.base/sun.nio.ch.NioSocketImpl.connect(NioSocketImpl.java:602)
	at java.base/java.net.SocksSocketImpl.connect(SocksSocketImpl.java:327)
	at java.base/java.net.Socket.connect(Socket.java:633)
	at org.apache.hc.client5.http.socket.PlainConnectionSocketFactory.lambda$connectSocket$0(PlainConnectionSocketFactory.java:91)
	at java.base/java.security.AccessController.doPrivileged(AccessController.java:569)
	at org.apache.hc.client5.http.socket.PlainConnectionSocketFactory.connectSocket(PlainConnectionSocketFactory.java:90)
	at org.apache.hc.client5.http.socket.ConnectionSocketFactory.connectSocket(ConnectionSocketFactory.java:123)
	at org.apache.hc.client5.http.impl.io.DefaultHttpClientConnectionOperator.connect(DefaultHttpClientConnectionOperator.java:189)
	at org.apache.hc.client5.http.impl.io.PoolingHttpClientConnectionManager.connect(PoolingHttpClientConnectionManager.java:450)
	at org.apache.hc.client5.http.impl.classic.InternalExecRuntime.connectEndpoint(InternalExecRuntime.java:162)
	at org.apache.hc.client5.http.impl.classic.InternalExecRuntime.connectEndpoint(InternalExecRuntime.java:172)
	at org.apache.hc.client5.http.impl.classic.ConnectExec.execute(ConnectExec.java:142)
	at org.apache.hc.client5.http.impl.classic.ExecChainElement.execute(ExecChainElement.java:51)
	at org.apache.hc.client5.http.impl.classic.ProtocolExec.execute(ProtocolExec.java:192)
	at org.apache.hc.client5.http.impl.classic.ExecChainElement.execute(ExecChainElement.java:51)
	at org.apache.hc.client5.http.impl.classic.HttpRequestRetryExec.execute(HttpRequestRetryExec.java:113)
	at org.apache.hc.client5.http.impl.classic.ExecChainElement.execute(ExecChainElement.java:51)
	at org.apache.hc.client5.http.impl.classic.ContentCompressionExec.execute(ContentCompressionExec.java:152)
	at org.apache.hc.client5.http.impl.classic.ExecChainElement.execute(ExecChainElement.java:51)
	at org.apache.hc.client5.http.impl.classic.RedirectExec.execute(RedirectExec.java:116)
	at org.apache.hc.client5.http.impl.classic.ExecChainElement.execute(ExecChainElement.java:51)
	at org.apache.hc.client5.http.impl.classic.InternalHttpClient.doExecute(InternalHttpClient.java:170)
	at org.apache.hc.client5.http.impl.classic.CloseableHttpClient.execute(CloseableHttpClient.java:87)
	at org.apache.hc.client5.http.impl.classic.CloseableHttpClient.execute(CloseableHttpClient.java:55)
	at org.apache.hc.client5.http.classic.HttpClient.executeOpen(HttpClient.java:183)
	at org.springframework.http.client.HttpComponentsClientHttpRequest.executeInternal(HttpComponentsClientHttpRequest.java:99)
	at org.springframework.http.client.AbstractStreamingClientHttpRequest.executeInternal(AbstractStreamingClientHttpRequest.java:70)
	at org.springframework.http.client.AbstractClientHttpRequest.execute(AbstractClientHttpRequest.java:66)
	at org.springframework.web.client.DefaultRestClient$DefaultRequestBodyUriSpec.exchangeInternal(DefaultRestClient.java:492)
	... 90 common frames omitted
2026-02-13 10:21:55 - Retry error. Retry count:2
org.springframework.web.client.ResourceAccessException: I/O error on POST request for "http://localhost:11434/api/chat": Connect to http://localhost:11434 [localhost/127.0.0.1, localhost/0:0:0:0:0:0:0:1] failed: Connection refused
	at org.springframework.web.client.DefaultRestClient$DefaultRequestBodyUriSpec.createResourceAccessException(DefaultRestClient.java:584)
	at org.springframework.web.client.DefaultRestClient$DefaultRequestBodyUriSpec.exchangeInternal(DefaultRestClient.java:498)
	at org.springframework.web.client.DefaultRestClient$DefaultRequestBodyUriSpec.retrieve(DefaultRestClient.java:458)
	at org.springframework.ai.ollama.api.OllamaApi.chat(OllamaApi.java:114)
	at org.springframework.ai.ollama.OllamaChatModel.lambda$internalCall$1(OllamaChatModel.java:248)
	at org.springframework.retry.support.RetryTemplate.doExecute(RetryTemplate.java:344)
	at org.springframework.retry.support.RetryTemplate.execute(RetryTemplate.java:217)
	at org.springframework.ai.ollama.OllamaChatModel.lambda$internalCall$3(OllamaChatModel.java:248)
	at io.micrometer.observation.Observation.observe(Observation.java:565)
	at org.springframework.ai.ollama.OllamaChatModel.internalCall(OllamaChatModel.java:246)
	at org.springframework.ai.ollama.OllamaChatModel.call(OllamaChatModel.java:231)
	at org.taniwha.service.LLMTextGenerator.callLLM(LLMTextGenerator.java:194)
	at org.taniwha.service.LLMTextGenerator.lambda$generateColumnDescription$0(LLMTextGenerator.java:79)
	at java.base/java.util.concurrent.ConcurrentHashMap.computeIfAbsent(ConcurrentHashMap.java:1708)
	at org.taniwha.service.LLMTextGenerator.generateColumnDescription(LLMTextGenerator.java:46)
	at org.taniwha.service.DescriptionGenerator.generateColumnDescription(DescriptionGenerator.java:36)
	at org.taniwha.service.MappingService.populateMappingTerminologyAndDescription(MappingService.java:856)
	at org.taniwha.service.MappingService.buildMappingSkeleton(MappingService.java:836)
	at org.taniwha.service.MappingService.suggestWithoutSchema(MappingService.java:267)
	at org.taniwha.service.MappingService.suggestMappings(MappingService.java:145)
	at org.taniwha.service.MappingServiceReportTest.generates_mapping_report_from_fixture(MappingServiceReportTest.java:221)
	at java.base/jdk.internal.reflect.NativeMethodAccessorImpl.invoke0(Native Method)
	at java.base/jdk.internal.reflect.NativeMethodAccessorImpl.invoke(NativeMethodAccessorImpl.java:77)
	at java.base/jdk.internal.reflect.DelegatingMethodAccessorImpl.invoke(DelegatingMethodAccessorImpl.java:43)
	at java.base/java.lang.reflect.Method.invoke(Method.java:569)
	at org.junit.platform.commons.util.ReflectionUtils.invokeMethod(ReflectionUtils.java:728)
	at org.junit.jupiter.engine.execution.MethodInvocation.proceed(MethodInvocation.java:60)
	at org.junit.jupiter.engine.execution.InvocationInterceptorChain$ValidatingInvocation.proceed(InvocationInterceptorChain.java:131)
	at org.junit.jupiter.engine.extension.TimeoutExtension.intercept(TimeoutExtension.java:156)
	at org.junit.jupiter.engine.extension.TimeoutExtension.interceptTestableMethod(TimeoutExtension.java:147)
	at org.junit.jupiter.engine.extension.TimeoutExtension.interceptTestMethod(TimeoutExtension.java:86)
	at org.junit.jupiter.engine.execution.InterceptingExecutableInvoker$ReflectiveInterceptorCall.lambda$ofVoidMethod$0(InterceptingExecutableInvoker.java:103)
	at org.junit.jupiter.engine.execution.InterceptingExecutableInvoker.lambda$invoke$0(InterceptingExecutableInvoker.java:93)
	at org.junit.jupiter.engine.execution.InvocationInterceptorChain$InterceptedInvocation.proceed(InvocationInterceptorChain.java:106)
	at org.junit.jupiter.engine.execution.InvocationInterceptorChain.proceed(InvocationInterceptorChain.java:64)
	at org.junit.jupiter.engine.execution.InvocationInterceptorChain.chainAndInvoke(InvocationInterceptorChain.java:45)
	at org.junit.jupiter.engine.execution.InvocationInterceptorChain.invoke(InvocationInterceptorChain.java:37)
	at org.junit.jupiter.engine.execution.InterceptingExecutableInvoker.invoke(InterceptingExecutableInvoker.java:92)
	at org.junit.jupiter.engine.execution.InterceptingExecutableInvoker.invoke(InterceptingExecutableInvoker.java:86)
	at org.junit.jupiter.engine.descriptor.TestMethodTestDescriptor.lambda$invokeTestMethod$7(TestMethodTestDescriptor.java:218)
	at org.junit.platform.engine.support.hierarchical.ThrowableCollector.execute(ThrowableCollector.java:73)
	at org.junit.jupiter.engine.descriptor.TestMethodTestDescriptor.invokeTestMethod(TestMethodTestDescriptor.java:214)
	at org.junit.jupiter.engine.descriptor.TestMethodTestDescriptor.execute(TestMethodTestDescriptor.java:139)
	at org.junit.jupiter.engine.descriptor.TestMethodTestDescriptor.execute(TestMethodTestDescriptor.java:69)
	at org.junit.platform.engine.support.hierarchical.NodeTestTask.lambda$executeRecursively$6(NodeTestTask.java:151)
	at org.junit.platform.engine.support.hierarchical.ThrowableCollector.execute(ThrowableCollector.java:73)
	at org.junit.platform.engine.support.hierarchical.NodeTestTask.lambda$executeRecursively$8(NodeTestTask.java:141)
	at org.junit.platform.engine.support.hierarchical.Node.around(Node.java:137)
	at org.junit.platform.engine.support.hierarchical.NodeTestTask.lambda$executeRecursively$9(NodeTestTask.java:139)
	at org.junit.platform.engine.support.hierarchical.ThrowableCollector.execute(ThrowableCollector.java:73)
	at org.junit.platform.engine.support.hierarchical.NodeTestTask.executeRecursively(NodeTestTask.java:138)
	at org.junit.platform.engine.support.hierarchical.NodeTestTask.execute(NodeTestTask.java:95)
	at java.base/java.util.ArrayList.forEach(ArrayList.java:1511)
	at org.junit.platform.engine.support.hierarchical.SameThreadHierarchicalTestExecutorService.invokeAll(SameThreadHierarchicalTestExecutorService.java:41)
	at org.junit.platform.engine.support.hierarchical.NodeTestTask.lambda$executeRecursively$6(NodeTestTask.java:155)
	at org.junit.platform.engine.support.hierarchical.ThrowableCollector.execute(ThrowableCollector.java:73)
	at org.junit.platform.engine.support.hierarchical.NodeTestTask.lambda$executeRecursively$8(NodeTestTask.java:141)
	at org.junit.platform.engine.support.hierarchical.Node.around(Node.java:137)
	at org.junit.platform.engine.support.hierarchical.NodeTestTask.lambda$executeRecursively$9(NodeTestTask.java:139)
	at org.junit.platform.engine.support.hierarchical.ThrowableCollector.execute(ThrowableCollector.java:73)
	at org.junit.platform.engine.support.hierarchical.NodeTestTask.executeRecursively(NodeTestTask.java:138)
	at org.junit.platform.engine.support.hierarchical.NodeTestTask.execute(NodeTestTask.java:95)
	at java.base/java.util.ArrayList.forEach(ArrayList.java:1511)
	at org.junit.platform.engine.support.hierarchical.SameThreadHierarchicalTestExecutorService.invokeAll(SameThreadHierarchicalTestExecutorService.java:41)
	at org.junit.platform.engine.support.hierarchical.NodeTestTask.lambda$executeRecursively$6(NodeTestTask.java:155)
	at org.junit.platform.engine.support.hierarchical.ThrowableCollector.execute(ThrowableCollector.java:73)
	at org.junit.platform.engine.support.hierarchical.NodeTestTask.lambda$executeRecursively$8(NodeTestTask.java:141)
	at org.junit.platform.engine.support.hierarchical.Node.around(Node.java:137)
	at org.junit.platform.engine.support.hierarchical.NodeTestTask.lambda$executeRecursively$9(NodeTestTask.java:139)
	at org.junit.platform.engine.support.hierarchical.ThrowableCollector.execute(ThrowableCollector.java:73)
	at org.junit.platform.engine.support.hierarchical.NodeTestTask.executeRecursively(NodeTestTask.java:138)
	at org.junit.platform.engine.support.hierarchical.NodeTestTask.execute(NodeTestTask.java:95)
	at org.junit.platform.engine.support.hierarchical.SameThreadHierarchicalTestExecutorService.submit(SameThreadHierarchicalTestExecutorService.java:35)
	at org.junit.platform.engine.support.hierarchical.HierarchicalTestExecutor.execute(HierarchicalTestExecutor.java:57)
	at org.junit.platform.engine.support.hierarchical.HierarchicalTestEngine.execute(HierarchicalTestEngine.java:54)
	at org.junit.platform.launcher.core.EngineExecutionOrchestrator.execute(EngineExecutionOrchestrator.java:198)
	at org.junit.platform.launcher.core.EngineExecutionOrchestrator.execute(EngineExecutionOrchestrator.java:169)
	at org.junit.platform.launcher.core.EngineExecutionOrchestrator.execute(EngineExecutionOrchestrator.java:93)
	at org.junit.platform.launcher.core.EngineExecutionOrchestrator.lambda$execute$0(EngineExecutionOrchestrator.java:58)
	at org.junit.platform.launcher.core.EngineExecutionOrchestrator.withInterceptedStreams(EngineExecutionOrchestrator.java:141)
	at org.junit.platform.launcher.core.EngineExecutionOrchestrator.execute(EngineExecutionOrchestrator.java:57)
	at org.junit.platform.launcher.core.DefaultLauncher.execute(DefaultLauncher.java:103)
	at org.junit.platform.launcher.core.DefaultLauncher.execute(DefaultLauncher.java:85)
	at org.junit.platform.launcher.core.DelegatingLauncher.execute(DelegatingLauncher.java:47)
	at org.apache.maven.surefire.junitplatform.LazyLauncher.execute(LazyLauncher.java:56)
	at org.apache.maven.surefire.junitplatform.JUnitPlatformProvider.execute(JUnitPlatformProvider.java:184)
	at org.apache.maven.surefire.junitplatform.JUnitPlatformProvider.invokeAllTests(JUnitPlatformProvider.java:148)
	at org.apache.maven.surefire.junitplatform.JUnitPlatformProvider.invoke(JUnitPlatformProvider.java:122)
	at org.apache.maven.surefire.booter.ForkedBooter.runSuitesInProcess(ForkedBooter.java:385)
	at org.apache.maven.surefire.booter.ForkedBooter.execute(ForkedBooter.java:162)
	at org.apache.maven.surefire.booter.ForkedBooter.run(ForkedBooter.java:507)
	at org.apache.maven.surefire.booter.ForkedBooter.main(ForkedBooter.java:495)
Caused by: org.apache.hc.client5.http.HttpHostConnectException: Connect to http://localhost:11434 [localhost/127.0.0.1, localhost/0:0:0:0:0:0:0:1] failed: Connection refused
	at java.base/sun.nio.ch.Net.pollConnect(Native Method)
	at java.base/sun.nio.ch.Net.pollConnectNow(Net.java:684)
	at java.base/sun.nio.ch.NioSocketImpl.timedFinishConnect(NioSocketImpl.java:547)
	at java.base/sun.nio.ch.NioSocketImpl.connect(NioSocketImpl.java:602)
	at java.base/java.net.SocksSocketImpl.connect(SocksSocketImpl.java:327)
	at java.base/java.net.Socket.connect(Socket.java:633)
	at org.apache.hc.client5.http.socket.PlainConnectionSocketFactory.lambda$connectSocket$0(PlainConnectionSocketFactory.java:91)
	at java.base/java.security.AccessController.doPrivileged(AccessController.java:569)
	at org.apache.hc.client5.http.socket.PlainConnectionSocketFactory.connectSocket(PlainConnectionSocketFactory.java:90)
	at org.apache.hc.client5.http.socket.ConnectionSocketFactory.connectSocket(ConnectionSocketFactory.java:123)
	at org.apache.hc.client5.http.impl.io.DefaultHttpClientConnectionOperator.connect(DefaultHttpClientConnectionOperator.java:189)
	at org.apache.hc.client5.http.impl.io.PoolingHttpClientConnectionManager.connect(PoolingHttpClientConnectionManager.java:450)
	at org.apache.hc.client5.http.impl.classic.InternalExecRuntime.connectEndpoint(InternalExecRuntime.java:162)
	at org.apache.hc.client5.http.impl.classic.InternalExecRuntime.connectEndpoint(InternalExecRuntime.java:172)
	at org.apache.hc.client5.http.impl.classic.ConnectExec.execute(ConnectExec.java:142)
	at org.apache.hc.client5.http.impl.classic.ExecChainElement.execute(ExecChainElement.java:51)
	at org.apache.hc.client5.http.impl.classic.ProtocolExec.execute(ProtocolExec.java:192)
	at org.apache.hc.client5.http.impl.classic.ExecChainElement.execute(ExecChainElement.java:51)
	at org.apache.hc.client5.http.impl.classic.HttpRequestRetryExec.execute(HttpRequestRetryExec.java:113)
	at org.apache.hc.client5.http.impl.classic.ExecChainElement.execute(ExecChainElement.java:51)
	at org.apache.hc.client5.http.impl.classic.ContentCompressionExec.execute(ContentCompressionExec.java:152)
	at org.apache.hc.client5.http.impl.classic.ExecChainElement.execute(ExecChainElement.java:51)
	at org.apache.hc.client5.http.impl.classic.RedirectExec.execute(RedirectExec.java:116)
	at org.apache.hc.client5.http.impl.classic.ExecChainElement.execute(ExecChainElement.java:51)
	at org.apache.hc.client5.http.impl.classic.InternalHttpClient.doExecute(InternalHttpClient.java:170)
	at org.apache.hc.client5.http.impl.classic.CloseableHttpClient.execute(CloseableHttpClient.java:87)
	at org.apache.hc.client5.http.impl.classic.CloseableHttpClient.execute(CloseableHttpClient.java:55)
	at org.apache.hc.client5.http.classic.HttpClient.executeOpen(HttpClient.java:183)
	at org.springframework.http.client.HttpComponentsClientHttpRequest.executeInternal(HttpComponentsClientHttpRequest.java:99)
	at org.springframework.http.client.AbstractStreamingClientHttpRequest.executeInternal(AbstractStreamingClientHttpRequest.java:70)
	at org.springframework.http.client.AbstractClientHttpRequest.execute(AbstractClientHttpRequest.java:66)
	at org.springframework.web.client.DefaultRestClient$DefaultRequestBodyUriSpec.exchangeInternal(DefaultRestClient.java:492)
	... 90 common frames omitted
2026-02-13 10:22:05 - Retry error. Retry count:3
org.springframework.web.client.ResourceAccessException: I/O error on POST request for "http://localhost:11434/api/chat": Connect to http://localhost:11434 [localhost/127.0.0.1, localhost/0:0:0:0:0:0:0:1] failed: Connection refused
	at org.springframework.web.client.DefaultRestClient$DefaultRequestBodyUriSpec.createResourceAccessException(DefaultRestClient.java:584)
	at org.springframework.web.client.DefaultRestClient$DefaultRequestBodyUriSpec.exchangeInternal(DefaultRestClient.java:498)
	at org.springframework.web.client.DefaultRestClient$DefaultRequestBodyUriSpec.retrieve(DefaultRestClient.java:458)
	at org.springframework.ai.ollama.api.OllamaApi.chat(OllamaApi.java:114)
	at org.springframework.ai.ollama.OllamaChatModel.lambda$internalCall$1(OllamaChatModel.java:248)
	at org.springframework.retry.support.RetryTemplate.doExecute(RetryTemplate.java:344)
	at org.springframework.retry.support.RetryTemplate.execute(RetryTemplate.java:217)
	at org.springframework.ai.ollama.OllamaChatModel.lambda$internalCall$3(OllamaChatModel.java:248)
	at io.micrometer.observation.Observation.observe(Observation.java:565)
	at org.springframework.ai.ollama.OllamaChatModel.internalCall(OllamaChatModel.java:246)
	at org.springframework.ai.ollama.OllamaChatModel.call(OllamaChatModel.java:231)
	at org.taniwha.service.LLMTextGenerator.callLLM(LLMTextGenerator.java:194)
	at org.taniwha.service.LLMTextGenerator.lambda$generateColumnDescription$0(LLMTextGenerator.java:79)
	at java.base/java.util.concurrent.ConcurrentHashMap.computeIfAbsent(ConcurrentHashMap.java:1708)
	at org.taniwha.service.LLMTextGenerator.generateColumnDescription(LLMTextGenerator.java:46)
	at org.taniwha.service.DescriptionGenerator.generateColumnDescription(DescriptionGenerator.java:36)
	at org.taniwha.service.MappingService.populateMappingTerminologyAndDescription(MappingService.java:856)
	at org.taniwha.service.MappingService.buildMappingSkeleton(MappingService.java:836)
	at org.taniwha.service.MappingService.suggestWithoutSchema(MappingService.java:267)
	at org.taniwha.service.MappingService.suggestMappings(MappingService.java:145)
	at org.taniwha.service.MappingServiceReportTest.generates_mapping_report_from_fixture(MappingServiceReportTest.java:221)
	at java.base/jdk.internal.reflect.NativeMethodAccessorImpl.invoke0(Native Method)
	at java.base/jdk.internal.reflect.NativeMethodAccessorImpl.invoke(NativeMethodAccessorImpl.java:77)
	at java.base/jdk.internal.reflect.DelegatingMethodAccessorImpl.invoke(DelegatingMethodAccessorImpl.java:43)
	at java.base/java.lang.reflect.Method.invoke(Method.java:569)
	at org.junit.platform.commons.util.ReflectionUtils.invokeMethod(ReflectionUtils.java:728)
	at org.junit.jupiter.engine.execution.MethodInvocation.proceed(MethodInvocation.java:60)
	at org.junit.jupiter.engine.execution.InvocationInterceptorChain$ValidatingInvocation.proceed(InvocationInterceptorChain.java:131)
	at org.junit.jupiter.engine.extension.TimeoutExtension.intercept(TimeoutExtension.java:156)
	at org.junit.jupiter.engine.extension.TimeoutExtension.interceptTestableMethod(TimeoutExtension.java:147)
	at org.junit.jupiter.engine.extension.TimeoutExtension.interceptTestMethod(TimeoutExtension.java:86)
	at org.junit.jupiter.engine.execution.InterceptingExecutableInvoker$ReflectiveInterceptorCall.lambda$ofVoidMethod$0(InterceptingExecutableInvoker.java:103)
	at org.junit.jupiter.engine.execution.InterceptingExecutableInvoker.lambda$invoke$0(InterceptingExecutableInvoker.java:93)
	at org.junit.jupiter.engine.execution.InvocationInterceptorChain$InterceptedInvocation.proceed(InvocationInterceptorChain.java:106)
	at org.junit.jupiter.engine.execution.InvocationInterceptorChain.proceed(InvocationInterceptorChain.java:64)
	at org.junit.jupiter.engine.execution.InvocationInterceptorChain.chainAndInvoke(InvocationInterceptorChain.java:45)
	at org.junit.jupiter.engine.execution.InvocationInterceptorChain.invoke(InvocationInterceptorChain.java:37)
	at org.junit.jupiter.engine.execution.InterceptingExecutableInvoker.invoke(InterceptingExecutableInvoker.java:92)
	at org.junit.jupiter.engine.execution.InterceptingExecutableInvoker.invoke(InterceptingExecutableInvoker.java:86)
	at org.junit.jupiter.engine.descriptor.TestMethodTestDescriptor.lambda$invokeTestMethod$7(TestMethodTestDescriptor.java:218)
	at org.junit.platform.engine.support.hierarchical.ThrowableCollector.execute(ThrowableCollector.java:73)
	at org.junit.jupiter.engine.descriptor.TestMethodTestDescriptor.invokeTestMethod(TestMethodTestDescriptor.java:214)
	at org.junit.jupiter.engine.descriptor.TestMethodTestDescriptor.execute(TestMethodTestDescriptor.java:139)
	at org.junit.jupiter.engine.descriptor.TestMethodTestDescriptor.execute(TestMethodTestDescriptor.java:69)
	at org.junit.platform.engine.support.hierarchical.NodeTestTask.lambda$executeRecursively$6(NodeTestTask.java:151)
	at org.junit.platform.engine.support.hierarchical.ThrowableCollector.execute(ThrowableCollector.java:73)
	at org.junit.platform.engine.support.hierarchical.NodeTestTask.lambda$executeRecursively$8(NodeTestTask.java:141)
	at org.junit.platform.engine.support.hierarchical.Node.around(Node.java:137)
	at org.junit.platform.engine.support.hierarchical.NodeTestTask.lambda$executeRecursively$9(NodeTestTask.java:139)
	at org.junit.platform.engine.support.hierarchical.ThrowableCollector.execute(ThrowableCollector.java:73)
	at org.junit.platform.engine.support.hierarchical.NodeTestTask.executeRecursively(NodeTestTask.java:138)
	at org.junit.platform.engine.support.hierarchical.NodeTestTask.execute(NodeTestTask.java:95)
	at java.base/java.util.ArrayList.forEach(ArrayList.java:1511)
	at org.junit.platform.engine.support.hierarchical.SameThreadHierarchicalTestExecutorService.invokeAll(SameThreadHierarchicalTestExecutorService.java:41)
	at org.junit.platform.engine.support.hierarchical.NodeTestTask.lambda$executeRecursively$6(NodeTestTask.java:155)
	at org.junit.platform.engine.support.hierarchical.ThrowableCollector.execute(ThrowableCollector.java:73)
	at org.junit.platform.engine.support.hierarchical.NodeTestTask.lambda$executeRecursively$8(NodeTestTask.java:141)
	at org.junit.platform.engine.support.hierarchical.Node.around(Node.java:137)
	at org.junit.platform.engine.support.hierarchical.NodeTestTask.lambda$executeRecursively$9(NodeTestTask.java:139)
	at org.junit.platform.engine.support.hierarchical.ThrowableCollector.execute(ThrowableCollector.java:73)
	at org.junit.platform.engine.support.hierarchical.NodeTestTask.executeRecursively(NodeTestTask.java:138)
	at org.junit.platform.engine.support.hierarchical.NodeTestTask.execute(NodeTestTask.java:95)
	at java.base/java.util.ArrayList.forEach(ArrayList.java:1511)
	at org.junit.platform.engine.support.hierarchical.SameThreadHierarchicalTestExecutorService.invokeAll(SameThreadHierarchicalTestExecutorService.java:41)
	at org.junit.platform.engine.support.hierarchical.NodeTestTask.lambda$executeRecursively$6(NodeTestTask.java:155)
	at org.junit.platform.engine.support.hierarchical.ThrowableCollector.execute(ThrowableCollector.java:73)
	at org.junit.platform.engine.support.hierarchical.NodeTestTask.lambda$executeRecursively$8(NodeTestTask.java:141)
	at org.junit.platform.engine.support.hierarchical.Node.around(Node.java:137)
	at org.junit.platform.engine.support.hierarchical.NodeTestTask.lambda$executeRecursively$9(NodeTestTask.java:139)
	at org.junit.platform.engine.support.hierarchical.ThrowableCollector.execute(ThrowableCollector.java:73)
	at org.junit.platform.engine.support.hierarchical.NodeTestTask.executeRecursively(NodeTestTask.java:138)
	at org.junit.platform.engine.support.hierarchical.NodeTestTask.execute(NodeTestTask.java:95)
	at org.junit.platform.engine.support.hierarchical.SameThreadHierarchicalTestExecutorService.submit(SameThreadHierarchicalTestExecutorService.java:35)
	at org.junit.platform.engine.support.hierarchical.HierarchicalTestExecutor.execute(HierarchicalTestExecutor.java:57)
	at org.junit.platform.engine.support.hierarchical.HierarchicalTestEngine.execute(HierarchicalTestEngine.java:54)
	at org.junit.platform.launcher.core.EngineExecutionOrchestrator.execute(EngineExecutionOrchestrator.java:198)
	at org.junit.platform.launcher.core.EngineExecutionOrchestrator.execute(EngineExecutionOrchestrator.java:169)
	at org.junit.platform.launcher.core.EngineExecutionOrchestrator.execute(EngineExecutionOrchestrator.java:93)
	at org.junit.platform.launcher.core.EngineExecutionOrchestrator.lambda$execute$0(EngineExecutionOrchestrator.java:58)
	at org.junit.platform.launcher.core.EngineExecutionOrchestrator.withInterceptedStreams(EngineExecutionOrchestrator.java:141)
	at org.junit.platform.launcher.core.EngineExecutionOrchestrator.execute(EngineExecutionOrchestrator.java:57)
	at org.junit.platform.launcher.core.DefaultLauncher.execute(DefaultLauncher.java:103)
	at org.junit.platform.launcher.core.DefaultLauncher.execute(DefaultLauncher.java:85)
	at org.junit.platform.launcher.core.DelegatingLauncher.execute(DelegatingLauncher.java:47)
	at org.apache.maven.surefire.junitplatform.LazyLauncher.execute(LazyLauncher.java:56)
	at org.apache.maven.surefire.junitplatform.JUnitPlatformProvider.execute(JUnitPlatformProvider.java:184)
	at org.apache.maven.surefire.junitplatform.JUnitPlatformProvider.invokeAllTests(JUnitPlatformProvider.java:148)
	at org.apache.maven.surefire.junitplatform.JUnitPlatformProvider.invoke(JUnitPlatformProvider.java:122)
	at org.apache.maven.surefire.booter.ForkedBooter.runSuitesInProcess(ForkedBooter.java:385)
	at org.apache.maven.surefire.booter.ForkedBooter.execute(ForkedBooter.java:162)
	at org.apache.maven.surefire.booter.ForkedBooter.run(ForkedBooter.java:507)
	at org.apache.maven.surefire.booter.ForkedBooter.main(ForkedBooter.java:495)
Caused by: org.apache.hc.client5.http.HttpHostConnectException: Connect to http://localhost:11434 [localhost/127.0.0.1, localhost/0:0:0:0:0:0:0:1] failed: Connection refused
	at java.base/sun.nio.ch.Net.pollConnect(Native Method)
	at java.base/sun.nio.ch.Net.pollConnectNow(Net.java:684)
	at java.base/sun.nio.ch.NioSocketImpl.timedFinishConnect(NioSocketImpl.java:547)
	at java.base/sun.nio.ch.NioSocketImpl.connect(NioSocketImpl.java:602)
	at java.base/java.net.SocksSocketImpl.connect(SocksSocketImpl.java:327)
	at java.base/java.net.Socket.connect(Socket.java:633)
	at org.apache.hc.client5.http.socket.PlainConnectionSocketFactory.lambda$connectSocket$0(PlainConnectionSocketFactory.java:91)
	at java.base/java.security.AccessController.doPrivileged(AccessController.java:569)
	at org.apache.hc.client5.http.socket.PlainConnectionSocketFactory.connectSocket(PlainConnectionSocketFactory.java:90)
	at org.apache.hc.client5.http.socket.ConnectionSocketFactory.connectSocket(ConnectionSocketFactory.java:123)
	at org.apache.hc.client5.http.impl.io.DefaultHttpClientConnectionOperator.connect(DefaultHttpClientConnectionOperator.java:189)
	at org.apache.hc.client5.http.impl.io.PoolingHttpClientConnectionManager.connect(PoolingHttpClientConnectionManager.java:450)
	at org.apache.hc.client5.http.impl.classic.InternalExecRuntime.connectEndpoint(InternalExecRuntime.java:162)
	at org.apache.hc.client5.http.impl.classic.InternalExecRuntime.connectEndpoint(InternalExecRuntime.java:172)
	at org.apache.hc.client5.http.impl.classic.ConnectExec.execute(ConnectExec.java:142)
	at org.apache.hc.client5.http.impl.classic.ExecChainElement.execute(ExecChainElement.java:51)
	at org.apache.hc.client5.http.impl.classic.ProtocolExec.execute(ProtocolExec.java:192)
	at org.apache.hc.client5.http.impl.classic.ExecChainElement.execute(ExecChainElement.java:51)
	at org.apache.hc.client5.http.impl.classic.HttpRequestRetryExec.execute(HttpRequestRetryExec.java:113)
	at org.apache.hc.client5.http.impl.classic.ExecChainElement.execute(ExecChainElement.java:51)
	at org.apache.hc.client5.http.impl.classic.ContentCompressionExec.execute(ContentCompressionExec.java:152)
	at org.apache.hc.client5.http.impl.classic.ExecChainElement.execute(ExecChainElement.java:51)
	at org.apache.hc.client5.http.impl.classic.RedirectExec.execute(RedirectExec.java:116)
	at org.apache.hc.client5.http.impl.classic.ExecChainElement.execute(ExecChainElement.java:51)
	at org.apache.hc.client5.http.impl.classic.InternalHttpClient.doExecute(InternalHttpClient.java:170)
	at org.apache.hc.client5.http.impl.classic.CloseableHttpClient.execute(CloseableHttpClient.java:87)
	at org.apache.hc.client5.http.impl.classic.CloseableHttpClient.execute(CloseableHttpClient.java:55)
	at org.apache.hc.client5.http.classic.HttpClient.executeOpen(HttpClient.java:183)
	at org.springframework.http.client.HttpComponentsClientHttpRequest.executeInternal(HttpComponentsClientHttpRequest.java:99)
	at org.springframework.http.client.AbstractStreamingClientHttpRequest.executeInternal(AbstractStreamingClientHttpRequest.java:70)
	at org.springframework.http.client.AbstractClientHttpRequest.execute(AbstractClientHttpRequest.java:66)
	at org.springframework.web.client.DefaultRestClient$DefaultRequestBodyUriSpec.exchangeInternal(DefaultRestClient.java:492)
	... 90 common frames omitted
2026-02-13 10:22:55 - Retry error. Retry count:4
org.springframework.web.client.ResourceAccessException: I/O error on POST request for "http://localhost:11434/api/chat": Connect to http://localhost:11434 [localhost/127.0.0.1, localhost/0:0:0:0:0:0:0:1] failed: Connection refused
	at org.springframework.web.client.DefaultRestClient$DefaultRequestBodyUriSpec.createResourceAccessException(DefaultRestClient.java:584)
	at org.springframework.web.client.DefaultRestClient$DefaultRequestBodyUriSpec.exchangeInternal(DefaultRestClient.java:498)
	at org.springframework.web.client.DefaultRestClient$DefaultRequestBodyUriSpec.retrieve(DefaultRestClient.java:458)
	at org.springframework.ai.ollama.api.OllamaApi.chat(OllamaApi.java:114)
	at org.springframework.ai.ollama.OllamaChatModel.lambda$internalCall$1(OllamaChatModel.java:248)
	at org.springframework.retry.support.RetryTemplate.doExecute(RetryTemplate.java:344)
	at org.springframework.retry.support.RetryTemplate.execute(RetryTemplate.java:217)
	at org.springframework.ai.ollama.OllamaChatModel.lambda$internalCall$3(OllamaChatModel.java:248)
	at io.micrometer.observation.Observation.observe(Observation.java:565)
	at org.springframework.ai.ollama.OllamaChatModel.internalCall(OllamaChatModel.java:246)
	at org.springframework.ai.ollama.OllamaChatModel.call(OllamaChatModel.java:231)
	at org.taniwha.service.LLMTextGenerator.callLLM(LLMTextGenerator.java:194)
	at org.taniwha.service.LLMTextGenerator.lambda$generateColumnDescription$0(LLMTextGenerator.java:79)
	at java.base/java.util.concurrent.ConcurrentHashMap.computeIfAbsent(ConcurrentHashMap.java:1708)
	at org.taniwha.service.LLMTextGenerator.generateColumnDescription(LLMTextGenerator.java:46)
	at org.taniwha.service.DescriptionGenerator.generateColumnDescription(DescriptionGenerator.java:36)
	at org.taniwha.service.MappingService.populateMappingTerminologyAndDescription(MappingService.java:856)
	at org.taniwha.service.MappingService.buildMappingSkeleton(MappingService.java:836)
	at org.taniwha.service.MappingService.suggestWithoutSchema(MappingService.java:267)
	at org.taniwha.service.MappingService.suggestMappings(MappingService.java:145)
	at org.taniwha.service.MappingServiceReportTest.generates_mapping_report_from_fixture(MappingServiceReportTest.java:221)
	at java.base/jdk.internal.reflect.NativeMethodAccessorImpl.invoke0(Native Method)
	at java.base/jdk.internal.reflect.NativeMethodAccessorImpl.invoke(NativeMethodAccessorImpl.java:77)
	at java.base/jdk.internal.reflect.DelegatingMethodAccessorImpl.invoke(DelegatingMethodAccessorImpl.java:43)
	at java.base/java.lang.reflect.Method.invoke(Method.java:569)
	at org.junit.platform.commons.util.ReflectionUtils.invokeMethod(ReflectionUtils.java:728)
	at org.junit.jupiter.engine.execution.MethodInvocation.proceed(MethodInvocation.java:60)
	at org.junit.jupiter.engine.execution.InvocationInterceptorChain$ValidatingInvocation.proceed(InvocationInterceptorChain.java:131)
	at org.junit.jupiter.engine.extension.TimeoutExtension.intercept(TimeoutExtension.java:156)
	at org.junit.jupiter.engine.extension.TimeoutExtension.interceptTestableMethod(TimeoutExtension.java:147)
	at org.junit.jupiter.engine.extension.TimeoutExtension.interceptTestMethod(TimeoutExtension.java:86)
	at org.junit.jupiter.engine.execution.InterceptingExecutableInvoker$ReflectiveInterceptorCall.lambda$ofVoidMethod$0(InterceptingExecutableInvoker.java:103)
	at org.junit.jupiter.engine.execution.InterceptingExecutableInvoker.lambda$invoke$0(InterceptingExecutableInvoker.java:93)
	at org.junit.jupiter.engine.execution.InvocationInterceptorChain$InterceptedInvocation.proceed(InvocationInterceptorChain.java:106)
	at org.junit.jupiter.engine.execution.InvocationInterceptorChain.proceed(InvocationInterceptorChain.java:64)
	at org.junit.jupiter.engine.execution.InvocationInterceptorChain.chainAndInvoke(InvocationInterceptorChain.java:45)
	at org.junit.jupiter.engine.execution.InvocationInterceptorChain.invoke(InvocationInterceptorChain.java:37)
	at org.junit.jupiter.engine.execution.InterceptingExecutableInvoker.invoke(InterceptingExecutableInvoker.java:92)
	at org.junit.jupiter.engine.execution.InterceptingExecutableInvoker.invoke(InterceptingExecutableInvoker.java:86)
	at org.junit.jupiter.engine.descriptor.TestMethodTestDescriptor.lambda$invokeTestMethod$7(TestMethodTestDescriptor.java:218)
	at org.junit.platform.engine.support.hierarchical.ThrowableCollector.execute(ThrowableCollector.java:73)
	at org.junit.jupiter.engine.descriptor.TestMethodTestDescriptor.invokeTestMethod(TestMethodTestDescriptor.java:214)
	at org.junit.jupiter.engine.descriptor.TestMethodTestDescriptor.execute(TestMethodTestDescriptor.java:139)
	at org.junit.jupiter.engine.descriptor.TestMethodTestDescriptor.execute(TestMethodTestDescriptor.java:69)
	at org.junit.platform.engine.support.hierarchical.NodeTestTask.lambda$executeRecursively$6(NodeTestTask.java:151)
	at org.junit.platform.engine.support.hierarchical.ThrowableCollector.execute(ThrowableCollector.java:73)
	at org.junit.platform.engine.support.hierarchical.NodeTestTask.lambda$executeRecursively$8(NodeTestTask.java:141)
	at org.junit.platform.engine.support.hierarchical.Node.around(Node.java:137)
	at org.junit.platform.engine.support.hierarchical.NodeTestTask.lambda$executeRecursively$9(NodeTestTask.java:139)
	at org.junit.platform.engine.support.hierarchical.ThrowableCollector.execute(ThrowableCollector.java:73)
	at org.junit.platform.engine.support.hierarchical.NodeTestTask.executeRecursively(NodeTestTask.java:138)
	at org.junit.platform.engine.support.hierarchical.NodeTestTask.execute(NodeTestTask.java:95)
	at java.base/java.util.ArrayList.forEach(ArrayList.java:1511)
	at org.junit.platform.engine.support.hierarchical.SameThreadHierarchicalTestExecutorService.invokeAll(SameThreadHierarchicalTestExecutorService.java:41)
	at org.junit.platform.engine.support.hierarchical.NodeTestTask.lambda$executeRecursively$6(NodeTestTask.java:155)
	at org.junit.platform.engine.support.hierarchical.ThrowableCollector.execute(ThrowableCollector.java:73)
	at org.junit.platform.engine.support.hierarchical.NodeTestTask.lambda$executeRecursively$8(NodeTestTask.java:141)
	at org.junit.platform.engine.support.hierarchical.Node.around(Node.java:137)
	at org.junit.platform.engine.support.hierarchical.NodeTestTask.lambda$executeRecursively$9(NodeTestTask.java:139)
	at org.junit.platform.engine.support.hierarchical.ThrowableCollector.execute(ThrowableCollector.java:73)
	at org.junit.platform.engine.support.hierarchical.NodeTestTask.executeRecursively(NodeTestTask.java:138)
	at org.junit.platform.engine.support.hierarchical.NodeTestTask.execute(NodeTestTask.java:95)
	at java.base/java.util.ArrayList.forEach(ArrayList.java:1511)
	at org.junit.platform.engine.support.hierarchical.SameThreadHierarchicalTestExecutorService.invokeAll(SameThreadHierarchicalTestExecutorService.java:41)
	at org.junit.platform.engine.support.hierarchical.NodeTestTask.lambda$executeRecursively$6(NodeTestTask.java:155)
	at org.junit.platform.engine.support.hierarchical.ThrowableCollector.execute(ThrowableCollector.java:73)
	at org.junit.platform.engine.support.hierarchical.NodeTestTask.lambda$executeRecursively$8(NodeTestTask.java:141)
	at org.junit.platform.engine.support.hierarchical.Node.around(Node.java:137)
	at org.junit.platform.engine.support.hierarchical.NodeTestTask.lambda$executeRecursively$9(NodeTestTask.java:139)
	at org.junit.platform.engine.support.hierarchical.ThrowableCollector.execute(ThrowableCollector.java:73)
	at org.junit.platform.engine.support.hierarchical.NodeTestTask.executeRecursively(NodeTestTask.java:138)
	at org.junit.platform.engine.support.hierarchical.NodeTestTask.execute(NodeTestTask.java:95)
	at org.junit.platform.engine.support.hierarchical.SameThreadHierarchicalTestExecutorService.submit(SameThreadHierarchicalTestExecutorService.java:35)
	at org.junit.platform.engine.support.hierarchical.HierarchicalTestExecutor.execute(HierarchicalTestExecutor.java:57)
	at org.junit.platform.engine.support.hierarchical.HierarchicalTestEngine.execute(HierarchicalTestEngine.java:54)
	at org.junit.platform.launcher.core.EngineExecutionOrchestrator.execute(EngineExecutionOrchestrator.java:198)
	at org.junit.platform.launcher.core.EngineExecutionOrchestrator.execute(EngineExecutionOrchestrator.java:169)
	at org.junit.platform.launcher.core.EngineExecutionOrchestrator.execute(EngineExecutionOrchestrator.java:93)
	at org.junit.platform.launcher.core.EngineExecutionOrchestrator.lambda$execute$0(EngineExecutionOrchestrator.java:58)
	at org.junit.platform.launcher.core.EngineExecutionOrchestrator.withInterceptedStreams(EngineExecutionOrchestrator.java:141)
	at org.junit.platform.launcher.core.EngineExecutionOrchestrator.execute(EngineExecutionOrchestrator.java:57)
	at org.junit.platform.launcher.core.DefaultLauncher.execute(DefaultLauncher.java:103)
	at org.junit.platform.launcher.core.DefaultLauncher.execute(DefaultLauncher.java:85)
	at org.junit.platform.launcher.core.DelegatingLauncher.execute(DelegatingLauncher.java:47)
	at org.apache.maven.surefire.junitplatform.LazyLauncher.execute(LazyLauncher.java:56)
	at org.apache.maven.surefire.junitplatform.JUnitPlatformProvider.execute(JUnitPlatformProvider.java:184)
	at org.apache.maven.surefire.junitplatform.JUnitPlatformProvider.invokeAllTests(JUnitPlatformProvider.java:148)
	at org.apache.maven.surefire.junitplatform.JUnitPlatformProvider.invoke(JUnitPlatformProvider.java:122)
	at org.apache.maven.surefire.booter.ForkedBooter.runSuitesInProcess(ForkedBooter.java:385)
	at org.apache.maven.surefire.booter.ForkedBooter.execute(ForkedBooter.java:162)
	at org.apache.maven.surefire.booter.ForkedBooter.run(ForkedBooter.java:507)
	at org.apache.maven.surefire.booter.ForkedBooter.main(ForkedBooter.java:495)
Caused by: org.apache.hc.client5.http.HttpHostConnectException: Connect to http://localhost:11434 [localhost/127.0.0.1, localhost/0:0:0:0:0:0:0:1] failed: Connection refused
	at java.base/sun.nio.ch.Net.pollConnect(Native Method)
	at java.base/sun.nio.ch.Net.pollConnectNow(Net.java:684)
	at java.base/sun.nio.ch.NioSocketImpl.timedFinishConnect(NioSocketImpl.java:547)
	at java.base/sun.nio.ch.NioSocketImpl.connect(NioSocketImpl.java:602)
	at java.base/java.net.SocksSocketImpl.connect(SocksSocketImpl.java:327)
	at java.base/java.net.Socket.connect(Socket.java:633)
	at org.apache.hc.client5.http.socket.PlainConnectionSocketFactory.lambda$connectSocket$0(PlainConnectionSocketFactory.java:91)
	at java.base/java.security.AccessController.doPrivileged(AccessController.java:569)
	at org.apache.hc.client5.http.socket.PlainConnectionSocketFactory.connectSocket(PlainConnectionSocketFactory.java:90)
	at org.apache.hc.client5.http.socket.ConnectionSocketFactory.connectSocket(ConnectionSocketFactory.java:123)
	at org.apache.hc.client5.http.impl.io.DefaultHttpClientConnectionOperator.connect(DefaultHttpClientConnectionOperator.java:189)
	at org.apache.hc.client5.http.impl.io.PoolingHttpClientConnectionManager.connect(PoolingHttpClientConnectionManager.java:450)
	at org.apache.hc.client5.http.impl.classic.InternalExecRuntime.connectEndpoint(InternalExecRuntime.java:162)
	at org.apache.hc.client5.http.impl.classic.InternalExecRuntime.connectEndpoint(InternalExecRuntime.java:172)
	at org.apache.hc.client5.http.impl.classic.ConnectExec.execute(ConnectExec.java:142)
	at org.apache.hc.client5.http.impl.classic.ExecChainElement.execute(ExecChainElement.java:51)
	at org.apache.hc.client5.http.impl.classic.ProtocolExec.execute(ProtocolExec.java:192)
	at org.apache.hc.client5.http.impl.classic.ExecChainElement.execute(ExecChainElement.java:51)
	at org.apache.hc.client5.http.impl.classic.HttpRequestRetryExec.execute(HttpRequestRetryExec.java:113)
	at org.apache.hc.client5.http.impl.classic.ExecChainElement.execute(ExecChainElement.java:51)
	at org.apache.hc.client5.http.impl.classic.ContentCompressionExec.execute(ContentCompressionExec.java:152)
	at org.apache.hc.client5.http.impl.classic.ExecChainElement.execute(ExecChainElement.java:51)
	at org.apache.hc.client5.http.impl.classic.RedirectExec.execute(RedirectExec.java:116)
	at org.apache.hc.client5.http.impl.classic.ExecChainElement.execute(ExecChainElement.java:51)
	at org.apache.hc.client5.http.impl.classic.InternalHttpClient.doExecute(InternalHttpClient.java:170)
	at org.apache.hc.client5.http.impl.classic.CloseableHttpClient.execute(CloseableHttpClient.java:87)
	at org.apache.hc.client5.http.impl.classic.CloseableHttpClient.execute(CloseableHttpClient.java:55)
	at org.apache.hc.client5.http.classic.HttpClient.executeOpen(HttpClient.java:183)
	at org.springframework.http.client.HttpComponentsClientHttpRequest.executeInternal(HttpComponentsClientHttpRequest.java:99)
	at org.springframework.http.client.AbstractStreamingClientHttpRequest.executeInternal(AbstractStreamingClientHttpRequest.java:70)
	at org.springframework.http.client.AbstractClientHttpRequest.execute(AbstractClientHttpRequest.java:66)
	at org.springframework.web.client.DefaultRestClient$DefaultRequestBodyUriSpec.exchangeInternal(DefaultRestClient.java:492)
	... 90 common frames omitted
2026-02-13 10:25:55 - Retry error. Retry count:5
org.springframework.web.client.ResourceAccessException: I/O error on POST request for "http://localhost:11434/api/chat": Connect to http://localhost:11434 [localhost/127.0.0.1, localhost/0:0:0:0:0:0:0:1] failed: Connection refused
	at org.springframework.web.client.DefaultRestClient$DefaultRequestBodyUriSpec.createResourceAccessException(DefaultRestClient.java:584)
	at org.springframework.web.client.DefaultRestClient$DefaultRequestBodyUriSpec.exchangeInternal(DefaultRestClient.java:498)
	at org.springframework.web.client.DefaultRestClient$DefaultRequestBodyUriSpec.retrieve(DefaultRestClient.java:458)
	at org.springframework.ai.ollama.api.OllamaApi.chat(OllamaApi.java:114)
	at org.springframework.ai.ollama.OllamaChatModel.lambda$internalCall$1(OllamaChatModel.java:248)
	at org.springframework.retry.support.RetryTemplate.doExecute(RetryTemplate.java:344)
	at org.springframework.retry.support.RetryTemplate.execute(RetryTemplate.java:217)
	at org.springframework.ai.ollama.OllamaChatModel.lambda$internalCall$3(OllamaChatModel.java:248)
	at io.micrometer.observation.Observation.observe(Observation.java:565)
	at org.springframework.ai.ollama.OllamaChatModel.internalCall(OllamaChatModel.java:246)
	at org.springframework.ai.ollama.OllamaChatModel.call(OllamaChatModel.java:231)
	at org.taniwha.service.LLMTextGenerator.callLLM(LLMTextGenerator.java:194)
	at org.taniwha.service.LLMTextGenerator.lambda$generateColumnDescription$0(LLMTextGenerator.java:79)
	at java.base/java.util.concurrent.ConcurrentHashMap.computeIfAbsent(ConcurrentHashMap.java:1708)
	at org.taniwha.service.LLMTextGenerator.generateColumnDescription(LLMTextGenerator.java:46)
	at org.taniwha.service.DescriptionGenerator.generateColumnDescription(DescriptionGenerator.java:36)
	at org.taniwha.service.MappingService.populateMappingTerminologyAndDescription(MappingService.java:856)
	at org.taniwha.service.MappingService.buildMappingSkeleton(MappingService.java:836)
	at org.taniwha.service.MappingService.suggestWithoutSchema(MappingService.java:267)
	at org.taniwha.service.MappingService.suggestMappings(MappingService.java:145)
	at org.taniwha.service.MappingServiceReportTest.generates_mapping_report_from_fixture(MappingServiceReportTest.java:221)
	at java.base/jdk.internal.reflect.NativeMethodAccessorImpl.invoke0(Native Method)
	at java.base/jdk.internal.reflect.NativeMethodAccessorImpl.invoke(NativeMethodAccessorImpl.java:77)
	at java.base/jdk.internal.reflect.DelegatingMethodAccessorImpl.invoke(DelegatingMethodAccessorImpl.java:43)
	at java.base/java.lang.reflect.Method.invoke(Method.java:569)
	at org.junit.platform.commons.util.ReflectionUtils.invokeMethod(ReflectionUtils.java:728)
	at org.junit.jupiter.engine.execution.MethodInvocation.proceed(MethodInvocation.java:60)
	at org.junit.jupiter.engine.execution.InvocationInterceptorChain$ValidatingInvocation.proceed(InvocationInterceptorChain.java:131)
	at org.junit.jupiter.engine.extension.TimeoutExtension.intercept(TimeoutExtension.java:156)
	at org.junit.jupiter.engine.extension.TimeoutExtension.interceptTestableMethod(TimeoutExtension.java:147)
	at org.junit.jupiter.engine.extension.TimeoutExtension.interceptTestMethod(TimeoutExtension.java:86)
	at org.junit.jupiter.engine.execution.InterceptingExecutableInvoker$ReflectiveInterceptorCall.lambda$ofVoidMethod$0(InterceptingExecutableInvoker.java:103)
	at org.junit.jupiter.engine.execution.InterceptingExecutableInvoker.lambda$invoke$0(InterceptingExecutableInvoker.java:93)
	at org.junit.jupiter.engine.execution.InvocationInterceptorChain$InterceptedInvocation.proceed(InvocationInterceptorChain.java:106)
	at org.junit.jupiter.engine.execution.InvocationInterceptorChain.proceed(InvocationInterceptorChain.java:64)
	at org.junit.jupiter.engine.execution.InvocationInterceptorChain.chainAndInvoke(InvocationInterceptorChain.java:45)
	at org.junit.jupiter.engine.execution.InvocationInterceptorChain.invoke(InvocationInterceptorChain.java:37)
	at org.junit.jupiter.engine.execution.InterceptingExecutableInvoker.invoke(InterceptingExecutableInvoker.java:92)
	at org.junit.jupiter.engine.execution.InterceptingExecutableInvoker.invoke(InterceptingExecutableInvoker.java:86)
	at org.junit.jupiter.engine.descriptor.TestMethodTestDescriptor.lambda$invokeTestMethod$7(TestMethodTestDescriptor.java:218)
	at org.junit.platform.engine.support.hierarchical.ThrowableCollector.execute(ThrowableCollector.java:73)
	at org.junit.jupiter.engine.descriptor.TestMethodTestDescriptor.invokeTestMethod(TestMethodTestDescriptor.java:214)
	at org.junit.jupiter.engine.descriptor.TestMethodTestDescriptor.execute(TestMethodTestDescriptor.java:139)
	at org.junit.jupiter.engine.descriptor.TestMethodTestDescriptor.execute(TestMethodTestDescriptor.java:69)
	at org.junit.platform.engine.support.hierarchical.NodeTestTask.lambda$executeRecursively$6(NodeTestTask.java:151)
	at org.junit.platform.engine.support.hierarchical.ThrowableCollector.execute(ThrowableCollector.java:73)
	at org.junit.platform.engine.support.hierarchical.NodeTestTask.lambda$executeRecursively$8(NodeTestTask.java:141)
	at org.junit.platform.engine.support.hierarchical.Node.around(Node.java:137)
	at org.junit.platform.engine.support.hierarchical.NodeTestTask.lambda$executeRecursively$9(NodeTestTask.java:139)
	at org.junit.platform.engine.support.hierarchical.ThrowableCollector.execute(ThrowableCollector.java:73)
	at org.junit.platform.engine.support.hierarchical.NodeTestTask.executeRecursively(NodeTestTask.java:138)
	at org.junit.platform.engine.support.hierarchical.NodeTestTask.execute(NodeTestTask.java:95)
	at java.base/java.util.ArrayList.forEach(ArrayList.java:1511)
	at org.junit.platform.engine.support.hierarchical.SameThreadHierarchicalTestExecutorService.invokeAll(SameThreadHierarchicalTestExecutorService.java:41)
	at org.junit.platform.engine.support.hierarchical.NodeTestTask.lambda$executeRecursively$6(NodeTestTask.java:155)
	at org.junit.platform.engine.support.hierarchical.ThrowableCollector.execute(ThrowableCollector.java:73)
	at org.junit.platform.engine.support.hierarchical.NodeTestTask.lambda$executeRecursively$8(NodeTestTask.java:141)
	at org.junit.platform.engine.support.hierarchical.Node.around(Node.java:137)
	at org.junit.platform.engine.support.hierarchical.NodeTestTask.lambda$executeRecursively$9(NodeTestTask.java:139)
	at org.junit.platform.engine.support.hierarchical.ThrowableCollector.execute(ThrowableCollector.java:73)
	at org.junit.platform.engine.support.hierarchical.NodeTestTask.executeRecursively(NodeTestTask.java:138)
	at org.junit.platform.engine.support.hierarchical.NodeTestTask.execute(NodeTestTask.java:95)
	at java.base/java.util.ArrayList.forEach(ArrayList.java:1511)
	at org.junit.platform.engine.support.hierarchical.SameThreadHierarchicalTestExecutorService.invokeAll(SameThreadHierarchicalTestExecutorService.java:41)
	at org.junit.platform.engine.support.hierarchical.NodeTestTask.lambda$executeRecursively$6(NodeTestTask.java:155)
	at org.junit.platform.engine.support.hierarchical.ThrowableCollector.execute(ThrowableCollector.java:73)
	at org.junit.platform.engine.support.hierarchical.NodeTestTask.lambda$executeRecursively$8(NodeTestTask.java:141)
	at org.junit.platform.engine.support.hierarchical.Node.around(Node.java:137)
	at org.junit.platform.engine.support.hierarchical.NodeTestTask.lambda$executeRecursively$9(NodeTestTask.java:139)
	at org.junit.platform.engine.support.hierarchical.ThrowableCollector.execute(ThrowableCollector.java:73)
	at org.junit.platform.engine.support.hierarchical.NodeTestTask.executeRecursively(NodeTestTask.java:138)
	at org.junit.platform.engine.support.hierarchical.NodeTestTask.execute(NodeTestTask.java:95)
	at org.junit.platform.engine.support.hierarchical.SameThreadHierarchicalTestExecutorService.submit(SameThreadHierarchicalTestExecutorService.java:35)
	at org.junit.platform.engine.support.hierarchical.HierarchicalTestExecutor.execute(HierarchicalTestExecutor.java:57)
	at org.junit.platform.engine.support.hierarchical.HierarchicalTestEngine.execute(HierarchicalTestEngine.java:54)
	at org.junit.platform.launcher.core.EngineExecutionOrchestrator.execute(EngineExecutionOrchestrator.java:198)
	at org.junit.platform.launcher.core.EngineExecutionOrchestrator.execute(EngineExecutionOrchestrator.java:169)
	at org.junit.platform.launcher.core.EngineExecutionOrchestrator.execute(EngineExecutionOrchestrator.java:93)
	at org.junit.platform.launcher.core.EngineExecutionOrchestrator.lambda$execute$0(EngineExecutionOrchestrator.java:58)
	at org.junit.platform.launcher.core.EngineExecutionOrchestrator.withInterceptedStreams(EngineExecutionOrchestrator.java:141)
	at org.junit.platform.launcher.core.EngineExecutionOrchestrator.execute(EngineExecutionOrchestrator.java:57)
	at org.junit.platform.launcher.core.DefaultLauncher.execute(DefaultLauncher.java:103)
	at org.junit.platform.launcher.core.DefaultLauncher.execute(DefaultLauncher.java:85)
	at org.junit.platform.launcher.core.DelegatingLauncher.execute(DelegatingLauncher.java:47)
	at org.apache.maven.surefire.junitplatform.LazyLauncher.execute(LazyLauncher.java:56)
	at org.apache.maven.surefire.junitplatform.JUnitPlatformProvider.execute(JUnitPlatformProvider.java:184)
	at org.apache.maven.surefire.junitplatform.JUnitPlatformProvider.invokeAllTests(JUnitPlatformProvider.java:148)
	at org.apache.maven.surefire.junitplatform.JUnitPlatformProvider.invoke(JUnitPlatformProvider.java:122)
	at org.apache.maven.surefire.booter.ForkedBooter.runSuitesInProcess(ForkedBooter.java:385)
	at org.apache.maven.surefire.booter.ForkedBooter.execute(ForkedBooter.java:162)
	at org.apache.maven.surefire.booter.ForkedBooter.run(ForkedBooter.java:507)
	at org.apache.maven.surefire.booter.ForkedBooter.main(ForkedBooter.java:495)
Caused by: org.apache.hc.client5.http.HttpHostConnectException: Connect to http://localhost:11434 [localhost/127.0.0.1, localhost/0:0:0:0:0:0:0:1] failed: Connection refused
	at java.base/sun.nio.ch.Net.pollConnect(Native Method)
	at java.base/sun.nio.ch.Net.pollConnectNow(Net.java:684)
	at java.base/sun.nio.ch.NioSocketImpl.timedFinishConnect(NioSocketImpl.java:547)
	at java.base/sun.nio.ch.NioSocketImpl.connect(NioSocketImpl.java:602)
	at java.base/java.net.SocksSocketImpl.connect(SocksSocketImpl.java:327)
	at java.base/java.net.Socket.connect(Socket.java:633)
	at org.apache.hc.client5.http.socket.PlainConnectionSocketFactory.lambda$connectSocket$0(PlainConnectionSocketFactory.java:91)
	at java.base/java.security.AccessController.doPrivileged(AccessController.java:569)
	at org.apache.hc.client5.http.socket.PlainConnectionSocketFactory.connectSocket(PlainConnectionSocketFactory.java:90)
	at org.apache.hc.client5.http.socket.ConnectionSocketFactory.connectSocket(ConnectionSocketFactory.java:123)
	at org.apache.hc.client5.http.impl.io.DefaultHttpClientConnectionOperator.connect(DefaultHttpClientConnectionOperator.java:189)
	at org.apache.hc.client5.http.impl.io.PoolingHttpClientConnectionManager.connect(PoolingHttpClientConnectionManager.java:450)
	at org.apache.hc.client5.http.impl.classic.InternalExecRuntime.connectEndpoint(InternalExecRuntime.java:162)
	at org.apache.hc.client5.http.impl.classic.InternalExecRuntime.connectEndpoint(InternalExecRuntime.java:172)
	at org.apache.hc.client5.http.impl.classic.ConnectExec.execute(ConnectExec.java:142)
	at org.apache.hc.client5.http.impl.classic.ExecChainElement.execute(ExecChainElement.java:51)
	at org.apache.hc.client5.http.impl.classic.ProtocolExec.execute(ProtocolExec.java:192)
	at org.apache.hc.client5.http.impl.classic.ExecChainElement.execute(ExecChainElement.java:51)
	at org.apache.hc.client5.http.impl.classic.HttpRequestRetryExec.execute(HttpRequestRetryExec.java:113)
	at org.apache.hc.client5.http.impl.classic.ExecChainElement.execute(ExecChainElement.java:51)
	at org.apache.hc.client5.http.impl.classic.ContentCompressionExec.execute(ContentCompressionExec.java:152)
	at org.apache.hc.client5.http.impl.classic.ExecChainElement.execute(ExecChainElement.java:51)
	at org.apache.hc.client5.http.impl.classic.RedirectExec.execute(RedirectExec.java:116)
	at org.apache.hc.client5.http.impl.classic.ExecChainElement.execute(ExecChainElement.java:51)
	at org.apache.hc.client5.http.impl.classic.InternalHttpClient.doExecute(InternalHttpClient.java:170)
	at org.apache.hc.client5.http.impl.classic.CloseableHttpClient.execute(CloseableHttpClient.java:87)
	at org.apache.hc.client5.http.impl.classic.CloseableHttpClient.execute(CloseableHttpClient.java:55)
	at org.apache.hc.client5.http.classic.HttpClient.executeOpen(HttpClient.java:183)
	at org.springframework.http.client.HttpComponentsClientHttpRequest.executeInternal(HttpComponentsClientHttpRequest.java:99)
	at org.springframework.http.client.AbstractStreamingClientHttpRequest.executeInternal(AbstractStreamingClientHttpRequest.java:70)
	at org.springframework.http.client.AbstractClientHttpRequest.execute(AbstractClientHttpRequest.java:66)
	at org.springframework.web.client.DefaultRestClient$DefaultRequestBodyUriSpec.exchangeInternal(DefaultRestClient.java:492)
	... 90 common frames omitted
2026-02-13 10:28:55 - Retry error. Retry count:6
org.springframework.web.client.ResourceAccessException: I/O error on POST request for "http://localhost:11434/api/chat": Connect to http://localhost:11434 [localhost/127.0.0.1, localhost/0:0:0:0:0:0:0:1] failed: Connection refused
	at org.springframework.web.client.DefaultRestClient$DefaultRequestBodyUriSpec.createResourceAccessException(DefaultRestClient.java:584)
	at org.springframework.web.client.DefaultRestClient$DefaultRequestBodyUriSpec.exchangeInternal(DefaultRestClient.java:498)
	at org.springframework.web.client.DefaultRestClient$DefaultRequestBodyUriSpec.retrieve(DefaultRestClient.java:458)
	at org.springframework.ai.ollama.api.OllamaApi.chat(OllamaApi.java:114)
	at org.springframework.ai.ollama.OllamaChatModel.lambda$internalCall$1(OllamaChatModel.java:248)
	at org.springframework.retry.support.RetryTemplate.doExecute(RetryTemplate.java:344)
	at org.springframework.retry.support.RetryTemplate.execute(RetryTemplate.java:217)
	at org.springframework.ai.ollama.OllamaChatModel.lambda$internalCall$3(OllamaChatModel.java:248)
	at io.micrometer.observation.Observation.observe(Observation.java:565)
	at org.springframework.ai.ollama.OllamaChatModel.internalCall(OllamaChatModel.java:246)
	at org.springframework.ai.ollama.OllamaChatModel.call(OllamaChatModel.java:231)
	at org.taniwha.service.LLMTextGenerator.callLLM(LLMTextGenerator.java:194)
	at org.taniwha.service.LLMTextGenerator.lambda$generateColumnDescription$0(LLMTextGenerator.java:79)
	at java.base/java.util.concurrent.ConcurrentHashMap.computeIfAbsent(ConcurrentHashMap.java:1708)
	at org.taniwha.service.LLMTextGenerator.generateColumnDescription(LLMTextGenerator.java:46)
	at org.taniwha.service.DescriptionGenerator.generateColumnDescription(DescriptionGenerator.java:36)
	at org.taniwha.service.MappingService.populateMappingTerminologyAndDescription(MappingService.java:856)
	at org.taniwha.service.MappingService.buildMappingSkeleton(MappingService.java:836)
	at org.taniwha.service.MappingService.suggestWithoutSchema(MappingService.java:267)
	at org.taniwha.service.MappingService.suggestMappings(MappingService.java:145)
	at org.taniwha.service.MappingServiceReportTest.generates_mapping_report_from_fixture(MappingServiceReportTest.java:221)
	at java.base/jdk.internal.reflect.NativeMethodAccessorImpl.invoke0(Native Method)
	at java.base/jdk.internal.reflect.NativeMethodAccessorImpl.invoke(NativeMethodAccessorImpl.java:77)
	at java.base/jdk.internal.reflect.DelegatingMethodAccessorImpl.invoke(DelegatingMethodAccessorImpl.java:43)
	at java.base/java.lang.reflect.Method.invoke(Method.java:569)
	at org.junit.platform.commons.util.ReflectionUtils.invokeMethod(ReflectionUtils.java:728)
	at org.junit.jupiter.engine.execution.MethodInvocation.proceed(MethodInvocation.java:60)
	at org.junit.jupiter.engine.execution.InvocationInterceptorChain$ValidatingInvocation.proceed(InvocationInterceptorChain.java:131)
	at org.junit.jupiter.engine.extension.TimeoutExtension.intercept(TimeoutExtension.java:156)
	at org.junit.jupiter.engine.extension.TimeoutExtension.interceptTestableMethod(TimeoutExtension.java:147)
	at org.junit.jupiter.engine.extension.TimeoutExtension.interceptTestMethod(TimeoutExtension.java:86)
	at org.junit.jupiter.engine.execution.InterceptingExecutableInvoker$ReflectiveInterceptorCall.lambda$ofVoidMethod$0(InterceptingExecutableInvoker.java:103)
	at org.junit.jupiter.engine.execution.InterceptingExecutableInvoker.lambda$invoke$0(InterceptingExecutableInvoker.java:93)
	at org.junit.jupiter.engine.execution.InvocationInterceptorChain$InterceptedInvocation.proceed(InvocationInterceptorChain.java:106)
	at org.junit.jupiter.engine.execution.InvocationInterceptorChain.proceed(InvocationInterceptorChain.java:64)
	at org.junit.jupiter.engine.execution.InvocationInterceptorChain.chainAndInvoke(InvocationInterceptorChain.java:45)
	at org.junit.jupiter.engine.execution.InvocationInterceptorChain.invoke(InvocationInterceptorChain.java:37)
	at org.junit.jupiter.engine.execution.InterceptingExecutableInvoker.invoke(InterceptingExecutableInvoker.java:92)
	at org.junit.jupiter.engine.execution.InterceptingExecutableInvoker.invoke(InterceptingExecutableInvoker.java:86)
	at org.junit.jupiter.engine.descriptor.TestMethodTestDescriptor.lambda$invokeTestMethod$7(TestMethodTestDescriptor.java:218)
	at org.junit.platform.engine.support.hierarchical.ThrowableCollector.execute(ThrowableCollector.java:73)
	at org.junit.jupiter.engine.descriptor.TestMethodTestDescriptor.invokeTestMethod(TestMethodTestDescriptor.java:214)
	at org.junit.jupiter.engine.descriptor.TestMethodTestDescriptor.execute(TestMethodTestDescriptor.java:139)
	at org.junit.jupiter.engine.descriptor.TestMethodTestDescriptor.execute(TestMethodTestDescriptor.java:69)
	at org.junit.platform.engine.support.hierarchical.NodeTestTask.lambda$executeRecursively$6(NodeTestTask.java:151)
	at org.junit.platform.engine.support.hierarchical.ThrowableCollector.execute(ThrowableCollector.java:73)
	at org.junit.platform.engine.support.hierarchical.NodeTestTask.lambda$executeRecursively$8(NodeTestTask.java:141)
	at org.junit.platform.engine.support.hierarchical.Node.around(Node.java:137)
	at org.junit.platform.engine.support.hierarchical.NodeTestTask.lambda$executeRecursively$9(NodeTestTask.java:139)
	at org.junit.platform.engine.support.hierarchical.ThrowableCollector.execute(ThrowableCollector.java:73)
	at org.junit.platform.engine.support.hierarchical.NodeTestTask.executeRecursively(NodeTestTask.java:138)
	at org.junit.platform.engine.support.hierarchical.NodeTestTask.execute(NodeTestTask.java:95)
	at java.base/java.util.ArrayList.forEach(ArrayList.java:1511)
	at org.junit.platform.engine.support.hierarchical.SameThreadHierarchicalTestExecutorService.invokeAll(SameThreadHierarchicalTestExecutorService.java:41)
	at org.junit.platform.engine.support.hierarchical.NodeTestTask.lambda$executeRecursively$6(NodeTestTask.java:155)
	at org.junit.platform.engine.support.hierarchical.ThrowableCollector.execute(ThrowableCollector.java:73)
	at org.junit.platform.engine.support.hierarchical.NodeTestTask.lambda$executeRecursively$8(NodeTestTask.java:141)
	at org.junit.platform.engine.support.hierarchical.Node.around(Node.java:137)
	at org.junit.platform.engine.support.hierarchical.NodeTestTask.lambda$executeRecursively$9(NodeTestTask.java:139)
	at org.junit.platform.engine.support.hierarchical.ThrowableCollector.execute(ThrowableCollector.java:73)
	at org.junit.platform.engine.support.hierarchical.NodeTestTask.executeRecursively(NodeTestTask.java:138)
	at org.junit.platform.engine.support.hierarchical.NodeTestTask.execute(NodeTestTask.java:95)
	at java.base/java.util.ArrayList.forEach(ArrayList.java:1511)
	at org.junit.platform.engine.support.hierarchical.SameThreadHierarchicalTestExecutorService.invokeAll(SameThreadHierarchicalTestExecutorService.java:41)
	at org.junit.platform.engine.support.hierarchical.NodeTestTask.lambda$executeRecursively$6(NodeTestTask.java:155)
	at org.junit.platform.engine.support.hierarchical.ThrowableCollector.execute(ThrowableCollector.java:73)
	at org.junit.platform.engine.support.hierarchical.NodeTestTask.lambda$executeRecursively$8(NodeTestTask.java:141)
	at org.junit.platform.engine.support.hierarchical.Node.around(Node.java:137)
	at org.junit.platform.engine.support.hierarchical.NodeTestTask.lambda$executeRecursively$9(NodeTestTask.java:139)
	at org.junit.platform.engine.support.hierarchical.ThrowableCollector.execute(ThrowableCollector.java:73)
	at org.junit.platform.engine.support.hierarchical.NodeTestTask.executeRecursively(NodeTestTask.java:138)
	at org.junit.platform.engine.support.hierarchical.NodeTestTask.execute(NodeTestTask.java:95)
	at org.junit.platform.engine.support.hierarchical.SameThreadHierarchicalTestExecutorService.submit(SameThreadHierarchicalTestExecutorService.java:35)
	at org.junit.platform.engine.support.hierarchical.HierarchicalTestExecutor.execute(HierarchicalTestExecutor.java:57)
	at org.junit.platform.engine.support.hierarchical.HierarchicalTestEngine.execute(HierarchicalTestEngine.java:54)
	at org.junit.platform.launcher.core.EngineExecutionOrchestrator.execute(EngineExecutionOrchestrator.java:198)
	at org.junit.platform.launcher.core.EngineExecutionOrchestrator.execute(EngineExecutionOrchestrator.java:169)
	at org.junit.platform.launcher.core.EngineExecutionOrchestrator.execute(EngineExecutionOrchestrator.java:93)
	at org.junit.platform.launcher.core.EngineExecutionOrchestrator.lambda$execute$0(EngineExecutionOrchestrator.java:58)
	at org.junit.platform.launcher.core.EngineExecutionOrchestrator.withInterceptedStreams(EngineExecutionOrchestrator.java:141)
	at org.junit.platform.launcher.core.EngineExecutionOrchestrator.execute(EngineExecutionOrchestrator.java:57)
	at org.junit.platform.launcher.core.DefaultLauncher.execute(DefaultLauncher.java:103)
	at org.junit.platform.launcher.core.DefaultLauncher.execute(DefaultLauncher.java:85)
	at org.junit.platform.launcher.core.DelegatingLauncher.execute(DelegatingLauncher.java:47)
	at org.apache.maven.surefire.junitplatform.LazyLauncher.execute(LazyLauncher.java:56)
	at org.apache.maven.surefire.junitplatform.JUnitPlatformProvider.execute(JUnitPlatformProvider.java:184)
	at org.apache.maven.surefire.junitplatform.JUnitPlatformProvider.invokeAllTests(JUnitPlatformProvider.java:148)
	at org.apache.maven.surefire.junitplatform.JUnitPlatformProvider.invoke(JUnitPlatformProvider.java:122)
	at org.apache.maven.surefire.booter.ForkedBooter.runSuitesInProcess(ForkedBooter.java:385)
	at org.apache.maven.surefire.booter.ForkedBooter.execute(ForkedBooter.java:162)
	at org.apache.maven.surefire.booter.ForkedBooter.run(ForkedBooter.java:507)
	at org.apache.maven.surefire.booter.ForkedBooter.main(ForkedBooter.java:495)
Caused by: org.apache.hc.client5.http.HttpHostConnectException: Connect to http://localhost:11434 [localhost/127.0.0.1, localhost/0:0:0:0:0:0:0:1] failed: Connection refused
	at java.base/sun.nio.ch.Net.pollConnect(Native Method)
	at java.base/sun.nio.ch.Net.pollConnectNow(Net.java:684)
	at java.base/sun.nio.ch.NioSocketImpl.timedFinishConnect(NioSocketImpl.java:547)
	at java.base/sun.nio.ch.NioSocketImpl.connect(NioSocketImpl.java:602)
	at java.base/java.net.SocksSocketImpl.connect(SocksSocketImpl.java:327)
	at java.base/java.net.Socket.connect(Socket.java:633)
	at org.apache.hc.client5.http.socket.PlainConnectionSocketFactory.lambda$connectSocket$0(PlainConnectionSocketFactory.java:91)
	at java.base/java.security.AccessController.doPrivileged(AccessController.java:569)
	at org.apache.hc.client5.http.socket.PlainConnectionSocketFactory.connectSocket(PlainConnectionSocketFactory.java:90)
	at org.apache.hc.client5.http.socket.ConnectionSocketFactory.connectSocket(ConnectionSocketFactory.java:123)
	at org.apache.hc.client5.http.impl.io.DefaultHttpClientConnectionOperator.connect(DefaultHttpClientConnectionOperator.java:189)
	at org.apache.hc.client5.http.impl.io.PoolingHttpClientConnectionManager.connect(PoolingHttpClientConnectionManager.java:450)
	at org.apache.hc.client5.http.impl.classic.InternalExecRuntime.connectEndpoint(InternalExecRuntime.java:162)
	at org.apache.hc.client5.http.impl.classic.InternalExecRuntime.connectEndpoint(InternalExecRuntime.java:172)
	at org.apache.hc.client5.http.impl.classic.ConnectExec.execute(ConnectExec.java:142)
	at org.apache.hc.client5.http.impl.classic.ExecChainElement.execute(ExecChainElement.java:51)
	at org.apache.hc.client5.http.impl.classic.ProtocolExec.execute(ProtocolExec.java:192)
	at org.apache.hc.client5.http.impl.classic.ExecChainElement.execute(ExecChainElement.java:51)
	at org.apache.hc.client5.http.impl.classic.HttpRequestRetryExec.execute(HttpRequestRetryExec.java:113)
	at org.apache.hc.client5.http.impl.classic.ExecChainElement.execute(ExecChainElement.java:51)
	at org.apache.hc.client5.http.impl.classic.ContentCompressionExec.execute(ContentCompressionExec.java:152)
	at org.apache.hc.client5.http.impl.classic.ExecChainElement.execute(ExecChainElement.java:51)
	at org.apache.hc.client5.http.impl.classic.RedirectExec.execute(RedirectExec.java:116)
	at org.apache.hc.client5.http.impl.classic.ExecChainElement.execute(ExecChainElement.java:51)
	at org.apache.hc.client5.http.impl.classic.InternalHttpClient.doExecute(InternalHttpClient.java:170)
	at org.apache.hc.client5.http.impl.classic.CloseableHttpClient.execute(CloseableHttpClient.java:87)
	at org.apache.hc.client5.http.impl.classic.CloseableHttpClient.execute(CloseableHttpClient.java:55)
	at org.apache.hc.client5.http.classic.HttpClient.executeOpen(HttpClient.java:183)
	at org.springframework.http.client.HttpComponentsClientHttpRequest.executeInternal(HttpComponentsClientHttpRequest.java:99)
	at org.springframework.http.client.AbstractStreamingClientHttpRequest.executeInternal(AbstractStreamingClientHttpRequest.java:70)
	at org.springframework.http.client.AbstractClientHttpRequest.execute(AbstractClientHttpRequest.java:66)
	at org.springframework.web.client.DefaultRestClient$DefaultRequestBodyUriSpec.exchangeInternal(DefaultRestClient.java:492)
	... 90 common frames omitted
